mmap(0x0,135168,PROT_READ|PROT_WRITE,MAP_PRIVATE|MAP_ANON,-1,0x0) = 34378047488 (0x801176000)
mprotect(0x801172000,4096,PROT_READ)		 = 0 (0x0)
issetugid()					 = 0 (0x0)
sigfastblock(0x1,0x801174e00)			 = 0 (0x0)
__sysctl("kern.ostype",2,0x801174752,0x7fffffffdaf0,0x0,0) = 0 (0x0)
__sysctl("kern.hostname",2,0x801174852,0x7fffffffdaf0,0x0,0) = 0 (0x0)
__sysctl("kern.osrelease",2,0x801174952,0x7fffffffdaf0,0x0,0) = 0 (0x0)
__sysctl("kern.version",2,0x801174a52,0x7fffffffdaf0,0x0,0) = 0 (0x0)
__sysctl("hw.machine",2,0x801174b52,0x7fffffffdaf0,0x0,0) = 0 (0x0)
open("/etc/libmap.conf",O_RDONLY|O_CLOEXEC,0105643260) = 3 (0x3)
fstat(3,{ mode=-rw-r--r-- ,inode=301240,size=47,blksize=4096 }) = 0 (0x0)
read(3,"# $FreeBSD$\nincludedir /usr/loc"...,47) = 47 (0x2f)
close(3)					 = 0 (0x0)
open("/usr/local/etc/libmap.d",O_RDONLY|O_NONBLOCK|O_DIRECTORY|O_CLOEXEC,0165) = 3 (0x3)
fcntl(3,F_ISUNIONSTACK,0x0)			 = 0 (0x0)
getdirentries(3,"-\M^E\0\0\0\0\0\0\^A\0\0\0\0\0\0"...,4096,{ 0x0 }) = 144 (0x90)
open("/usr/local/etc/libmap.d/nvidia.conf",O_RDONLY|O_CLOEXEC,0165) = 4 (0x4)
fstat(4,{ mode=-rw-r--r-- ,inode=34094,size=40,blksize=4096 }) = 0 (0x0)
read(4,"libGLX_indirect.so.0 libGLX_nvid"...,40) = 40 (0x28)
close(4)					 = 0 (0x0)
open("/usr/local/etc/libmap.d/mesa.conf",O_RDONLY|O_CLOEXEC,0165) = 4 (0x4)
fstat(4,{ mode=-rw-r--r-- ,inode=34095,size=38,blksize=4096 }) = 0 (0x0)
read(4,"libGLX_indirect.so.0 libGLX_mesa"...,38) = 38 (0x26)
close(4)					 = 0 (0x0)
getdirentries(3,0x80117b008,4096,{ 0x1cd15882 }) = 0 (0x0)
close(3)					 = 0 (0x0)
open("/usr/local/lib/qt5/libuv.so.1",O_RDONLY|O_CLOEXEC|O_VERIFY,014232266000) ERR#2 'No such file or directory'
open("/var/run/ld-elf.so.hints",O_RDONLY|O_CLOEXEC,010671747) = 3 (0x3)
read(3,"Ehnt\^A\0\0\0\M^@\0\0\0M\^A\0\0"...,128) = 128 (0x80)
fstat(3,{ mode=-r--r--r-- ,inode=521875,size=461,blksize=4096 }) = 0 (0x0)
pread(3,"/lib:/usr/lib:/usr/lib/compat:/u"...,333,0x80) = 333 (0x14d)
close(3)					 = 0 (0x0)
open("/lib/libuv.so.1",O_RDONLY|O_CLOEXEC|O_VERIFY,014232266000) ERR#2 'No such file or directory'
open("/usr/lib/libuv.so.1",O_RDONLY|O_CLOEXEC|O_VERIFY,014232266000) ERR#2 'No such file or directory'
open("/usr/lib/compat/libuv.so.1",O_RDONLY|O_CLOEXEC|O_VERIFY,014232266000) ERR#2 'No such file or directory'
open("/usr/local/lib/libuv.so.1",O_RDONLY|O_CLOEXEC|O_VERIFY,014232266000) = 3 (0x3)
fstat(3,{ mode=-rwxr-xr-x ,inode=282796,size=169728,blksize=131072 }) = 0 (0x0)
fstatfs(3,{ fstypename=zfs,mntonname=/,mntfromname=zroot/ROOT/default,fsid= }) = 0 (0x0)
mmap(0x0,4096,PROT_READ,MAP_PRIVATE|MAP_PREFAULT_READ,3,0x0) = 34378182656 (0x801197000)
mmap(0x0,184320,PROT_NONE,MAP_GUARD,-1,0x0)	 = 34378186752 (0x801198000)
mmap(0x801198000,69632,PROT_READ,MAP_PRIVATE|MAP_FIXED|MAP_NOCORE|MAP_PREFAULT_READ,3,0x0) = 34378186752 (0x801198000)
mmap(0x8011a9000,102400,PROT_READ|PROT_EXEC,MAP_PRIVATE|MAP_FIXED|MAP_NOCORE|MAP_PREFAULT_READ,3,0x10000) = 34378256384 (0x8011a9000)
mmap(0x8011c2000,4096,PROT_READ|PROT_WRITE,MAP_PRIVATE|MAP_FIXED|MAP_PREFAULT_READ,3,0x28000) = 34378358784 (0x8011c2000)
mmap(0x8011c3000,4096,PROT_READ|PROT_WRITE,MAP_PRIVATE|MAP_FIXED|MAP_PREFAULT_READ,3,0x28000) = 34378362880 (0x8011c3000)
mmap(0x8011c4000,4096,PROT_READ|PROT_WRITE,MAP_PRIVATE|MAP_FIXED|MAP_ANON,-1,0x0) = 34378366976 (0x8011c4000)
munmap(0x801197000,4096)			 = 0 (0x0)
close(3)					 = 0 (0x0)
open("/usr/local/lib/qt5/libmediainfo.so.0",O_RDONLY|O_CLOEXEC|O_VERIFY,014232266000) ERR#2 'No such file or directory'
open("/lib/libmediainfo.so.0",O_RDONLY|O_CLOEXEC|O_VERIFY,014232266000) = 3 (0x3)
fstat(3,{ mode=-rwxr-xr-x ,inode=296392,size=7778248,blksize=131072 }) = 0 (0x0)
fstatfs(3,{ fstypename=zfs,mntonname=/,mntfromname=zroot/ROOT/default,fsid= }) = 0 (0x0)
mmap(0x0,4096,PROT_READ,MAP_PRIVATE|MAP_PREFAULT_READ,3,0x0) = 34378182656 (0x801197000)
mmap(0x0,7794688,PROT_NONE,MAP_GUARD|MAP_ALIGNED_SUPER,-1,0x0) = 34378612736 (0x801200000)
mmap(0x801200000,2592768,PROT_READ,MAP_PRIVATE|MAP_FIXED|MAP_NOCORE|MAP_PREFAULT_READ,3,0x0) = 34378612736 (0x801200000)
mmap(0x801479000,5046272,PROT_READ|PROT_EXEC,MAP_PRIVATE|MAP_FIXED|MAP_NOCORE|MAP_PREFAULT_READ,3,0x278000) = 34381205504 (0x801479000)
mmap(0x801949000,110592,PROT_READ|PROT_WRITE,MAP_PRIVATE|MAP_FIXED|MAP_PREFAULT_READ,3,0x747000) = 34386251776 (0x801949000)
mmap(0x801964000,40960,PROT_READ|PROT_WRITE,MAP_PRIVATE|MAP_FIXED|MAP_PREFAULT_READ,3,0x761000) = 34386362368 (0x801964000)
mmap(0x80196e000,4096,PROT_READ|PROT_WRITE,MAP_PRIVATE|MAP_FIXED|MAP_ANON,-1,0x0) = 34386403328 (0x80196e000)
munmap(0x801197000,4096)			 = 0 (0x0)
close(3)					 = 0 (0x0)
open("/usr/local/lib/qt5/libzen.so.0",O_RDONLY|O_CLOEXEC|O_VERIFY,00) ERR#2 'No such file or directory'
open("/lib/libzen.so.0",O_RDONLY|O_CLOEXEC|O_VERIFY,00) ERR#2 'No such file or directory'
open("/usr/lib/libzen.so.0",O_RDONLY|O_CLOEXEC|O_VERIFY,00) ERR#2 'No such file or directory'
open("/usr/lib/compat/libzen.so.0",O_RDONLY|O_CLOEXEC|O_VERIFY,00) ERR#2 'No such file or directory'
open("/usr/local/lib/libzen.so.0",O_RDONLY|O_CLOEXEC|O_VERIFY,00) = 3 (0x3)
fstat(3,{ mode=-rwxr-xr-x ,inode=296499,size=293976,blksize=131072 }) = 0 (0x0)
fstatfs(3,{ fstypename=zfs,mntonname=/,mntfromname=zroot/ROOT/default,fsid= }) = 0 (0x0)
mmap(0x0,4096,PROT_READ,MAP_PRIVATE|MAP_PREFAULT_READ,3,0x0) = 34378182656 (0x801197000)
mmap(0x0,307200,PROT_NONE,MAP_GUARD,-1,0x0)	 = 34386407424 (0x80196f000)
mmap(0x80196f000,118784,PROT_READ,MAP_PRIVATE|MAP_FIXED|MAP_NOCORE|MAP_PREFAULT_READ,3,0x0) = 34386407424 (0x80196f000)
mmap(0x80198c000,172032,PROT_READ|PROT_EXEC,MAP_PRIVATE|MAP_FIXED|MAP_NOCORE|MAP_PREFAULT_READ,3,0x1c000) = 34386526208 (0x80198c000)
mmap(0x8019b6000,8192,PROT_READ|PROT_WRITE,MAP_PRIVATE|MAP_FIXED|MAP_PREFAULT_READ,3,0x45000) = 34386698240 (0x8019b6000)
mmap(0x8019b8000,8192,PROT_READ|PROT_WRITE,MAP_PRIVATE|MAP_FIXED|MAP_PREFAULT_READ,3,0x46000) = 34386706432 (0x8019b8000)
munmap(0x801197000,4096)			 = 0 (0x0)
close(3)					 = 0 (0x0)
open("/usr/local/lib/qt5/libraw.so.20",O_RDONLY|O_CLOEXEC|O_VERIFY,014232266000) ERR#2 'No such file or directory'
open("/lib/libraw.so.20",O_RDONLY|O_CLOEXEC|O_VERIFY,014232266000) ERR#2 'No such file or directory'
open("/usr/lib/libraw.so.20",O_RDONLY|O_CLOEXEC|O_VERIFY,014232266000) ERR#2 'No such file or directory'
open("/usr/lib/compat/libraw.so.20",O_RDONLY|O_CLOEXEC|O_VERIFY,014232266000) ERR#2 'No such file or directory'
open("/usr/local/lib/libraw.so.20",O_RDONLY|O_CLOEXEC|O_VERIFY,014232266000) = 3 (0x3)
fstat(3,{ mode=-rwxr-xr-x ,inode=286357,size=1173576,blksize=131072 }) = 0 (0x0)
fstatfs(3,{ fstypename=zfs,mntonname=/,mntfromname=zroot/ROOT/default,fsid= }) = 0 (0x0)
mmap(0x0,4096,PROT_READ,MAP_PRIVATE|MAP_PREFAULT_READ,3,0x0) = 34378182656 (0x801197000)
mmap(0x0,1187840,PROT_NONE,MAP_GUARD,-1,0x0)	 = 34386714624 (0x8019ba000)
mmap(0x8019ba000,249856,PROT_READ,MAP_PRIVATE|MAP_FIXED|MAP_NOCORE|MAP_PREFAULT_READ,3,0x0) = 34386714624 (0x8019ba000)
mmap(0x8019f7000,589824,PROT_READ|PROT_EXEC,MAP_PRIVATE|MAP_FIXED|MAP_NOCORE|MAP_PREFAULT_READ,3,0x3c000) = 34386964480 (0x8019f7000)
mmap(0x801a87000,61440,PROT_READ|PROT_WRITE,MAP_PRIVATE|MAP_FIXED|MAP_PREFAULT_READ,3,0xcb000) = 34387554304 (0x801a87000)
mmap(0x801a96000,282624,PROT_READ|PROT_WRITE,MAP_PRIVATE|MAP_FIXED|MAP_PREFAULT_READ,3,0xd9000) = 34387615744 (0x801a96000)
mmap(0x801adb000,4096,PROT_READ|PROT_WRITE,MAP_PRIVATE|MAP_FIXED|MAP_ANON,-1,0x0) = 34387898368 (0x801adb000)
munmap(0x801197000,4096)			 = 0 (0x0)
close(3)					 = 0 (0x0)
open("/usr/local/lib/qt5/libbz2.so.4",O_RDONLY|O_CLOEXEC|O_VERIFY,014232266000) ERR#2 'No such file or directory'
open("/lib/libbz2.so.4",O_RDONLY|O_CLOEXEC|O_VERIFY,014232266000) ERR#2 'No such file or directory'
open("/usr/lib/libbz2.so.4",O_RDONLY|O_CLOEXEC|O_VERIFY,014232266000) = 3 (0x3)
fstat(3,{ mode=-r--r--r-- ,inode=300506,size=78968,blksize=79360 }) = 0 (0x0)
fstatfs(3,{ fstypename=zfs,mntonname=/,mntfromname=zroot/ROOT/default,fsid= }) = 0 (0x0)
mmap(0x0,4096,PROT_READ,MAP_PRIVATE|MAP_PREFAULT_READ,3,0x0) = 34378182656 (0x801197000)
mmap(0x0,90112,PROT_NONE,MAP_GUARD,-1,0x0)	 = 34378371072 (0x8011c5000)
mmap(0x8011c5000,12288,PROT_READ,MAP_PRIVATE|MAP_FIXED|MAP_NOCORE|MAP_PREFAULT_READ,3,0x0) = 34378371072 (0x8011c5000)
mmap(0x8011c8000,65536,PROT_READ|PROT_EXEC,MAP_PRIVATE|MAP_FIXED|MAP_NOCORE|MAP_PREFAULT_READ,3,0x2000) = 34378383360 (0x8011c8000)
mmap(0x8011d8000,4096,PROT_READ|PROT_WRITE,MAP_PRIVATE|MAP_FIXED|MAP_PREFAULT_READ,3,0x11000) = 34378448896 (0x8011d8000)
mmap(0x8011d9000,8192,PROT_READ|PROT_WRITE,MAP_PRIVATE|MAP_FIXED|MAP_PREFAULT_READ,3,0x11000) = 34378452992 (0x8011d9000)
munmap(0x801197000,4096)			 = 0 (0x0)
close(3)					 = 0 (0x0)
open("/usr/local/lib/qt5/libthr.so.3",O_RDONLY|O_CLOEXEC|O_VERIFY,012320443000) ERR#2 'No such file or directory'
open("/lib/libthr.so.3",O_RDONLY|O_CLOEXEC|O_VERIFY,012320443000) = 3 (0x3)
fstat(3,{ mode=-r--r--r-- ,inode=301520,size=125792,blksize=125952 }) = 0 (0x0)
fstatfs(3,{ fstypename=zfs,mntonname=/,mntfromname=zroot/ROOT/default,fsid= }) = 0 (0x0)
mmap(0x0,4096,PROT_READ,MAP_PRIVATE|MAP_PREFAULT_READ,3,0x0) = 34378182656 (0x801197000)
mmap(0x0,184320,PROT_NONE,MAP_GUARD,-1,0x0)	 = 34387902464 (0x801adc000)
mmap(0x801adc000,53248,PROT_READ,MAP_PRIVATE|MAP_FIXED|MAP_NOCORE|MAP_PREFAULT_READ,3,0x0) = 34387902464 (0x801adc000)
mmap(0x801ae9000,73728,PROT_READ|PROT_EXEC,MAP_PRIVATE|MAP_FIXED|MAP_NOCORE|MAP_PREFAULT_READ,3,0xc000) = 34387955712 (0x801ae9000)
mmap(0x801afb000,4096,PROT_READ|PROT_WRITE,MAP_PRIVATE|MAP_FIXED|MAP_PREFAULT_READ,3,0x1d000) = 34388029440 (0x801afb000)
mmap(0x801afc000,8192,PROT_READ|PROT_WRITE,MAP_PRIVATE|MAP_FIXED|MAP_PREFAULT_READ,3,0x1d000) = 34388033536 (0x801afc000)
mmap(0x801afe000,45056,PROT_READ|PROT_WRITE,MAP_PRIVATE|MAP_FIXED|MAP_ANON,-1,0x0) = 34388041728 (0x801afe000)
munmap(0x801197000,4096)			 = 0 (0x0)
close(3)					 = 0 (0x0)
open("/usr/local/lib/qt5/libfreeimage.so.3",O_RDONLY|O_CLOEXEC|O_VERIFY,014232266000) ERR#2 'No such file or directory'
open("/lib/libfreeimage.so.3",O_RDONLY|O_CLOEXEC|O_VERIFY,014232266000) ERR#2 'No such file or directory'
open("/usr/lib/libfreeimage.so.3",O_RDONLY|O_CLOEXEC|O_VERIFY,014232266000) ERR#2 'No such file or directory'
open("/usr/lib/compat/libfreeimage.so.3",O_RDONLY|O_CLOEXEC|O_VERIFY,014232266000) ERR#2 'No such file or directory'
open("/usr/local/lib/libfreeimage.so.3",O_RDONLY|O_CLOEXEC|O_VERIFY,014232266000) = 3 (0x3)
fstat(3,{ mode=-rwxr-xr-x ,inode=295616,size=7198600,blksize=131072 }) = 0 (0x0)
fstatfs(3,{ fstypename=zfs,mntonname=/,mntfromname=zroot/ROOT/default,fsid= }) = 0 (0x0)
mmap(0x0,4096,PROT_READ,MAP_PRIVATE|MAP_PREFAULT_READ,3,0x0) = 34378182656 (0x801197000)
mmap(0x0,7221248,PROT_NONE,MAP_GUARD|MAP_ALIGNED_SUPER,-1,0x0) = 34389098496 (0x801c00000)
mmap(0x801c00000,3297280,PROT_READ,MAP_PRIVATE|MAP_FIXED|MAP_NOCORE|MAP_PREFAULT_READ,3,0x0) = 34389098496 (0x801c00000)
mmap(0x801f25000,3497984,PROT_READ|PROT_EXEC,MAP_PRIVATE|MAP_FIXED|MAP_NOCORE|MAP_PREFAULT_READ,3,0x324000) = 34392395776 (0x801f25000)
mmap(0x80227b000,94208,PROT_READ|PROT_WRITE,MAP_PRIVATE|MAP_FIXED|MAP_PREFAULT_READ,3,0x679000) = 34395893760 (0x80227b000)
mmap(0x802292000,319488,PROT_READ|PROT_WRITE,MAP_PRIVATE|MAP_FIXED|MAP_PREFAULT_READ,3,0x68f000) = 34395987968 (0x802292000)
mmap(0x8022e0000,12288,PROT_READ|PROT_WRITE,MAP_PRIVATE|MAP_FIXED|MAP_ANON,-1,0x0) = 34396307456 (0x8022e0000)
munmap(0x801197000,4096)			 = 0 (0x0)
close(3)					 = 0 (0x0)
open("/usr/local/lib/qt5/libsqlite3.so.0",O_RDONLY|O_CLOEXEC|O_VERIFY,014232266000) ERR#2 'No such file or directory'
open("/lib/libsqlite3.so.0",O_RDONLY|O_CLOEXEC|O_VERIFY,014232266000) ERR#2 'No such file or directory'
open("/usr/lib/libsqlite3.so.0",O_RDONLY|O_CLOEXEC|O_VERIFY,014232266000) ERR#2 'No such file or directory'
open("/usr/lib/compat/libsqlite3.so.0",O_RDONLY|O_CLOEXEC|O_VERIFY,014232266000) ERR#2 'No such file or directory'
open("/usr/local/lib/libsqlite3.so.0",O_RDONLY|O_CLOEXEC|O_VERIFY,014232266000) = 3 (0x3)
fstat(3,{ mode=-rwxr-xr-x ,inode=218067,size=1694664,blksize=131072 }) = 0 (0x0)
fstatfs(3,{ fstypename=zfs,mntonname=/,mntfromname=zroot/ROOT/default,fsid= }) = 0 (0x0)
mmap(0x0,4096,PROT_READ,MAP_PRIVATE|MAP_PREFAULT_READ,3,0x0) = 34378182656 (0x801197000)
mmap(0x0,1708032,PROT_NONE,MAP_GUARD,-1,0x0)	 = 34396319744 (0x8022e3000)
mmap(0x8022e3000,229376,PROT_READ,MAP_PRIVATE|MAP_FIXED|MAP_NOCORE|MAP_PREFAULT_READ,3,0x0) = 34396319744 (0x8022e3000)
mmap(0x80231b000,1445888,PROT_READ|PROT_EXEC,MAP_PRIVATE|MAP_FIXED|MAP_NOCORE|MAP_PREFAULT_READ,3,0x37000) = 34396549120 (0x80231b000)
mmap(0x80247c000,16384,PROT_READ|PROT_WRITE,MAP_PRIVATE|MAP_FIXED|MAP_PREFAULT_READ,3,0x197000) = 34397995008 (0x80247c000)
mmap(0x802480000,16384,PROT_READ|PROT_WRITE,MAP_PRIVATE|MAP_FIXED|MAP_PREFAULT_READ,3,0x19a000) = 34398011392 (0x802480000)
munmap(0x801197000,4096)			 = 0 (0x0)
close(3)					 = 0 (0x0)
open("/usr/local/lib/qt5/librt.so.1",O_RDONLY|O_CLOEXEC|O_VERIFY,00) ERR#2 'No such file or directory'
open("/lib/librt.so.1",O_RDONLY|O_CLOEXEC|O_VERIFY,00) ERR#2 'No such file or directory'
open("/usr/lib/librt.so.1",O_RDONLY|O_CLOEXEC|O_VERIFY,00) = 3 (0x3)
fstat(3,{ mode=-r--r--r-- ,inode=300531,size=22816,blksize=23040 }) = 0 (0x0)
fstatfs(3,{ fstypename=zfs,mntonname=/,mntfromname=zroot/ROOT/default,fsid= }) = 0 (0x0)
mmap(0x0,4096,PROT_READ,MAP_PRIVATE|MAP_PREFAULT_READ,3,0x0) = 34378182656 (0x801197000)
mmap(0x0,36864,PROT_NONE,MAP_GUARD,-1,0x0)	 = 34378461184 (0x8011db000)
mmap(0x8011db000,12288,PROT_READ,MAP_PRIVATE|MAP_FIXED|MAP_NOCORE|MAP_PREFAULT_READ,3,0x0) = 34378461184 (0x8011db000)
mmap(0x8011de000,12288,PROT_READ|PROT_EXEC,MAP_PRIVATE|MAP_FIXED|MAP_NOCORE|MAP_PREFAULT_READ,3,0x2000) = 34378473472 (0x8011de000)
mmap(0x8011e1000,4096,PROT_READ|PROT_WRITE,MAP_PRIVATE|MAP_FIXED|MAP_PREFAULT_READ,3,0x4000) = 34378485760 (0x8011e1000)
mmap(0x8011e2000,4096,PROT_READ|PROT_WRITE,MAP_PRIVATE|MAP_FIXED|MAP_PREFAULT_READ,3,0x4000) = 34378489856 (0x8011e2000)
mmap(0x8011e3000,4096,PROT_READ|PROT_WRITE,MAP_PRIVATE|MAP_FIXED|MAP_ANON,-1,0x0) = 34378493952 (0x8011e3000)
munmap(0x801197000,4096)			 = 0 (0x0)
close(3)					 = 0 (0x0)
open("/usr/local/lib/qt5/libcurl.so.4",O_RDONLY|O_CLOEXEC|O_VERIFY,00) ERR#2 'No such file or directory'
open("/lib/libcurl.so.4",O_RDONLY|O_CLOEXEC|O_VERIFY,00) ERR#2 'No such file or directory'
open("/usr/lib/libcurl.so.4",O_RDONLY|O_CLOEXEC|O_VERIFY,00) ERR#2 'No such file or directory'
open("/usr/lib/compat/libcurl.so.4",O_RDONLY|O_CLOEXEC|O_VERIFY,00) ERR#2 'No such file or directory'
open("/usr/local/lib/libcurl.so.4",O_RDONLY|O_CLOEXEC|O_VERIFY,00) = 3 (0x3)
fstat(3,{ mode=-rwxr-xr-x ,inode=295416,size=600592,blksize=131072 }) = 0 (0x0)
fstatfs(3,{ fstypename=zfs,mntonname=/,mntfromname=zroot/ROOT/default,fsid= }) = 0 (0x0)
mmap(0x0,4096,PROT_READ,MAP_PRIVATE|MAP_PREFAULT_READ,3,0x0) = 34378182656 (0x801197000)
mmap(0x0,614400,PROT_NONE,MAP_GUARD,-1,0x0)	 = 34388086784 (0x801b09000)
mmap(0x801b09000,159744,PROT_READ,MAP_PRIVATE|MAP_FIXED|MAP_NOCORE|MAP_PREFAULT_READ,3,0x0) = 34388086784 (0x801b09000)
mmap(0x801b30000,425984,PROT_READ|PROT_EXEC,MAP_PRIVATE|MAP_FIXED|MAP_NOCORE|MAP_PREFAULT_READ,3,0x26000) = 34388246528 (0x801b30000)
mmap(0x801b98000,12288,PROT_READ|PROT_WRITE,MAP_PRIVATE|MAP_FIXED|MAP_PREFAULT_READ,3,0x8d000) = 34388672512 (0x801b98000)
mmap(0x801b9b000,16384,PROT_READ|PROT_WRITE,MAP_PRIVATE|MAP_FIXED|MAP_PREFAULT_READ,3,0x8f000) = 34388684800 (0x801b9b000)
munmap(0x801197000,4096)			 = 0 (0x0)
close(3)					 = 0 (0x0)
open("/usr/local/lib/qt5/libz.so.6",O_RDONLY|O_CLOEXEC|O_VERIFY,011123055000) ERR#2 'No such file or directory'
open("/lib/libz.so.6",O_RDONLY|O_CLOEXEC|O_VERIFY,011123055000) = 3 (0x3)
fstat(3,{ mode=-r--r--r-- ,inode=301185,size=102312,blksize=102400 }) = 0 (0x0)
fstatfs(3,{ fstypename=zfs,mntonname=/,mntfromname=zroot/ROOT/default,fsid= }) = 0 (0x0)
mmap(0x0,4096,PROT_READ,MAP_PRIVATE|MAP_PREFAULT_READ,3,0x0) = 34378182656 (0x801197000)
mmap(0x0,114688,PROT_NONE,MAP_GUARD,-1,0x0)	 = 34378498048 (0x8011e4000)
mmap(0x8011e4000,32768,PROT_READ,MAP_PRIVATE|MAP_FIXED|MAP_NOCORE|MAP_PREFAULT_READ,3,0x0) = 34378498048 (0x8011e4000)
mmap(0x8011ec000,73728,PROT_READ|PROT_EXEC,MAP_PRIVATE|MAP_FIXED|MAP_NOCORE|MAP_PREFAULT_READ,3,0x7000) = 34378530816 (0x8011ec000)
mmap(0x8011fe000,4096,PROT_READ|PROT_WRITE,MAP_PRIVATE|MAP_FIXED|MAP_PREFAULT_READ,3,0x18000) = 34378604544 (0x8011fe000)
mmap(0x8011ff000,4096,PROT_READ|PROT_WRITE,MAP_PRIVATE|MAP_FIXED|MAP_PREFAULT_READ,3,0x18000) = 34378608640 (0x8011ff000)
munmap(0x801197000,4096)			 = 0 (0x0)
close(3)					 = 0 (0x0)
open("/usr/local/lib/qt5/libcryptopp.so.8",O_RDONLY|O_CLOEXEC|O_VERIFY,014232266000) ERR#2 'No such file or directory'
open("/lib/libcryptopp.so.8",O_RDONLY|O_CLOEXEC|O_VERIFY,014232266000) ERR#2 'No such file or directory'
open("/usr/lib/libcryptopp.so.8",O_RDONLY|O_CLOEXEC|O_VERIFY,014232266000) ERR#2 'No such file or directory'
open("/usr/lib/compat/libcryptopp.so.8",O_RDONLY|O_CLOEXEC|O_VERIFY,014232266000) ERR#2 'No such file or directory'
open("/usr/local/lib/libcryptopp.so.8",O_RDONLY|O_CLOEXEC|O_VERIFY,014232266000) = 3 (0x3)
fstat(3,{ mode=-rw-r--r-- ,inode=295599,size=5835120,blksize=131072 }) = 0 (0x0)
fstatfs(3,{ fstypename=zfs,mntonname=/,mntfromname=zroot/ROOT/default,fsid= }) = 0 (0x0)
mmap(0x0,4096,PROT_READ,MAP_PRIVATE|MAP_PREFAULT_READ,3,0x0) = 34378182656 (0x801197000)
mmap(0x0,5865472,PROT_NONE,MAP_GUARD|MAP_ALIGNED_SUPER,-1,0x0) = 34399584256 (0x802600000)
mmap(0x802600000,2887680,PROT_READ,MAP_PRIVATE|MAP_FIXED|MAP_NOCORE|MAP_PREFAULT_READ,3,0x0) = 34399584256 (0x802600000)
mmap(0x8028c1000,2641920,PROT_READ|PROT_EXEC,MAP_PRIVATE|MAP_FIXED|MAP_NOCORE|MAP_PREFAULT_READ,3,0x2c0000) = 34402471936 (0x8028c1000)
mmap(0x802b46000,299008,PROT_READ|PROT_WRITE,MAP_PRIVATE|MAP_FIXED|MAP_PREFAULT_READ,3,0x544000) = 34405113856 (0x802b46000)
mmap(0x802b8f000,20480,PROT_READ|PROT_WRITE,MAP_PRIVATE|MAP_FIXED|MAP_PREFAULT_READ,3,0x58c000) = 34405412864 (0x802b8f000)
mmap(0x802b94000,16384,PROT_READ|PROT_WRITE,MAP_PRIVATE|MAP_FIXED|MAP_ANON,-1,0x0) = 34405433344 (0x802b94000)
munmap(0x801197000,4096)			 = 0 (0x0)
close(3)					 = 0 (0x0)
open("/usr/local/lib/qt5/libcares.so.2",O_RDONLY|O_CLOEXEC|O_VERIFY,066000) ERR#2 'No such file or directory'
open("/lib/libcares.so.2",O_RDONLY|O_CLOEXEC|O_VERIFY,066000) ERR#2 'No such file or directory'
open("/usr/lib/libcares.so.2",O_RDONLY|O_CLOEXEC|O_VERIFY,066000) ERR#2 'No such file or directory'
open("/usr/lib/compat/libcares.so.2",O_RDONLY|O_CLOEXEC|O_VERIFY,066000) ERR#2 'No such file or directory'
open("/usr/local/lib/libcares.so.2",O_RDONLY|O_CLOEXEC|O_VERIFY,066000) = 3 (0x3)
fstat(3,{ mode=-rwxr-xr-x ,inode=282817,size=113824,blksize=114176 }) = 0 (0x0)
fstatfs(3,{ fstypename=zfs,mntonname=/,mntfromname=zroot/ROOT/default,fsid= }) = 0 (0x0)
mmap(0x0,4096,PROT_READ,MAP_PRIVATE|MAP_PREFAULT_READ,3,0x0) = 34378182656 (0x801197000)
mmap(0x0,126976,PROT_NONE,MAP_GUARD,-1,0x0)	 = 34388701184 (0x801b9f000)
mmap(0x801b9f000,24576,PROT_READ,MAP_PRIVATE|MAP_FIXED|MAP_NOCORE|MAP_PREFAULT_READ,3,0x0) = 34388701184 (0x801b9f000)
mmap(0x801ba5000,90112,PROT_READ|PROT_EXEC,MAP_PRIVATE|MAP_FIXED|MAP_NOCORE|MAP_PREFAULT_READ,3,0x5000) = 34388725760 (0x801ba5000)
mmap(0x801bbb000,8192,PROT_READ|PROT_WRITE,MAP_PRIVATE|MAP_FIXED|MAP_PREFAULT_READ,3,0x1a000) = 34388815872 (0x801bbb000)
mmap(0x801bbd000,4096,PROT_READ|PROT_WRITE,MAP_PRIVATE|MAP_FIXED|MAP_PREFAULT_READ,3,0x1b000) = 34388824064 (0x801bbd000)
munmap(0x801197000,4096)			 = 0 (0x0)
close(3)					 = 0 (0x0)
open("/usr/local/lib/qt5/libsodium.so.23",O_RDONLY|O_CLOEXEC|O_VERIFY,066000) ERR#2 'No such file or directory'
open("/lib/libsodium.so.23",O_RDONLY|O_CLOEXEC|O_VERIFY,066000) ERR#2 'No such file or directory'
open("/usr/lib/libsodium.so.23",O_RDONLY|O_CLOEXEC|O_VERIFY,066000) ERR#2 'No such file or directory'
open("/usr/lib/compat/libsodium.so.23",O_RDONLY|O_CLOEXEC|O_VERIFY,066000) ERR#2 'No such file or directory'
open("/usr/local/lib/libsodium.so.23",O_RDONLY|O_CLOEXEC|O_VERIFY,066000) = 3 (0x3)
fstat(3,{ mode=-rwxr-xr-x ,inode=287173,size=677816,blksize=131072 }) = 0 (0x0)
fstatfs(3,{ fstypename=zfs,mntonname=/,mntfromname=zroot/ROOT/default,fsid= }) = 0 (0x0)
mmap(0x0,4096,PROT_READ,MAP_PRIVATE|MAP_PREFAULT_READ,3,0x0) = 34378182656 (0x801197000)
mmap(0x0,688128,PROT_NONE,MAP_GUARD,-1,0x0)	 = 34398027776 (0x802484000)
mmap(0x802484000,126976,PROT_READ,MAP_PRIVATE|MAP_FIXED|MAP_NOCORE|MAP_PREFAULT_READ,3,0x0) = 34398027776 (0x802484000)
mmap(0x8024a3000,552960,PROT_READ|PROT_EXEC,MAP_PRIVATE|MAP_FIXED|MAP_NOCORE|MAP_PREFAULT_READ,3,0x1e000) = 34398154752 (0x8024a3000)
mmap(0x80252a000,4096,PROT_READ|PROT_WRITE,MAP_PRIVATE|MAP_FIXED|MAP_PREFAULT_READ,3,0xa4000) = 34398707712 (0x80252a000)
mmap(0x80252b000,4096,PROT_READ|PROT_WRITE,MAP_PRIVATE|MAP_FIXED|MAP_PREFAULT_READ,3,0xa4000) = 34398711808 (0x80252b000)
munmap(0x801197000,4096)			 = 0 (0x0)
close(3)					 = 0 (0x0)
open("/usr/local/lib/qt5/libudev.so.0",O_RDONLY|O_CLOEXEC|O_VERIFY,014232266000) ERR#2 'No such file or directory'
open("/lib/libudev.so.0",O_RDONLY|O_CLOEXEC|O_VERIFY,014232266000) ERR#2 'No such file or directory'
open("/usr/lib/libudev.so.0",O_RDONLY|O_CLOEXEC|O_VERIFY,014232266000) ERR#2 'No such file or directory'
open("/usr/lib/compat/libudev.so.0",O_RDONLY|O_CLOEXEC|O_VERIFY,014232266000) ERR#2 'No such file or directory'
open("/usr/local/lib/libudev.so.0",O_RDONLY|O_CLOEXEC|O_VERIFY,014232266000) = 3 (0x3)
fstat(3,{ mode=-rwxr-xr-x ,inode=217741,size=44312,blksize=44544 }) = 0 (0x0)
fstatfs(3,{ fstypename=zfs,mntonname=/,mntfromname=zroot/ROOT/default,fsid= }) = 0 (0x0)
mmap(0x0,4096,PROT_READ,MAP_PRIVATE|MAP_PREFAULT_READ,3,0x0) = 34378182656 (0x801197000)
mmap(0x0,57344,PROT_NONE,MAP_GUARD,-1,0x0)	 = 34388828160 (0x801bbe000)
mmap(0x801bbe000,24576,PROT_READ,MAP_PRIVATE|MAP_FIXED|MAP_NOCORE|MAP_PREFAULT_READ,3,0x0) = 34388828160 (0x801bbe000)
mmap(0x801bc4000,20480,PROT_READ|PROT_EXEC,MAP_PRIVATE|MAP_FIXED|MAP_NOCORE|MAP_PREFAULT_READ,3,0x5000) = 34388852736 (0x801bc4000)
mmap(0x801bc9000,8192,PROT_READ|PROT_WRITE,MAP_PRIVATE|MAP_FIXED|MAP_PREFAULT_READ,3,0x9000) = 34388873216 (0x801bc9000)
mmap(0x801bcb000,4096,PROT_READ|PROT_WRITE,MAP_PRIVATE|MAP_FIXED|MAP_PREFAULT_READ,3,0xa000) = 34388881408 (0x801bcb000)
munmap(0x801197000,4096)			 = 0 (0x0)
close(3)					 = 0 (0x0)
open("/usr/local/lib/qt5/libssl.so.111",O_RDONLY|O_CLOEXEC|O_VERIFY,010524047400) ERR#2 'No such file or directory'
open("/lib/libssl.so.111",O_RDONLY|O_CLOEXEC|O_VERIFY,010524047400) ERR#2 'No such file or directory'
open("/usr/lib/libssl.so.111",O_RDONLY|O_CLOEXEC|O_VERIFY,010524047400) = 3 (0x3)
fstat(3,{ mode=-r--r--r-- ,inode=300885,size=612816,blksize=131072 }) = 0 (0x0)
fstatfs(3,{ fstypename=zfs,mntonname=/,mntfromname=zroot/ROOT/default,fsid= }) = 0 (0x0)
mmap(0x0,4096,PROT_READ,MAP_PRIVATE|MAP_PREFAULT_READ,3,0x0) = 34378182656 (0x801197000)
mmap(0x0,626688,PROT_NONE,MAP_GUARD,-1,0x0)	 = 34398715904 (0x80252c000)
mmap(0x80252c000,233472,PROT_READ,MAP_PRIVATE|MAP_FIXED|MAP_NOCORE|MAP_PREFAULT_READ,3,0x0) = 34398715904 (0x80252c000)
mmap(0x802565000,331776,PROT_READ|PROT_EXEC,MAP_PRIVATE|MAP_FIXED|MAP_NOCORE|MAP_PREFAULT_READ,3,0x38000) = 34398949376 (0x802565000)
mmap(0x8025b6000,36864,PROT_READ|PROT_WRITE,MAP_PRIVATE|MAP_FIXED|MAP_PREFAULT_READ,3,0x88000) = 34399281152 (0x8025b6000)
mmap(0x8025bf000,24576,PROT_READ|PROT_WRITE,MAP_PRIVATE|MAP_FIXED|MAP_PREFAULT_READ,3,0x90000) = 34399318016 (0x8025bf000)
munmap(0x801197000,4096)			 = 0 (0x0)
close(3)					 = 0 (0x0)
open("/usr/local/lib/qt5/libcrypto.so.111",O_RDONLY|O_CLOEXEC|O_VERIFY,010524047400) ERR#2 'No such file or directory'
open("/lib/libcrypto.so.111",O_RDONLY|O_CLOEXEC|O_VERIFY,010524047400) = 3 (0x3)
fstat(3,{ mode=-r--r--r-- ,inode=300463,size=3074304,blksize=131072 }) = 0 (0x0)
fstatfs(3,{ fstypename=zfs,mntonname=/,mntfromname=zroot/ROOT/default,fsid= }) = 0 (0x0)
mmap(0x0,4096,PROT_READ,MAP_PRIVATE|MAP_PREFAULT_READ,3,0x0) = 34378182656 (0x801197000)
mmap(0x0,3100672,PROT_NONE,MAP_GUARD,-1,0x0)	 = 34405449728 (0x802b98000)
mmap(0x802b98000,1142784,PROT_READ,MAP_PRIVATE|MAP_FIXED|MAP_NOCORE|MAP_PREFAULT_READ,3,0x0) = 34405449728 (0x802b98000)
mmap(0x802cb0000,1736704,PROT_READ|PROT_EXEC,MAP_PRIVATE|MAP_FIXED|MAP_NOCORE|MAP_PREFAULT_READ,3,0x117000) = 34406596608 (0x802cb0000)
mmap(0x802e58000,176128,PROT_READ|PROT_WRITE,MAP_PRIVATE|MAP_FIXED|MAP_PREFAULT_READ,3,0x2be000) = 34408333312 (0x802e58000)
mmap(0x802e83000,24576,PROT_READ|PROT_WRITE,MAP_PRIVATE|MAP_FIXED|MAP_PREFAULT_READ,3,0x2e8000) = 34408509440 (0x802e83000)
mmap(0x802e89000,16384,PROT_READ|PROT_WRITE,MAP_PRIVATE|MAP_FIXED|MAP_ANON,-1,0x0) = 34408534016 (0x802e89000)
munmap(0x801197000,4096)			 = 0 (0x0)
close(3)					 = 0 (0x0)
open("/usr/local/lib/qt5/libdl.so.1",O_RDONLY|O_CLOEXEC|O_VERIFY,066000) ERR#2 'No such file or directory'
open("/lib/libdl.so.1",O_RDONLY|O_CLOEXEC|O_VERIFY,066000) ERR#2 'No such file or directory'
open("/usr/lib/libdl.so.1",O_RDONLY|O_CLOEXEC|O_VERIFY,066000) = 3 (0x3)
fstat(3,{ mode=-r--r--r-- ,inode=300965,size=6240,blksize=6656 }) = 0 (0x0)
fstatfs(3,{ fstypename=zfs,mntonname=/,mntfromname=zroot/ROOT/default,fsid= }) = 0 (0x0)
mmap(0x0,4096,PROT_READ,MAP_PRIVATE|MAP_PREFAULT_READ,3,0x0) = 34378182656 (0x801197000)
mmap(0x0,16384,PROT_NONE,MAP_GUARD,-1,0x0)	 = 34388885504 (0x801bcc000)
mmap(0x801bcc000,4096,PROT_READ,MAP_PRIVATE|MAP_FIXED|MAP_NOCORE|MAP_PREFAULT_READ,3,0x0) = 34388885504 (0x801bcc000)
mmap(0x801bcd000,4096,PROT_READ|PROT_EXEC,MAP_PRIVATE|MAP_FIXED|MAP_NOCORE|MAP_PREFAULT_READ,3,0x0) = 34388889600 (0x801bcd000)
mmap(0x801bce000,4096,PROT_READ|PROT_WRITE,MAP_PRIVATE|MAP_FIXED|MAP_PREFAULT_READ,3,0x0) = 34388893696 (0x801bce000)
mmap(0x801bcf000,4096,PROT_READ|PROT_WRITE,MAP_PRIVATE|MAP_FIXED|MAP_PREFAULT_READ,3,0x0) = 34388897792 (0x801bcf000)
munmap(0x801197000,4096)			 = 0 (0x0)
close(3)					 = 0 (0x0)
open("/usr/local/lib/qt5/libxcb.so.1",O_RDONLY|O_CLOEXEC|O_VERIFY,014232266000) ERR#2 'No such file or directory'
open("/lib/libxcb.so.1",O_RDONLY|O_CLOEXEC|O_VERIFY,014232266000) ERR#2 'No such file or directory'
open("/usr/lib/libxcb.so.1",O_RDONLY|O_CLOEXEC|O_VERIFY,014232266000) ERR#2 'No such file or directory'
open("/usr/lib/compat/libxcb.so.1",O_RDONLY|O_CLOEXEC|O_VERIFY,014232266000) ERR#2 'No such file or directory'
open("/usr/local/lib/libxcb.so.1",O_RDONLY|O_CLOEXEC|O_VERIFY,014232266000) = 3 (0x3)
fstat(3,{ mode=-rwxr-xr-x ,inode=217339,size=171592,blksize=131072 }) = 0 (0x0)
fstatfs(3,{ fstypename=zfs,mntonname=/,mntfromname=zroot/ROOT/default,fsid= }) = 0 (0x0)
mmap(0x0,4096,PROT_READ,MAP_PRIVATE|MAP_PREFAULT_READ,3,0x0) = 34378182656 (0x801197000)
mmap(0x0,184320,PROT_NONE,MAP_GUARD,-1,0x0)	 = 34388901888 (0x801bd0000)
mmap(0x801bd0000,90112,PROT_READ,MAP_PRIVATE|MAP_FIXED|MAP_NOCORE|MAP_PREFAULT_READ,3,0x0) = 34388901888 (0x801bd0000)
mmap(0x801be6000,81920,PROT_READ|PROT_EXEC,MAP_PRIVATE|MAP_FIXED|MAP_NOCORE|MAP_PREFAULT_READ,3,0x15000) = 34388992000 (0x801be6000)
mmap(0x801bfa000,8192,PROT_READ|PROT_WRITE,MAP_PRIVATE|MAP_FIXED|MAP_PREFAULT_READ,3,0x28000) = 34389073920 (0x801bfa000)
mmap(0x801bfc000,4096,PROT_READ|PROT_WRITE,MAP_PRIVATE|MAP_FIXED|MAP_PREFAULT_READ,3,0x29000) = 34389082112 (0x801bfc000)
munmap(0x801197000,4096)			 = 0 (0x0)
close(3)					 = 0 (0x0)
open("/usr/local/lib/qt5/libQt5Svg.so.5",O_RDONLY|O_CLOEXEC|O_VERIFY,013735050400) = 3 (0x3)
fstat(3,{ mode=-rwxr-xr-x ,inode=199901,size=353464,blksize=131072 }) = 0 (0x0)
fstatfs(3,{ fstypename=zfs,mntonname=/,mntfromname=zroot/ROOT/default,fsid= }) = 0 (0x0)
mmap(0x0,4096,PROT_READ,MAP_PRIVATE|MAP_PREFAULT_READ,3,0x0) = 34378182656 (0x801197000)
mmap(0x0,364544,PROT_NONE,MAP_GUARD,-1,0x0)	 = 34408550400 (0x802e8d000)
mmap(0x802e8d000,147456,PROT_READ,MAP_PRIVATE|MAP_FIXED|MAP_NOCORE|MAP_PREFAULT_READ,3,0x0) = 34408550400 (0x802e8d000)
mmap(0x802eb1000,196608,PROT_READ|PROT_EXEC,MAP_PRIVATE|MAP_FIXED|MAP_NOCORE|MAP_PREFAULT_READ,3,0x23000) = 34408697856 (0x802eb1000)
mmap(0x802ee1000,12288,PROT_READ|PROT_WRITE,MAP_PRIVATE|MAP_FIXED|MAP_PREFAULT_READ,3,0x52000) = 34408894464 (0x802ee1000)
mmap(0x802ee4000,8192,PROT_READ|PROT_WRITE,MAP_PRIVATE|MAP_FIXED|MAP_PREFAULT_READ,3,0x54000) = 34408906752 (0x802ee4000)
munmap(0x801197000,4096)			 = 0 (0x0)
close(3)					 = 0 (0x0)
open("/usr/local/lib/qt5/libQt5Widgets.so.5",O_RDONLY|O_CLOEXEC|O_VERIFY,014232266000) = 3 (0x3)
fstat(3,{ mode=-rwxr-xr-x ,inode=200114,size=6952280,blksize=131072 }) = 0 (0x0)
fstatfs(3,{ fstypename=zfs,mntonname=/,mntfromname=zroot/ROOT/default,fsid= }) = 0 (0x0)
mmap(0x0,4096,PROT_READ,MAP_PRIVATE|MAP_PREFAULT_READ,3,0x0) = 34378182656 (0x801197000)
mmap(0x0,6967296,PROT_NONE,MAP_GUARD|MAP_ALIGNED_SUPER,-1,0x0) = 34410070016 (0x803000000)
mmap(0x803000000,2674688,PROT_READ,MAP_PRIVATE|MAP_FIXED|MAP_NOCORE|MAP_PREFAULT_READ,3,0x0) = 34410070016 (0x803000000)
mmap(0x80328d000,3936256,PROT_READ|PROT_EXEC,MAP_PRIVATE|MAP_FIXED|MAP_NOCORE|MAP_PREFAULT_READ,3,0x28c000) = 34412744704 (0x80328d000)
mmap(0x80364e000,184320,PROT_READ|PROT_WRITE,MAP_PRIVATE|MAP_FIXED|MAP_PREFAULT_READ,3,0x64c000) = 34416680960 (0x80364e000)
mmap(0x80367b000,167936,PROT_READ|PROT_WRITE,MAP_PRIVATE|MAP_FIXED|MAP_PREFAULT_READ,3,0x678000) = 34416865280 (0x80367b000)
mmap(0x8036a4000,4096,PROT_READ|PROT_WRITE,MAP_PRIVATE|MAP_FIXED|MAP_ANON,-1,0x0) = 34417033216 (0x8036a4000)
munmap(0x801197000,4096)			 = 0 (0x0)
close(3)					 = 0 (0x0)
open("/usr/local/lib/qt5/libQt5X11Extras.so.5",O_RDONLY|O_CLOEXEC|O_VERIFY,032266000) = 3 (0x3)
fstat(3,{ mode=-rwxr-xr-x ,inode=199963,size=15064,blksize=15360 }) = 0 (0x0)
fstatfs(3,{ fstypename=zfs,mntonname=/,mntfromname=zroot/ROOT/default,fsid= }) = 0 (0x0)
mmap(0x0,4096,PROT_READ,MAP_PRIVATE|MAP_PREFAULT_READ,3,0x0) = 34378182656 (0x801197000)
mmap(0x0,28672,PROT_NONE,MAP_GUARD,-1,0x0)	 = 34399342592 (0x8025c5000)
mmap(0x8025c5000,8192,PROT_READ,MAP_PRIVATE|MAP_FIXED|MAP_NOCORE|MAP_PREFAULT_READ,3,0x0) = 34399342592 (0x8025c5000)
mmap(0x8025c7000,8192,PROT_READ|PROT_EXEC,MAP_PRIVATE|MAP_FIXED|MAP_NOCORE|MAP_PREFAULT_READ,3,0x1000) = 34399350784 (0x8025c7000)
mmap(0x8025c9000,8192,PROT_READ|PROT_WRITE,MAP_PRIVATE|MAP_FIXED|MAP_PREFAULT_READ,3,0x2000) = 34399358976 (0x8025c9000)
mmap(0x8025cb000,4096,PROT_READ|PROT_WRITE,MAP_PRIVATE|MAP_FIXED|MAP_PREFAULT_READ,3,0x3000) = 34399367168 (0x8025cb000)
munmap(0x801197000,4096)			 = 0 (0x0)
close(3)					 = 0 (0x0)
open("/usr/local/lib/qt5/libQt5Gui.so.5",O_RDONLY|O_CLOEXEC|O_VERIFY,014232266000) = 3 (0x3)
fstat(3,{ mode=-rwxr-xr-x ,inode=200115,size=6630240,blksize=131072 }) = 0 (0x0)
fstatfs(3,{ fstypename=zfs,mntonname=/,mntfromname=zroot/ROOT/default,fsid= }) = 0 (0x0)
mmap(0x0,4096,PROT_READ,MAP_PRIVATE|MAP_PREFAULT_READ,3,0x0) = 34378182656 (0x801197000)
mmap(0x0,6688768,PROT_NONE,MAP_GUARD,-1,0x0)	 = 34417037312 (0x8036a5000)
mmap(0x8036a5000,1908736,PROT_READ,MAP_PRIVATE|MAP_FIXED|MAP_NOCORE|MAP_PREFAULT_READ,3,0x0) = 34417037312 (0x8036a5000)
mmap(0x803877000,4554752,PROT_READ|PROT_EXEC,MAP_PRIVATE|MAP_FIXED|MAP_NOCORE|MAP_PREFAULT_READ,3,0x1d1000) = 34418946048 (0x803877000)
mmap(0x803ccf000,77824,PROT_READ|PROT_WRITE,MAP_PRIVATE|MAP_FIXED|MAP_PREFAULT_READ,3,0x628000) = 34423500800 (0x803ccf000)
mmap(0x803ce2000,102400,PROT_READ|PROT_WRITE,MAP_PRIVATE|MAP_FIXED|MAP_PREFAULT_READ,3,0x63a000) = 34423578624 (0x803ce2000)
mmap(0x803cfb000,45056,PROT_READ|PROT_WRITE,MAP_PRIVATE|MAP_FIXED|MAP_ANON,-1,0x0) = 34423681024 (0x803cfb000)
munmap(0x801197000,4096)			 = 0 (0x0)
close(3)					 = 0 (0x0)
open("/usr/local/lib/qt5/libQt5Network.so.5",O_RDONLY|O_CLOEXEC|O_VERIFY,00) = 3 (0x3)
fstat(3,{ mode=-rwxr-xr-x ,inode=200121,size=1712712,blksize=131072 }) = 0 (0x0)
fstatfs(3,{ fstypename=zfs,mntonname=/,mntfromname=zroot/ROOT/default,fsid= }) = 0 (0x0)
mmap(0x0,4096,PROT_READ,MAP_PRIVATE|MAP_PREFAULT_READ,3,0x0) = 34378182656 (0x801197000)
mmap(0x0,1728512,PROT_NONE,MAP_GUARD,-1,0x0)	 = 34423726080 (0x803d06000)
mmap(0x803d06000,540672,PROT_READ,MAP_PRIVATE|MAP_FIXED|MAP_NOCORE|MAP_PREFAULT_READ,3,0x0) = 34423726080 (0x803d06000)
mmap(0x803d8a000,1105920,PROT_READ|PROT_EXEC,MAP_PRIVATE|MAP_FIXED|MAP_NOCORE|MAP_PREFAULT_READ,3,0x83000) = 34424266752 (0x803d8a000)
mmap(0x803e98000,28672,PROT_READ|PROT_WRITE,MAP_PRIVATE|MAP_FIXED|MAP_PREFAULT_READ,3,0x190000) = 34425372672 (0x803e98000)
mmap(0x803e9f000,49152,PROT_READ|PROT_WRITE,MAP_PRIVATE|MAP_FIXED|MAP_PREFAULT_READ,3,0x196000) = 34425401344 (0x803e9f000)
mmap(0x803eab000,4096,PROT_READ|PROT_WRITE,MAP_PRIVATE|MAP_FIXED|MAP_ANON,-1,0x0) = 34425450496 (0x803eab000)
munmap(0x801197000,4096)			 = 0 (0x0)
close(3)					 = 0 (0x0)
open("/usr/local/lib/qt5/libQt5DBus.so.5",O_RDONLY|O_CLOEXEC|O_VERIFY,00) = 3 (0x3)
fstat(3,{ mode=-rwxr-xr-x ,inode=199802,size=551680,blksize=131072 }) = 0 (0x0)
fstatfs(3,{ fstypename=zfs,mntonname=/,mntfromname=zroot/ROOT/default,fsid= }) = 0 (0x0)
mmap(0x0,4096,PROT_READ,MAP_PRIVATE|MAP_PREFAULT_READ,3,0x0) = 34378182656 (0x801197000)
mmap(0x0,565248,PROT_NONE,MAP_GUARD,-1,0x0)	 = 34408914944 (0x802ee6000)
mmap(0x802ee6000,172032,PROT_READ,MAP_PRIVATE|MAP_FIXED|MAP_NOCORE|MAP_PREFAULT_READ,3,0x0) = 34408914944 (0x802ee6000)
mmap(0x802f10000,364544,PROT_READ|PROT_EXEC,MAP_PRIVATE|MAP_FIXED|MAP_NOCORE|MAP_PREFAULT_READ,3,0x29000) = 34409086976 (0x802f10000)
mmap(0x802f69000,8192,PROT_READ|PROT_WRITE,MAP_PRIVATE|MAP_FIXED|MAP_PREFAULT_READ,3,0x81000) = 34409451520 (0x802f69000)
mmap(0x802f6b000,20480,PROT_READ|PROT_WRITE,MAP_PRIVATE|MAP_FIXED|MAP_PREFAULT_READ,3,0x82000) = 34409459712 (0x802f6b000)
munmap(0x801197000,4096)			 = 0 (0x0)
close(3)					 = 0 (0x0)
open("/usr/local/lib/qt5/libQt5Core.so.5",O_RDONLY|O_CLOEXEC|O_VERIFY,00) = 3 (0x3)
fstat(3,{ mode=-rwxr-xr-x ,inode=199978,size=5496328,blksize=131072 }) = 0 (0x0)
fstatfs(3,{ fstypename=zfs,mntonname=/,mntfromname=zroot/ROOT/default,fsid= }) = 0 (0x0)
mmap(0x0,4096,PROT_READ,MAP_PRIVATE|MAP_PREFAULT_READ,3,0x0) = 34378182656 (0x801197000)
mmap(0x0,5521408,PROT_NONE,MAP_GUARD|MAP_ALIGNED_SUPER,-1,0x0) = 34426847232 (0x804000000)
mmap(0x804000000,2412544,PROT_READ,MAP_PRIVATE|MAP_FIXED|MAP_NOCORE|MAP_PREFAULT_READ,3,0x0) = 34426847232 (0x804000000)
mmap(0x80424d000,2908160,PROT_READ|PROT_EXEC,MAP_PRIVATE|MAP_FIXED|MAP_NOCORE|MAP_PREFAULT_READ,3,0x24c000) = 34429259776 (0x80424d000)
mmap(0x804513000,53248,PROT_READ|PROT_WRITE,MAP_PRIVATE|MAP_FIXED|MAP_PREFAULT_READ,3,0x511000) = 34432167936 (0x804513000)
mmap(0x804520000,135168,PROT_READ|PROT_WRITE,MAP_PRIVATE|MAP_FIXED|MAP_PREFAULT_READ,3,0x51d000) = 34432221184 (0x804520000)
mmap(0x804541000,12288,PROT_READ|PROT_WRITE,MAP_PRIVATE|MAP_FIXED|MAP_ANON,-1,0x0) = 34432356352 (0x804541000)
munmap(0x801197000,4096)			 = 0 (0x0)
close(3)					 = 0 (0x0)
open("/usr/local/lib/qt5/libGL.so.1",O_RDONLY|O_CLOEXEC|O_VERIFY,032266000) ERR#2 'No such file or directory'
open("/lib/libGL.so.1",O_RDONLY|O_CLOEXEC|O_VERIFY,032266000) ERR#2 'No such file or directory'
open("/usr/lib/libGL.so.1",O_RDONLY|O_CLOEXEC|O_VERIFY,032266000) ERR#2 'No such file or directory'
open("/usr/lib/compat/libGL.so.1",O_RDONLY|O_CLOEXEC|O_VERIFY,032266000) ERR#2 'No such file or directory'
open("/usr/local/lib/libGL.so.1",O_RDONLY|O_CLOEXEC|O_VERIFY,032266000) = 3 (0x3)
fstat(3,{ mode=-rwxr-xr-x ,inode=296801,size=560640,blksize=131072 }) = 0 (0x0)
fstatfs(3,{ fstypename=zfs,mntonname=/,mntfromname=zroot/ROOT/default,fsid= }) = 0 (0x0)
mmap(0x0,4096,PROT_READ,MAP_PRIVATE|MAP_PREFAULT_READ,3,0x0) = 34378182656 (0x801197000)
mmap(0x0,573440,PROT_NONE,MAP_GUARD,-1,0x0)	 = 34409480192 (0x802f70000)
mmap(0x802f70000,385024,PROT_READ,MAP_PRIVATE|MAP_FIXED|MAP_NOCORE|MAP_PREFAULT_READ,3,0x0) = 34409480192 (0x802f70000)
mmap(0x802fce000,126976,PROT_READ|PROT_EXEC,MAP_PRIVATE|MAP_FIXED|MAP_NOCORE|MAP_PREFAULT_READ,3,0x5d000) = 34409865216 (0x802fce000)
mmap(0x802fed000,57344,PROT_READ|PROT_WRITE,MAP_PRIVATE|MAP_FIXED|MAP_PREFAULT_READ,3,0x7b000) = 34409992192 (0x802fed000)
mmap(0x802ffb000,4096,PROT_READ|PROT_WRITE,MAP_PRIVATE|MAP_FIXED|MAP_PREFAULT_READ,3,0x88000) = 34410049536 (0x802ffb000)
munmap(0x801197000,4096)			 = 0 (0x0)
close(3)					 = 0 (0x0)
open("/usr/local/lib/qt5/libavformat.so.58",O_RDONLY|O_CLOEXEC|O_VERIFY,010222246000) ERR#2 'No such file or directory'
open("/lib/libavformat.so.58",O_RDONLY|O_CLOEXEC|O_VERIFY,010222246000) ERR#2 'No such file or directory'
open("/usr/lib/libavformat.so.58",O_RDONLY|O_CLOEXEC|O_VERIFY,010222246000) ERR#2 'No such file or directory'
open("/usr/lib/compat/libavformat.so.58",O_RDONLY|O_CLOEXEC|O_VERIFY,010222246000) ERR#2 'No such file or directory'
open("/usr/local/lib/libavformat.so.58",O_RDONLY|O_CLOEXEC|O_VERIFY,010222246000) = 3 (0x3)
fstat(3,{ mode=-rwxr-xr-x ,inode=215806,size=2585688,blksize=131072 }) = 0 (0x0)
fstatfs(3,{ fstypename=zfs,mntonname=/,mntfromname=zroot/ROOT/default,fsid= }) = 0 (0x0)
mmap(0x0,4096,PROT_READ,MAP_PRIVATE|MAP_PREFAULT_READ,3,0x0) = 34378182656 (0x801197000)
mmap(0x0,2596864,PROT_NONE,MAP_GUARD,-1,0x0)	 = 34432368640 (0x804544000)
mmap(0x804544000,708608,PROT_READ,MAP_PRIVATE|MAP_FIXED|MAP_NOCORE|MAP_PREFAULT_READ,3,0x0) = 34432368640 (0x804544000)
mmap(0x8045f1000,1671168,PROT_READ|PROT_EXEC,MAP_PRIVATE|MAP_FIXED|MAP_NOCORE|MAP_PREFAULT_READ,3,0xac000) = 34433077248 (0x8045f1000)
mmap(0x804789000,122880,PROT_READ|PROT_WRITE,MAP_PRIVATE|MAP_FIXED|MAP_PREFAULT_READ,3,0x243000) = 34434748416 (0x804789000)
mmap(0x8047a7000,94208,PROT_READ|PROT_WRITE,MAP_PRIVATE|MAP_FIXED|MAP_PREFAULT_READ,3,0x260000) = 34434871296 (0x8047a7000)
munmap(0x801197000,4096)			 = 0 (0x0)
close(3)					 = 0 (0x0)
open("/usr/local/lib/qt5/libavutil.so.56",O_RDONLY|O_CLOEXEC|O_VERIFY,010222246000) ERR#2 'No such file or directory'
open("/lib/libavutil.so.56",O_RDONLY|O_CLOEXEC|O_VERIFY,010222246000) ERR#2 'No such file or directory'
open("/usr/lib/libavutil.so.56",O_RDONLY|O_CLOEXEC|O_VERIFY,010222246000) ERR#2 'No such file or directory'
open("/usr/lib/compat/libavutil.so.56",O_RDONLY|O_CLOEXEC|O_VERIFY,010222246000) ERR#2 'No such file or directory'
open("/usr/local/lib/libavutil.so.56",O_RDONLY|O_CLOEXEC|O_VERIFY,010222246000) = 3 (0x3)
fstat(3,{ mode=-rwxr-xr-x ,inode=195833,size=602416,blksize=131072 }) = 0 (0x0)
fstatfs(3,{ fstypename=zfs,mntonname=/,mntfromname=zroot/ROOT/default,fsid= }) = 0 (0x0)
mmap(0x0,4096,PROT_READ,MAP_PRIVATE|MAP_PREFAULT_READ,3,0x0) = 34378182656 (0x801197000)
mmap(0x0,2768896,PROT_NONE,MAP_GUARD,-1,0x0)	 = 34434965504 (0x8047be000)
mmap(0x8047be000,176128,PROT_READ,MAP_PRIVATE|MAP_FIXED|MAP_NOCORE|MAP_PREFAULT_READ,3,0x0) = 34434965504 (0x8047be000)
mmap(0x8047e9000,380928,PROT_READ|PROT_EXEC,MAP_PRIVATE|MAP_FIXED|MAP_NOCORE|MAP_PREFAULT_READ,3,0x2a000) = 34435141632 (0x8047e9000)
mmap(0x804846000,49152,PROT_READ|PROT_WRITE,MAP_PRIVATE|MAP_FIXED|MAP_PREFAULT_READ,3,0x86000) = 34435522560 (0x804846000)
mmap(0x804852000,8192,PROT_READ|PROT_WRITE,MAP_PRIVATE|MAP_FIXED|MAP_PREFAULT_READ,3,0x91000) = 34435571712 (0x804852000)
mmap(0x804854000,2154496,PROT_READ|PROT_WRITE,MAP_PRIVATE|MAP_FIXED|MAP_ANON,-1,0x0) = 34435579904 (0x804854000)
munmap(0x801197000,4096)			 = 0 (0x0)
close(3)					 = 0 (0x0)
open("/usr/local/lib/qt5/libavcodec.so.58",O_RDONLY|O_CLOEXEC|O_VERIFY,046000) ERR#2 'No such file or directory'
open("/lib/libavcodec.so.58",O_RDONLY|O_CLOEXEC|O_VERIFY,046000) ERR#2 'No such file or directory'
open("/usr/lib/libavcodec.so.58",O_RDONLY|O_CLOEXEC|O_VERIFY,046000) ERR#2 'No such file or directory'
open("/usr/lib/compat/libavcodec.so.58",O_RDONLY|O_CLOEXEC|O_VERIFY,046000) ERR#2 'No such file or directory'
open("/usr/local/lib/libavcodec.so.58",O_RDONLY|O_CLOEXEC|O_VERIFY,046000) = 3 (0x3)
fstat(3,{ mode=-rwxr-xr-x ,inode=197367,size=15955920,blksize=131072 }) = 0 (0x0)
fstatfs(3,{ fstypename=zfs,mntonname=/,mntfromname=zroot/ROOT/default,fsid= }) = 0 (0x0)
mmap(0x0,4096,PROT_READ,MAP_PRIVATE|MAP_PREFAULT_READ,3,0x0) = 34378182656 (0x801197000)
mmap(0x0,22069248,PROT_NONE,MAP_GUARD|MAP_ALIGNED_SUPER,-1,0x0) = 34439430144 (0x804c00000)
mmap(0x804c00000,3624960,PROT_READ,MAP_PRIVATE|MAP_FIXED|MAP_NOCORE|MAP_PREFAULT_READ,3,0x0) = 34439430144 (0x804c00000)
mmap(0x804f75000,11894784,PROT_READ|PROT_EXEC,MAP_PRIVATE|MAP_FIXED|MAP_NOCORE|MAP_PREFAULT_READ,3,0x374000) = 34443055104 (0x804f75000)
mmap(0x805acd000,266240,PROT_READ|PROT_WRITE,MAP_PRIVATE|MAP_FIXED|MAP_PREFAULT_READ,3,0xecc000) = 34454949888 (0x805acd000)
mmap(0x805b0e000,176128,PROT_READ|PROT_WRITE,MAP_PRIVATE|MAP_FIXED|MAP_PREFAULT_READ,3,0xf0c000) = 34455216128 (0x805b0e000)
mmap(0x805b39000,6107136,PROT_READ|PROT_WRITE,MAP_PRIVATE|MAP_FIXED|MAP_ANON,-1,0x0) = 34455392256 (0x805b39000)
munmap(0x801197000,4096)			 = 0 (0x0)
close(3)					 = 0 (0x0)
open("/usr/local/lib/qt5/libswscale.so.5",O_RDONLY|O_CLOEXEC|O_VERIFY,010222246000) ERR#2 'No such file or directory'
open("/lib/libswscale.so.5",O_RDONLY|O_CLOEXEC|O_VERIFY,010222246000) ERR#2 'No such file or directory'
open("/usr/lib/libswscale.so.5",O_RDONLY|O_CLOEXEC|O_VERIFY,010222246000) ERR#2 'No such file or directory'
open("/usr/lib/compat/libswscale.so.5",O_RDONLY|O_CLOEXEC|O_VERIFY,010222246000) ERR#2 'No such file or directory'
open("/usr/local/lib/libswscale.so.5",O_RDONLY|O_CLOEXEC|O_VERIFY,010222246000) = 3 (0x3)
fstat(3,{ mode=-rwxr-xr-x ,inode=196721,size=737952,blksize=131072 }) = 0 (0x0)
fstatfs(3,{ fstypename=zfs,mntonname=/,mntfromname=zroot/ROOT/default,fsid= }) = 0 (0x0)
mmap(0x0,4096,PROT_READ,MAP_PRIVATE|MAP_PREFAULT_READ,3,0x0) = 34378182656 (0x801197000)
mmap(0x0,782336,PROT_NONE,MAP_GUARD,-1,0x0)	 = 34425454592 (0x803eac000)
mmap(0x803eac000,90112,PROT_READ,MAP_PRIVATE|MAP_FIXED|MAP_NOCORE|MAP_PREFAULT_READ,3,0x0) = 34425454592 (0x803eac000)
mmap(0x803ec2000,647168,PROT_READ|PROT_EXEC,MAP_PRIVATE|MAP_FIXED|MAP_NOCORE|MAP_PREFAULT_READ,3,0x15000) = 34425544704 (0x803ec2000)
mmap(0x803f60000,8192,PROT_READ|PROT_WRITE,MAP_PRIVATE|MAP_FIXED|MAP_PREFAULT_READ,3,0xb2000) = 34426191872 (0x803f60000)
mmap(0x803f62000,4096,PROT_READ|PROT_WRITE,MAP_PRIVATE|MAP_FIXED|MAP_PREFAULT_READ,3,0xb3000) = 34426200064 (0x803f62000)
mmap(0x803f63000,32768,PROT_READ|PROT_WRITE,MAP_PRIVATE|MAP_FIXED|MAP_ANON,-1,0x0) = 34426204160 (0x803f63000)
munmap(0x801197000,4096)			 = 0 (0x0)
close(3)					 = 0 (0x0)
open("/usr/local/lib/qt5/libomp.so",O_RDONLY|O_CLOEXEC|O_VERIFY,00) ERR#2 'No such file or directory'
open("/lib/libomp.so",O_RDONLY|O_CLOEXEC|O_VERIFY,00) ERR#2 'No such file or directory'
open("/usr/lib/libomp.so",O_RDONLY|O_CLOEXEC|O_VERIFY,00) = 3 (0x3)
fstat(3,{ mode=-r--r--r-- ,inode=300988,size=809624,blksize=131072 }) = 0 (0x0)
fstatfs(3,{ fstypename=zfs,mntonname=/,mntfromname=zroot/ROOT/default,fsid= }) = 0 (0x0)
mmap(0x0,4096,PROT_READ,MAP_PRIVATE|MAP_PREFAULT_READ,3,0x0) = 34378182656 (0x801197000)
mmap(0x0,847872,PROT_NONE,MAP_GUARD,-1,0x0)	 = 34437734400 (0x804a62000)
mmap(0x804a62000,237568,PROT_READ,MAP_PRIVATE|MAP_FIXED|MAP_NOCORE|MAP_PREFAULT_READ,3,0x0) = 34437734400 (0x804a62000)
mmap(0x804a9c000,552960,PROT_READ|PROT_EXEC,MAP_PRIVATE|MAP_FIXED|MAP_NOCORE|MAP_PREFAULT_READ,3,0x39000) = 34437971968 (0x804a9c000)
mmap(0x804b23000,4096,PROT_READ|PROT_WRITE,MAP_PRIVATE|MAP_FIXED|MAP_PREFAULT_READ,3,0xbf000) = 34438524928 (0x804b23000)
mmap(0x804b24000,28672,PROT_READ|PROT_WRITE,MAP_PRIVATE|MAP_FIXED|MAP_PREFAULT_READ,3,0xbf000) = 34438529024 (0x804b24000)
mmap(0x804b2b000,24576,PROT_READ|PROT_WRITE,MAP_PRIVATE|MAP_FIXED|MAP_ANON,-1,0x0) = 34438557696 (0x804b2b000)
munmap(0x801197000,4096)			 = 0 (0x0)
close(3)					 = 0 (0x0)
open("/usr/local/lib/qt5/libc++.so.1",O_RDONLY|O_CLOEXEC|O_VERIFY,00) ERR#2 'No such file or directory'
open("/lib/libc++.so.1",O_RDONLY|O_CLOEXEC|O_VERIFY,00) ERR#2 'No such file or directory'
open("/usr/lib/libc++.so.1",O_RDONLY|O_CLOEXEC|O_VERIFY,00) = 3 (0x3)
fstat(3,{ mode=-r--r--r-- ,inode=300505,size=846200,blksize=131072 }) = 0 (0x0)
fstatfs(3,{ fstypename=zfs,mntonname=/,mntfromname=zroot/ROOT/default,fsid= }) = 0 (0x0)
mmap(0x0,4096,PROT_READ,MAP_PRIVATE|MAP_PREFAULT_READ,3,0x0) = 34378182656 (0x801197000)
mmap(0x0,884736,PROT_NONE,MAP_GUARD,-1,0x0)	 = 34461499392 (0x80610c000)
mmap(0x80610c000,389120,PROT_READ,MAP_PRIVATE|MAP_FIXED|MAP_NOCORE|MAP_PREFAULT_READ,3,0x0) = 34461499392 (0x80610c000)
mmap(0x80616b000,438272,PROT_READ|PROT_EXEC,MAP_PRIVATE|MAP_FIXED|MAP_NOCORE|MAP_PREFAULT_READ,3,0x5e000) = 34461888512 (0x80616b000)
mmap(0x8061d6000,24576,PROT_READ|PROT_WRITE,MAP_PRIVATE|MAP_FIXED|MAP_PREFAULT_READ,3,0xc8000) = 34462326784 (0x8061d6000)
mmap(0x8061dc000,4096,PROT_READ|PROT_WRITE,MAP_PRIVATE|MAP_FIXED|MAP_PREFAULT_READ,3,0xcd000) = 34462351360 (0x8061dc000)
mmap(0x8061dd000,28672,PROT_READ|PROT_WRITE,MAP_PRIVATE|MAP_FIXED|MAP_ANON,-1,0x0) = 34462355456 (0x8061dd000)
munmap(0x801197000,4096)			 = 0 (0x0)
close(3)					 = 0 (0x0)
open("/usr/local/lib/qt5/libcxxrt.so.1",O_RDONLY|O_CLOEXEC|O_VERIFY,00) ERR#2 'No such file or directory'
open("/lib/libcxxrt.so.1",O_RDONLY|O_CLOEXEC|O_VERIFY,00) = 3 (0x3)
fstat(3,{ mode=-r--r--r-- ,inode=301010,size=119488,blksize=119808 }) = 0 (0x0)
fstatfs(3,{ fstypename=zfs,mntonname=/,mntfromname=zroot/ROOT/default,fsid= }) = 0 (0x0)
mmap(0x0,4096,PROT_READ,MAP_PRIVATE|MAP_PREFAULT_READ,3,0x0) = 34378182656 (0x801197000)
mmap(0x0,147456,PROT_NONE,MAP_GUARD,-1,0x0)	 = 34399371264 (0x8025cc000)
mmap(0x8025cc000,49152,PROT_READ,MAP_PRIVATE|MAP_FIXED|MAP_NOCORE|MAP_PREFAULT_READ,3,0x0) = 34399371264 (0x8025cc000)
mmap(0x8025d8000,69632,PROT_READ|PROT_EXEC,MAP_PRIVATE|MAP_FIXED|MAP_NOCORE|MAP_PREFAULT_READ,3,0xb000) = 34399420416 (0x8025d8000)
mmap(0x8025e9000,8192,PROT_READ|PROT_WRITE,MAP_PRIVATE|MAP_FIXED|MAP_PREFAULT_READ,3,0x1b000) = 34399490048 (0x8025e9000)
mmap(0x8025eb000,4096,PROT_READ|PROT_WRITE,MAP_PRIVATE|MAP_FIXED|MAP_PREFAULT_READ,3,0x1c000) = 34399498240 (0x8025eb000)
mmap(0x8025ec000,16384,PROT_READ|PROT_WRITE,MAP_PRIVATE|MAP_FIXED|MAP_ANON,-1,0x0) = 34399502336 (0x8025ec000)
munmap(0x801197000,4096)			 = 0 (0x0)
close(3)					 = 0 (0x0)
open("/usr/local/lib/qt5/libm.so.5",O_RDONLY|O_CLOEXEC|O_VERIFY,00) ERR#2 'No such file or directory'
open("/lib/libm.so.5",O_RDONLY|O_CLOEXEC|O_VERIFY,00) = 3 (0x3)
fstat(3,{ mode=-r--r--r-- ,inode=301521,size=214240,blksize=131072 }) = 0 (0x0)
fstatfs(3,{ fstypename=zfs,mntonname=/,mntfromname=zroot/ROOT/default,fsid= }) = 0 (0x0)
mmap(0x0,4096,PROT_READ,MAP_PRIVATE|MAP_PREFAULT_READ,3,0x0) = 34378182656 (0x801197000)
mmap(0x0,225280,PROT_NONE,MAP_GUARD,-1,0x0)	 = 34426236928 (0x803f6b000)
mmap(0x803f6b000,69632,PROT_READ,MAP_PRIVATE|MAP_FIXED|MAP_NOCORE|MAP_PREFAULT_READ,3,0x0) = 34426236928 (0x803f6b000)
mmap(0x803f7c000,147456,PROT_READ|PROT_EXEC,MAP_PRIVATE|MAP_FIXED|MAP_NOCORE|MAP_PREFAULT_READ,3,0x10000) = 34426306560 (0x803f7c000)
mmap(0x803fa0000,4096,PROT_READ|PROT_WRITE,MAP_PRIVATE|MAP_FIXED|MAP_PREFAULT_READ,3,0x33000) = 34426454016 (0x803fa0000)
mmap(0x803fa1000,4096,PROT_READ|PROT_WRITE,MAP_PRIVATE|MAP_FIXED|MAP_PREFAULT_READ,3,0x33000) = 34426458112 (0x803fa1000)
munmap(0x801197000,4096)			 = 0 (0x0)
close(3)					 = 0 (0x0)
open("/usr/local/lib/qt5/libgcc_s.so.1",O_RDONLY|O_CLOEXEC|O_VERIFY,020643400) ERR#2 'No such file or directory'
open("/lib/libgcc_s.so.1",O_RDONLY|O_CLOEXEC|O_VERIFY,020643400) = 3 (0x3)
fstat(3,{ mode=-r--r--r-- ,inode=301009,size=79024,blksize=79360 }) = 0 (0x0)
fstatfs(3,{ fstypename=zfs,mntonname=/,mntfromname=zroot/ROOT/default,fsid= }) = 0 (0x0)
mmap(0x0,4096,PROT_READ,MAP_PRIVATE|MAP_PREFAULT_READ,3,0x0) = 34378182656 (0x801197000)
mmap(0x0,94208,PROT_NONE,MAP_GUARD,-1,0x0)	 = 34426462208 (0x803fa2000)
mmap(0x803fa2000,28672,PROT_READ,MAP_PRIVATE|MAP_FIXED|MAP_NOCORE|MAP_PREFAULT_READ,3,0x0) = 34426462208 (0x803fa2000)
mmap(0x803fa9000,53248,PROT_READ|PROT_EXEC,MAP_PRIVATE|MAP_FIXED|MAP_NOCORE|MAP_PREFAULT_READ,3,0x6000) = 34426490880 (0x803fa9000)
mmap(0x803fb6000,4096,PROT_READ|PROT_WRITE,MAP_PRIVATE|MAP_FIXED|MAP_PREFAULT_READ,3,0x12000) = 34426544128 (0x803fb6000)
mmap(0x803fb7000,4096,PROT_READ|PROT_WRITE,MAP_PRIVATE|MAP_FIXED|MAP_PREFAULT_READ,3,0x12000) = 34426548224 (0x803fb7000)
mmap(0x803fb8000,4096,PROT_READ|PROT_WRITE,MAP_PRIVATE|MAP_FIXED|MAP_ANON,-1,0x0) = 34426552320 (0x803fb8000)
munmap(0x801197000,4096)			 = 0 (0x0)
close(3)					 = 0 (0x0)
open("/usr/local/lib/qt5/libc.so.7",O_RDONLY|O_CLOEXEC|O_VERIFY,00) ERR#2 'No such file or directory'
open("/lib/libc.so.7",O_RDONLY|O_CLOEXEC|O_VERIFY,00) = 3 (0x3)
fstat(3,{ mode=-r--r--r-- ,inode=301522,size=1963048,blksize=131072 }) = 0 (0x0)
fstatfs(3,{ fstypename=zfs,mntonname=/,mntfromname=zroot/ROOT/default,fsid= }) = 0 (0x0)
mmap(0x0,4096,PROT_READ,MAP_PRIVATE|MAP_PREFAULT_READ,3,0x0) = 34378182656 (0x801197000)
mmap(0x0,4243456,PROT_NONE,MAP_GUARD,-1,0x0)	 = 34462384128 (0x8061e4000)
mmap(0x8061e4000,528384,PROT_READ,MAP_PRIVATE|MAP_FIXED|MAP_NOCORE|MAP_PREFAULT_READ,3,0x0) = 34462384128 (0x8061e4000)
mmap(0x806265000,1376256,PROT_READ|PROT_EXEC,MAP_PRIVATE|MAP_FIXED|MAP_NOCORE|MAP_PREFAULT_READ,3,0x80000) = 34462912512 (0x806265000)
mmap(0x8063b5000,40960,PROT_READ|PROT_WRITE,MAP_PRIVATE|MAP_FIXED|MAP_PREFAULT_READ,3,0x1cf000) = 34464288768 (0x8063b5000)
mmap(0x8063bf000,28672,PROT_READ|PROT_WRITE,MAP_PRIVATE|MAP_FIXED|MAP_PREFAULT_READ,3,0x1d8000) = 34464329728 (0x8063bf000)
mmap(0x8063c6000,2269184,PROT_READ|PROT_WRITE,MAP_PRIVATE|MAP_FIXED|MAP_ANON,-1,0x0) = 34464358400 (0x8063c6000)
munmap(0x801197000,4096)			 = 0 (0x0)
close(3)					 = 0 (0x0)
open("/lib/libtinyxml2.so.9",O_RDONLY|O_CLOEXEC|O_VERIFY,014232266000) ERR#2 'No such file or directory'
open("/usr/lib/libtinyxml2.so.9",O_RDONLY|O_CLOEXEC|O_VERIFY,014232266000) ERR#2 'No such file or directory'
open("/usr/lib/compat/libtinyxml2.so.9",O_RDONLY|O_CLOEXEC|O_VERIFY,014232266000) ERR#2 'No such file or directory'
open("/usr/local/lib/libtinyxml2.so.9",O_RDONLY|O_CLOEXEC|O_VERIFY,014232266000) = 3 (0x3)
fstat(3,{ mode=-rwxr-xr-x ,inode=295638,size=94016,blksize=94208 }) = 0 (0x0)
fstatfs(3,{ fstypename=zfs,mntonname=/,mntfromname=zroot/ROOT/default,fsid= }) = 0 (0x0)
mmap(0x0,4096,PROT_READ,MAP_PRIVATE|MAP_PREFAULT_READ,3,0x0) = 34378182656 (0x801197000)
mmap(0x0,106496,PROT_NONE,MAP_GUARD,-1,0x0)	 = 34426556416 (0x803fb9000)
mmap(0x803fb9000,49152,PROT_READ,MAP_PRIVATE|MAP_FIXED|MAP_NOCORE|MAP_PREFAULT_READ,3,0x0) = 34426556416 (0x803fb9000)
mmap(0x803fc5000,45056,PROT_READ|PROT_EXEC,MAP_PRIVATE|MAP_FIXED|MAP_NOCORE|MAP_PREFAULT_READ,3,0xb000) = 34426605568 (0x803fc5000)
mmap(0x803fd0000,8192,PROT_READ|PROT_WRITE,MAP_PRIVATE|MAP_FIXED|MAP_PREFAULT_READ,3,0x15000) = 34426650624 (0x803fd0000)
mmap(0x803fd2000,4096,PROT_READ|PROT_WRITE,MAP_PRIVATE|MAP_FIXED|MAP_PREFAULT_READ,3,0x16000) = 34426658816 (0x803fd2000)
munmap(0x801197000,4096)			 = 0 (0x0)
close(3)					 = 0 (0x0)
open("/lib/libjpeg.so.8",O_RDONLY|O_CLOEXEC|O_VERIFY,010222246000) ERR#2 'No such file or directory'
open("/usr/lib/libjpeg.so.8",O_RDONLY|O_CLOEXEC|O_VERIFY,010222246000) ERR#2 'No such file or directory'
open("/usr/lib/compat/libjpeg.so.8",O_RDONLY|O_CLOEXEC|O_VERIFY,010222246000) ERR#2 'No such file or directory'
open("/usr/local/lib/libjpeg.so.8",O_RDONLY|O_CLOEXEC|O_VERIFY,010222246000) = 3 (0x3)
fstat(3,{ mode=-rwxr-xr-x ,inode=205144,size=682544,blksize=131072 }) = 0 (0x0)
fstatfs(3,{ fstypename=zfs,mntonname=/,mntfromname=zroot/ROOT/default,fsid= }) = 0 (0x0)
mmap(0x0,4096,PROT_READ,MAP_PRIVATE|MAP_PREFAULT_READ,3,0x0) = 34378182656 (0x801197000)
mmap(0x0,696320,PROT_NONE,MAP_GUARD,-1,0x0)	 = 34438582272 (0x804b31000)
mmap(0x804b31000,282624,PROT_READ,MAP_PRIVATE|MAP_FIXED|MAP_NOCORE|MAP_PREFAULT_READ,3,0x0) = 34438582272 (0x804b31000)
mmap(0x804b76000,401408,PROT_READ|PROT_EXEC,MAP_PRIVATE|MAP_FIXED|MAP_NOCORE|MAP_PREFAULT_READ,3,0x44000) = 34438864896 (0x804b76000)
mmap(0x804bd8000,4096,PROT_READ|PROT_WRITE,MAP_PRIVATE|MAP_FIXED|MAP_PREFAULT_READ,3,0xa5000) = 34439266304 (0x804bd8000)
mmap(0x804bd9000,8192,PROT_READ|PROT_WRITE,MAP_PRIVATE|MAP_FIXED|MAP_PREFAULT_READ,3,0xa5000) = 34439270400 (0x804bd9000)
munmap(0x801197000,4096)			 = 0 (0x0)
close(3)					 = 0 (0x0)
open("/lib/liblcms2.so.2",O_RDONLY|O_CLOEXEC|O_VERIFY,014232266000) ERR#2 'No such file or directory'
open("/usr/lib/liblcms2.so.2",O_RDONLY|O_CLOEXEC|O_VERIFY,014232266000) ERR#2 'No such file or directory'
open("/usr/lib/compat/liblcms2.so.2",O_RDONLY|O_CLOEXEC|O_VERIFY,014232266000) ERR#2 'No such file or directory'
open("/usr/local/lib/liblcms2.so.2",O_RDONLY|O_CLOEXEC|O_VERIFY,014232266000) = 3 (0x3)
fstat(3,{ mode=-rwxr-xr-x ,inode=201142,size=419664,blksize=131072 }) = 0 (0x0)
fstatfs(3,{ fstypename=zfs,mntonname=/,mntfromname=zroot/ROOT/default,fsid= }) = 0 (0x0)
mmap(0x0,4096,PROT_READ,MAP_PRIVATE|MAP_PREFAULT_READ,3,0x0) = 34378182656 (0x801197000)
mmap(0x0,438272,PROT_NONE,MAP_GUARD,-1,0x0)	 = 34466627584 (0x8065f0000)
mmap(0x8065f0000,122880,PROT_READ,MAP_PRIVATE|MAP_FIXED|MAP_NOCORE|MAP_PREFAULT_READ,3,0x0) = 34466627584 (0x8065f0000)
mmap(0x80660e000,282624,PROT_READ|PROT_EXEC,MAP_PRIVATE|MAP_FIXED|MAP_NOCORE|MAP_PREFAULT_READ,3,0x1d000) = 34466750464 (0x80660e000)
mmap(0x806653000,8192,PROT_READ|PROT_WRITE,MAP_PRIVATE|MAP_FIXED|MAP_PREFAULT_READ,3,0x61000) = 34467033088 (0x806653000)
mmap(0x806655000,16384,PROT_READ|PROT_WRITE,MAP_PRIVATE|MAP_FIXED|MAP_PREFAULT_READ,3,0x62000) = 34467041280 (0x806655000)
mmap(0x806659000,8192,PROT_READ|PROT_WRITE,MAP_PRIVATE|MAP_FIXED|MAP_ANON,-1,0x0) = 34467057664 (0x806659000)
munmap(0x801197000,4096)			 = 0 (0x0)
close(3)					 = 0 (0x0)
open("/lib/libnghttp2.so.14",O_RDONLY|O_CLOEXEC|O_VERIFY,014232266000) ERR#2 'No such file or directory'
open("/usr/lib/libnghttp2.so.14",O_RDONLY|O_CLOEXEC|O_VERIFY,014232266000) ERR#2 'No such file or directory'
open("/usr/lib/compat/libnghttp2.so.14",O_RDONLY|O_CLOEXEC|O_VERIFY,014232266000) ERR#2 'No such file or directory'
open("/usr/local/lib/libnghttp2.so.14",O_RDONLY|O_CLOEXEC|O_VERIFY,014232266000) = 3 (0x3)
fstat(3,{ mode=-rwxr-xr-x ,inode=218391,size=177688,blksize=131072 }) = 0 (0x0)
fstatfs(3,{ fstypename=zfs,mntonname=/,mntfromname=zroot/ROOT/default,fsid= }) = 0 (0x0)
mmap(0x0,4096,PROT_READ,MAP_PRIVATE|MAP_PREFAULT_READ,3,0x0) = 34378182656 (0x801197000)
mmap(0x0,188416,PROT_NONE,MAP_GUARD,-1,0x0)	 = 34467065856 (0x80665b000)
mmap(0x80665b000,73728,PROT_READ,MAP_PRIVATE|MAP_FIXED|MAP_NOCORE|MAP_PREFAULT_READ,3,0x0) = 34467065856 (0x80665b000)
mmap(0x80666d000,98304,PROT_READ|PROT_EXEC,MAP_PRIVATE|MAP_FIXED|MAP_NOCORE|MAP_PREFAULT_READ,3,0x11000) = 34467139584 (0x80666d000)
mmap(0x806685000,12288,PROT_READ|PROT_WRITE,MAP_PRIVATE|MAP_FIXED|MAP_PREFAULT_READ,3,0x28000) = 34467237888 (0x806685000)
mmap(0x806688000,4096,PROT_READ|PROT_WRITE,MAP_PRIVATE|MAP_FIXED|MAP_PREFAULT_READ,3,0x2a000) = 34467250176 (0x806688000)
munmap(0x801197000,4096)			 = 0 (0x0)
close(3)					 = 0 (0x0)
open("/lib/libkrb5.so.11",O_RDONLY|O_CLOEXEC|O_VERIFY,00) ERR#2 'No such file or directory'
open("/usr/lib/libkrb5.so.11",O_RDONLY|O_CLOEXEC|O_VERIFY,00) = 3 (0x3)
fstat(3,{ mode=-r--r--r-- ,inode=300895,size=519912,blksize=131072 }) = 0 (0x0)
fstatfs(3,{ fstypename=zfs,mntonname=/,mntfromname=zroot/ROOT/default,fsid= }) = 0 (0x0)
mmap(0x0,4096,PROT_READ,MAP_PRIVATE|MAP_PREFAULT_READ,3,0x0) = 34378182656 (0x801197000)
mmap(0x0,532480,PROT_NONE,MAP_GUARD,-1,0x0)	 = 34467254272 (0x806689000)
mmap(0x806689000,212992,PROT_READ,MAP_PRIVATE|MAP_FIXED|MAP_NOCORE|MAP_PREFAULT_READ,3,0x0) = 34467254272 (0x806689000)
mmap(0x8066bd000,290816,PROT_READ|PROT_EXEC,MAP_PRIVATE|MAP_FIXED|MAP_NOCORE|MAP_PREFAULT_READ,3,0x33000) = 34467467264 (0x8066bd000)
mmap(0x806704000,8192,PROT_READ|PROT_WRITE,MAP_PRIVATE|MAP_FIXED|MAP_PREFAULT_READ,3,0x79000) = 34467758080 (0x806704000)
mmap(0x806706000,20480,PROT_READ|PROT_WRITE,MAP_PRIVATE|MAP_FIXED|MAP_PREFAULT_READ,3,0x7a000) = 34467766272 (0x806706000)
munmap(0x801197000,4096)			 = 0 (0x0)
close(3)					 = 0 (0x0)
open("/lib/libgssapi.so.10",O_RDONLY|O_CLOEXEC|O_VERIFY,043000) ERR#2 'No such file or directory'
open("/usr/lib/libgssapi.so.10",O_RDONLY|O_CLOEXEC|O_VERIFY,043000) = 3 (0x3)
fstat(3,{ mode=-r--r--r-- ,inode=300790,size=39856,blksize=39936 }) = 0 (0x0)
fstatfs(3,{ fstypename=zfs,mntonname=/,mntfromname=zroot/ROOT/default,fsid= }) = 0 (0x0)
mmap(0x0,4096,PROT_READ,MAP_PRIVATE|MAP_PREFAULT_READ,3,0x0) = 34378182656 (0x801197000)
mmap(0x0,53248,PROT_NONE,MAP_GUARD,-1,0x0)	 = 34399518720 (0x8025f0000)
mmap(0x8025f0000,16384,PROT_READ,MAP_PRIVATE|MAP_FIXED|MAP_NOCORE|MAP_PREFAULT_READ,3,0x0) = 34399518720 (0x8025f0000)
mmap(0x8025f4000,24576,PROT_READ|PROT_EXEC,MAP_PRIVATE|MAP_FIXED|MAP_NOCORE|MAP_PREFAULT_READ,3,0x3000) = 34399535104 (0x8025f4000)
mmap(0x8025fa000,4096,PROT_READ|PROT_WRITE,MAP_PRIVATE|MAP_FIXED|MAP_PREFAULT_READ,3,0x8000) = 34399559680 (0x8025fa000)
mmap(0x8025fb000,8192,PROT_READ|PROT_WRITE,MAP_PRIVATE|MAP_FIXED|MAP_PREFAULT_READ,3,0x8000) = 34399563776 (0x8025fb000)
munmap(0x801197000,4096)			 = 0 (0x0)
close(3)					 = 0 (0x0)
open("/lib/libgssapi_krb5.so.10",O_RDONLY|O_CLOEXEC|O_VERIFY,014232266000) ERR#2 'No such file or directory'
open("/usr/lib/libgssapi_krb5.so.10",O_RDONLY|O_CLOEXEC|O_VERIFY,014232266000) = 3 (0x3)
fstat(3,{ mode=-r--r--r-- ,inode=300682,size=125624,blksize=125952 }) = 0 (0x0)
fstatfs(3,{ fstypename=zfs,mntonname=/,mntfromname=zroot/ROOT/default,fsid= }) = 0 (0x0)
mmap(0x0,4096,PROT_READ,MAP_PRIVATE|MAP_PREFAULT_READ,3,0x0) = 34378182656 (0x801197000)
mmap(0x0,139264,PROT_NONE,MAP_GUARD,-1,0x0)	 = 34426662912 (0x803fd3000)
mmap(0x803fd3000,57344,PROT_READ,MAP_PRIVATE|MAP_FIXED|MAP_NOCORE|MAP_PREFAULT_READ,3,0x0) = 34426662912 (0x803fd3000)
mmap(0x803fe1000,65536,PROT_READ|PROT_EXEC,MAP_PRIVATE|MAP_FIXED|MAP_NOCORE|MAP_PREFAULT_READ,3,0xd000) = 34426720256 (0x803fe1000)
mmap(0x803ff1000,4096,PROT_READ|PROT_WRITE,MAP_PRIVATE|MAP_FIXED|MAP_PREFAULT_READ,3,0x1c000) = 34426785792 (0x803ff1000)
mmap(0x803ff2000,12288,PROT_READ|PROT_WRITE,MAP_PRIVATE|MAP_FIXED|MAP_PREFAULT_READ,3,0x1c000) = 34426789888 (0x803ff2000)
munmap(0x801197000,4096)			 = 0 (0x0)
close(3)					 = 0 (0x0)
open("/lib/libdevinfo.so.6",O_RDONLY|O_CLOEXEC|O_VERIFY,032266000) ERR#2 'No such file or directory'
open("/usr/lib/libdevinfo.so.6",O_RDONLY|O_CLOEXEC|O_VERIFY,032266000) = 3 (0x3)
fstat(3,{ mode=-r--r--r-- ,inode=300791,size=11032,blksize=11264 }) = 0 (0x0)
fstatfs(3,{ fstypename=zfs,mntonname=/,mntfromname=zroot/ROOT/default,fsid= }) = 0 (0x0)
mmap(0x0,4096,PROT_READ,MAP_PRIVATE|MAP_PREFAULT_READ,3,0x0) = 34378182656 (0x801197000)
mmap(0x0,24576,PROT_NONE,MAP_GUARD,-1,0x0)	 = 34426802176 (0x803ff5000)
mmap(0x803ff5000,4096,PROT_READ,MAP_PRIVATE|MAP_FIXED|MAP_NOCORE|MAP_PREFAULT_READ,3,0x0) = 34426802176 (0x803ff5000)
mmap(0x803ff6000,8192,PROT_READ|PROT_EXEC,MAP_PRIVATE|MAP_FIXED|MAP_NOCORE|MAP_PREFAULT_READ,3,0x0) = 34426806272 (0x803ff6000)
mmap(0x803ff8000,8192,PROT_READ|PROT_WRITE,MAP_PRIVATE|MAP_FIXED|MAP_PREFAULT_READ,3,0x1000) = 34426814464 (0x803ff8000)
mmap(0x803ffa000,4096,PROT_READ|PROT_WRITE,MAP_PRIVATE|MAP_FIXED|MAP_PREFAULT_READ,3,0x2000) = 34426822656 (0x803ffa000)
munmap(0x801197000,4096)			 = 0 (0x0)
close(3)					 = 0 (0x0)
open("/lib/libprocstat.so.1",O_RDONLY|O_CLOEXEC|O_VERIFY,012320443000) ERR#2 'No such file or directory'
open("/usr/lib/libprocstat.so.1",O_RDONLY|O_CLOEXEC|O_VERIFY,012320443000) = 3 (0x3)
fstat(3,{ mode=-r--r--r-- ,inode=300753,size=41224,blksize=41472 }) = 0 (0x0)
fstatfs(3,{ fstypename=zfs,mntonname=/,mntfromname=zroot/ROOT/default,fsid= }) = 0 (0x0)
mmap(0x0,4096,PROT_READ,MAP_PRIVATE|MAP_PREFAULT_READ,3,0x0) = 34378182656 (0x801197000)
mmap(0x0,53248,PROT_NONE,MAP_GUARD,-1,0x0)	 = 34439278592 (0x804bdb000)
mmap(0x804bdb000,16384,PROT_READ,MAP_PRIVATE|MAP_FIXED|MAP_NOCORE|MAP_PREFAULT_READ,3,0x0) = 34439278592 (0x804bdb000)
mmap(0x804bdf000,28672,PROT_READ|PROT_EXEC,MAP_PRIVATE|MAP_FIXED|MAP_NOCORE|MAP_PREFAULT_READ,3,0x3000) = 34439294976 (0x804bdf000)
mmap(0x804be6000,4096,PROT_READ|PROT_WRITE,MAP_PRIVATE|MAP_FIXED|MAP_PREFAULT_READ,3,0x9000) = 34439323648 (0x804be6000)
mmap(0x804be7000,4096,PROT_READ|PROT_WRITE,MAP_PRIVATE|MAP_FIXED|MAP_PREFAULT_READ,3,0x9000) = 34439327744 (0x804be7000)
munmap(0x801197000,4096)			 = 0 (0x0)
close(3)					 = 0 (0x0)
open("/lib/libXau.so.6",O_RDONLY|O_CLOEXEC|O_VERIFY,00) ERR#2 'No such file or directory'
open("/usr/lib/libXau.so.6",O_RDONLY|O_CLOEXEC|O_VERIFY,00) ERR#2 'No such file or directory'
open("/usr/lib/compat/libXau.so.6",O_RDONLY|O_CLOEXEC|O_VERIFY,00) ERR#2 'No such file or directory'
open("/usr/local/lib/libXau.so.6",O_RDONLY|O_CLOEXEC|O_VERIFY,00) = 3 (0x3)
fstat(3,{ mode=-rwxr-xr-x ,inode=217509,size=10816,blksize=11264 }) = 0 (0x0)
fstatfs(3,{ fstypename=zfs,mntonname=/,mntfromname=zroot/ROOT/default,fsid= }) = 0 (0x0)
mmap(0x0,4096,PROT_READ,MAP_PRIVATE|MAP_PREFAULT_READ,3,0x0) = 34378182656 (0x801197000)
mmap(0x0,24576,PROT_NONE,MAP_GUARD,-1,0x0)	 = 34439331840 (0x804be8000)
mmap(0x804be8000,4096,PROT_READ,MAP_PRIVATE|MAP_FIXED|MAP_NOCORE|MAP_PREFAULT_READ,3,0x0) = 34439331840 (0x804be8000)
mmap(0x804be9000,8192,PROT_READ|PROT_EXEC,MAP_PRIVATE|MAP_FIXED|MAP_NOCORE|MAP_PREFAULT_READ,3,0x0) = 34439335936 (0x804be9000)
mmap(0x804beb000,8192,PROT_READ|PROT_WRITE,MAP_PRIVATE|MAP_FIXED|MAP_PREFAULT_READ,3,0x1000) = 34439344128 (0x804beb000)
mmap(0x804bed000,4096,PROT_READ|PROT_WRITE,MAP_PRIVATE|MAP_FIXED|MAP_PREFAULT_READ,3,0x2000) = 34439352320 (0x804bed000)
munmap(0x801197000,4096)			 = 0 (0x0)
close(3)					 = 0 (0x0)
open("/lib/libXdmcp.so.6",O_RDONLY|O_CLOEXEC|O_VERIFY,032266000) ERR#2 'No such file or directory'
open("/usr/lib/libXdmcp.so.6",O_RDONLY|O_CLOEXEC|O_VERIFY,032266000) ERR#2 'No such file or directory'
open("/usr/lib/compat/libXdmcp.so.6",O_RDONLY|O_CLOEXEC|O_VERIFY,032266000) ERR#2 'No such file or directory'
open("/usr/local/lib/libXdmcp.so.6",O_RDONLY|O_CLOEXEC|O_VERIFY,032266000) = 3 (0x3)
fstat(3,{ mode=-rwxr-xr-x ,inode=205135,size=28824,blksize=29184 }) = 0 (0x0)
fstatfs(3,{ fstypename=zfs,mntonname=/,mntfromname=zroot/ROOT/default,fsid= }) = 0 (0x0)
mmap(0x0,4096,PROT_READ,MAP_PRIVATE|MAP_PREFAULT_READ,3,0x0) = 34378182656 (0x801197000)
mmap(0x0,32768,PROT_NONE,MAP_GUARD,-1,0x0)	 = 34439356416 (0x804bee000)
mmap(0x804bee000,12288,PROT_READ,MAP_PRIVATE|MAP_FIXED|MAP_NOCORE|MAP_PREFAULT_READ,3,0x0) = 34439356416 (0x804bee000)
mmap(0x804bf1000,12288,PROT_READ|PROT_EXEC,MAP_PRIVATE|MAP_FIXED|MAP_NOCORE|MAP_PREFAULT_READ,3,0x2000) = 34439368704 (0x804bf1000)
mmap(0x804bf4000,4096,PROT_READ|PROT_WRITE,MAP_PRIVATE|MAP_FIXED|MAP_PREFAULT_READ,3,0x4000) = 34439380992 (0x804bf4000)
mmap(0x804bf5000,4096,PROT_READ|PROT_WRITE,MAP_PRIVATE|MAP_FIXED|MAP_PREFAULT_READ,3,0x4000) = 34439385088 (0x804bf5000)
munmap(0x801197000,4096)			 = 0 (0x0)
close(3)					 = 0 (0x0)
open("/usr/local/lib/qt5/libpng16.so.16",O_RDONLY|O_CLOEXEC|O_VERIFY,023450000) ERR#2 'No such file or directory'
open("/lib/libpng16.so.16",O_RDONLY|O_CLOEXEC|O_VERIFY,023450000) ERR#2 'No such file or directory'
open("/usr/lib/libpng16.so.16",O_RDONLY|O_CLOEXEC|O_VERIFY,023450000) ERR#2 'No such file or directory'
open("/usr/lib/compat/libpng16.so.16",O_RDONLY|O_CLOEXEC|O_VERIFY,023450000) ERR#2 'No such file or directory'
open("/usr/local/lib/libpng16.so.16",O_RDONLY|O_CLOEXEC|O_VERIFY,023450000) = 3 (0x3)
fstat(3,{ mode=-rwxr-xr-x ,inode=204963,size=247520,blksize=131072 }) = 0 (0x0)
fstatfs(3,{ fstypename=zfs,mntonname=/,mntfromname=zroot/ROOT/default,fsid= }) = 0 (0x0)
mmap(0x0,4096,PROT_READ,MAP_PRIVATE|MAP_PREFAULT_READ,3,0x0) = 34378182656 (0x801197000)
mmap(0x0,258048,PROT_NONE,MAP_GUARD,-1,0x0)	 = 34467786752 (0x80670b000)
mmap(0x80670b000,69632,PROT_READ,MAP_PRIVATE|MAP_FIXED|MAP_NOCORE|MAP_PREFAULT_READ,3,0x0) = 34467786752 (0x80670b000)
mmap(0x80671c000,180224,PROT_READ|PROT_EXEC,MAP_PRIVATE|MAP_FIXED|MAP_NOCORE|MAP_PREFAULT_READ,3,0x10000) = 34467856384 (0x80671c000)
mmap(0x806748000,4096,PROT_READ|PROT_WRITE,MAP_PRIVATE|MAP_FIXED|MAP_PREFAULT_READ,3,0x3b000) = 34468036608 (0x806748000)
mmap(0x806749000,4096,PROT_READ|PROT_WRITE,MAP_PRIVATE|MAP_FIXED|MAP_PREFAULT_READ,3,0x3b000) = 34468040704 (0x806749000)
munmap(0x801197000,4096)			 = 0 (0x0)
close(3)					 = 0 (0x0)
open("/usr/local/lib/qt5/libharfbuzz.so.0",O_RDONLY|O_CLOEXEC|O_VERIFY,014232266000) ERR#2 'No such file or directory'
open("/lib/libharfbuzz.so.0",O_RDONLY|O_CLOEXEC|O_VERIFY,014232266000) ERR#2 'No such file or directory'
open("/usr/lib/libharfbuzz.so.0",O_RDONLY|O_CLOEXEC|O_VERIFY,014232266000) ERR#2 'No such file or directory'
open("/usr/lib/compat/libharfbuzz.so.0",O_RDONLY|O_CLOEXEC|O_VERIFY,014232266000) ERR#2 'No such file or directory'
open("/usr/local/lib/libharfbuzz.so.0",O_RDONLY|O_CLOEXEC|O_VERIFY,014232266000) = 3 (0x3)
fstat(3,{ mode=-rwxr-xr-x ,inode=297636,size=1002904,blksize=131072 }) = 0 (0x0)
fstatfs(3,{ fstypename=zfs,mntonname=/,mntfromname=zroot/ROOT/default,fsid= }) = 0 (0x0)
mmap(0x0,4096,PROT_READ,MAP_PRIVATE|MAP_PREFAULT_READ,3,0x0) = 34378182656 (0x801197000)
mmap(0x0,1015808,PROT_NONE,MAP_GUARD,-1,0x0)	 = 34468044800 (0x80674a000)
mmap(0x80674a000,266240,PROT_READ,MAP_PRIVATE|MAP_FIXED|MAP_NOCORE|MAP_PREFAULT_READ,3,0x0) = 34468044800 (0x80674a000)
mmap(0x80678b000,733184,PROT_READ|PROT_EXEC,MAP_PRIVATE|MAP_FIXED|MAP_NOCORE|MAP_PREFAULT_READ,3,0x40000) = 34468311040 (0x80678b000)
mmap(0x80683e000,8192,PROT_READ|PROT_WRITE,MAP_PRIVATE|MAP_FIXED|MAP_PREFAULT_READ,3,0xf2000) = 34469044224 (0x80683e000)
mmap(0x806840000,8192,PROT_READ|PROT_WRITE,MAP_PRIVATE|MAP_FIXED|MAP_PREFAULT_READ,3,0xf3000) = 34469052416 (0x806840000)
munmap(0x801197000,4096)			 = 0 (0x0)
close(3)					 = 0 (0x0)
open("/usr/local/lib/qt5/libdbus-1.so.3",O_RDONLY|O_CLOEXEC|O_VERIFY,022246000) ERR#2 'No such file or directory'
open("/lib/libdbus-1.so.3",O_RDONLY|O_CLOEXEC|O_VERIFY,022246000) ERR#2 'No such file or directory'
open("/usr/lib/libdbus-1.so.3",O_RDONLY|O_CLOEXEC|O_VERIFY,022246000) ERR#2 'No such file or directory'
open("/usr/lib/compat/libdbus-1.so.3",O_RDONLY|O_CLOEXEC|O_VERIFY,022246000) ERR#2 'No such file or directory'
open("/usr/local/lib/libdbus-1.so.3",O_RDONLY|O_CLOEXEC|O_VERIFY,022246000) = 3 (0x3)
fstat(3,{ mode=-rwxr-xr-x ,inode=199956,size=347032,blksize=131072 }) = 0 (0x0)
fstatfs(3,{ fstypename=zfs,mntonname=/,mntfromname=zroot/ROOT/default,fsid= }) = 0 (0x0)
mmap(0x0,4096,PROT_READ,MAP_PRIVATE|MAP_PREFAULT_READ,3,0x0) = 34378182656 (0x801197000)
mmap(0x0,360448,PROT_NONE,MAP_GUARD,-1,0x0)	 = 34469060608 (0x806842000)
mmap(0x806842000,135168,PROT_READ,MAP_PRIVATE|MAP_FIXED|MAP_NOCORE|MAP_PREFAULT_READ,3,0x0) = 34469060608 (0x806842000)
mmap(0x806863000,208896,PROT_READ|PROT_EXEC,MAP_PRIVATE|MAP_FIXED|MAP_NOCORE|MAP_PREFAULT_READ,3,0x20000) = 34469195776 (0x806863000)
mmap(0x806896000,8192,PROT_READ|PROT_WRITE,MAP_PRIVATE|MAP_FIXED|MAP_PREFAULT_READ,3,0x52000) = 34469404672 (0x806896000)
mmap(0x806898000,8192,PROT_READ|PROT_WRITE,MAP_PRIVATE|MAP_FIXED|MAP_PREFAULT_READ,3,0x53000) = 34469412864 (0x806898000)
munmap(0x801197000,4096)			 = 0 (0x0)
close(3)					 = 0 (0x0)
open("/lib/libkvm.so.7",O_RDONLY|O_CLOEXEC|O_VERIFY,014232266000) = 3 (0x3)
fstat(3,{ mode=-r--r--r-- ,inode=301042,size=72808,blksize=73216 }) = 0 (0x0)
fstatfs(3,{ fstypename=zfs,mntonname=/,mntfromname=zroot/ROOT/default,fsid= }) = 0 (0x0)
mmap(0x0,4096,PROT_READ,MAP_PRIVATE|MAP_PREFAULT_READ,3,0x0) = 34378182656 (0x801197000)
mmap(0x0,86016,PROT_NONE,MAP_GUARD,-1,0x0)	 = 34469421056 (0x80689a000)
mmap(0x80689a000,24576,PROT_READ,MAP_PRIVATE|MAP_FIXED|MAP_NOCORE|MAP_PREFAULT_READ,3,0x0) = 34469421056 (0x80689a000)
mmap(0x8068a0000,49152,PROT_READ|PROT_EXEC,MAP_PRIVATE|MAP_FIXED|MAP_NOCORE|MAP_PREFAULT_READ,3,0x5000) = 34469445632 (0x8068a0000)
mmap(0x8068ac000,4096,PROT_READ|PROT_WRITE,MAP_PRIVATE|MAP_FIXED|MAP_PREFAULT_READ,3,0x10000) = 34469494784 (0x8068ac000)
mmap(0x8068ad000,8192,PROT_READ|PROT_WRITE,MAP_PRIVATE|MAP_FIXED|MAP_PREFAULT_READ,3,0x10000) = 34469498880 (0x8068ad000)
munmap(0x801197000,4096)			 = 0 (0x0)
close(3)					 = 0 (0x0)
open("/lib/libexecinfo.so.1",O_RDONLY|O_CLOEXEC|O_VERIFY,014232266000) ERR#2 'No such file or directory'
open("/usr/lib/libexecinfo.so.1",O_RDONLY|O_CLOEXEC|O_VERIFY,014232266000) = 3 (0x3)
fstat(3,{ mode=-r--r--r-- ,inode=300759,size=11832,blksize=12288 }) = 0 (0x0)
fstatfs(3,{ fstypename=zfs,mntonname=/,mntfromname=zroot/ROOT/default,fsid= }) = 0 (0x0)
mmap(0x0,4096,PROT_READ,MAP_PRIVATE|MAP_PREFAULT_READ,3,0x0) = 34378182656 (0x801197000)
mmap(0x0,24576,PROT_NONE,MAP_GUARD,-1,0x0)	 = 34439389184 (0x804bf6000)
mmap(0x804bf6000,8192,PROT_READ,MAP_PRIVATE|MAP_FIXED|MAP_NOCORE|MAP_PREFAULT_READ,3,0x0) = 34439389184 (0x804bf6000)
mmap(0x804bf8000,8192,PROT_READ|PROT_EXEC,MAP_PRIVATE|MAP_FIXED|MAP_NOCORE|MAP_PREFAULT_READ,3,0x1000) = 34439397376 (0x804bf8000)
mmap(0x804bfa000,4096,PROT_READ|PROT_WRITE,MAP_PRIVATE|MAP_FIXED|MAP_PREFAULT_READ,3,0x2000) = 34439405568 (0x804bfa000)
mmap(0x804bfb000,4096,PROT_READ|PROT_WRITE,MAP_PRIVATE|MAP_FIXED|MAP_PREFAULT_READ,3,0x2000) = 34439409664 (0x804bfb000)
munmap(0x801197000,4096)			 = 0 (0x0)
close(3)					 = 0 (0x0)
open("/lib/libdouble-conversion.so.3",O_RDONLY|O_CLOEXEC|O_VERIFY,014232266000) ERR#2 'No such file or directory'
open("/usr/lib/libdouble-conversion.so.3",O_RDONLY|O_CLOEXEC|O_VERIFY,014232266000) ERR#2 'No such file or directory'
open("/usr/lib/compat/libdouble-conversion.so.3",O_RDONLY|O_CLOEXEC|O_VERIFY,014232266000) ERR#2 'No such file or directory'
open("/usr/local/lib/libdouble-conversion.so.3",O_RDONLY|O_CLOEXEC|O_VERIFY,014232266000) = 3 (0x3)
fstat(3,{ mode=-rwxr-xr-x ,inode=326305,size=73624,blksize=73728 }) = 0 (0x0)
fstatfs(3,{ fstypename=zfs,mntonname=/,mntfromname=zroot/ROOT/default,fsid= }) = 0 (0x0)
mmap(0x0,4096,PROT_READ,MAP_PRIVATE|MAP_PREFAULT_READ,3,0x0) = 34378182656 (0x801197000)
mmap(0x0,86016,PROT_NONE,MAP_GUARD,-1,0x0)	 = 34469507072 (0x8068af000)
mmap(0x8068af000,24576,PROT_READ,MAP_PRIVATE|MAP_FIXED|MAP_NOCORE|MAP_PREFAULT_READ,3,0x0) = 34469507072 (0x8068af000)
mmap(0x8068b5000,53248,PROT_READ|PROT_EXEC,MAP_PRIVATE|MAP_FIXED|MAP_NOCORE|MAP_PREFAULT_READ,3,0x5000) = 34469531648 (0x8068b5000)
mmap(0x8068c2000,4096,PROT_READ|PROT_WRITE,MAP_PRIVATE|MAP_FIXED|MAP_PREFAULT_READ,3,0x11000) = 34469584896 (0x8068c2000)
mmap(0x8068c3000,4096,PROT_READ|PROT_WRITE,MAP_PRIVATE|MAP_FIXED|MAP_PREFAULT_READ,3,0x11000) = 34469588992 (0x8068c3000)
munmap(0x801197000,4096)			 = 0 (0x0)
close(3)					 = 0 (0x0)
open("/lib/libicui18n.so.70",O_RDONLY|O_CLOEXEC|O_VERIFY,032266000) ERR#2 'No such file or directory'
open("/usr/lib/libicui18n.so.70",O_RDONLY|O_CLOEXEC|O_VERIFY,032266000) ERR#2 'No such file or directory'
open("/usr/lib/compat/libicui18n.so.70",O_RDONLY|O_CLOEXEC|O_VERIFY,032266000) ERR#2 'No such file or directory'
open("/usr/local/lib/libicui18n.so.70",O_RDONLY|O_CLOEXEC|O_VERIFY,032266000) = 3 (0x3)
fstat(3,{ mode=-r-xr-xr-x ,inode=218388,size=3425536,blksize=131072 }) = 0 (0x0)
fstatfs(3,{ fstypename=zfs,mntonname=/,mntfromname=zroot/ROOT/default,fsid= }) = 0 (0x0)
mmap(0x0,4096,PROT_READ,MAP_PRIVATE|MAP_PREFAULT_READ,3,0x0) = 34378182656 (0x801197000)
mmap(0x0,3440640,PROT_NONE,MAP_GUARD,-1,0x0)	 = 34469593088 (0x8068c4000)
mmap(0x8068c4000,1536000,PROT_READ,MAP_PRIVATE|MAP_FIXED|MAP_NOCORE|MAP_PREFAULT_READ,3,0x0) = 34469593088 (0x8068c4000)
mmap(0x806a3b000,1826816,PROT_READ|PROT_EXEC,MAP_PRIVATE|MAP_FIXED|MAP_NOCORE|MAP_PREFAULT_READ,3,0x176000) = 34471129088 (0x806a3b000)
mmap(0x806bf9000,65536,PROT_READ|PROT_WRITE,MAP_PRIVATE|MAP_FIXED|MAP_PREFAULT_READ,3,0x333000) = 34472955904 (0x806bf9000)
mmap(0x806c09000,8192,PROT_READ|PROT_WRITE,MAP_PRIVATE|MAP_FIXED|MAP_PREFAULT_READ,3,0x342000) = 34473021440 (0x806c09000)
mmap(0x806c0b000,4096,PROT_READ|PROT_WRITE,MAP_PRIVATE|MAP_FIXED|MAP_ANON,-1,0x0) = 34473029632 (0x806c0b000)
munmap(0x801197000,4096)			 = 0 (0x0)
close(3)					 = 0 (0x0)
open("/lib/libicuuc.so.70",O_RDONLY|O_CLOEXEC|O_VERIFY,014232266000) ERR#2 'No such file or directory'
open("/usr/lib/libicuuc.so.70",O_RDONLY|O_CLOEXEC|O_VERIFY,014232266000) ERR#2 'No such file or directory'
open("/usr/lib/compat/libicuuc.so.70",O_RDONLY|O_CLOEXEC|O_VERIFY,014232266000) ERR#2 'No such file or directory'
open("/usr/local/lib/libicuuc.so.70",O_RDONLY|O_CLOEXEC|O_VERIFY,014232266000) = 3 (0x3)
fstat(3,{ mode=-r-xr-xr-x ,inode=217477,size=2148056,blksize=131072 }) = 0 (0x0)
fstatfs(3,{ fstypename=zfs,mntonname=/,mntfromname=zroot/ROOT/default,fsid= }) = 0 (0x0)
mmap(0x0,4096,PROT_READ,MAP_PRIVATE|MAP_PREFAULT_READ,3,0x0) = 34378182656 (0x801197000)
mmap(0x0,2166784,PROT_NONE,MAP_GUARD,-1,0x0)	 = 34473033728 (0x806c0c000)
mmap(0x806c0c000,991232,PROT_READ,MAP_PRIVATE|MAP_FIXED|MAP_NOCORE|MAP_PREFAULT_READ,3,0x0) = 34473033728 (0x806c0c000)
mmap(0x806cfe000,1085440,PROT_READ|PROT_EXEC,MAP_PRIVATE|MAP_FIXED|MAP_NOCORE|MAP_PREFAULT_READ,3,0xf1000) = 34474024960 (0x806cfe000)
mmap(0x806e07000,77824,PROT_READ|PROT_WRITE,MAP_PRIVATE|MAP_FIXED|MAP_PREFAULT_READ,3,0x1f9000) = 34475110400 (0x806e07000)
mmap(0x806e1a000,4096,PROT_READ|PROT_WRITE,MAP_PRIVATE|MAP_FIXED|MAP_PREFAULT_READ,3,0x20b000) = 34475188224 (0x806e1a000)
mmap(0x806e1b000,8192,PROT_READ|PROT_WRITE,MAP_PRIVATE|MAP_FIXED|MAP_ANON,-1,0x0) = 34475192320 (0x806e1b000)
munmap(0x801197000,4096)			 = 0 (0x0)
close(3)					 = 0 (0x0)
open("/lib/libpcre2-16.so.0",O_RDONLY|O_CLOEXEC|O_VERIFY,032266000) ERR#2 'No such file or directory'
open("/usr/lib/libpcre2-16.so.0",O_RDONLY|O_CLOEXEC|O_VERIFY,032266000) ERR#2 'No such file or directory'
open("/usr/lib/compat/libpcre2-16.so.0",O_RDONLY|O_CLOEXEC|O_VERIFY,032266000) ERR#2 'No such file or directory'
open("/usr/local/lib/libpcre2-16.so.0",O_RDONLY|O_CLOEXEC|O_VERIFY,032266000) = 3 (0x3)
fstat(3,{ mode=-rwxr-xr-x ,inode=217517,size=680696,blksize=131072 }) = 0 (0x0)
fstatfs(3,{ fstypename=zfs,mntonname=/,mntfromname=zroot/ROOT/default,fsid= }) = 0 (0x0)
mmap(0x0,4096,PROT_READ,MAP_PRIVATE|MAP_PREFAULT_READ,3,0x0) = 34378182656 (0x801197000)
mmap(0x0,692224,PROT_NONE,MAP_GUARD,-1,0x0)	 = 34475200512 (0x806e1d000)
mmap(0x806e1d000,167936,PROT_READ,MAP_PRIVATE|MAP_FIXED|MAP_NOCORE|MAP_PREFAULT_READ,3,0x0) = 34475200512 (0x806e1d000)
mmap(0x806e46000,516096,PROT_READ|PROT_EXEC,MAP_PRIVATE|MAP_FIXED|MAP_NOCORE|MAP_PREFAULT_READ,3,0x28000) = 34475368448 (0x806e46000)
mmap(0x806ec4000,4096,PROT_READ|PROT_WRITE,MAP_PRIVATE|MAP_FIXED|MAP_PREFAULT_READ,3,0xa5000) = 34475884544 (0x806ec4000)
mmap(0x806ec5000,4096,PROT_READ|PROT_WRITE,MAP_PRIVATE|MAP_FIXED|MAP_PREFAULT_READ,3,0xa5000) = 34475888640 (0x806ec5000)
munmap(0x801197000,4096)			 = 0 (0x0)
close(3)					 = 0 (0x0)
open("/lib/libzstd.so.1",O_RDONLY|O_CLOEXEC|O_VERIFY,014232266000) ERR#2 'No such file or directory'
open("/usr/lib/libzstd.so.1",O_RDONLY|O_CLOEXEC|O_VERIFY,014232266000) ERR#2 'No such file or directory'
open("/usr/lib/compat/libzstd.so.1",O_RDONLY|O_CLOEXEC|O_VERIFY,014232266000) ERR#2 'No such file or directory'
open("/usr/local/lib/libzstd.so.1",O_RDONLY|O_CLOEXEC|O_VERIFY,014232266000) = 3 (0x3)
fstat(3,{ mode=-rwxr-xr-x ,inode=218249,size=1366952,blksize=131072 }) = 0 (0x0)
fstatfs(3,{ fstypename=zfs,mntonname=/,mntfromname=zroot/ROOT/default,fsid= }) = 0 (0x0)
mmap(0x0,4096,PROT_READ,MAP_PRIVATE|MAP_PREFAULT_READ,3,0x0) = 34378182656 (0x801197000)
mmap(0x0,1380352,PROT_NONE,MAP_GUARD,-1,0x0)	 = 34475892736 (0x806ec6000)
mmap(0x806ec6000,110592,PROT_READ,MAP_PRIVATE|MAP_FIXED|MAP_NOCORE|MAP_PREFAULT_READ,3,0x0) = 34475892736 (0x806ec6000)
mmap(0x806ee1000,1257472,PROT_READ|PROT_EXEC,MAP_PRIVATE|MAP_FIXED|MAP_NOCORE|MAP_PREFAULT_READ,3,0x1a000) = 34476003328 (0x806ee1000)
mmap(0x807014000,4096,PROT_READ|PROT_WRITE,MAP_PRIVATE|MAP_FIXED|MAP_PREFAULT_READ,3,0x14c000) = 34477260800 (0x807014000)
mmap(0x807015000,8192,PROT_READ|PROT_WRITE,MAP_PRIVATE|MAP_FIXED|MAP_PREFAULT_READ,3,0x14c000) = 34477264896 (0x807015000)
munmap(0x801197000,4096)			 = 0 (0x0)
close(3)					 = 0 (0x0)
open("/lib/libglib-2.0.so.0",O_RDONLY|O_CLOEXEC|O_VERIFY,014232266000) ERR#2 'No such file or directory'
open("/usr/lib/libglib-2.0.so.0",O_RDONLY|O_CLOEXEC|O_VERIFY,014232266000) ERR#2 'No such file or directory'
open("/usr/lib/compat/libglib-2.0.so.0",O_RDONLY|O_CLOEXEC|O_VERIFY,014232266000) ERR#2 'No such file or directory'
open("/usr/local/lib/libglib-2.0.so.0",O_RDONLY|O_CLOEXEC|O_VERIFY,014232266000) = 3 (0x3)
fstat(3,{ mode=-rwxr-xr-x ,inode=297342,size=1275200,blksize=131072 }) = 0 (0x0)
fstatfs(3,{ fstypename=zfs,mntonname=/,mntfromname=zroot/ROOT/default,fsid= }) = 0 (0x0)
mmap(0x0,4096,PROT_READ,MAP_PRIVATE|MAP_PREFAULT_READ,3,0x0) = 34378182656 (0x801197000)
mmap(0x0,1290240,PROT_NONE,MAP_GUARD,-1,0x0)	 = 34477273088 (0x807017000)
mmap(0x807017000,671744,PROT_READ,MAP_PRIVATE|MAP_FIXED|MAP_NOCORE|MAP_PREFAULT_READ,3,0x0) = 34477273088 (0x807017000)
mmap(0x8070bb000,602112,PROT_READ|PROT_EXEC,MAP_PRIVATE|MAP_FIXED|MAP_NOCORE|MAP_PREFAULT_READ,3,0xa3000) = 34477944832 (0x8070bb000)
mmap(0x80714e000,8192,PROT_READ|PROT_WRITE,MAP_PRIVATE|MAP_FIXED|MAP_PREFAULT_READ,3,0x135000) = 34478546944 (0x80714e000)
mmap(0x807150000,4096,PROT_READ|PROT_WRITE,MAP_PRIVATE|MAP_FIXED|MAP_PREFAULT_READ,3,0x136000) = 34478555136 (0x807150000)
mmap(0x807151000,4096,PROT_READ|PROT_WRITE,MAP_PRIVATE|MAP_FIXED|MAP_ANON,-1,0x0) = 34478559232 (0x807151000)
munmap(0x801197000,4096)			 = 0 (0x0)
close(3)					 = 0 (0x0)
open("/lib/libGLdispatch.so.0",O_RDONLY|O_CLOEXEC|O_VERIFY,032266000) ERR#2 'No such file or directory'
open("/usr/lib/libGLdispatch.so.0",O_RDONLY|O_CLOEXEC|O_VERIFY,032266000) ERR#2 'No such file or directory'
open("/usr/lib/compat/libGLdispatch.so.0",O_RDONLY|O_CLOEXEC|O_VERIFY,032266000) ERR#2 'No such file or directory'
open("/usr/local/lib/libGLdispatch.so.0",O_RDONLY|O_CLOEXEC|O_VERIFY,032266000) = 3 (0x3)
fstat(3,{ mode=-rwxr-xr-x ,inode=296813,size=710264,blksize=131072 }) = 0 (0x0)
fstatfs(3,{ fstypename=zfs,mntonname=/,mntfromname=zroot/ROOT/default,fsid= }) = 0 (0x0)
mmap(0x0,4096,PROT_READ,MAP_PRIVATE|MAP_PREFAULT_READ,3,0x0) = 34378182656 (0x801197000)
mmap(0x0,753664,PROT_NONE,MAP_GUARD,-1,0x0)	 = 34478563328 (0x807152000)
mmap(0x807152000,339968,PROT_READ,MAP_PRIVATE|MAP_FIXED|MAP_NOCORE|MAP_PREFAULT_READ,3,0x0) = 34478563328 (0x807152000)
mmap(0x8071a5000,262144,PROT_READ|PROT_EXEC,MAP_PRIVATE|MAP_FIXED|MAP_NOCORE|MAP_PREFAULT_READ,3,0x52000) = 34478903296 (0x8071a5000)
mmap(0x8071e5000,114688,PROT_READ|PROT_WRITE,MAP_PRIVATE|MAP_FIXED|MAP_PREFAULT_READ,3,0x91000) = 34479165440 (0x8071e5000)
mmap(0x807201000,4096,PROT_READ|PROT_WRITE,MAP_PRIVATE|MAP_FIXED|MAP_PREFAULT_READ,3,0xac000) = 34479280128 (0x807201000)
mmap(0x807202000,32768,PROT_READ|PROT_WRITE,MAP_PRIVATE|MAP_FIXED|MAP_ANON,-1,0x0) = 34479284224 (0x807202000)
munmap(0x801197000,4096)			 = 0 (0x0)
close(3)					 = 0 (0x0)
open("/lib/libGLX.so.0",O_RDONLY|O_CLOEXEC|O_VERIFY,014232266000) ERR#2 'No such file or directory'
open("/usr/lib/libGLX.so.0",O_RDONLY|O_CLOEXEC|O_VERIFY,014232266000) ERR#2 'No such file or directory'
open("/usr/lib/compat/libGLX.so.0",O_RDONLY|O_CLOEXEC|O_VERIFY,014232266000) ERR#2 'No such file or directory'
open("/usr/local/lib/libGLX.so.0",O_RDONLY|O_CLOEXEC|O_VERIFY,014232266000) = 3 (0x3)
fstat(3,{ mode=-rwxr-xr-x ,inode=296810,size=137240,blksize=131072 }) = 0 (0x0)
fstatfs(3,{ fstypename=zfs,mntonname=/,mntfromname=zroot/ROOT/default,fsid= }) = 0 (0x0)
mmap(0x0,4096,PROT_READ,MAP_PRIVATE|MAP_PREFAULT_READ,3,0x0) = 34378182656 (0x801197000)
mmap(0x0,217088,PROT_NONE,MAP_GUARD,-1,0x0)	 = 34479316992 (0x80720a000)
mmap(0x80720a000,24576,PROT_READ,MAP_PRIVATE|MAP_FIXED|MAP_NOCORE|MAP_PREFAULT_READ,3,0x0) = 34479316992 (0x80720a000)
mmap(0x807210000,114688,PROT_READ|PROT_EXEC,MAP_PRIVATE|MAP_FIXED|MAP_NOCORE|MAP_PREFAULT_READ,3,0x5000) = 34479341568 (0x807210000)
mmap(0x80722c000,4096,PROT_READ|PROT_WRITE,MAP_PRIVATE|MAP_FIXED|MAP_PREFAULT_READ,3,0x20000) = 34479456256 (0x80722c000)
mmap(0x80722d000,4096,PROT_READ|PROT_WRITE,MAP_PRIVATE|MAP_FIXED|MAP_PREFAULT_READ,3,0x20000) = 34479460352 (0x80722d000)
mmap(0x80722e000,69632,PROT_READ|PROT_WRITE,MAP_PRIVATE|MAP_FIXED|MAP_ANON,-1,0x0) = 34479464448 (0x80722e000)
munmap(0x801197000,4096)			 = 0 (0x0)
close(3)					 = 0 (0x0)
open("/lib/libxml2.so.2",O_RDONLY|O_CLOEXEC|O_VERIFY,010222246000) ERR#2 'No such file or directory'
open("/usr/lib/libxml2.so.2",O_RDONLY|O_CLOEXEC|O_VERIFY,010222246000) ERR#2 'No such file or directory'
open("/usr/lib/compat/libxml2.so.2",O_RDONLY|O_CLOEXEC|O_VERIFY,010222246000) ERR#2 'No such file or directory'
open("/usr/local/lib/libxml2.so.2",O_RDONLY|O_CLOEXEC|O_VERIFY,010222246000) = 3 (0x3)
fstat(3,{ mode=-rwxr-xr-x ,inode=196390,size=1661456,blksize=131072 }) = 0 (0x0)
fstatfs(3,{ fstypename=zfs,mntonname=/,mntfromname=zroot/ROOT/default,fsid= }) = 0 (0x0)
mmap(0x0,4096,PROT_READ,MAP_PRIVATE|MAP_PREFAULT_READ,3,0x0) = 34378182656 (0x801197000)
mmap(0x0,1679360,PROT_NONE,MAP_GUARD,-1,0x0)	 = 34479534080 (0x80723f000)
mmap(0x80723f000,483328,PROT_READ,MAP_PRIVATE|MAP_FIXED|MAP_NOCORE|MAP_PREFAULT_READ,3,0x0) = 34479534080 (0x80723f000)
mmap(0x8072b5000,1138688,PROT_READ|PROT_EXEC,MAP_PRIVATE|MAP_FIXED|MAP_NOCORE|MAP_PREFAULT_READ,3,0x75000) = 34480017408 (0x8072b5000)
mmap(0x8073cb000,36864,PROT_READ|PROT_WRITE,MAP_PRIVATE|MAP_FIXED|MAP_PREFAULT_READ,3,0x18a000) = 34481156096 (0x8073cb000)
mmap(0x8073d4000,16384,PROT_READ|PROT_WRITE,MAP_PRIVATE|MAP_FIXED|MAP_PREFAULT_READ,3,0x192000) = 34481192960 (0x8073d4000)
mmap(0x8073d8000,4096,PROT_READ|PROT_WRITE,MAP_PRIVATE|MAP_FIXED|MAP_ANON,-1,0x0) = 34481209344 (0x8073d8000)
munmap(0x801197000,4096)			 = 0 (0x0)
close(3)					 = 0 (0x0)
open("/lib/libgmp.so.10",O_RDONLY|O_CLOEXEC|O_VERIFY,00) ERR#2 'No such file or directory'
open("/usr/lib/libgmp.so.10",O_RDONLY|O_CLOEXEC|O_VERIFY,00) ERR#2 'No such file or directory'
open("/usr/lib/compat/libgmp.so.10",O_RDONLY|O_CLOEXEC|O_VERIFY,00) ERR#2 'No such file or directory'
open("/usr/local/lib/libgmp.so.10",O_RDONLY|O_CLOEXEC|O_VERIFY,00) = 3 (0x3)
fstat(3,{ mode=-rwxr-xr-x ,inode=196775,size=540912,blksize=131072 }) = 0 (0x0)
fstatfs(3,{ fstypename=zfs,mntonname=/,mntfromname=zroot/ROOT/default,fsid= }) = 0 (0x0)
mmap(0x0,4096,PROT_READ,MAP_PRIVATE|MAP_PREFAULT_READ,3,0x0) = 34378182656 (0x801197000)
mmap(0x0,552960,PROT_NONE,MAP_GUARD,-1,0x0)	 = 34481213440 (0x8073d9000)
mmap(0x8073d9000,135168,PROT_READ,MAP_PRIVATE|MAP_FIXED|MAP_NOCORE|MAP_PREFAULT_READ,3,0x0) = 34481213440 (0x8073d9000)
mmap(0x8073fa000,405504,PROT_READ|PROT_EXEC,MAP_PRIVATE|MAP_FIXED|MAP_NOCORE|MAP_PREFAULT_READ,3,0x20000) = 34481348608 (0x8073fa000)
mmap(0x80745d000,4096,PROT_READ|PROT_WRITE,MAP_PRIVATE|MAP_FIXED|MAP_PREFAULT_READ,3,0x82000) = 34481754112 (0x80745d000)
mmap(0x80745e000,8192,PROT_READ|PROT_WRITE,MAP_PRIVATE|MAP_FIXED|MAP_PREFAULT_READ,3,0x82000) = 34481758208 (0x80745e000)
munmap(0x801197000,4096)			 = 0 (0x0)
close(3)					 = 0 (0x0)
open("/lib/libgnutls.so.30",O_RDONLY|O_CLOEXEC|O_VERIFY,012523443400) ERR#2 'No such file or directory'
open("/usr/lib/libgnutls.so.30",O_RDONLY|O_CLOEXEC|O_VERIFY,012523443400) ERR#2 'No such file or directory'
open("/usr/lib/compat/libgnutls.so.30",O_RDONLY|O_CLOEXEC|O_VERIFY,012523443400) ERR#2 'No such file or directory'
open("/usr/local/lib/libgnutls.so.30",O_RDONLY|O_CLOEXEC|O_VERIFY,012523443400) = 3 (0x3)
fstat(3,{ mode=-rwxr-xr-x ,inode=216280,size=1896832,blksize=131072 }) = 0 (0x0)
fstatfs(3,{ fstypename=zfs,mntonname=/,mntfromname=zroot/ROOT/default,fsid= }) = 0 (0x0)
mmap(0x0,4096,PROT_READ,MAP_PRIVATE|MAP_PREFAULT_READ,3,0x0) = 34378182656 (0x801197000)
mmap(0x0,1916928,PROT_NONE,MAP_GUARD,-1,0x0)	 = 34481766400 (0x807460000)
mmap(0x807460000,581632,PROT_READ,MAP_PRIVATE|MAP_FIXED|MAP_NOCORE|MAP_PREFAULT_READ,3,0x0) = 34481766400 (0x807460000)
mmap(0x8074ee000,1245184,PROT_READ|PROT_EXEC,MAP_PRIVATE|MAP_FIXED|MAP_NOCORE|MAP_PREFAULT_READ,3,0x8d000) = 34482348032 (0x8074ee000)
mmap(0x80761e000,61440,PROT_READ|PROT_WRITE,MAP_PRIVATE|MAP_FIXED|MAP_PREFAULT_READ,3,0x1bc000) = 34483593216 (0x80761e000)
mmap(0x80762d000,20480,PROT_READ|PROT_WRITE,MAP_PRIVATE|MAP_FIXED|MAP_PREFAULT_READ,3,0x1ca000) = 34483654656 (0x80762d000)
mmap(0x807632000,8192,PROT_READ|PROT_WRITE,MAP_PRIVATE|MAP_FIXED|MAP_ANON,-1,0x0) = 34483675136 (0x807632000)
munmap(0x801197000,4096)			 = 0 (0x0)
close(3)					 = 0 (0x0)
open("/lib/libva-drm.so.2",O_RDONLY|O_CLOEXEC|O_VERIFY,066000) ERR#2 'No such file or directory'
open("/usr/lib/libva-drm.so.2",O_RDONLY|O_CLOEXEC|O_VERIFY,066000) ERR#2 'No such file or directory'
open("/usr/lib/compat/libva-drm.so.2",O_RDONLY|O_CLOEXEC|O_VERIFY,066000) ERR#2 'No such file or directory'
open("/usr/local/lib/libva-drm.so.2",O_RDONLY|O_CLOEXEC|O_VERIFY,066000) = 3 (0x3)
fstat(3,{ mode=-rwxr-xr-x ,inode=217450,size=10352,blksize=10752 }) = 0 (0x0)
fstatfs(3,{ fstypename=zfs,mntonname=/,mntfromname=zroot/ROOT/default,fsid= }) = 0 (0x0)
mmap(0x0,4096,PROT_READ,MAP_PRIVATE|MAP_PREFAULT_READ,3,0x0) = 34378182656 (0x801197000)
mmap(0x0,20480,PROT_NONE,MAP_GUARD,-1,0x0)	 = 34426826752 (0x803ffb000)
mmap(0x803ffb000,8192,PROT_READ,MAP_PRIVATE|MAP_FIXED|MAP_NOCORE|MAP_PREFAULT_READ,3,0x0) = 34426826752 (0x803ffb000)
mmap(0x803ffd000,4096,PROT_READ|PROT_EXEC,MAP_PRIVATE|MAP_FIXED|MAP_NOCORE|MAP_PREFAULT_READ,3,0x1000) = 34426834944 (0x803ffd000)
mmap(0x803ffe000,4096,PROT_READ|PROT_WRITE,MAP_PRIVATE|MAP_FIXED|MAP_PREFAULT_READ,3,0x1000) = 34426839040 (0x803ffe000)
mmap(0x803fff000,4096,PROT_READ|PROT_WRITE,MAP_PRIVATE|MAP_FIXED|MAP_PREFAULT_READ,3,0x1000) = 34426843136 (0x803fff000)
munmap(0x801197000,4096)			 = 0 (0x0)
close(3)					 = 0 (0x0)
open("/lib/libva.so.2",O_RDONLY|O_CLOEXEC|O_VERIFY,00) ERR#2 'No such file or directory'
open("/usr/lib/libva.so.2",O_RDONLY|O_CLOEXEC|O_VERIFY,00) ERR#2 'No such file or directory'
open("/usr/lib/compat/libva.so.2",O_RDONLY|O_CLOEXEC|O_VERIFY,00) ERR#2 'No such file or directory'
open("/usr/local/lib/libva.so.2",O_RDONLY|O_CLOEXEC|O_VERIFY,00) = 3 (0x3)
fstat(3,{ mode=-rwxr-xr-x ,inode=196448,size=184440,blksize=131072 }) = 0 (0x0)
fstatfs(3,{ fstypename=zfs,mntonname=/,mntfromname=zroot/ROOT/default,fsid= }) = 0 (0x0)
mmap(0x0,4096,PROT_READ,MAP_PRIVATE|MAP_PREFAULT_READ,3,0x0) = 34378182656 (0x801197000)
mmap(0x0,196608,PROT_NONE,MAP_GUARD,-1,0x0)	 = 34483683328 (0x807634000)
mmap(0x807634000,73728,PROT_READ,MAP_PRIVATE|MAP_FIXED|MAP_NOCORE|MAP_PREFAULT_READ,3,0x0) = 34483683328 (0x807634000)
mmap(0x807646000,110592,PROT_READ|PROT_EXEC,MAP_PRIVATE|MAP_FIXED|MAP_NOCORE|MAP_PREFAULT_READ,3,0x11000) = 34483757056 (0x807646000)
mmap(0x807661000,8192,PROT_READ|PROT_WRITE,MAP_PRIVATE|MAP_FIXED|MAP_PREFAULT_READ,3,0x2b000) = 34483867648 (0x807661000)
mmap(0x807663000,4096,PROT_READ|PROT_WRITE,MAP_PRIVATE|MAP_FIXED|MAP_PREFAULT_READ,3,0x2c000) = 34483875840 (0x807663000)
munmap(0x801197000,4096)			 = 0 (0x0)
close(3)					 = 0 (0x0)
open("/lib/libvdpau.so.1",O_RDONLY|O_CLOEXEC|O_VERIFY,014232266000) ERR#2 'No such file or directory'
open("/usr/lib/libvdpau.so.1",O_RDONLY|O_CLOEXEC|O_VERIFY,014232266000) ERR#2 'No such file or directory'
open("/usr/lib/compat/libvdpau.so.1",O_RDONLY|O_CLOEXEC|O_VERIFY,014232266000) ERR#2 'No such file or directory'
open("/usr/local/lib/libvdpau.so.1",O_RDONLY|O_CLOEXEC|O_VERIFY,014232266000) = 3 (0x3)
fstat(3,{ mode=-rwxr-xr-x ,inode=198282,size=13024,blksize=13312 }) = 0 (0x0)
fstatfs(3,{ fstypename=zfs,mntonname=/,mntfromname=zroot/ROOT/default,fsid= }) = 0 (0x0)
mmap(0x0,4096,PROT_READ,MAP_PRIVATE|MAP_PREFAULT_READ,3,0x0) = 34378182656 (0x801197000)
mmap(0x0,24576,PROT_NONE,MAP_GUARD,-1,0x0)	 = 34483879936 (0x807664000)
mmap(0x807664000,8192,PROT_READ,MAP_PRIVATE|MAP_FIXED|MAP_NOCORE|MAP_PREFAULT_READ,3,0x0) = 34483879936 (0x807664000)
mmap(0x807666000,8192,PROT_READ|PROT_EXEC,MAP_PRIVATE|MAP_FIXED|MAP_NOCORE|MAP_PREFAULT_READ,3,0x1000) = 34483888128 (0x807666000)
mmap(0x807668000,4096,PROT_READ|PROT_WRITE,MAP_PRIVATE|MAP_FIXED|MAP_PREFAULT_READ,3,0x2000) = 34483896320 (0x807668000)
mmap(0x807669000,4096,PROT_READ|PROT_WRITE,MAP_PRIVATE|MAP_FIXED|MAP_PREFAULT_READ,3,0x2000) = 34483900416 (0x807669000)
munmap(0x801197000,4096)			 = 0 (0x0)
close(3)					 = 0 (0x0)
open("/lib/libX11.so.6",O_RDONLY|O_CLOEXEC|O_VERIFY,014232266000) ERR#2 'No such file or directory'
open("/usr/lib/libX11.so.6",O_RDONLY|O_CLOEXEC|O_VERIFY,014232266000) ERR#2 'No such file or directory'
open("/usr/lib/compat/libX11.so.6",O_RDONLY|O_CLOEXEC|O_VERIFY,014232266000) ERR#2 'No such file or directory'
open("/usr/local/lib/libX11.so.6",O_RDONLY|O_CLOEXEC|O_VERIFY,014232266000) = 3 (0x3)
fstat(3,{ mode=-rwxr-xr-x ,inode=197944,size=1346744,blksize=131072 }) = 0 (0x0)
fstatfs(3,{ fstypename=zfs,mntonname=/,mntfromname=zroot/ROOT/default,fsid= }) = 0 (0x0)
mmap(0x0,4096,PROT_READ,MAP_PRIVATE|MAP_PREFAULT_READ,3,0x0) = 34378182656 (0x801197000)
mmap(0x0,1359872,PROT_NONE,MAP_GUARD,-1,0x0)	 = 34483904512 (0x80766a000)
mmap(0x80766a000,700416,PROT_READ,MAP_PRIVATE|MAP_FIXED|MAP_NOCORE|MAP_PREFAULT_READ,3,0x0) = 34483904512 (0x80766a000)
mmap(0x807715000,630784,PROT_READ|PROT_EXEC,MAP_PRIVATE|MAP_FIXED|MAP_NOCORE|MAP_PREFAULT_READ,3,0xaa000) = 34484604928 (0x807715000)
mmap(0x8077af000,8192,PROT_READ|PROT_WRITE,MAP_PRIVATE|MAP_FIXED|MAP_PREFAULT_READ,3,0x143000) = 34485235712 (0x8077af000)
mmap(0x8077b1000,20480,PROT_READ|PROT_WRITE,MAP_PRIVATE|MAP_FIXED|MAP_PREFAULT_READ,3,0x144000) = 34485243904 (0x8077b1000)
munmap(0x801197000,4096)			 = 0 (0x0)
close(3)					 = 0 (0x0)
open("/lib/libdrm.so.2",O_RDONLY|O_CLOEXEC|O_VERIFY,00) ERR#2 'No such file or directory'
open("/usr/lib/libdrm.so.2",O_RDONLY|O_CLOEXEC|O_VERIFY,00) ERR#2 'No such file or directory'
open("/usr/lib/compat/libdrm.so.2",O_RDONLY|O_CLOEXEC|O_VERIFY,00) ERR#2 'No such file or directory'
open("/usr/local/lib/libdrm.so.2",O_RDONLY|O_CLOEXEC|O_VERIFY,00) = 3 (0x3)
fstat(3,{ mode=-rwxr-xr-x ,inode=297970,size=88808,blksize=89088 }) = 0 (0x0)
fstatfs(3,{ fstypename=zfs,mntonname=/,mntfromname=zroot/ROOT/default,fsid= }) = 0 (0x0)
mmap(0x0,4096,PROT_READ,MAP_PRIVATE|MAP_PREFAULT_READ,3,0x0) = 34378182656 (0x801197000)
mmap(0x0,102400,PROT_NONE,MAP_GUARD,-1,0x0)	 = 34485264384 (0x8077b6000)
mmap(0x8077b6000,32768,PROT_READ,MAP_PRIVATE|MAP_FIXED|MAP_NOCORE|MAP_PREFAULT_READ,3,0x0) = 34485264384 (0x8077b6000)
mmap(0x8077be000,57344,PROT_READ|PROT_EXEC,MAP_PRIVATE|MAP_FIXED|MAP_NOCORE|MAP_PREFAULT_READ,3,0x7000) = 34485297152 (0x8077be000)
mmap(0x8077cc000,4096,PROT_READ|PROT_WRITE,MAP_PRIVATE|MAP_FIXED|MAP_PREFAULT_READ,3,0x14000) = 34485354496 (0x8077cc000)
mmap(0x8077cd000,8192,PROT_READ|PROT_WRITE,MAP_PRIVATE|MAP_FIXED|MAP_PREFAULT_READ,3,0x14000) = 34485358592 (0x8077cd000)
munmap(0x801197000,4096)			 = 0 (0x0)
close(3)					 = 0 (0x0)
open("/lib/libswresample.so.3",O_RDONLY|O_CLOEXEC|O_VERIFY,046000) ERR#2 'No such file or directory'
open("/usr/lib/libswresample.so.3",O_RDONLY|O_CLOEXEC|O_VERIFY,046000) ERR#2 'No such file or directory'
open("/usr/lib/compat/libswresample.so.3",O_RDONLY|O_CLOEXEC|O_VERIFY,046000) ERR#2 'No such file or directory'
open("/usr/local/lib/libswresample.so.3",O_RDONLY|O_CLOEXEC|O_VERIFY,046000) = 3 (0x3)
fstat(3,{ mode=-rwxr-xr-x ,inode=216479,size=128624,blksize=129024 }) = 0 (0x0)
fstatfs(3,{ fstypename=zfs,mntonname=/,mntfromname=zroot/ROOT/default,fsid= }) = 0 (0x0)
mmap(0x0,4096,PROT_READ,MAP_PRIVATE|MAP_PREFAULT_READ,3,0x0) = 34378182656 (0x801197000)
mmap(0x0,139264,PROT_NONE,MAP_GUARD,-1,0x0)	 = 34485366784 (0x8077cf000)
mmap(0x8077cf000,28672,PROT_READ,MAP_PRIVATE|MAP_FIXED|MAP_NOCORE|MAP_PREFAULT_READ,3,0x0) = 34485366784 (0x8077cf000)
mmap(0x8077d6000,98304,PROT_READ|PROT_EXEC,MAP_PRIVATE|MAP_FIXED|MAP_NOCORE|MAP_PREFAULT_READ,3,0x6000) = 34485395456 (0x8077d6000)
mmap(0x8077ee000,8192,PROT_READ|PROT_WRITE,MAP_PRIVATE|MAP_FIXED|MAP_PREFAULT_READ,3,0x1d000) = 34485493760 (0x8077ee000)
mmap(0x8077f0000,4096,PROT_READ|PROT_WRITE,MAP_PRIVATE|MAP_FIXED|MAP_PREFAULT_READ,3,0x1e000) = 34485501952 (0x8077f0000)
munmap(0x801197000,4096)			 = 0 (0x0)
close(3)					 = 0 (0x0)
open("/lib/libvpx.so.7",O_RDONLY|O_CLOEXEC|O_VERIFY,066000) ERR#2 'No such file or directory'
open("/usr/lib/libvpx.so.7",O_RDONLY|O_CLOEXEC|O_VERIFY,066000) ERR#2 'No such file or directory'
open("/usr/lib/compat/libvpx.so.7",O_RDONLY|O_CLOEXEC|O_VERIFY,066000) ERR#2 'No such file or directory'
open("/usr/local/lib/libvpx.so.7",O_RDONLY|O_CLOEXEC|O_VERIFY,066000) = 3 (0x3)
fstat(3,{ mode=-rwxr-xr-x ,inode=200165,size=3246304,blksize=131072 }) = 0 (0x0)
fstatfs(3,{ fstypename=zfs,mntonname=/,mntfromname=zroot/ROOT/default,fsid= }) = 0 (0x0)
mmap(0x0,4096,PROT_READ,MAP_PRIVATE|MAP_PREFAULT_READ,3,0x0) = 34378182656 (0x801197000)
mmap(0x0,3289088,PROT_NONE,MAP_GUARD,-1,0x0)	 = 34485506048 (0x8077f1000)
mmap(0x8077f1000,282624,PROT_READ,MAP_PRIVATE|MAP_FIXED|MAP_NOCORE|MAP_PREFAULT_READ,3,0x0) = 34485506048 (0x8077f1000)
mmap(0x807836000,2957312,PROT_READ|PROT_EXEC,MAP_PRIVATE|MAP_FIXED|MAP_NOCORE|MAP_PREFAULT_READ,3,0x44000) = 34485788672 (0x807836000)
mmap(0x807b08000,12288,PROT_READ|PROT_WRITE,MAP_PRIVATE|MAP_FIXED|MAP_PREFAULT_READ,3,0x315000) = 34488745984 (0x807b08000)
mmap(0x807b0b000,4096,PROT_READ|PROT_WRITE,MAP_PRIVATE|MAP_FIXED|MAP_PREFAULT_READ,3,0x317000) = 34488758272 (0x807b0b000)
mmap(0x807b0c000,32768,PROT_READ|PROT_WRITE,MAP_PRIVATE|MAP_FIXED|MAP_ANON,-1,0x0) = 34488762368 (0x807b0c000)
munmap(0x801197000,4096)			 = 0 (0x0)
close(3)					 = 0 (0x0)
open("/lib/liblzma.so.5",O_RDONLY|O_CLOEXEC|O_VERIFY,013726454000) ERR#2 'No such file or directory'
open("/usr/lib/liblzma.so.5",O_RDONLY|O_CLOEXEC|O_VERIFY,013726454000) = 3 (0x3)
fstat(3,{ mode=-r--r--r-- ,inode=300950,size=167960,blksize=131072 }) = 0 (0x0)
fstatfs(3,{ fstypename=zfs,mntonname=/,mntfromname=zroot/ROOT/default,fsid= }) = 0 (0x0)
mmap(0x0,4096,PROT_READ,MAP_PRIVATE|MAP_PREFAULT_READ,3,0x0) = 34378182656 (0x801197000)
mmap(0x0,180224,PROT_NONE,MAP_GUARD,-1,0x0)	 = 34488795136 (0x807b14000)
mmap(0x807b14000,61440,PROT_READ,MAP_PRIVATE|MAP_FIXED|MAP_NOCORE|MAP_PREFAULT_READ,3,0x0) = 34488795136 (0x807b14000)
mmap(0x807b23000,106496,PROT_READ|PROT_EXEC,MAP_PRIVATE|MAP_FIXED|MAP_NOCORE|MAP_PREFAULT_READ,3,0xe000) = 34488856576 (0x807b23000)
mmap(0x807b3d000,8192,PROT_READ|PROT_WRITE,MAP_PRIVATE|MAP_FIXED|MAP_PREFAULT_READ,3,0x27000) = 34488963072 (0x807b3d000)
mmap(0x807b3f000,4096,PROT_READ|PROT_WRITE,MAP_PRIVATE|MAP_FIXED|MAP_PREFAULT_READ,3,0x28000) = 34488971264 (0x807b3f000)
munmap(0x801197000,4096)			 = 0 (0x0)
close(3)					 = 0 (0x0)
open("/lib/libdav1d.so.5",O_RDONLY|O_CLOEXEC|O_VERIFY,014232266000) ERR#2 'No such file or directory'
open("/usr/lib/libdav1d.so.5",O_RDONLY|O_CLOEXEC|O_VERIFY,014232266000) ERR#2 'No such file or directory'
open("/usr/lib/compat/libdav1d.so.5",O_RDONLY|O_CLOEXEC|O_VERIFY,014232266000) ERR#2 'No such file or directory'
open("/usr/local/lib/libdav1d.so.5",O_RDONLY|O_CLOEXEC|O_VERIFY,014232266000) = 3 (0x3)
fstat(3,{ mode=-rwxr-xr-x ,inode=216487,size=1425136,blksize=131072 }) = 0 (0x0)
fstatfs(3,{ fstypename=zfs,mntonname=/,mntfromname=zroot/ROOT/default,fsid= }) = 0 (0x0)
mmap(0x0,4096,PROT_READ,MAP_PRIVATE|MAP_PREFAULT_READ,3,0x0) = 34378182656 (0x801197000)
mmap(0x0,1712128,PROT_NONE,MAP_GUARD,-1,0x0)	 = 34488975360 (0x807b40000)
mmap(0x807b40000,196608,PROT_READ,MAP_PRIVATE|MAP_FIXED|MAP_NOCORE|MAP_PREFAULT_READ,3,0x0) = 34488975360 (0x807b40000)
mmap(0x807b70000,1228800,PROT_READ|PROT_EXEC,MAP_PRIVATE|MAP_FIXED|MAP_NOCORE|MAP_PREFAULT_READ,3,0x2f000) = 34489171968 (0x807b70000)
mmap(0x807c9c000,4096,PROT_READ|PROT_WRITE,MAP_PRIVATE|MAP_FIXED|MAP_PREFAULT_READ,3,0x15a000) = 34490400768 (0x807c9c000)
mmap(0x807c9d000,8192,PROT_READ|PROT_WRITE,MAP_PRIVATE|MAP_FIXED|MAP_PREFAULT_READ,3,0x15a000) = 34490404864 (0x807c9d000)
mmap(0x807c9f000,274432,PROT_READ|PROT_WRITE,MAP_PRIVATE|MAP_FIXED|MAP_ANON,-1,0x0) = 34490413056 (0x807c9f000)
munmap(0x801197000,4096)			 = 0 (0x0)
close(3)					 = 0 (0x0)
open("/lib/libaom.so.3",O_RDONLY|O_CLOEXEC|O_VERIFY,014232266000) ERR#2 'No such file or directory'
open("/usr/lib/libaom.so.3",O_RDONLY|O_CLOEXEC|O_VERIFY,014232266000) ERR#2 'No such file or directory'
open("/usr/lib/compat/libaom.so.3",O_RDONLY|O_CLOEXEC|O_VERIFY,014232266000) ERR#2 'No such file or directory'
open("/usr/local/lib/libaom.so.3",O_RDONLY|O_CLOEXEC|O_VERIFY,014232266000) = 3 (0x3)
fstat(3,{ mode=-rwxr-xr-x ,inode=218183,size=7853336,blksize=131072 }) = 0 (0x0)
fstatfs(3,{ fstypename=zfs,mntonname=/,mntfromname=zroot/ROOT/default,fsid= }) = 0 (0x0)
mmap(0x0,4096,PROT_READ,MAP_PRIVATE|MAP_PREFAULT_READ,3,0x0) = 34378182656 (0x801197000)
mmap(0x0,8179712,PROT_NONE,MAP_GUARD,-1,0x0)	 = 34490687488 (0x807ce2000)
mmap(0x807ce2000,1134592,PROT_READ,MAP_PRIVATE|MAP_FIXED|MAP_NOCORE|MAP_PREFAULT_READ,3,0x0) = 34490687488 (0x807ce2000)
mmap(0x807df7000,6643712,PROT_READ|PROT_EXEC,MAP_PRIVATE|MAP_FIXED|MAP_NOCORE|MAP_PREFAULT_READ,3,0x114000) = 34491822080 (0x807df7000)
mmap(0x80844d000,69632,PROT_READ|PROT_WRITE,MAP_PRIVATE|MAP_FIXED|MAP_PREFAULT_READ,3,0x769000) = 34498465792 (0x80844d000)
mmap(0x80845e000,16384,PROT_READ|PROT_WRITE,MAP_PRIVATE|MAP_FIXED|MAP_PREFAULT_READ,3,0x779000) = 34498535424 (0x80845e000)
mmap(0x808462000,315392,PROT_READ|PROT_WRITE,MAP_PRIVATE|MAP_FIXED|MAP_ANON,-1,0x0) = 34498551808 (0x808462000)
munmap(0x801197000,4096)			 = 0 (0x0)
close(3)					 = 0 (0x0)
open("/lib/libmp3lame.so.0",O_RDONLY|O_CLOEXEC|O_VERIFY,014232266000) ERR#2 'No such file or directory'
open("/usr/lib/libmp3lame.so.0",O_RDONLY|O_CLOEXEC|O_VERIFY,014232266000) ERR#2 'No such file or directory'
open("/usr/lib/compat/libmp3lame.so.0",O_RDONLY|O_CLOEXEC|O_VERIFY,014232266000) ERR#2 'No such file or directory'
open("/usr/local/lib/libmp3lame.so.0",O_RDONLY|O_CLOEXEC|O_VERIFY,014232266000) = 3 (0x3)
fstat(3,{ mode=-rwxr-xr-x ,inode=200167,size=349944,blksize=131072 }) = 0 (0x0)
fstatfs(3,{ fstypename=zfs,mntonname=/,mntfromname=zroot/ROOT/default,fsid= }) = 0 (0x0)
mmap(0x0,4096,PROT_READ,MAP_PRIVATE|MAP_PREFAULT_READ,3,0x0) = 34378182656 (0x801197000)
mmap(0x0,548864,PROT_NONE,MAP_GUARD,-1,0x0)	 = 34498867200 (0x8084af000)
mmap(0x8084af000,98304,PROT_READ,MAP_PRIVATE|MAP_FIXED|MAP_NOCORE|MAP_PREFAULT_READ,3,0x0) = 34498867200 (0x8084af000)
mmap(0x8084c7000,249856,PROT_READ|PROT_EXEC,MAP_PRIVATE|MAP_FIXED|MAP_NOCORE|MAP_PREFAULT_READ,3,0x17000) = 34498965504 (0x8084c7000)
mmap(0x808504000,8192,PROT_READ|PROT_WRITE,MAP_PRIVATE|MAP_FIXED|MAP_PREFAULT_READ,3,0x53000) = 34499215360 (0x808504000)
mmap(0x808506000,4096,PROT_READ|PROT_WRITE,MAP_PRIVATE|MAP_FIXED|MAP_PREFAULT_READ,3,0x54000) = 34499223552 (0x808506000)
mmap(0x808507000,188416,PROT_READ|PROT_WRITE,MAP_PRIVATE|MAP_FIXED|MAP_ANON,-1,0x0) = 34499227648 (0x808507000)
munmap(0x801197000,4096)			 = 0 (0x0)
close(3)					 = 0 (0x0)
open("/lib/libopus.so.0",O_RDONLY|O_CLOEXEC|O_VERIFY,032266000) ERR#2 'No such file or directory'
open("/usr/lib/libopus.so.0",O_RDONLY|O_CLOEXEC|O_VERIFY,032266000) ERR#2 'No such file or directory'
open("/usr/lib/compat/libopus.so.0",O_RDONLY|O_CLOEXEC|O_VERIFY,032266000) ERR#2 'No such file or directory'
open("/usr/local/lib/libopus.so.0",O_RDONLY|O_CLOEXEC|O_VERIFY,032266000) = 3 (0x3)
fstat(3,{ mode=-rwxr-xr-x ,inode=199992,size=465976,blksize=131072 }) = 0 (0x0)
fstatfs(3,{ fstypename=zfs,mntonname=/,mntfromname=zroot/ROOT/default,fsid= }) = 0 (0x0)
mmap(0x0,4096,PROT_READ,MAP_PRIVATE|MAP_PREFAULT_READ,3,0x0) = 34378182656 (0x801197000)
mmap(0x0,479232,PROT_NONE,MAP_GUARD,-1,0x0)	 = 34499416064 (0x808535000)
mmap(0x808535000,86016,PROT_READ,MAP_PRIVATE|MAP_FIXED|MAP_NOCORE|MAP_PREFAULT_READ,3,0x0) = 34499416064 (0x808535000)
mmap(0x80854a000,380928,PROT_READ|PROT_EXEC,MAP_PRIVATE|MAP_FIXED|MAP_NOCORE|MAP_PREFAULT_READ,3,0x14000) = 34499502080 (0x80854a000)
mmap(0x8085a7000,8192,PROT_READ|PROT_WRITE,MAP_PRIVATE|MAP_FIXED|MAP_PREFAULT_READ,3,0x70000) = 34499883008 (0x8085a7000)
mmap(0x8085a9000,4096,PROT_READ|PROT_WRITE,MAP_PRIVATE|MAP_FIXED|MAP_PREFAULT_READ,3,0x71000) = 34499891200 (0x8085a9000)
mmap(0x0,135168,PROT_READ|PROT_WRITE,MAP_PRIVATE|MAP_ANON,-1,0x0) = 34499895296 (0x8085aa000)
munmap(0x801197000,4096)			 = 0 (0x0)
close(3)					 = 0 (0x0)
open("/lib/libtheoraenc.so.1",O_RDONLY|O_CLOEXEC|O_VERIFY,00) ERR#2 'No such file or directory'
open("/usr/lib/libtheoraenc.so.1",O_RDONLY|O_CLOEXEC|O_VERIFY,00) ERR#2 'No such file or directory'
open("/usr/lib/compat/libtheoraenc.so.1",O_RDONLY|O_CLOEXEC|O_VERIFY,00) ERR#2 'No such file or directory'
open("/usr/local/lib/libtheoraenc.so.1",O_RDONLY|O_CLOEXEC|O_VERIFY,00) = 3 (0x3)
fstat(3,{ mode=-rwxr-xr-x ,inode=199919,size=201792,blksize=131072 }) = 0 (0x0)
fstatfs(3,{ fstypename=zfs,mntonname=/,mntfromname=zroot/ROOT/default,fsid= }) = 0 (0x0)
mmap(0x0,4096,PROT_READ,MAP_PRIVATE|MAP_PREFAULT_READ,3,0x0) = 34378182656 (0x801197000)
mmap(0x0,212992,PROT_NONE,MAP_GUARD,-1,0x0)	 = 34500030464 (0x8085cb000)
mmap(0x8085cb000,86016,PROT_READ,MAP_PRIVATE|MAP_FIXED|MAP_NOCORE|MAP_PREFAULT_READ,3,0x0) = 34500030464 (0x8085cb000)
mmap(0x8085e0000,118784,PROT_READ|PROT_EXEC,MAP_PRIVATE|MAP_FIXED|MAP_NOCORE|MAP_PREFAULT_READ,3,0x14000) = 34500116480 (0x8085e0000)
mmap(0x8085fd000,4096,PROT_READ|PROT_WRITE,MAP_PRIVATE|MAP_FIXED|MAP_PREFAULT_READ,3,0x30000) = 34500235264 (0x8085fd000)
mmap(0x8085fe000,4096,PROT_READ|PROT_WRITE,MAP_PRIVATE|MAP_FIXED|MAP_PREFAULT_READ,3,0x30000) = 34500239360 (0x8085fe000)
munmap(0x801197000,4096)			 = 0 (0x0)
close(3)					 = 0 (0x0)
open("/lib/libtheoradec.so.1",O_RDONLY|O_CLOEXEC|O_VERIFY,014232266000) ERR#2 'No such file or directory'
open("/usr/lib/libtheoradec.so.1",O_RDONLY|O_CLOEXEC|O_VERIFY,014232266000) ERR#2 'No such file or directory'
open("/usr/lib/compat/libtheoradec.so.1",O_RDONLY|O_CLOEXEC|O_VERIFY,014232266000) ERR#2 'No such file or directory'
open("/usr/local/lib/libtheoradec.so.1",O_RDONLY|O_CLOEXEC|O_VERIFY,014232266000) = 3 (0x3)
fstat(3,{ mode=-rwxr-xr-x ,inode=216184,size=74936,blksize=75264 }) = 0 (0x0)
fstatfs(3,{ fstypename=zfs,mntonname=/,mntfromname=zroot/ROOT/default,fsid= }) = 0 (0x0)
mmap(0x0,4096,PROT_READ,MAP_PRIVATE|MAP_PREFAULT_READ,3,0x0) = 34378182656 (0x801197000)
mmap(0x0,86016,PROT_NONE,MAP_GUARD,-1,0x0)	 = 34500243456 (0x8085ff000)
mmap(0x8085ff000,20480,PROT_READ,MAP_PRIVATE|MAP_FIXED|MAP_NOCORE|MAP_PREFAULT_READ,3,0x0) = 34500243456 (0x8085ff000)
mmap(0x808604000,57344,PROT_READ|PROT_EXEC,MAP_PRIVATE|MAP_FIXED|MAP_NOCORE|MAP_PREFAULT_READ,3,0x4000) = 34500263936 (0x808604000)
mmap(0x808612000,4096,PROT_READ|PROT_WRITE,MAP_PRIVATE|MAP_FIXED|MAP_PREFAULT_READ,3,0x11000) = 34500321280 (0x808612000)
mmap(0x808613000,4096,PROT_READ|PROT_WRITE,MAP_PRIVATE|MAP_FIXED|MAP_PREFAULT_READ,3,0x11000) = 34500325376 (0x808613000)
munmap(0x801197000,4096)			 = 0 (0x0)
close(3)					 = 0 (0x0)
open("/lib/libvorbis.so.0",O_RDONLY|O_CLOEXEC|O_VERIFY,014232266000) ERR#2 'No such file or directory'
open("/usr/lib/libvorbis.so.0",O_RDONLY|O_CLOEXEC|O_VERIFY,014232266000) ERR#2 'No such file or directory'
open("/usr/lib/compat/libvorbis.so.0",O_RDONLY|O_CLOEXEC|O_VERIFY,014232266000) ERR#2 'No such file or directory'
open("/usr/local/lib/libvorbis.so.0",O_RDONLY|O_CLOEXEC|O_VERIFY,014232266000) = 3 (0x3)
fstat(3,{ mode=-rwxr-xr-x ,inode=196740,size=211184,blksize=131072 }) = 0 (0x0)
fstatfs(3,{ fstypename=zfs,mntonname=/,mntfromname=zroot/ROOT/default,fsid= }) = 0 (0x0)
mmap(0x0,4096,PROT_READ,MAP_PRIVATE|MAP_PREFAULT_READ,3,0x0) = 34378182656 (0x801197000)
mmap(0x0,225280,PROT_NONE,MAP_GUARD,-1,0x0)	 = 34500329472 (0x808614000)
mmap(0x808614000,81920,PROT_READ,MAP_PRIVATE|MAP_FIXED|MAP_NOCORE|MAP_PREFAULT_READ,3,0x0) = 34500329472 (0x808614000)
mmap(0x808628000,131072,PROT_READ|PROT_EXEC,MAP_PRIVATE|MAP_FIXED|MAP_NOCORE|MAP_PREFAULT_READ,3,0x13000) = 34500411392 (0x808628000)
mmap(0x808648000,4096,PROT_READ|PROT_WRITE,MAP_PRIVATE|MAP_FIXED|MAP_PREFAULT_READ,3,0x32000) = 34500542464 (0x808648000)
mmap(0x808649000,8192,PROT_READ|PROT_WRITE,MAP_PRIVATE|MAP_FIXED|MAP_PREFAULT_READ,3,0x32000) = 34500546560 (0x808649000)
munmap(0x801197000,4096)			 = 0 (0x0)
close(3)					 = 0 (0x0)
open("/lib/libvorbisenc.so.2",O_RDONLY|O_CLOEXEC|O_VERIFY,014232266000) ERR#2 'No such file or directory'
open("/usr/lib/libvorbisenc.so.2",O_RDONLY|O_CLOEXEC|O_VERIFY,014232266000) ERR#2 'No such file or directory'
open("/usr/lib/compat/libvorbisenc.so.2",O_RDONLY|O_CLOEXEC|O_VERIFY,014232266000) ERR#2 'No such file or directory'
open("/usr/local/lib/libvorbisenc.so.2",O_RDONLY|O_CLOEXEC|O_VERIFY,014232266000) = 3 (0x3)
fstat(3,{ mode=-rwxr-xr-x ,inode=197763,size=664168,blksize=131072 }) = 0 (0x0)
fstatfs(3,{ fstypename=zfs,mntonname=/,mntfromname=zroot/ROOT/default,fsid= }) = 0 (0x0)
mmap(0x0,4096,PROT_READ,MAP_PRIVATE|MAP_PREFAULT_READ,3,0x0) = 34378182656 (0x801197000)
mmap(0x0,675840,PROT_NONE,MAP_GUARD,-1,0x0)	 = 34500554752 (0x80864b000)
mmap(0x80864b000,557056,PROT_READ,MAP_PRIVATE|MAP_FIXED|MAP_NOCORE|MAP_PREFAULT_READ,3,0x0) = 34500554752 (0x80864b000)
mmap(0x8086d3000,20480,PROT_READ|PROT_EXEC,MAP_PRIVATE|MAP_FIXED|MAP_NOCORE|MAP_PREFAULT_READ,3,0x87000) = 34501111808 (0x8086d3000)
mmap(0x8086d8000,94208,PROT_READ|PROT_WRITE,MAP_PRIVATE|MAP_FIXED|MAP_PREFAULT_READ,3,0x8b000) = 34501132288 (0x8086d8000)
mmap(0x8086ef000,4096,PROT_READ|PROT_WRITE,MAP_PRIVATE|MAP_FIXED|MAP_PREFAULT_READ,3,0xa1000) = 34501226496 (0x8086ef000)
munmap(0x801197000,4096)			 = 0 (0x0)
close(3)					 = 0 (0x0)
open("/lib/libx264.so.163",O_RDONLY|O_CLOEXEC|O_VERIFY,014232266000) ERR#2 'No such file or directory'
open("/usr/lib/libx264.so.163",O_RDONLY|O_CLOEXEC|O_VERIFY,014232266000) ERR#2 'No such file or directory'
open("/usr/lib/compat/libx264.so.163",O_RDONLY|O_CLOEXEC|O_VERIFY,014232266000) ERR#2 'No such file or directory'
open("/usr/local/lib/libx264.so.163",O_RDONLY|O_CLOEXEC|O_VERIFY,014232266000) = 3 (0x3)
fstat(3,{ mode=-rwxr-xr-x ,inode=217471,size=2041984,blksize=131072 }) = 0 (0x0)
fstatfs(3,{ fstypename=zfs,mntonname=/,mntfromname=zroot/ROOT/default,fsid= }) = 0 (0x0)
mmap(0x0,4096,PROT_READ,MAP_PRIVATE|MAP_PREFAULT_READ,3,0x0) = 34378182656 (0x801197000)
mmap(0x0,3072000,PROT_NONE,MAP_GUARD,-1,0x0)	 = 34501230592 (0x8086f0000)
mmap(0x8086f0000,262144,PROT_READ,MAP_PRIVATE|MAP_FIXED|MAP_NOCORE|MAP_PREFAULT_READ,3,0x0) = 34501230592 (0x8086f0000)
mmap(0x808730000,1777664,PROT_READ|PROT_EXEC,MAP_PRIVATE|MAP_FIXED|MAP_NOCORE|MAP_PREFAULT_READ,3,0x3f000) = 34501492736 (0x808730000)
mmap(0x8088e2000,8192,PROT_READ|PROT_WRITE,MAP_PRIVATE|MAP_FIXED|MAP_PREFAULT_READ,3,0x1f0000) = 34503270400 (0x8088e2000)
mmap(0x8088e4000,4096,PROT_READ|PROT_WRITE,MAP_PRIVATE|MAP_FIXED|MAP_PREFAULT_READ,3,0x1f1000) = 34503278592 (0x8088e4000)
mmap(0x8088e5000,1019904,PROT_READ|PROT_WRITE,MAP_PRIVATE|MAP_FIXED|MAP_ANON,-1,0x0) = 34503282688 (0x8088e5000)
munmap(0x801197000,4096)			 = 0 (0x0)
close(3)					 = 0 (0x0)
open("/lib/libx265.so.192",O_RDONLY|O_CLOEXEC|O_VERIFY,014232266000) ERR#2 'No such file or directory'
open("/usr/lib/libx265.so.192",O_RDONLY|O_CLOEXEC|O_VERIFY,014232266000) ERR#2 'No such file or directory'
open("/usr/lib/compat/libx265.so.192",O_RDONLY|O_CLOEXEC|O_VERIFY,014232266000) ERR#2 'No such file or directory'
open("/usr/local/lib/libx265.so.192",O_RDONLY|O_CLOEXEC|O_VERIFY,014232266000) = 3 (0x3)
fstat(3,{ mode=-rwxr-xr-x ,inode=205122,size=20242888,blksize=131072 }) = 0 (0x0)
fstatfs(3,{ fstypename=zfs,mntonname=/,mntfromname=zroot/ROOT/default,fsid= }) = 0 (0x0)
mmap(0x0,4096,PROT_READ,MAP_PRIVATE|MAP_PREFAULT_READ,3,0x0) = 34378182656 (0x801197000)
mmap(0x0,20324352,PROT_NONE,MAP_GUARD,-1,0x0)	 = 34504302592 (0x8089de000)
mmap(0x8089de000,827392,PROT_READ,MAP_PRIVATE|MAP_FIXED|MAP_NOCORE|MAP_PREFAULT_READ,3,0x0) = 34504302592 (0x8089de000)
mmap(0x808aa8000,19398656,PROT_READ|PROT_EXEC,MAP_PRIVATE|MAP_FIXED|MAP_NOCORE|MAP_PREFAULT_READ,3,0xc9000) = 34505129984 (0x808aa8000)
mmap(0x809d28000,16384,PROT_READ|PROT_WRITE,MAP_PRIVATE|MAP_FIXED|MAP_PREFAULT_READ,3,0x1348000) = 34524528640 (0x809d28000)
mmap(0x809d2c000,12288,PROT_READ|PROT_WRITE,MAP_PRIVATE|MAP_FIXED|MAP_PREFAULT_READ,3,0x134b000) = 34524545024 (0x809d2c000)
mmap(0x809d2f000,69632,PROT_READ|PROT_WRITE,MAP_PRIVATE|MAP_FIXED|MAP_ANON,-1,0x0) = 34524557312 (0x809d2f000)
munmap(0x801197000,4096)			 = 0 (0x0)
close(3)					 = 0 (0x0)
open("/lib/libxvidcore.so.4",O_RDONLY|O_CLOEXEC|O_VERIFY,014232266000) ERR#2 'No such file or directory'
open("/usr/lib/libxvidcore.so.4",O_RDONLY|O_CLOEXEC|O_VERIFY,014232266000) ERR#2 'No such file or directory'
open("/usr/lib/compat/libxvidcore.so.4",O_RDONLY|O_CLOEXEC|O_VERIFY,014232266000) ERR#2 'No such file or directory'
open("/usr/local/lib/libxvidcore.so.4",O_RDONLY|O_CLOEXEC|O_VERIFY,014232266000) = 3 (0x3)
fstat(3,{ mode=-rwxr-xr-x ,inode=217285,size=788072,blksize=131072 }) = 0 (0x0)
fstatfs(3,{ fstypename=zfs,mntonname=/,mntfromname=zroot/ROOT/default,fsid= }) = 0 (0x0)
mmap(0x0,4096,PROT_READ,MAP_PRIVATE|MAP_PREFAULT_READ,3,0x0) = 34378182656 (0x801197000)
mmap(0x0,1232896,PROT_NONE,MAP_GUARD,-1,0x0)	 = 34524626944 (0x809d40000)
mmap(0x809d40000,118784,PROT_READ,MAP_PRIVATE|MAP_FIXED|MAP_NOCORE|MAP_PREFAULT_READ,3,0x0) = 34524626944 (0x809d40000)
mmap(0x809d5d000,630784,PROT_READ|PROT_EXEC,MAP_PRIVATE|MAP_FIXED|MAP_NOCORE|MAP_PREFAULT_READ,3,0x1c000) = 34524745728 (0x809d5d000)
mmap(0x809df7000,8192,PROT_READ|PROT_WRITE,MAP_PRIVATE|MAP_FIXED|MAP_PREFAULT_READ,3,0xb5000) = 34525376512 (0x809df7000)
mmap(0x809df9000,40960,PROT_READ|PROT_WRITE,MAP_PRIVATE|MAP_FIXED|MAP_PREFAULT_READ,3,0xb6000) = 34525384704 (0x809df9000)
mmap(0x809e03000,434176,PROT_READ|PROT_WRITE,MAP_PRIVATE|MAP_FIXED|MAP_ANON,-1,0x0) = 34525425664 (0x809e03000)
munmap(0x801197000,4096)			 = 0 (0x0)
close(3)					 = 0 (0x0)
open("/lib/libasn1.so.11",O_RDONLY|O_CLOEXEC|O_VERIFY,011121244000) ERR#2 'No such file or directory'
open("/usr/lib/libasn1.so.11",O_RDONLY|O_CLOEXEC|O_VERIFY,011121244000) = 3 (0x3)
fstat(3,{ mode=-r--r--r-- ,inode=300912,size=668568,blksize=131072 }) = 0 (0x0)
fstatfs(3,{ fstypename=zfs,mntonname=/,mntfromname=zroot/ROOT/default,fsid= }) = 0 (0x0)
mmap(0x0,4096,PROT_READ,MAP_PRIVATE|MAP_PREFAULT_READ,3,0x0) = 34378182656 (0x801197000)
mmap(0x0,679936,PROT_NONE,MAP_GUARD,-1,0x0)	 = 34525859840 (0x809e6d000)
mmap(0x809e6d000,200704,PROT_READ,MAP_PRIVATE|MAP_FIXED|MAP_NOCORE|MAP_PREFAULT_READ,3,0x0) = 34525859840 (0x809e6d000)
mmap(0x809e9e000,458752,PROT_READ|PROT_EXEC,MAP_PRIVATE|MAP_FIXED|MAP_NOCORE|MAP_PREFAULT_READ,3,0x30000) = 34526060544 (0x809e9e000)
mmap(0x809f0e000,8192,PROT_READ|PROT_WRITE,MAP_PRIVATE|MAP_FIXED|MAP_PREFAULT_READ,3,0x9f000) = 34526519296 (0x809f0e000)
mmap(0x809f10000,12288,PROT_READ|PROT_WRITE,MAP_PRIVATE|MAP_FIXED|MAP_PREFAULT_READ,3,0xa0000) = 34526527488 (0x809f10000)
munmap(0x801197000,4096)			 = 0 (0x0)
close(3)					 = 0 (0x0)
open("/lib/libcom_err.so.5",O_RDONLY|O_CLOEXEC|O_VERIFY,021244000) ERR#2 'No such file or directory'
open("/usr/lib/libcom_err.so.5",O_RDONLY|O_CLOEXEC|O_VERIFY,021244000) = 3 (0x3)
fstat(3,{ mode=-r--r--r-- ,inode=300792,size=8088,blksize=8192 }) = 0 (0x0)
fstatfs(3,{ fstypename=zfs,mntonname=/,mntfromname=zroot/ROOT/default,fsid= }) = 0 (0x0)
mmap(0x0,4096,PROT_READ,MAP_PRIVATE|MAP_PREFAULT_READ,3,0x0) = 34378182656 (0x801197000)
mmap(0x0,20480,PROT_NONE,MAP_GUARD,-1,0x0)	 = 34526539776 (0x809f13000)
mmap(0x809f13000,4096,PROT_READ,MAP_PRIVATE|MAP_FIXED|MAP_NOCORE|MAP_PREFAULT_READ,3,0x0) = 34526539776 (0x809f13000)
mmap(0x809f14000,8192,PROT_READ|PROT_EXEC,MAP_PRIVATE|MAP_FIXED|MAP_NOCORE|MAP_PREFAULT_READ,3,0x0) = 34526543872 (0x809f14000)
mmap(0x809f16000,4096,PROT_READ|PROT_WRITE,MAP_PRIVATE|MAP_FIXED|MAP_PREFAULT_READ,3,0x1000) = 34526552064 (0x809f16000)
mmap(0x809f17000,4096,PROT_READ|PROT_WRITE,MAP_PRIVATE|MAP_FIXED|MAP_PREFAULT_READ,3,0x1000) = 34526556160 (0x809f17000)
munmap(0x801197000,4096)			 = 0 (0x0)
close(3)					 = 0 (0x0)
open("/lib/libcrypt.so.5",O_RDONLY|O_CLOEXEC|O_VERIFY,066000) = 3 (0x3)
fstat(3,{ mode=-r--r--r-- ,inode=301011,size=51832,blksize=52224 }) = 0 (0x0)
fstatfs(3,{ fstypename=zfs,mntonname=/,mntfromname=zroot/ROOT/default,fsid= }) = 0 (0x0)
mmap(0x0,4096,PROT_READ,MAP_PRIVATE|MAP_PREFAULT_READ,3,0x0) = 34378182656 (0x801197000)
mmap(0x0,135168,PROT_NONE,MAP_GUARD,-1,0x0)	 = 34526560256 (0x809f18000)
mmap(0x809f18000,16384,PROT_READ,MAP_PRIVATE|MAP_FIXED|MAP_NOCORE|MAP_PREFAULT_READ,3,0x0) = 34526560256 (0x809f18000)
mmap(0x809f1c000,36864,PROT_READ|PROT_EXEC,MAP_PRIVATE|MAP_FIXED|MAP_NOCORE|MAP_PREFAULT_READ,3,0x3000) = 34526576640 (0x809f1c000)
mmap(0x809f25000,4096,PROT_READ|PROT_WRITE,MAP_PRIVATE|MAP_FIXED|MAP_PREFAULT_READ,3,0xb000) = 34526613504 (0x809f25000)
mmap(0x809f26000,8192,PROT_READ|PROT_WRITE,MAP_PRIVATE|MAP_FIXED|MAP_PREFAULT_READ,3,0xb000) = 34526617600 (0x809f26000)
mmap(0x809f28000,69632,PROT_READ|PROT_WRITE,MAP_PRIVATE|MAP_FIXED|MAP_ANON,-1,0x0) = 34526625792 (0x809f28000)
munmap(0x801197000,4096)			 = 0 (0x0)
close(3)					 = 0 (0x0)
open("/lib/libhx509.so.11",O_RDONLY|O_CLOEXEC|O_VERIFY,00) ERR#2 'No such file or directory'
open("/usr/lib/libhx509.so.11",O_RDONLY|O_CLOEXEC|O_VERIFY,00) = 3 (0x3)
fstat(3,{ mode=-r--r--r-- ,inode=300845,size=317664,blksize=131072 }) = 0 (0x0)
fstatfs(3,{ fstypename=zfs,mntonname=/,mntfromname=zroot/ROOT/default,fsid= }) = 0 (0x0)
mmap(0x0,4096,PROT_READ,MAP_PRIVATE|MAP_PREFAULT_READ,3,0x0) = 34378182656 (0x801197000)
mmap(0x0,331776,PROT_NONE,MAP_GUARD,-1,0x0)	 = 34526695424 (0x809f39000)
mmap(0x809f39000,131072,PROT_READ,MAP_PRIVATE|MAP_FIXED|MAP_NOCORE|MAP_PREFAULT_READ,3,0x0) = 34526695424 (0x809f39000)
mmap(0x809f59000,176128,PROT_READ|PROT_EXEC,MAP_PRIVATE|MAP_FIXED|MAP_NOCORE|MAP_PREFAULT_READ,3,0x1f000) = 34526826496 (0x809f59000)
mmap(0x809f84000,8192,PROT_READ|PROT_WRITE,MAP_PRIVATE|MAP_FIXED|MAP_PREFAULT_READ,3,0x49000) = 34527002624 (0x809f84000)
mmap(0x809f86000,12288,PROT_READ|PROT_WRITE,MAP_PRIVATE|MAP_FIXED|MAP_PREFAULT_READ,3,0x4a000) = 34527010816 (0x809f86000)
mmap(0x809f89000,4096,PROT_READ|PROT_WRITE,MAP_PRIVATE|MAP_FIXED|MAP_ANON,-1,0x0) = 34527023104 (0x809f89000)
munmap(0x801197000,4096)			 = 0 (0x0)
close(3)					 = 0 (0x0)
open("/lib/libroken.so.11",O_RDONLY|O_CLOEXEC|O_VERIFY,00) ERR#2 'No such file or directory'
open("/usr/lib/libroken.so.11",O_RDONLY|O_CLOEXEC|O_VERIFY,00) = 3 (0x3)
fstat(3,{ mode=-r--r--r-- ,inode=300832,size=75176,blksize=75264 }) = 0 (0x0)
fstatfs(3,{ fstypename=zfs,mntonname=/,mntfromname=zroot/ROOT/default,fsid= }) = 0 (0x0)
mmap(0x0,4096,PROT_READ,MAP_PRIVATE|MAP_PREFAULT_READ,3,0x0) = 34378182656 (0x801197000)
mmap(0x0,86016,PROT_NONE,MAP_GUARD,-1,0x0)	 = 34527027200 (0x809f8a000)
mmap(0x809f8a000,32768,PROT_READ,MAP_PRIVATE|MAP_FIXED|MAP_NOCORE|MAP_PREFAULT_READ,3,0x0) = 34527027200 (0x809f8a000)
mmap(0x809f92000,45056,PROT_READ|PROT_EXEC,MAP_PRIVATE|MAP_FIXED|MAP_NOCORE|MAP_PREFAULT_READ,3,0x7000) = 34527059968 (0x809f92000)
mmap(0x809f9d000,4096,PROT_READ|PROT_WRITE,MAP_PRIVATE|MAP_FIXED|MAP_PREFAULT_READ,3,0x11000) = 34527105024 (0x809f9d000)
mmap(0x809f9e000,4096,PROT_READ|PROT_WRITE,MAP_PRIVATE|MAP_FIXED|MAP_PREFAULT_READ,3,0x11000) = 34527109120 (0x809f9e000)
munmap(0x801197000,4096)			 = 0 (0x0)
close(3)					 = 0 (0x0)
open("/lib/libwind.so.11",O_RDONLY|O_CLOEXEC|O_VERIFY,00) ERR#2 'No such file or directory'
open("/usr/lib/libwind.so.11",O_RDONLY|O_CLOEXEC|O_VERIFY,00) = 3 (0x3)
fstat(3,{ mode=-r--r--r-- ,inode=300881,size=163208,blksize=131072 }) = 0 (0x0)
fstatfs(3,{ fstypename=zfs,mntonname=/,mntfromname=zroot/ROOT/default,fsid= }) = 0 (0x0)
mmap(0x0,4096,PROT_READ,MAP_PRIVATE|MAP_PREFAULT_READ,3,0x0) = 34378182656 (0x801197000)
mmap(0x0,176128,PROT_NONE,MAP_GUARD,-1,0x0)	 = 34527113216 (0x809f9f000)
mmap(0x809f9f000,155648,PROT_READ,MAP_PRIVATE|MAP_FIXED|MAP_NOCORE|MAP_PREFAULT_READ,3,0x0) = 34527113216 (0x809f9f000)
mmap(0x809fc5000,12288,PROT_READ|PROT_EXEC,MAP_PRIVATE|MAP_FIXED|MAP_NOCORE|MAP_PREFAULT_READ,3,0x25000) = 34527268864 (0x809fc5000)
mmap(0x809fc8000,4096,PROT_READ|PROT_WRITE,MAP_PRIVATE|MAP_FIXED|MAP_PREFAULT_READ,3,0x27000) = 34527281152 (0x809fc8000)
mmap(0x809fc9000,4096,PROT_READ|PROT_WRITE,MAP_PRIVATE|MAP_FIXED|MAP_PREFAULT_READ,3,0x27000) = 34527285248 (0x809fc9000)
munmap(0x801197000,4096)			 = 0 (0x0)
close(3)					 = 0 (0x0)
open("/lib/libheimbase.so.11",O_RDONLY|O_CLOEXEC|O_VERIFY,011121244000) ERR#2 'No such file or directory'
open("/usr/lib/libheimbase.so.11",O_RDONLY|O_CLOEXEC|O_VERIFY,011121244000) = 3 (0x3)
fstat(3,{ mode=-r--r--r-- ,inode=300731,size=16352,blksize=16384 }) = 0 (0x0)
fstatfs(3,{ fstypename=zfs,mntonname=/,mntfromname=zroot/ROOT/default,fsid= }) = 0 (0x0)
mmap(0x0,4096,PROT_READ,MAP_PRIVATE|MAP_PREFAULT_READ,3,0x0) = 34378182656 (0x801197000)
mmap(0x0,28672,PROT_NONE,MAP_GUARD,-1,0x0)	 = 34527289344 (0x809fca000)
mmap(0x809fca000,8192,PROT_READ,MAP_PRIVATE|MAP_FIXED|MAP_NOCORE|MAP_PREFAULT_READ,3,0x0) = 34527289344 (0x809fca000)
mmap(0x809fcc000,12288,PROT_READ|PROT_EXEC,MAP_PRIVATE|MAP_FIXED|MAP_NOCORE|MAP_PREFAULT_READ,3,0x1000) = 34527297536 (0x809fcc000)
mmap(0x809fcf000,4096,PROT_READ|PROT_WRITE,MAP_PRIVATE|MAP_FIXED|MAP_PREFAULT_READ,3,0x3000) = 34527309824 (0x809fcf000)
mmap(0x809fd0000,4096,PROT_READ|PROT_WRITE,MAP_PRIVATE|MAP_FIXED|MAP_PREFAULT_READ,3,0x3000) = 34527313920 (0x809fd0000)
munmap(0x801197000,4096)			 = 0 (0x0)
close(3)					 = 0 (0x0)
open("/lib/libprivateheimipcc.so.11",O_RDONLY|O_CLOEXEC|O_VERIFY,00) ERR#2 'No such file or directory'
open("/usr/lib/libprivateheimipcc.so.11",O_RDONLY|O_CLOEXEC|O_VERIFY,00) = 3 (0x3)
fstat(3,{ mode=-r--r--r-- ,inode=300640,size=10664,blksize=10752 }) = 0 (0x0)
fstatfs(3,{ fstypename=zfs,mntonname=/,mntfromname=zroot/ROOT/default,fsid= }) = 0 (0x0)
mmap(0x0,4096,PROT_READ,MAP_PRIVATE|MAP_PREFAULT_READ,3,0x0) = 34378182656 (0x801197000)
mmap(0x0,24576,PROT_NONE,MAP_GUARD,-1,0x0)	 = 34527318016 (0x809fd1000)
mmap(0x809fd1000,8192,PROT_READ,MAP_PRIVATE|MAP_FIXED|MAP_NOCORE|MAP_PREFAULT_READ,3,0x0) = 34527318016 (0x809fd1000)
mmap(0x809fd3000,4096,PROT_READ|PROT_EXEC,MAP_PRIVATE|MAP_FIXED|MAP_NOCORE|MAP_PREFAULT_READ,3,0x1000) = 34527326208 (0x809fd3000)
mmap(0x809fd4000,4096,PROT_READ|PROT_WRITE,MAP_PRIVATE|MAP_FIXED|MAP_PREFAULT_READ,3,0x1000) = 34527330304 (0x809fd4000)
mmap(0x809fd5000,8192,PROT_READ|PROT_WRITE,MAP_PRIVATE|MAP_FIXED|MAP_PREFAULT_READ,3,0x1000) = 34527334400 (0x809fd5000)
munmap(0x801197000,4096)			 = 0 (0x0)
close(3)					 = 0 (0x0)
open("/lib/libelf.so.2",O_RDONLY|O_CLOEXEC|O_VERIFY,014251000) = 3 (0x3)
fstat(3,{ mode=-r--r--r-- ,inode=301045,size=99688,blksize=99840 }) = 0 (0x0)
fstatfs(3,{ fstypename=zfs,mntonname=/,mntfromname=zroot/ROOT/default,fsid= }) = 0 (0x0)
mmap(0x0,4096,PROT_READ,MAP_PRIVATE|MAP_PREFAULT_READ,3,0x0) = 34378182656 (0x801197000)
mmap(0x0,110592,PROT_NONE,MAP_GUARD,-1,0x0)	 = 34527342592 (0x809fd7000)
mmap(0x809fd7000,24576,PROT_READ,MAP_PRIVATE|MAP_FIXED|MAP_NOCORE|MAP_PREFAULT_READ,3,0x0) = 34527342592 (0x809fd7000)
mmap(0x809fdd000,73728,PROT_READ|PROT_EXEC,MAP_PRIVATE|MAP_FIXED|MAP_NOCORE|MAP_PREFAULT_READ,3,0x5000) = 34527367168 (0x809fdd000)
mmap(0x809fef000,4096,PROT_READ|PROT_WRITE,MAP_PRIVATE|MAP_FIXED|MAP_PREFAULT_READ,3,0x16000) = 34527440896 (0x809fef000)
mmap(0x809ff0000,8192,PROT_READ|PROT_WRITE,MAP_PRIVATE|MAP_FIXED|MAP_PREFAULT_READ,3,0x16000) = 34527444992 (0x809ff0000)
munmap(0x801197000,4096)			 = 0 (0x0)
close(3)					 = 0 (0x0)
open("/lib/libutil.so.9",O_RDONLY|O_CLOEXEC|O_VERIFY,00) = 3 (0x3)
fstat(3,{ mode=-r--r--r-- ,inode=301024,size=79056,blksize=79360 }) = 0 (0x0)
fstatfs(3,{ fstypename=zfs,mntonname=/,mntfromname=zroot/ROOT/default,fsid= }) = 0 (0x0)
mmap(0x0,4096,PROT_READ,MAP_PRIVATE|MAP_PREFAULT_READ,3,0x0) = 34378182656 (0x801197000)
mmap(0x0,98304,PROT_NONE,MAP_GUARD,-1,0x0)	 = 34527453184 (0x809ff2000)
mmap(0x809ff2000,32768,PROT_READ,MAP_PRIVATE|MAP_FIXED|MAP_NOCORE|MAP_PREFAULT_READ,3,0x0) = 34527453184 (0x809ff2000)
mmap(0x809ffa000,45056,PROT_READ|PROT_EXEC,MAP_PRIVATE|MAP_FIXED|MAP_NOCORE|MAP_PREFAULT_READ,3,0x7000) = 34527485952 (0x809ffa000)
mmap(0x80a005000,8192,PROT_READ|PROT_WRITE,MAP_PRIVATE|MAP_FIXED|MAP_PREFAULT_READ,3,0x11000) = 34527531008 (0x80a005000)
mmap(0x80a007000,4096,PROT_READ|PROT_WRITE,MAP_PRIVATE|MAP_FIXED|MAP_PREFAULT_READ,3,0x12000) = 34527539200 (0x80a007000)
mmap(0x80a008000,8192,PROT_READ|PROT_WRITE,MAP_PRIVATE|MAP_FIXED|MAP_ANON,-1,0x0) = 34527543296 (0x80a008000)
munmap(0x801197000,4096)			 = 0 (0x0)
close(3)					 = 0 (0x0)
open("/lib/libfreetype.so.6",O_RDONLY|O_CLOEXEC|O_VERIFY,032266000) ERR#2 'No such file or directory'
open("/usr/lib/libfreetype.so.6",O_RDONLY|O_CLOEXEC|O_VERIFY,032266000) ERR#2 'No such file or directory'
open("/usr/lib/compat/libfreetype.so.6",O_RDONLY|O_CLOEXEC|O_VERIFY,032266000) ERR#2 'No such file or directory'
open("/usr/local/lib/libfreetype.so.6",O_RDONLY|O_CLOEXEC|O_VERIFY,032266000) = 3 (0x3)
fstat(3,{ mode=-rwxr-xr-x ,inode=296445,size=800248,blksize=131072 }) = 0 (0x0)
fstatfs(3,{ fstypename=zfs,mntonname=/,mntfromname=zroot/ROOT/default,fsid= }) = 0 (0x0)
mmap(0x0,4096,PROT_READ,MAP_PRIVATE|MAP_PREFAULT_READ,3,0x0) = 34378182656 (0x801197000)
mmap(0x0,811008,PROT_NONE,MAP_GUARD,-1,0x0)	 = 34527551488 (0x80a00a000)
mmap(0x80a00a000,204800,PROT_READ,MAP_PRIVATE|MAP_FIXED|MAP_NOCORE|MAP_PREFAULT_READ,3,0x0) = 34527551488 (0x80a00a000)
mmap(0x80a03c000,573440,PROT_READ|PROT_EXEC,MAP_PRIVATE|MAP_FIXED|MAP_NOCORE|MAP_PREFAULT_READ,3,0x31000) = 34527756288 (0x80a03c000)
mmap(0x80a0c8000,28672,PROT_READ|PROT_WRITE,MAP_PRIVATE|MAP_FIXED|MAP_PREFAULT_READ,3,0xbc000) = 34528329728 (0x80a0c8000)
mmap(0x80a0cf000,4096,PROT_READ|PROT_WRITE,MAP_PRIVATE|MAP_FIXED|MAP_PREFAULT_READ,3,0xc2000) = 34528358400 (0x80a0cf000)
munmap(0x801197000,4096)			 = 0 (0x0)
close(3)					 = 0 (0x0)
open("/lib/libgraphite2.so.3",O_RDONLY|O_CLOEXEC|O_VERIFY,00) ERR#2 'No such file or directory'
open("/usr/lib/libgraphite2.so.3",O_RDONLY|O_CLOEXEC|O_VERIFY,00) ERR#2 'No such file or directory'
open("/usr/lib/compat/libgraphite2.so.3",O_RDONLY|O_CLOEXEC|O_VERIFY,00) ERR#2 'No such file or directory'
open("/usr/local/lib/libgraphite2.so.3",O_RDONLY|O_CLOEXEC|O_VERIFY,00) = 3 (0x3)
fstat(3,{ mode=-rwxr-xr-x ,inode=205028,size=169608,blksize=131072 }) = 0 (0x0)
fstatfs(3,{ fstypename=zfs,mntonname=/,mntfromname=zroot/ROOT/default,fsid= }) = 0 (0x0)
mmap(0x0,4096,PROT_READ,MAP_PRIVATE|MAP_PREFAULT_READ,3,0x0) = 34378182656 (0x801197000)
mmap(0x0,180224,PROT_NONE,MAP_GUARD,-1,0x0)	 = 34528362496 (0x80a0d0000)
mmap(0x80a0d0000,57344,PROT_READ,MAP_PRIVATE|MAP_FIXED|MAP_NOCORE|MAP_PREFAULT_READ,3,0x0) = 34528362496 (0x80a0d0000)
mmap(0x80a0de000,110592,PROT_READ|PROT_EXEC,MAP_PRIVATE|MAP_FIXED|MAP_NOCORE|MAP_PREFAULT_READ,3,0xd000) = 34528419840 (0x80a0de000)
mmap(0x80a0f9000,8192,PROT_READ|PROT_WRITE,MAP_PRIVATE|MAP_FIXED|MAP_PREFAULT_READ,3,0x27000) = 34528530432 (0x80a0f9000)
mmap(0x80a0fb000,4096,PROT_READ|PROT_WRITE,MAP_PRIVATE|MAP_FIXED|MAP_PREFAULT_READ,3,0x28000) = 34528538624 (0x80a0fb000)
munmap(0x801197000,4096)			 = 0 (0x0)
close(3)					 = 0 (0x0)
open("/lib/libicudata.so.70",O_RDONLY|O_CLOEXEC|O_VERIFY,014232266000) ERR#2 'No such file or directory'
open("/usr/lib/libicudata.so.70",O_RDONLY|O_CLOEXEC|O_VERIFY,014232266000) ERR#2 'No such file or directory'
open("/usr/lib/compat/libicudata.so.70",O_RDONLY|O_CLOEXEC|O_VERIFY,014232266000) ERR#2 'No such file or directory'
open("/usr/local/lib/libicudata.so.70",O_RDONLY|O_CLOEXEC|O_VERIFY,014232266000) = 3 (0x3)
fstat(3,{ mode=-r-xr-xr-x ,inode=218055,size=1680,blksize=4096 }) = 0 (0x0)
fstatfs(3,{ fstypename=zfs,mntonname=/,mntfromname=zroot/ROOT/default,fsid= }) = 0 (0x0)
mmap(0x0,4096,PROT_READ,MAP_PRIVATE|MAP_PREFAULT_READ,3,0x0) = 34378182656 (0x801197000)
mmap(0x0,12288,PROT_NONE,MAP_GUARD,-1,0x0)	 = 34389086208 (0x801bfd000)
mmap(0x801bfd000,4096,PROT_READ,MAP_PRIVATE|MAP_FIXED|MAP_NOCORE|MAP_PREFAULT_READ,3,0x0) = 34389086208 (0x801bfd000)
mmap(0x801bff000,4096,PROT_READ|PROT_WRITE,MAP_PRIVATE|MAP_FIXED|MAP_PREFAULT_READ,3,0x0) = 34389094400 (0x801bff000)
munmap(0x801197000,4096)			 = 0 (0x0)
close(3)					 = 0 (0x0)
open("/lib/libpcre.so.1",O_RDONLY|O_CLOEXEC|O_VERIFY,014232266000) ERR#2 'No such file or directory'
open("/usr/lib/libpcre.so.1",O_RDONLY|O_CLOEXEC|O_VERIFY,014232266000) ERR#2 'No such file or directory'
open("/usr/lib/compat/libpcre.so.1",O_RDONLY|O_CLOEXEC|O_VERIFY,014232266000) ERR#2 'No such file or directory'
open("/usr/local/lib/libpcre.so.1",O_RDONLY|O_CLOEXEC|O_VERIFY,014232266000) = 3 (0x3)
fstat(3,{ mode=-rwxr-xr-x ,inode=200012,size=662600,blksize=131072 }) = 0 (0x0)
fstatfs(3,{ fstypename=zfs,mntonname=/,mntfromname=zroot/ROOT/default,fsid= }) = 0 (0x0)
mmap(0x0,4096,PROT_READ,MAP_PRIVATE|MAP_PREFAULT_READ,3,0x0) = 34378182656 (0x801197000)
mmap(0x0,675840,PROT_NONE,MAP_GUARD,-1,0x0)	 = 34528542720 (0x80a0fc000)
mmap(0x80a0fc000,126976,PROT_READ,MAP_PRIVATE|MAP_FIXED|MAP_NOCORE|MAP_PREFAULT_READ,3,0x0) = 34528542720 (0x80a0fc000)
mmap(0x80a11b000,536576,PROT_READ|PROT_EXEC,MAP_PRIVATE|MAP_FIXED|MAP_NOCORE|MAP_PREFAULT_READ,3,0x1e000) = 34528669696 (0x80a11b000)
mmap(0x80a19e000,8192,PROT_READ|PROT_WRITE,MAP_PRIVATE|MAP_FIXED|MAP_PREFAULT_READ,3,0xa0000) = 34529206272 (0x80a19e000)
mmap(0x80a1a0000,4096,PROT_READ|PROT_WRITE,MAP_PRIVATE|MAP_FIXED|MAP_PREFAULT_READ,3,0xa1000) = 34529214464 (0x80a1a0000)
munmap(0x801197000,4096)			 = 0 (0x0)
close(3)					 = 0 (0x0)
open("/lib/libintl.so.8",O_RDONLY|O_CLOEXEC|O_VERIFY,014232266000) ERR#2 'No such file or directory'
open("/usr/lib/libintl.so.8",O_RDONLY|O_CLOEXEC|O_VERIFY,014232266000) ERR#2 'No such file or directory'
open("/usr/lib/compat/libintl.so.8",O_RDONLY|O_CLOEXEC|O_VERIFY,014232266000) ERR#2 'No such file or directory'
open("/usr/local/lib/libintl.so.8",O_RDONLY|O_CLOEXEC|O_VERIFY,014232266000) = 3 (0x3)
fstat(3,{ mode=-rw-r--r-- ,inode=197583,size=56520,blksize=56832 }) = 0 (0x0)
fstatfs(3,{ fstypename=zfs,mntonname=/,mntfromname=zroot/ROOT/default,fsid= }) = 0 (0x0)
mmap(0x0,4096,PROT_READ,MAP_PRIVATE|MAP_PREFAULT_READ,3,0x0) = 34378182656 (0x801197000)
mmap(0x0,57344,PROT_NONE,MAP_GUARD,-1,0x0)	 = 34529218560 (0x80a1a1000)
mmap(0x80a1a1000,16384,PROT_READ,MAP_PRIVATE|MAP_FIXED|MAP_NOCORE|MAP_PREFAULT_READ,3,0x0) = 34529218560 (0x80a1a1000)
mmap(0x80a1a5000,28672,PROT_READ|PROT_EXEC,MAP_PRIVATE|MAP_FIXED|MAP_NOCORE|MAP_PREFAULT_READ,3,0x3000) = 34529234944 (0x80a1a5000)
mmap(0x80a1ac000,4096,PROT_READ|PROT_WRITE,MAP_PRIVATE|MAP_FIXED|MAP_PREFAULT_READ,3,0x9000) = 34529263616 (0x80a1ac000)
mmap(0x80a1ad000,4096,PROT_READ|PROT_WRITE,MAP_PRIVATE|MAP_FIXED|MAP_PREFAULT_READ,3,0x9000) = 34529267712 (0x80a1ad000)
mmap(0x80a1ae000,4096,PROT_READ|PROT_WRITE,MAP_PRIVATE|MAP_FIXED|MAP_ANON,-1,0x0) = 34529271808 (0x80a1ae000)
munmap(0x801197000,4096)			 = 0 (0x0)
close(3)					 = 0 (0x0)
open("/lib/libiconv.so.2",O_RDONLY|O_CLOEXEC|O_VERIFY,00) ERR#2 'No such file or directory'
open("/usr/lib/libiconv.so.2",O_RDONLY|O_CLOEXEC|O_VERIFY,00) ERR#2 'No such file or directory'
open("/usr/lib/compat/libiconv.so.2",O_RDONLY|O_CLOEXEC|O_VERIFY,00) ERR#2 'No such file or directory'
open("/usr/local/lib/libiconv.so.2",O_RDONLY|O_CLOEXEC|O_VERIFY,00) = 3 (0x3)
fstat(3,{ mode=-rwxr-xr-x ,inode=197773,size=1083920,blksize=131072 }) = 0 (0x0)
fstatfs(3,{ fstypename=zfs,mntonname=/,mntfromname=zroot/ROOT/default,fsid= }) = 0 (0x0)
mmap(0x0,4096,PROT_READ,MAP_PRIVATE|MAP_PREFAULT_READ,3,0x0) = 34378182656 (0x801197000)
mmap(0x0,1040384,PROT_NONE,MAP_GUARD,-1,0x0)	 = 34529275904 (0x80a1af000)
mmap(0x80a1af000,929792,PROT_READ,MAP_PRIVATE|MAP_FIXED|MAP_NOCORE|MAP_PREFAULT_READ,3,0x0) = 34529275904 (0x80a1af000)
mmap(0x80a292000,98304,PROT_READ|PROT_EXEC,MAP_PRIVATE|MAP_FIXED|MAP_NOCORE|MAP_PREFAULT_READ,3,0xe2000) = 34530205696 (0x80a292000)
mmap(0x80a2aa000,8192,PROT_READ|PROT_WRITE,MAP_PRIVATE|MAP_FIXED|MAP_PREFAULT_READ,3,0xfa000) = 34530304000 (0x80a2aa000)
mmap(0x80a2ac000,4096,PROT_READ|PROT_WRITE,MAP_PRIVATE|MAP_FIXED|MAP_PREFAULT_READ,3,0xfb000) = 34530312192 (0x80a2ac000)
munmap(0x801197000,4096)			 = 0 (0x0)
close(3)					 = 0 (0x0)
open("/usr/local/lib/libp11-kit.so.0",O_RDONLY|O_CLOEXEC|O_VERIFY,010222246000) = 3 (0x3)
fstat(3,{ mode=-rwxr-xr-x ,inode=215981,size=1200152,blksize=131072 }) = 0 (0x0)
fstatfs(3,{ fstypename=zfs,mntonname=/,mntfromname=zroot/ROOT/default,fsid= }) = 0 (0x0)
mmap(0x0,4096,PROT_READ,MAP_PRIVATE|MAP_PREFAULT_READ,3,0x0) = 34378182656 (0x801197000)
mmap(0x0,1212416,PROT_NONE,MAP_GUARD,-1,0x0)	 = 34530316288 (0x80a2ad000)
mmap(0x80a2ad000,557056,PROT_READ,MAP_PRIVATE|MAP_FIXED|MAP_NOCORE|MAP_PREFAULT_READ,3,0x0) = 34530316288 (0x80a2ad000)
mmap(0x80a335000,569344,PROT_READ|PROT_EXEC,MAP_PRIVATE|MAP_FIXED|MAP_NOCORE|MAP_PREFAULT_READ,3,0x87000) = 34530873344 (0x80a335000)
mmap(0x80a3c0000,40960,PROT_READ|PROT_WRITE,MAP_PRIVATE|MAP_FIXED|MAP_PREFAULT_READ,3,0x111000) = 34531442688 (0x80a3c0000)
mmap(0x80a3ca000,45056,PROT_READ|PROT_WRITE,MAP_PRIVATE|MAP_FIXED|MAP_PREFAULT_READ,3,0x11a000) = 34531483648 (0x80a3ca000)
munmap(0x801197000,4096)			 = 0 (0x0)
close(3)					 = 0 (0x0)
open("/usr/local/lib/libidn2.so.0",O_RDONLY|O_CLOEXEC|O_VERIFY,00) = 3 (0x3)
fstat(3,{ mode=-rwxr-xr-x ,inode=217329,size=136080,blksize=131072 }) = 0 (0x0)
fstatfs(3,{ fstypename=zfs,mntonname=/,mntfromname=zroot/ROOT/default,fsid= }) = 0 (0x0)
mmap(0x0,4096,PROT_READ,MAP_PRIVATE|MAP_PREFAULT_READ,3,0x0) = 34378182656 (0x801197000)
mmap(0x0,147456,PROT_NONE,MAP_GUARD,-1,0x0)	 = 34531528704 (0x80a3d5000)
mmap(0x80a3d5000,110592,PROT_READ,MAP_PRIVATE|MAP_FIXED|MAP_NOCORE|MAP_PREFAULT_READ,3,0x0) = 34531528704 (0x80a3d5000)
mmap(0x80a3f0000,28672,PROT_READ|PROT_EXEC,MAP_PRIVATE|MAP_FIXED|MAP_NOCORE|MAP_PREFAULT_READ,3,0x1a000) = 34531639296 (0x80a3f0000)
mmap(0x80a3f7000,4096,PROT_READ|PROT_WRITE,MAP_PRIVATE|MAP_FIXED|MAP_PREFAULT_READ,3,0x20000) = 34531667968 (0x80a3f7000)
mmap(0x80a3f8000,4096,PROT_READ|PROT_WRITE,MAP_PRIVATE|MAP_FIXED|MAP_PREFAULT_READ,3,0x20000) = 34531672064 (0x80a3f8000)
munmap(0x801197000,4096)			 = 0 (0x0)
close(3)					 = 0 (0x0)
open("/usr/local/lib/libunistring.so.2",O_RDONLY|O_CLOEXEC|O_VERIFY,066000) = 3 (0x3)
fstat(3,{ mode=-rwxr-xr-x ,inode=217590,size=1760312,blksize=131072 }) = 0 (0x0)
fstatfs(3,{ fstypename=zfs,mntonname=/,mntfromname=zroot/ROOT/default,fsid= }) = 0 (0x0)
mmap(0x0,4096,PROT_READ,MAP_PRIVATE|MAP_PREFAULT_READ,3,0x0) = 34378182656 (0x801197000)
mmap(0x0,1773568,PROT_NONE,MAP_GUARD,-1,0x0)	 = 34531676160 (0x80a3f9000)
mmap(0x80a3f9000,1343488,PROT_READ,MAP_PRIVATE|MAP_FIXED|MAP_NOCORE|MAP_PREFAULT_READ,3,0x0) = 34531676160 (0x80a3f9000)
mmap(0x80a541000,409600,PROT_READ|PROT_EXEC,MAP_PRIVATE|MAP_FIXED|MAP_NOCORE|MAP_PREFAULT_READ,3,0x147000) = 34533019648 (0x80a541000)
mmap(0x80a5a5000,12288,PROT_READ|PROT_WRITE,MAP_PRIVATE|MAP_FIXED|MAP_PREFAULT_READ,3,0x1aa000) = 34533429248 (0x80a5a5000)
mmap(0x80a5a8000,8192,PROT_READ|PROT_WRITE,MAP_PRIVATE|MAP_FIXED|MAP_PREFAULT_READ,3,0x1ac000) = 34533441536 (0x80a5a8000)
munmap(0x801197000,4096)			 = 0 (0x0)
close(3)					 = 0 (0x0)
open("/usr/local/lib/libtasn1.so.6",O_RDONLY|O_CLOEXEC|O_VERIFY,010222246000) = 3 (0x3)
fstat(3,{ mode=-rwxr-xr-x ,inode=197112,size=77168,blksize=77312 }) = 0 (0x0)
fstatfs(3,{ fstypename=zfs,mntonname=/,mntfromname=zroot/ROOT/default,fsid= }) = 0 (0x0)
mmap(0x0,4096,PROT_READ,MAP_PRIVATE|MAP_PREFAULT_READ,3,0x0) = 34378182656 (0x801197000)
mmap(0x0,90112,PROT_NONE,MAP_GUARD,-1,0x0)	 = 34533449728 (0x80a5aa000)
mmap(0x80a5aa000,28672,PROT_READ,MAP_PRIVATE|MAP_FIXED|MAP_NOCORE|MAP_PREFAULT_READ,3,0x0) = 34533449728 (0x80a5aa000)
mmap(0x80a5b1000,49152,PROT_READ|PROT_EXEC,MAP_PRIVATE|MAP_FIXED|MAP_NOCORE|MAP_PREFAULT_READ,3,0x6000) = 34533478400 (0x80a5b1000)
mmap(0x80a5bd000,8192,PROT_READ|PROT_WRITE,MAP_PRIVATE|MAP_FIXED|MAP_PREFAULT_READ,3,0x11000) = 34533527552 (0x80a5bd000)
mmap(0x80a5bf000,4096,PROT_READ|PROT_WRITE,MAP_PRIVATE|MAP_FIXED|MAP_PREFAULT_READ,3,0x12000) = 34533535744 (0x80a5bf000)
munmap(0x801197000,4096)			 = 0 (0x0)
close(3)					 = 0 (0x0)
open("/usr/local/lib/libnettle.so.8",O_RDONLY|O_CLOEXEC|O_VERIFY,012421247000) = 3 (0x3)
fstat(3,{ mode=-rwxr-xr-x ,inode=198286,size=288048,blksize=131072 }) = 0 (0x0)
fstatfs(3,{ fstypename=zfs,mntonname=/,mntfromname=zroot/ROOT/default,fsid= }) = 0 (0x0)
mmap(0x0,4096,PROT_READ,MAP_PRIVATE|MAP_PREFAULT_READ,3,0x0) = 34378182656 (0x801197000)
mmap(0x0,299008,PROT_NONE,MAP_GUARD,-1,0x0)	 = 34533539840 (0x80a5c0000)
mmap(0x80a5c0000,139264,PROT_READ,MAP_PRIVATE|MAP_FIXED|MAP_NOCORE|MAP_PREFAULT_READ,3,0x0) = 34533539840 (0x80a5c0000)
mmap(0x80a5e2000,147456,PROT_READ|PROT_EXEC,MAP_PRIVATE|MAP_FIXED|MAP_NOCORE|MAP_PREFAULT_READ,3,0x21000) = 34533679104 (0x80a5e2000)
mmap(0x80a606000,8192,PROT_READ|PROT_WRITE,MAP_PRIVATE|MAP_FIXED|MAP_PREFAULT_READ,3,0x44000) = 34533826560 (0x80a606000)
mmap(0x80a608000,4096,PROT_READ|PROT_WRITE,MAP_PRIVATE|MAP_FIXED|MAP_PREFAULT_READ,3,0x45000) = 34533834752 (0x80a608000)
munmap(0x801197000,4096)			 = 0 (0x0)
close(3)					 = 0 (0x0)
open("/usr/local/lib/libhogweed.so.6",O_RDONLY|O_CLOEXEC|O_VERIFY,023644000) = 3 (0x3)
fstat(3,{ mode=-rwxr-xr-x ,inode=197606,size=288184,blksize=131072 }) = 0 (0x0)
fstatfs(3,{ fstypename=zfs,mntonname=/,mntfromname=zroot/ROOT/default,fsid= }) = 0 (0x0)
mmap(0x0,4096,PROT_READ,MAP_PRIVATE|MAP_PREFAULT_READ,3,0x0) = 34378182656 (0x801197000)
mmap(0x0,299008,PROT_NONE,MAP_GUARD,-1,0x0)	 = 34533838848 (0x80a609000)
mmap(0x80a609000,204800,PROT_READ,MAP_PRIVATE|MAP_FIXED|MAP_NOCORE|MAP_PREFAULT_READ,3,0x0) = 34533838848 (0x80a609000)
mmap(0x80a63b000,81920,PROT_READ|PROT_EXEC,MAP_PRIVATE|MAP_FIXED|MAP_NOCORE|MAP_PREFAULT_READ,3,0x31000) = 34534043648 (0x80a63b000)
mmap(0x80a64f000,8192,PROT_READ|PROT_WRITE,MAP_PRIVATE|MAP_FIXED|MAP_PREFAULT_READ,3,0x44000) = 34534125568 (0x80a64f000)
mmap(0x80a651000,4096,PROT_READ|PROT_WRITE,MAP_PRIVATE|MAP_FIXED|MAP_PREFAULT_READ,3,0x45000) = 34534133760 (0x80a651000)
munmap(0x801197000,4096)			 = 0 (0x0)
close(3)					 = 0 (0x0)
open("/lib/libXext.so.6",O_RDONLY|O_CLOEXEC|O_VERIFY,00) ERR#2 'No such file or directory'
open("/usr/lib/libXext.so.6",O_RDONLY|O_CLOEXEC|O_VERIFY,00) ERR#2 'No such file or directory'
open("/usr/lib/compat/libXext.so.6",O_RDONLY|O_CLOEXEC|O_VERIFY,00) ERR#2 'No such file or directory'
open("/usr/local/lib/libXext.so.6",O_RDONLY|O_CLOEXEC|O_VERIFY,00) = 3 (0x3)
fstat(3,{ mode=-rwxr-xr-x ,inode=217315,size=73376,blksize=73728 }) = 0 (0x0)
fstatfs(3,{ fstypename=zfs,mntonname=/,mntfromname=zroot/ROOT/default,fsid= }) = 0 (0x0)
mmap(0x0,4096,PROT_READ,MAP_PRIVATE|MAP_PREFAULT_READ,3,0x0) = 34378182656 (0x801197000)
mmap(0x0,86016,PROT_NONE,MAP_GUARD,-1,0x0)	 = 34534137856 (0x80a652000)
mmap(0x80a652000,24576,PROT_READ,MAP_PRIVATE|MAP_FIXED|MAP_NOCORE|MAP_PREFAULT_READ,3,0x0) = 34534137856 (0x80a652000)
mmap(0x80a658000,49152,PROT_READ|PROT_EXEC,MAP_PRIVATE|MAP_FIXED|MAP_NOCORE|MAP_PREFAULT_READ,3,0x5000) = 34534162432 (0x80a658000)
mmap(0x80a664000,4096,PROT_READ|PROT_WRITE,MAP_PRIVATE|MAP_FIXED|MAP_PREFAULT_READ,3,0x10000) = 34534211584 (0x80a664000)
mmap(0x80a665000,8192,PROT_READ|PROT_WRITE,MAP_PRIVATE|MAP_FIXED|MAP_PREFAULT_READ,3,0x10000) = 34534215680 (0x80a665000)
munmap(0x801197000,4096)			 = 0 (0x0)
close(3)					 = 0 (0x0)
open("/lib/libmd.so.6",O_RDONLY|O_CLOEXEC|O_VERIFY,00) = 3 (0x3)
fstat(3,{ mode=-r--r--r-- ,inode=301055,size=110288,blksize=110592 }) = 0 (0x0)
fstatfs(3,{ fstypename=zfs,mntonname=/,mntfromname=zroot/ROOT/default,fsid= }) = 0 (0x0)
mmap(0x0,4096,PROT_READ,MAP_PRIVATE|MAP_PREFAULT_READ,3,0x0) = 34378182656 (0x801197000)
mmap(0x0,122880,PROT_NONE,MAP_GUARD,-1,0x0)	 = 34534223872 (0x80a667000)
mmap(0x80a667000,32768,PROT_READ,MAP_PRIVATE|MAP_FIXED|MAP_NOCORE|MAP_PREFAULT_READ,3,0x0) = 34534223872 (0x80a667000)
mmap(0x80a66f000,81920,PROT_READ|PROT_EXEC,MAP_PRIVATE|MAP_FIXED|MAP_NOCORE|MAP_PREFAULT_READ,3,0x7000) = 34534256640 (0x80a66f000)
mmap(0x80a683000,4096,PROT_READ|PROT_WRITE,MAP_PRIVATE|MAP_FIXED|MAP_PREFAULT_READ,3,0x1a000) = 34534338560 (0x80a683000)
mmap(0x80a684000,4096,PROT_READ|PROT_WRITE,MAP_PRIVATE|MAP_FIXED|MAP_PREFAULT_READ,3,0x1a000) = 34534342656 (0x80a684000)
munmap(0x801197000,4096)			 = 0 (0x0)
close(3)					 = 0 (0x0)
open("/lib/libogg.so.0",O_RDONLY|O_CLOEXEC|O_VERIFY,014232266000) ERR#2 'No such file or directory'
open("/usr/lib/libogg.so.0",O_RDONLY|O_CLOEXEC|O_VERIFY,014232266000) ERR#2 'No such file or directory'
open("/usr/lib/compat/libogg.so.0",O_RDONLY|O_CLOEXEC|O_VERIFY,014232266000) ERR#2 'No such file or directory'
open("/usr/local/lib/libogg.so.0",O_RDONLY|O_CLOEXEC|O_VERIFY,014232266000) = 3 (0x3)
fstat(3,{ mode=-rwxr-xr-x ,inode=197952,size=31728,blksize=31744 }) = 0 (0x0)
fstatfs(3,{ fstypename=zfs,mntonname=/,mntfromname=zroot/ROOT/default,fsid= }) = 0 (0x0)
mmap(0x0,4096,PROT_READ,MAP_PRIVATE|MAP_PREFAULT_READ,3,0x0) = 34378182656 (0x801197000)
mmap(0x0,45056,PROT_NONE,MAP_GUARD,-1,0x0)	 = 34534346752 (0x80a685000)
mmap(0x80a685000,20480,PROT_READ,MAP_PRIVATE|MAP_FIXED|MAP_NOCORE|MAP_PREFAULT_READ,3,0x0) = 34534346752 (0x80a685000)
mmap(0x80a68a000,16384,PROT_READ|PROT_EXEC,MAP_PRIVATE|MAP_FIXED|MAP_NOCORE|MAP_PREFAULT_READ,3,0x4000) = 34534367232 (0x80a68a000)
mmap(0x80a68e000,4096,PROT_READ|PROT_WRITE,MAP_PRIVATE|MAP_FIXED|MAP_PREFAULT_READ,3,0x7000) = 34534383616 (0x80a68e000)
mmap(0x80a68f000,4096,PROT_READ|PROT_WRITE,MAP_PRIVATE|MAP_FIXED|MAP_PREFAULT_READ,3,0x7000) = 34534387712 (0x80a68f000)
munmap(0x801197000,4096)			 = 0 (0x0)
close(3)					 = 0 (0x0)
open("/lib/libffi.so.7",O_RDONLY|O_CLOEXEC|O_VERIFY,00) ERR#2 'No such file or directory'
open("/usr/lib/libffi.so.7",O_RDONLY|O_CLOEXEC|O_VERIFY,00) ERR#2 'No such file or directory'
open("/usr/lib/compat/libffi.so.7",O_RDONLY|O_CLOEXEC|O_VERIFY,00) ERR#2 'No such file or directory'
open("/usr/local/lib/libffi.so.7",O_RDONLY|O_CLOEXEC|O_VERIFY,00) = 3 (0x3)
fstat(3,{ mode=-rwxr-xr-x ,inode=218079,size=31704,blksize=31744 }) = 0 (0x0)
fstatfs(3,{ fstypename=zfs,mntonname=/,mntfromname=zroot/ROOT/default,fsid= }) = 0 (0x0)
mmap(0x0,4096,PROT_READ,MAP_PRIVATE|MAP_PREFAULT_READ,3,0x0) = 34378182656 (0x801197000)
mmap(0x0,45056,PROT_NONE,MAP_GUARD,-1,0x0)	 = 34534391808 (0x80a690000)
mmap(0x80a690000,12288,PROT_READ,MAP_PRIVATE|MAP_FIXED|MAP_NOCORE|MAP_PREFAULT_READ,3,0x0) = 34534391808 (0x80a690000)
mmap(0x80a693000,20480,PROT_READ|PROT_EXEC,MAP_PRIVATE|MAP_FIXED|MAP_NOCORE|MAP_PREFAULT_READ,3,0x2000) = 34534404096 (0x80a693000)
mmap(0x80a698000,8192,PROT_READ|PROT_WRITE,MAP_PRIVATE|MAP_FIXED|MAP_PREFAULT_READ,3,0x6000) = 34534424576 (0x80a698000)
mmap(0x80a69a000,4096,PROT_READ|PROT_WRITE,MAP_PRIVATE|MAP_FIXED|MAP_PREFAULT_READ,3,0x7000) = 34534432768 (0x80a69a000)
munmap(0x801197000,4096)			 = 0 (0x0)
close(3)					 = 0 (0x0)
munmap(0x8085bd000,57344)			 = 0 (0x0)
mmap(0x0,196608,PROT_READ|PROT_WRITE,MAP_PRIVATE|MAP_ANON,-1,0x0) = 34534436864 (0x80a69b000)
mprotect(0x801949000,106496,PROT_READ)		 = 0 (0x0)
mmap(0x0,147456,PROT_READ|PROT_WRITE,MAP_PRIVATE|MAP_ANON,-1,0x0) = 34534633472 (0x80a6cb000)
mprotect(0x8019b6000,4096,PROT_READ)		 = 0 (0x0)
mprotect(0x801a87000,57344,PROT_READ)		 = 0 (0x0)
mprotect(0x80227b000,94208,PROT_READ)		 = 0 (0x0)
mprotect(0x80247c000,12288,PROT_READ)		 = 0 (0x0)
mprotect(0x801b98000,8192,PROT_READ)		 = 0 (0x0)
munmap(0x80a6cf000,131072)			 = 0 (0x0)
mmap(0x0,393216,PROT_READ|PROT_WRITE,MAP_PRIVATE|MAP_ANON,-1,0x0) = 34534649856 (0x80a6cf000)
mprotect(0x802b46000,294912,PROT_READ)		 = 0 (0x0)
mprotect(0x801bbb000,4096,PROT_READ)		 = 0 (0x0)
mprotect(0x801bc9000,4096,PROT_READ)		 = 0 (0x0)
mprotect(0x8025b6000,32768,PROT_READ)		 = 0 (0x0)
mprotect(0x802e58000,172032,PROT_READ)		 = 0 (0x0)
mprotect(0x801bfa000,4096,PROT_READ)		 = 0 (0x0)
mprotect(0x802ee1000,8192,PROT_READ)		 = 0 (0x0)
mprotect(0x80364e000,180224,PROT_READ)		 = 0 (0x0)
mprotect(0x8025c9000,4096,PROT_READ)		 = 0 (0x0)
mprotect(0x803ccf000,73728,PROT_READ)		 = 0 (0x0)
mprotect(0x803e98000,24576,PROT_READ)		 = 0 (0x0)
mprotect(0x802f69000,4096,PROT_READ)		 = 0 (0x0)
mprotect(0x804513000,49152,PROT_READ)		 = 0 (0x0)
mprotect(0x802fed000,53248,PROT_READ)		 = 0 (0x0)
mprotect(0x804789000,118784,PROT_READ)		 = 0 (0x0)
mprotect(0x804846000,45056,PROT_READ)		 = 0 (0x0)
mprotect(0x805acd000,262144,PROT_READ)		 = 0 (0x0)
mprotect(0x803f60000,4096,PROT_READ)		 = 0 (0x0)
mprotect(0x8061d6000,20480,PROT_READ)		 = 0 (0x0)
mprotect(0x8025e9000,4096,PROT_READ)		 = 0 (0x0)
mprotect(0x8063b5000,36864,PROT_READ)		 = 0 (0x0)
mprotect(0x803fd0000,4096,PROT_READ)		 = 0 (0x0)
mprotect(0x806653000,4096,PROT_READ)		 = 0 (0x0)
mprotect(0x806685000,8192,PROT_READ)		 = 0 (0x0)
mprotect(0x806704000,4096,PROT_READ)		 = 0 (0x0)
mprotect(0x803ff8000,4096,PROT_READ)		 = 0 (0x0)
mprotect(0x804beb000,4096,PROT_READ)		 = 0 (0x0)
mprotect(0x804bf4000,4096,PROT_READ)		 = 0 (0x0)
mprotect(0x80683e000,4096,PROT_READ)		 = 0 (0x0)
mprotect(0x806896000,4096,PROT_READ)		 = 0 (0x0)
mprotect(0x806bf9000,61440,PROT_READ)		 = 0 (0x0)
mprotect(0x806e07000,73728,PROT_READ)		 = 0 (0x0)
mprotect(0x80714e000,4096,PROT_READ)		 = 0 (0x0)
mprotect(0x8071e5000,110592,PROT_READ)		 = 0 (0x0)
mprotect(0x8073cb000,32768,PROT_READ)		 = 0 (0x0)
mprotect(0x80761e000,57344,PROT_READ)		 = 0 (0x0)
mprotect(0x807661000,4096,PROT_READ)		 = 0 (0x0)
mprotect(0x8077af000,4096,PROT_READ)		 = 0 (0x0)
mprotect(0x8077ee000,4096,PROT_READ)		 = 0 (0x0)
mprotect(0x807b08000,8192,PROT_READ)		 = 0 (0x0)
mprotect(0x807b3d000,4096,PROT_READ)		 = 0 (0x0)
mprotect(0x80844d000,65536,PROT_READ)		 = 0 (0x0)
mprotect(0x808504000,4096,PROT_READ)		 = 0 (0x0)
mprotect(0x8085a7000,4096,PROT_READ)		 = 0 (0x0)
mprotect(0x8086d8000,90112,PROT_READ)		 = 0 (0x0)
mprotect(0x8088e2000,8192,PROT_READ)		 = 0 (0x0)
mprotect(0x809d28000,12288,PROT_READ)		 = 0 (0x0)
mprotect(0x809df7000,4096,PROT_READ)		 = 0 (0x0)
mprotect(0x809f0e000,4096,PROT_READ)		 = 0 (0x0)
mprotect(0x809f84000,4096,PROT_READ)		 = 0 (0x0)
mprotect(0x80a005000,4096,PROT_READ)		 = 0 (0x0)
mprotect(0x80a0c8000,24576,PROT_READ)		 = 0 (0x0)
mprotect(0x80a0f9000,4096,PROT_READ)		 = 0 (0x0)
mprotect(0x80a19e000,4096,PROT_READ)		 = 0 (0x0)
mprotect(0x80a1ac000,4096,PROT_READ)		 = 0 (0x0)
mprotect(0x80a2aa000,8192,PROT_READ)		 = 0 (0x0)
mprotect(0x80a3c0000,36864,PROT_READ)		 = 0 (0x0)
mprotect(0x80a5a5000,8192,PROT_READ)		 = 0 (0x0)
mprotect(0x80a5bd000,4096,PROT_READ)		 = 0 (0x0)
mprotect(0x80a606000,4096,PROT_READ)		 = 0 (0x0)
mprotect(0x80a64f000,4096,PROT_READ)		 = 0 (0x0)
mprotect(0x80a698000,4096,PROT_READ)		 = 0 (0x0)
mprotect(0x8063b5000,36864,PROT_READ|PROT_WRITE) = 0 (0x0)
mprotect(0x8063b5000,36864,PROT_READ)		 = 0 (0x0)
readlink("/etc/malloc.conf",0x7fffffffd280,1024) ERR#2 'No such file or directory'
issetugid()					 = 0 (0x0)
__sysctl("vm.overcommit",2,0x7fffffffb80c,0x7fffffffb800,0x0,0) = 0 (0x0)
mmap(0x0,2097152,PROT_READ|PROT_WRITE,MAP_PRIVATE|MAP_ANON|MAP_ALIGNED(21),-1,0x0) = 34535899136 (0x80a800000)
mmap(0x0,2097152,PROT_READ|PROT_WRITE,MAP_PRIVATE|MAP_ANON|MAP_ALIGNED(12),-1,0x0) = 34537996288 (0x80aa00000)
mmap(0x0,4194304,PROT_READ|PROT_WRITE,MAP_PRIVATE|MAP_ANON|MAP_ALIGNED(21),-1,0x0) = 34540093440 (0x80ac00000)
__sysctl("kern.usrstack",2,0x801afd308,0x7fffffffd538,0x0,0) = 0 (0x0)
getrlimit(RLIMIT_STACK,{ cur=536870912,max=536870912 }) = 0 (0x0)
thr_self(0x80aa12000)				 = 0 (0x0)
mmap(0x7fffdfffe000,4096,PROT_NONE,MAP_ANON,-1,0x0) = 140736951476224 (0x7fffdfffe000)
rtprio_thread(RTP_LOOKUP,199001,0x7fffffffd4f8)	 = 0 (0x0)
sigaction(SIGTHR,{ 0x801af53c0 SA_SIGINFO ss_t },0x0) = 0 (0x0)
sigprocmask(SIG_UNBLOCK,{ },0x0)		 = 0 (0x0)
_umtx_op(0x7fffffffd4f0,UMTX_OP_WAKE,0x1,0x0,0x0) = 0 (0x0)
mprotect(0x0,0,PROT_NONE)			 = 0 (0x0)
getpid()					 = 19015 (0x4a47)
getpid()					 = 19015 (0x4a47)
sigprocmask(SIG_BLOCK,{ SIGHUP|SIGINT|SIGQUIT|SIGILL|SIGTRAP|SIGABRT|SIGEMT|SIGFPE|SIGKILL|SIGBUS|SIGSEGV|SIGSYS|SIGPIPE|SIGALRM|SIGTERM|SIGURG|SIGSTOP|SIGTSTP|SIGCONT|SIGCHLD|SIGTTIN|SIGTTOU|SIGIO|SIGXCPU|SIGXFSZ|SIGVTALRM|SIGPROF|SIGWINCH|SIGINFO|SIGUSR1|SIGUSR2 },{ }) = 0 (0x0)
sigfastblock(0x3,0x0)				 = 0 (0x0)
sigprocmask(SIG_SETMASK,{ },0x0)		 = 0 (0x0)
sigfastblock(0x1,0x80aa12038)			 = 0 (0x0)
getcontext(0x7fffffffcfe0)			 = 0 (0x0)
sysarch(AMD64_GET_XFPUSTATE,0x7fffffffcfa8)	 = 0 (0x0)
mmap(0x0,135168,PROT_READ|PROT_WRITE,MAP_PRIVATE|MAP_ANON,-1,0x0) = 34535043072 (0x80a72f000)
getresuid(0x7fffffffd68c,0x7fffffffd688,0x7fffffffd684) = 0 (0x0)
getresgid(0x7fffffffd680,0x7fffffffd67c,0x7fffffffd678) = 0 (0x0)
issetugid()					 = 0 (0x0)
issetugid()					 = 0 (0x0)
getpid()					 = 19015 (0x4a47)
issetugid()					 = 0 (0x0)
issetugid()					 = 0 (0x0)
issetugid()					 = 0 (0x0)
fstatat(AT_FDCWD,"/usr/local/etc/gnutls/default-priorities",0x7fffffffd5b0,0x0) ERR#2 'No such file or directory'
fstatat(AT_FDCWD,"/usr/local/share/icu/70.1/icudt70l/cnvalias.icu",0x7fffffffcfd0,0x0) ERR#2 'No such file or directory'
fstatat(AT_FDCWD,"/usr/local/share/icu/70.1/icudt70l.dat",{ mode=-rwxr-xr-x ,inode=34221,size=29466000,blksize=131072 },0x0) = 0 (0x0)
openat(AT_FDCWD,"/usr/local/share/icu/70.1/icudt70l.dat",O_RDONLY,00) = 3 (0x3)
mmap(0x0,29466000,PROT_READ,MAP_SHARED,3,0x0)	 = 34544287744 (0x80b000000)
close(3)					 = 0 (0x0)
mprotect(0x1137000,131072,PROT_READ)		 = 0 (0x0)
sigprocmask(SIG_UNBLOCK,{ SIGUSR1|SIGUSR2 },0x0) = 0 (0x0)
sigprocmask(SIG_SETMASK,{ SIGHUP|SIGINT|SIGQUIT|SIGILL|SIGTRAP|SIGABRT|SIGEMT|SIGFPE|SIGKILL|SIGBUS|SIGSEGV|SIGSYS|SIGPIPE|SIGALRM|SIGTERM|SIGURG|SIGSTOP|SIGTSTP|SIGCONT|SIGCHLD|SIGTTIN|SIGTTOU|SIGIO|SIGXCPU|SIGXFSZ|SIGVTALRM|SIGPROF|SIGWINCH|SIGINFO|SIGUSR1|SIGUSR2 },{ }) = 0 (0x0)
sigaction(SIGUSR1,{ 0x801af5270 SA_RESTART|SA_SIGINFO ss_t },{ SIG_DFL SA_RESTART ss_t }) = 0 (0x0)
sigprocmask(SIG_SETMASK,{ },0x0)		 = 0 (0x0)
sigprocmask(SIG_BLOCK,{ SIGUSR2 },0x0)		 = 0 (0x0)
open("/lib/libcrypto.so.111",O_RDONLY|O_CLOEXEC|O_VERIFY,00) = 3 (0x3)
fstat(3,{ mode=-r--r--r-- ,inode=300463,size=3074304,blksize=131072 }) = 0 (0x0)
close(3)					 = 0 (0x0)
openat(AT_FDCWD,"/dev/crypto",O_RDWR,00)	 ERR#2 'No such file or directory'
fstatat(AT_FDCWD,"/usr/share/nls/C/libc.cat",0x7fffffffda90,0x0) ERR#2 'No such file or directory'
fstatat(AT_FDCWD,"/usr/share/nls/libc/C",0x7fffffffda90,0x0) ERR#2 'No such file or directory'
fstatat(AT_FDCWD,"/usr/local/share/nls/C/libc.cat",0x7fffffffda90,0x0) ERR#2 'No such file or directory'
fstatat(AT_FDCWD,"/usr/local/share/nls/libc/C",0x7fffffffda90,0x0) ERR#2 'No such file or directory'
issetugid()					 = 0 (0x0)
open("/etc/ssl/openssl.cnf",O_RDONLY,0666)	 = 3 (0x3)
fstat(3,{ mode=-rw-r--r-- ,inode=301457,size=10921,blksize=11264 }) = 0 (0x0)
read(3,"# $FreeBSD$\n#\n# OpenSSL exampl"...,11264) = 10921 (0x2aa9)
read(3,0x80aafd000,11264)			 = 0 (0x0)
close(3)					 = 0 (0x0)
open("/usr/lib/libssl.so.111",O_RDONLY|O_CLOEXEC|O_VERIFY,00) = 3 (0x3)
fstat(3,{ mode=-r--r--r-- ,inode=300885,size=612816,blksize=131072 }) = 0 (0x0)
close(3)					 = 0 (0x0)
getpid()					 = 19015 (0x4a47)
getrandom("\M-z\M-.(\M-=Q\M-[\^[\M^I\M-T\^D"...,32,0) = 32 (0x20)
getpid()					 = 19015 (0x4a47)
fstatat(AT_FDCWD,"/opt/mega/plugins",0x7fffffffde90,0x0) ERR#2 'No such file or directory'
openat(AT_FDCWD,"/etc/os-release",O_RDONLY|O_CLOEXEC,00) = 3 (0x3)
fstat(3,{ mode=-r--r--r-- ,inode=426115,size=292,blksize=4096 }) = 0 (0x0)
read(3,"NAME="GhostBSD"\nVERSION="21.11."...,292) = 292 (0x124)
close(3)					 = 0 (0x0)
pipe2(0x80ab29100,O_CLOEXEC)			 = 0 (0x0)
pipe2(0x80ab29128,O_CLOEXEC)			 = 0 (0x0)
pipe2(0x80ab29150,O_CLOEXEC)			 = 0 (0x0)
pipe2(0x80ab29178,O_CLOEXEC)			 = 0 (0x0)
__getcwd("/usr/home/shuryanc/megasync3/MEGAsync/src/MEGASync",1024) = 0 (0x0)
fstatat(AT_FDCWD,"/sbin/bash",0x7fffffffda60,0x0) ERR#2 'No such file or directory'
fstatat(AT_FDCWD,"/bin/bash",0x7fffffffda60,0x0) ERR#2 'No such file or directory'
fstatat(AT_FDCWD,"/usr/sbin/bash",0x7fffffffda60,0x0) ERR#2 'No such file or directory'
fstatat(AT_FDCWD,"/usr/bin/bash",0x7fffffffda60,0x0) ERR#2 'No such file or directory'
fstatat(AT_FDCWD,"/usr/local/sbin/bash",0x7fffffffda60,0x0) ERR#2 'No such file or directory'
fstatat(AT_FDCWD,"/usr/local/bin/bash",{ mode=-rwxr-xr-x ,inode=344295,size=940392,blksize=131072 },0x0) = 0 (0x0)
access("/usr/local/bin/bash",X_OK)		 = 0 (0x0)
pdfork(0x7fffffffdc38,0x1)			 = 19018 (0x4a4a)
fcntl(11,F_SETFD,FD_CLOEXEC)			 = 0 (0x0)
close(10)					 = 0 (0x0)
close(3)					 = 0 (0x0)
fcntl(4,F_GETFL,)				 = 2 (0x2)
fcntl(4,F_SETFL,O_RDWR|O_NONBLOCK)		 = 0 (0x0)
close(6)					 = 0 (0x0)
fcntl(5,F_GETFL,)				 = 2 (0x2)
fcntl(5,F_SETFL,O_RDWR|O_NONBLOCK)		 = 0 (0x0)
close(8)					 = 0 (0x0)
fcntl(7,F_GETFL,)				 = 2 (0x2)
fcntl(7,F_SETFL,O_RDWR|O_NONBLOCK)		 = 0 (0x0)
ppoll(0x7fffffffdd50,0x1,0x7fffffffdd00,0x0)	 = 1 (0x1)
read(9,0x7fffffffdc80,12)			 = 0 (0x0)
close(9)					 = 0 (0x0)
ppoll(0x7fffffffdd20,0x4,0x7fffffffdcb0,0x0)	 = 1 (0x1)
ioctl(5,FIONREAD,0x7fffffffdc54)		 = 0 (0x0)
read(5,"92\n",3)				 = 3 (0x3)
ppoll(0x7fffffffdd20,0x4,0x7fffffffdcb0,0x0)	 = 3 (0x3)
ioctl(5,FIONREAD,0x7fffffffdc54)		 = 0 (0x0)
read(5,0x80aa8a41b,1)				 = 0 (0x0)
close(5)					 = 0 (0x0)
ioctl(7,FIONREAD,0x7fffffffdc54)		 = 0 (0x0)
read(7,0x80aa8b818,1)				 = 0 (0x0)
close(7)					 = 0 (0x0)
pdgetpid(0xb,0x7fffffffdb70)			 = 0 (0x0)
fcntl(11,F_GETFL,)				 = 2 (0x2)
wait4(19018,{ EXITED,val=0 },WEXITED,0x0)	 = 19018 (0x4a4a)
close(11)					 = 0 (0x0)
close(4)					 = 0 (0x0)
geteuid()					 = 1002 (0x3ea)
getuid()					 = 1002 (0x3ea)
open("/usr/share/locale/en_US.UTF-8/LC_COLLATE",O_RDONLY|O_CLOEXEC,050) = 3 (0x3)
fstat(3,{ mode=-r--r--r-- ,inode=310458,size=79692,blksize=79872 }) = 0 (0x0)
mmap(0x0,79692,PROT_READ,MAP_PRIVATE,3,0x0)	 = 34535178240 (0x80a750000)
close(3)					 = 0 (0x0)
open("/usr/share/locale/en_US.UTF-8/LC_CTYPE",O_RDONLY|O_CLOEXEC,046) = 3 (0x3)
fstat(3,{ mode=-r--r--r-- ,inode=311552,size=51056,blksize=51200 }) = 0 (0x0)
mmap(0x0,51056,PROT_READ,MAP_PRIVATE,3,0x0)	 = 34499973120 (0x8085bd000)
close(3)					 = 0 (0x0)
munmap(0x8085bd000,51056)			 = 0 (0x0)
open("/usr/share/locale/en_US.UTF-8/LC_MONETARY",O_RDONLY|O_CLOEXEC,014335262400) = 3 (0x3)
fstat(3,{ mode=-r--r--r-- ,inode=310040,size=32,blksize=4096 }) = 0 (0x0)
read(3,"USD \n$\n.\n,\n3\n\n-\n2\n2\n1\n"...,32) = 32 (0x20)
close(3)					 = 0 (0x0)
open("/usr/share/locale/en_US.UTF-8/LC_NUMERIC",O_RDONLY|O_CLOEXEC,00) = 3 (0x3)
fstat(3,{ mode=-r--r--r-- ,inode=310457,size=6,blksize=4096 }) = 0 (0x0)
read(3,".\n,\n3\n",6)				 = 6 (0x6)
close(3)					 = 0 (0x0)
open("/usr/share/locale/en_US.UTF-8/LC_TIME",O_RDONLY|O_CLOEXEC,00) = 3 (0x3)
fstat(3,{ mode=-r--r--r-- ,inode=311112,size=377,blksize=4096 }) = 0 (0x0)
read(3,"Jan\nFeb\nMar\nApr\nMay\nJun\nJu"...,377) = 377 (0x179)
close(3)					 = 0 (0x0)
open("/usr/share/locale/en_US.UTF-8/LC_MESSAGES",O_RDONLY|O_CLOEXEC,011320443400) = 3 (0x3)
fstat(3,{ mode=-r--r--r-- ,inode=310041,size=74,blksize=4096 }) = 0 (0x0)
read(3,"^(([yY]([eE][sS])?)|([yY]))\n^(("...,74) = 74 (0x4a)
close(3)					 = 0 (0x0)
access("./qt.conf",F_OK)			 ERR#2 'No such file or directory'
openat(AT_FDCWD,"/usr/local/share/qt5/qtlogging.ini",O_RDONLY|O_CLOEXEC,00) ERR#2 'No such file or directory'
fstatat(AT_FDCWD,"/home/shuryanc/.config/QtProject/qtlogging.ini",0x7fffffffd820,0x0) ERR#2 'No such file or directory'
fstatat(AT_FDCWD,"/etc/xdg/QtProject/qtlogging.ini",0x7fffffffd820,0x0) ERR#2 'No such file or directory'
access("/usr/local/lib/qt5/plugins",F_OK)	 = 0 (0x0)
fstatat(AT_FDCWD,"/usr",{ mode=drwxr-xr-x ,inode=128,size=15,blksize=4096 },AT_SYMLINK_NOFOLLOW) = 0 (0x0)
fstatat(AT_FDCWD,"/usr/local",{ mode=drwxr-xr-x ,inode=2498,size=18,blksize=4096 },AT_SYMLINK_NOFOLLOW) = 0 (0x0)
fstatat(AT_FDCWD,"/usr/local/lib",{ mode=drwxr-xr-x ,inode=196131,size=2696,blksize=16384 },AT_SYMLINK_NOFOLLOW) = 0 (0x0)
fstatat(AT_FDCWD,"/usr/local/lib/qt5",{ mode=drwxr-xr-x ,inode=199960,size=439,blksize=16384 },AT_SYMLINK_NOFOLLOW) = 0 (0x0)
fstatat(AT_FDCWD,"/usr/local/lib/qt5/plugins",{ mode=drwxr-xr-x ,inode=199965,size=30,blksize=4096 },AT_SYMLINK_NOFOLLOW) = 0 (0x0)
__getcwd("/usr/home/shuryanc/megasync3/MEGAsync/src/MEGASync",1024) = 0 (0x0)
fstatat(AT_FDCWD,"/usr",{ mode=drwxr-xr-x ,inode=128,size=15,blksize=4096 },AT_SYMLINK_NOFOLLOW) = 0 (0x0)
fstatat(AT_FDCWD,"/usr/home",{ mode=drwxr-xr-x ,inode=34,size=3,blksize=4096 },AT_SYMLINK_NOFOLLOW) = 0 (0x0)
fstatat(AT_FDCWD,"/usr/home/shuryanc",{ mode=drwxr-xr-x ,inode=2,size=49,blksize=4096 },AT_SYMLINK_NOFOLLOW) = 0 (0x0)
fstatat(AT_FDCWD,"/usr/home/shuryanc/megasync3",{ mode=drwxr-xr-x ,inode=113990,size=3,blksize=4096 },AT_SYMLINK_NOFOLLOW) = 0 (0x0)
fstatat(AT_FDCWD,"/usr/home/shuryanc/megasync3/MEGAsync",{ mode=drwxr-xr-x ,inode=114016,size=20,blksize=4096 },AT_SYMLINK_NOFOLLOW) = 0 (0x0)
fstatat(AT_FDCWD,"/usr/home/shuryanc/megasync3/MEGAsync/src",{ mode=drwxr-xr-x ,inode=114861,size=21,blksize=4096 },AT_SYMLINK_NOFOLLOW) = 0 (0x0)
fstatat(AT_FDCWD,"/usr/home/shuryanc/megasync3/MEGAsync/src/MEGASync",{ mode=drwxr-xr-x ,inode=115129,size=464,blksize=29696 },AT_SYMLINK_NOFOLLOW) = 0 (0x0)
access("/usr/home/shuryanc/megasync3/MEGAsync/src/MEGASync",F_OK) = 0 (0x0)
access("/usr/local/lib/qt5/plugins/platforms/.",F_OK) = 0 (0x0)
open("/usr/local/lib/qt5/plugins/platforms",O_RDONLY|O_NONBLOCK|O_DIRECTORY|O_CLOEXEC,0155) = 3 (0x3)
fcntl(3,F_ISUNIONSTACK,0x0)			 = 0 (0x0)
getdirentries(3,"#\r\^C\0\0\0\0\0\^A\0\0\0\0\0\0"...,4096,{ 0x0 }) = 312 (0x138)
fstatat(AT_FDCWD,"/usr/local/lib/qt5/plugins/platforms/libqoffscreen.so",{ mode=-rwxr-xr-x ,inode=199974,size=178944,blksize=131072 },0x0) = 0 (0x0)
fstatat(AT_FDCWD,"/usr/local/lib/qt5/plugins/platforms/libqwebgl.so",{ mode=-rwxr-xr-x ,inode=248659,size=826624,blksize=131072 },0x0) = 0 (0x0)
fstatat(AT_FDCWD,"/usr/local/lib/qt5/plugins/platforms/libqminimal.so",{ mode=-rwxr-xr-x ,inode=199875,size=132040,blksize=131072 },0x0) = 0 (0x0)
fstatat(AT_FDCWD,"/usr/local/lib/qt5/plugins/platforms/libqbsdfb.so",{ mode=-rwxr-xr-x ,inode=199975,size=189976,blksize=131072 },0x0) = 0 (0x0)
fstatat(AT_FDCWD,"/usr/local/lib/qt5/plugins/platforms/libqxcb.so",{ mode=-rwxr-xr-x ,inode=199973,size=9440,blksize=9728 },0x0) = 0 (0x0)
fstatat(AT_FDCWD,"/usr/local/lib/qt5/plugins/platforms/libqvnc.so",{ mode=-rwxr-xr-x ,inode=199972,size=219848,blksize=131072 },0x0) = 0 (0x0)
getdirentries(3,0x80aacb000,4096,{ 0x1998c667 }) = 0 (0x0)
close(3)					 = 0 (0x0)
fstatat(AT_FDCWD,"/usr",{ mode=drwxr-xr-x ,inode=128,size=15,blksize=4096 },AT_SYMLINK_NOFOLLOW) = 0 (0x0)
fstatat(AT_FDCWD,"/usr/local",{ mode=drwxr-xr-x ,inode=2498,size=18,blksize=4096 },AT_SYMLINK_NOFOLLOW) = 0 (0x0)
fstatat(AT_FDCWD,"/usr/local/lib",{ mode=drwxr-xr-x ,inode=196131,size=2696,blksize=16384 },AT_SYMLINK_NOFOLLOW) = 0 (0x0)
fstatat(AT_FDCWD,"/usr/local/lib/qt5",{ mode=drwxr-xr-x ,inode=199960,size=439,blksize=16384 },AT_SYMLINK_NOFOLLOW) = 0 (0x0)
fstatat(AT_FDCWD,"/usr/local/lib/qt5/plugins",{ mode=drwxr-xr-x ,inode=199965,size=30,blksize=4096 },AT_SYMLINK_NOFOLLOW) = 0 (0x0)
fstatat(AT_FDCWD,"/usr/local/lib/qt5/plugins/platforms",{ mode=drwxr-xr-x ,inode=199971,size=8,blksize=4096 },AT_SYMLINK_NOFOLLOW) = 0 (0x0)
fstatat(AT_FDCWD,"/usr/local/lib/qt5/plugins/platforms/libqbsdfb.so",{ mode=-rwxr-xr-x ,inode=199975,size=189976,blksize=131072 },AT_SYMLINK_NOFOLLOW) = 0 (0x0)
openat(AT_FDCWD,"/usr/local/lib/qt5/plugins/platforms/libqbsdfb.so",O_RDONLY|O_CLOEXEC,00) = 3 (0x3)
fstat(3,{ mode=-rwxr-xr-x ,inode=199975,size=189976,blksize=131072 }) = 0 (0x0)
fstat(3,{ mode=-rwxr-xr-x ,inode=199975,size=189976,blksize=131072 }) = 0 (0x0)
mmap(0x0,189976,PROT_READ,MAP_SHARED,3,0x0)	 = 34535260160 (0x80a764000)
close(3)					 = 0 (0x0)
munmap(0x80a764000,189976)			 = 0 (0x0)
fstatat(AT_FDCWD,"/usr",{ mode=drwxr-xr-x ,inode=128,size=15,blksize=4096 },AT_SYMLINK_NOFOLLOW) = 0 (0x0)
fstatat(AT_FDCWD,"/usr/local",{ mode=drwxr-xr-x ,inode=2498,size=18,blksize=4096 },AT_SYMLINK_NOFOLLOW) = 0 (0x0)
fstatat(AT_FDCWD,"/usr/local/lib",{ mode=drwxr-xr-x ,inode=196131,size=2696,blksize=16384 },AT_SYMLINK_NOFOLLOW) = 0 (0x0)
fstatat(AT_FDCWD,"/usr/local/lib/qt5",{ mode=drwxr-xr-x ,inode=199960,size=439,blksize=16384 },AT_SYMLINK_NOFOLLOW) = 0 (0x0)
fstatat(AT_FDCWD,"/usr/local/lib/qt5/plugins",{ mode=drwxr-xr-x ,inode=199965,size=30,blksize=4096 },AT_SYMLINK_NOFOLLOW) = 0 (0x0)
fstatat(AT_FDCWD,"/usr/local/lib/qt5/plugins/platforms",{ mode=drwxr-xr-x ,inode=199971,size=8,blksize=4096 },AT_SYMLINK_NOFOLLOW) = 0 (0x0)
fstatat(AT_FDCWD,"/usr/local/lib/qt5/plugins/platforms/libqminimal.so",{ mode=-rwxr-xr-x ,inode=199875,size=132040,blksize=131072 },AT_SYMLINK_NOFOLLOW) = 0 (0x0)
openat(AT_FDCWD,"/usr/local/lib/qt5/plugins/platforms/libqminimal.so",O_RDONLY|O_CLOEXEC,00) = 3 (0x3)
fstat(3,{ mode=-rwxr-xr-x ,inode=199875,size=132040,blksize=131072 }) = 0 (0x0)
fstat(3,{ mode=-rwxr-xr-x ,inode=199875,size=132040,blksize=131072 }) = 0 (0x0)
mmap(0x0,132040,PROT_READ,MAP_SHARED,3,0x0)	 = 34535260160 (0x80a764000)
close(3)					 = 0 (0x0)
munmap(0x80a764000,132040)			 = 0 (0x0)
fstatat(AT_FDCWD,"/usr",{ mode=drwxr-xr-x ,inode=128,size=15,blksize=4096 },AT_SYMLINK_NOFOLLOW) = 0 (0x0)
fstatat(AT_FDCWD,"/usr/local",{ mode=drwxr-xr-x ,inode=2498,size=18,blksize=4096 },AT_SYMLINK_NOFOLLOW) = 0 (0x0)
fstatat(AT_FDCWD,"/usr/local/lib",{ mode=drwxr-xr-x ,inode=196131,size=2696,blksize=16384 },AT_SYMLINK_NOFOLLOW) = 0 (0x0)
fstatat(AT_FDCWD,"/usr/local/lib/qt5",{ mode=drwxr-xr-x ,inode=199960,size=439,blksize=16384 },AT_SYMLINK_NOFOLLOW) = 0 (0x0)
fstatat(AT_FDCWD,"/usr/local/lib/qt5/plugins",{ mode=drwxr-xr-x ,inode=199965,size=30,blksize=4096 },AT_SYMLINK_NOFOLLOW) = 0 (0x0)
fstatat(AT_FDCWD,"/usr/local/lib/qt5/plugins/platforms",{ mode=drwxr-xr-x ,inode=199971,size=8,blksize=4096 },AT_SYMLINK_NOFOLLOW) = 0 (0x0)
fstatat(AT_FDCWD,"/usr/local/lib/qt5/plugins/platforms/libqoffscreen.so",{ mode=-rwxr-xr-x ,inode=199974,size=178944,blksize=131072 },AT_SYMLINK_NOFOLLOW) = 0 (0x0)
openat(AT_FDCWD,"/usr/local/lib/qt5/plugins/platforms/libqoffscreen.so",O_RDONLY|O_CLOEXEC,00) = 3 (0x3)
fstat(3,{ mode=-rwxr-xr-x ,inode=199974,size=178944,blksize=131072 }) = 0 (0x0)
fstat(3,{ mode=-rwxr-xr-x ,inode=199974,size=178944,blksize=131072 }) = 0 (0x0)
mmap(0x0,178944,PROT_READ,MAP_SHARED,3,0x0)	 = 34535260160 (0x80a764000)
close(3)					 = 0 (0x0)
munmap(0x80a764000,178944)			 = 0 (0x0)
fstatat(AT_FDCWD,"/usr",{ mode=drwxr-xr-x ,inode=128,size=15,blksize=4096 },AT_SYMLINK_NOFOLLOW) = 0 (0x0)
fstatat(AT_FDCWD,"/usr/local",{ mode=drwxr-xr-x ,inode=2498,size=18,blksize=4096 },AT_SYMLINK_NOFOLLOW) = 0 (0x0)
fstatat(AT_FDCWD,"/usr/local/lib",{ mode=drwxr-xr-x ,inode=196131,size=2696,blksize=16384 },AT_SYMLINK_NOFOLLOW) = 0 (0x0)
fstatat(AT_FDCWD,"/usr/local/lib/qt5",{ mode=drwxr-xr-x ,inode=199960,size=439,blksize=16384 },AT_SYMLINK_NOFOLLOW) = 0 (0x0)
fstatat(AT_FDCWD,"/usr/local/lib/qt5/plugins",{ mode=drwxr-xr-x ,inode=199965,size=30,blksize=4096 },AT_SYMLINK_NOFOLLOW) = 0 (0x0)
fstatat(AT_FDCWD,"/usr/local/lib/qt5/plugins/platforms",{ mode=drwxr-xr-x ,inode=199971,size=8,blksize=4096 },AT_SYMLINK_NOFOLLOW) = 0 (0x0)
fstatat(AT_FDCWD,"/usr/local/lib/qt5/plugins/platforms/libqvnc.so",{ mode=-rwxr-xr-x ,inode=199972,size=219848,blksize=131072 },AT_SYMLINK_NOFOLLOW) = 0 (0x0)
openat(AT_FDCWD,"/usr/local/lib/qt5/plugins/platforms/libqvnc.so",O_RDONLY|O_CLOEXEC,00) = 3 (0x3)
fstat(3,{ mode=-rwxr-xr-x ,inode=199972,size=219848,blksize=131072 }) = 0 (0x0)
fstat(3,{ mode=-rwxr-xr-x ,inode=199972,size=219848,blksize=131072 }) = 0 (0x0)
mmap(0x0,219848,PROT_READ,MAP_SHARED,3,0x0)	 = 34535260160 (0x80a764000)
close(3)					 = 0 (0x0)
munmap(0x80a764000,219848)			 = 0 (0x0)
fstatat(AT_FDCWD,"/usr",{ mode=drwxr-xr-x ,inode=128,size=15,blksize=4096 },AT_SYMLINK_NOFOLLOW) = 0 (0x0)
fstatat(AT_FDCWD,"/usr/local",{ mode=drwxr-xr-x ,inode=2498,size=18,blksize=4096 },AT_SYMLINK_NOFOLLOW) = 0 (0x0)
fstatat(AT_FDCWD,"/usr/local/lib",{ mode=drwxr-xr-x ,inode=196131,size=2696,blksize=16384 },AT_SYMLINK_NOFOLLOW) = 0 (0x0)
fstatat(AT_FDCWD,"/usr/local/lib/qt5",{ mode=drwxr-xr-x ,inode=199960,size=439,blksize=16384 },AT_SYMLINK_NOFOLLOW) = 0 (0x0)
fstatat(AT_FDCWD,"/usr/local/lib/qt5/plugins",{ mode=drwxr-xr-x ,inode=199965,size=30,blksize=4096 },AT_SYMLINK_NOFOLLOW) = 0 (0x0)
fstatat(AT_FDCWD,"/usr/local/lib/qt5/plugins/platforms",{ mode=drwxr-xr-x ,inode=199971,size=8,blksize=4096 },AT_SYMLINK_NOFOLLOW) = 0 (0x0)
fstatat(AT_FDCWD,"/usr/local/lib/qt5/plugins/platforms/libqwebgl.so",{ mode=-rwxr-xr-x ,inode=248659,size=826624,blksize=131072 },AT_SYMLINK_NOFOLLOW) = 0 (0x0)
openat(AT_FDCWD,"/usr/local/lib/qt5/plugins/platforms/libqwebgl.so",O_RDONLY|O_CLOEXEC,00) = 3 (0x3)
fstat(3,{ mode=-rwxr-xr-x ,inode=248659,size=826624,blksize=131072 }) = 0 (0x0)
fstat(3,{ mode=-rwxr-xr-x ,inode=248659,size=826624,blksize=131072 }) = 0 (0x0)
mmap(0x0,826624,PROT_READ,MAP_SHARED,3,0x0)	 = 34573754368 (0x80cc1a000)
close(3)					 = 0 (0x0)
munmap(0x80cc1a000,826624)			 = 0 (0x0)
fstatat(AT_FDCWD,"/usr",{ mode=drwxr-xr-x ,inode=128,size=15,blksize=4096 },AT_SYMLINK_NOFOLLOW) = 0 (0x0)
fstatat(AT_FDCWD,"/usr/local",{ mode=drwxr-xr-x ,inode=2498,size=18,blksize=4096 },AT_SYMLINK_NOFOLLOW) = 0 (0x0)
fstatat(AT_FDCWD,"/usr/local/lib",{ mode=drwxr-xr-x ,inode=196131,size=2696,blksize=16384 },AT_SYMLINK_NOFOLLOW) = 0 (0x0)
fstatat(AT_FDCWD,"/usr/local/lib/qt5",{ mode=drwxr-xr-x ,inode=199960,size=439,blksize=16384 },AT_SYMLINK_NOFOLLOW) = 0 (0x0)
fstatat(AT_FDCWD,"/usr/local/lib/qt5/plugins",{ mode=drwxr-xr-x ,inode=199965,size=30,blksize=4096 },AT_SYMLINK_NOFOLLOW) = 0 (0x0)
fstatat(AT_FDCWD,"/usr/local/lib/qt5/plugins/platforms",{ mode=drwxr-xr-x ,inode=199971,size=8,blksize=4096 },AT_SYMLINK_NOFOLLOW) = 0 (0x0)
fstatat(AT_FDCWD,"/usr/local/lib/qt5/plugins/platforms/libqxcb.so",{ mode=-rwxr-xr-x ,inode=199973,size=9440,blksize=9728 },AT_SYMLINK_NOFOLLOW) = 0 (0x0)
openat(AT_FDCWD,"/usr/local/lib/qt5/plugins/platforms/libqxcb.so",O_RDONLY|O_CLOEXEC,00) = 3 (0x3)
fstat(3,{ mode=-rwxr-xr-x ,inode=199973,size=9440,blksize=9728 }) = 0 (0x0)
fstat(3,{ mode=-rwxr-xr-x ,inode=199973,size=9440,blksize=9728 }) = 0 (0x0)
mmap(0x0,9440,PROT_READ,MAP_SHARED,3,0x0)	 = 34399571968 (0x8025fd000)
close(3)					 = 0 (0x0)
munmap(0x8025fd000,9440)			 = 0 (0x0)
access("/usr/home/shuryanc/megasync3/MEGAsync/src/MEGASync/platforms/.",F_OK) ERR#2 'No such file or directory'
access("./qt.conf",F_OK)			 ERR#2 'No such file or directory'
open("/usr/local/lib/qt5/plugins/platforms/libqxcb.so",O_RDONLY|O_CLOEXEC|O_VERIFY,00) = 3 (0x3)
fstat(3,{ mode=-rwxr-xr-x ,inode=199973,size=9440,blksize=9728 }) = 0 (0x0)
fstatfs(3,{ fstypename=zfs,mntonname=/,mntfromname=zroot/ROOT/default,fsid= }) = 0 (0x0)
mmap(0x0,4096,PROT_READ,MAP_PRIVATE|MAP_PREFAULT_READ,3,0x0) = 34378182656 (0x801197000)
mmap(0x0,20480,PROT_NONE,MAP_GUARD,-1,0x0)	 = 34499973120 (0x8085bd000)
mmap(0x8085bd000,8192,PROT_READ,MAP_PRIVATE|MAP_FIXED|MAP_NOCORE|MAP_PREFAULT_READ,3,0x0) = 34499973120 (0x8085bd000)
mmap(0x8085bf000,4096,PROT_READ|PROT_EXEC,MAP_PRIVATE|MAP_FIXED|MAP_NOCORE|MAP_PREFAULT_READ,3,0x1000) = 34499981312 (0x8085bf000)
mmap(0x8085c0000,4096,PROT_READ|PROT_WRITE,MAP_PRIVATE|MAP_FIXED|MAP_PREFAULT_READ,3,0x1000) = 34499985408 (0x8085c0000)
mmap(0x8085c1000,4096,PROT_READ|PROT_WRITE,MAP_PRIVATE|MAP_FIXED|MAP_PREFAULT_READ,3,0x1000) = 34499989504 (0x8085c1000)
munmap(0x801197000,4096)			 = 0 (0x0)
close(3)					 = 0 (0x0)
open("/usr/local/lib/qt5/libQt5XcbQpa.so.5",O_RDONLY|O_CLOEXEC|O_VERIFY,035050400) = 3 (0x3)
fstat(3,{ mode=-rwxr-xr-x ,inode=200130,size=1316720,blksize=131072 }) = 0 (0x0)
fstatfs(3,{ fstypename=zfs,mntonname=/,mntfromname=zroot/ROOT/default,fsid= }) = 0 (0x0)
mmap(0x0,4096,PROT_READ,MAP_PRIVATE|MAP_PREFAULT_READ,3,0x0) = 34378182656 (0x801197000)
mmap(0x0,1335296,PROT_NONE,MAP_GUARD,-1,0x0)	 = 34573754368 (0x80cc1a000)
mmap(0x80cc1a000,573440,PROT_READ,MAP_PRIVATE|MAP_FIXED|MAP_NOCORE|MAP_PREFAULT_READ,3,0x0) = 34573754368 (0x80cc1a000)
mmap(0x80cca6000,688128,PROT_READ|PROT_EXEC,MAP_PRIVATE|MAP_FIXED|MAP_NOCORE|MAP_PREFAULT_READ,3,0x8b000) = 34574327808 (0x80cca6000)
mmap(0x80cd4e000,24576,PROT_READ|PROT_WRITE,MAP_PRIVATE|MAP_FIXED|MAP_PREFAULT_READ,3,0x132000) = 34575015936 (0x80cd4e000)
mmap(0x80cd54000,40960,PROT_READ|PROT_WRITE,MAP_PRIVATE|MAP_FIXED|MAP_PREFAULT_READ,3,0x137000) = 34575040512 (0x80cd54000)
mmap(0x80cd5e000,8192,PROT_READ|PROT_WRITE,MAP_PRIVATE|MAP_FIXED|MAP_ANON,-1,0x0) = 34575081472 (0x80cd5e000)
munmap(0x801197000,4096)			 = 0 (0x0)
close(3)					 = 0 (0x0)
open("/usr/local/lib/qt5/libfontconfig.so.1",O_RDONLY|O_CLOEXEC|O_VERIFY,014232266000) ERR#2 'No such file or directory'
open("/lib/libfontconfig.so.1",O_RDONLY|O_CLOEXEC|O_VERIFY,014232266000) ERR#2 'No such file or directory'
open("/usr/lib/libfontconfig.so.1",O_RDONLY|O_CLOEXEC|O_VERIFY,014232266000) ERR#2 'No such file or directory'
open("/usr/lib/compat/libfontconfig.so.1",O_RDONLY|O_CLOEXEC|O_VERIFY,014232266000) ERR#2 'No such file or directory'
open("/usr/local/lib/libfontconfig.so.1",O_RDONLY|O_CLOEXEC|O_VERIFY,014232266000) = 3 (0x3)
fstat(3,{ mode=-rwxr-xr-x ,inode=218094,size=304072,blksize=131072 }) = 0 (0x0)
fstatfs(3,{ fstypename=zfs,mntonname=/,mntfromname=zroot/ROOT/default,fsid= }) = 0 (0x0)
mmap(0x0,4096,PROT_READ,MAP_PRIVATE|MAP_PREFAULT_READ,3,0x0) = 34378182656 (0x801197000)
mmap(0x0,315392,PROT_NONE,MAP_GUARD,-1,0x0)	 = 34535260160 (0x80a764000)
mmap(0x80a764000,126976,PROT_READ,MAP_PRIVATE|MAP_FIXED|MAP_NOCORE|MAP_PREFAULT_READ,3,0x0) = 34535260160 (0x80a764000)
mmap(0x80a783000,176128,PROT_READ|PROT_EXEC,MAP_PRIVATE|MAP_FIXED|MAP_NOCORE|MAP_PREFAULT_READ,3,0x1e000) = 34535387136 (0x80a783000)
mmap(0x80a7ae000,8192,PROT_READ|PROT_WRITE,MAP_PRIVATE|MAP_FIXED|MAP_PREFAULT_READ,3,0x48000) = 34535563264 (0x80a7ae000)
mmap(0x80a7b0000,4096,PROT_READ|PROT_WRITE,MAP_PRIVATE|MAP_FIXED|MAP_PREFAULT_READ,3,0x49000) = 34535571456 (0x80a7b0000)
munmap(0x801197000,4096)			 = 0 (0x0)
close(3)					 = 0 (0x0)
open("/usr/local/lib/qt5/libX11-xcb.so.1",O_RDONLY|O_CLOEXEC|O_VERIFY,014232266000) ERR#2 'No such file or directory'
open("/lib/libX11-xcb.so.1",O_RDONLY|O_CLOEXEC|O_VERIFY,014232266000) ERR#2 'No such file or directory'
open("/usr/lib/libX11-xcb.so.1",O_RDONLY|O_CLOEXEC|O_VERIFY,014232266000) ERR#2 'No such file or directory'
open("/usr/lib/compat/libX11-xcb.so.1",O_RDONLY|O_CLOEXEC|O_VERIFY,014232266000) ERR#2 'No such file or directory'
open("/usr/local/lib/libX11-xcb.so.1",O_RDONLY|O_CLOEXEC|O_VERIFY,014232266000) = 3 (0x3)
fstat(3,{ mode=-rwxr-xr-x ,inode=196383,size=4256,blksize=4608 }) = 0 (0x0)
fstatfs(3,{ fstypename=zfs,mntonname=/,mntfromname=zroot/ROOT/default,fsid= }) = 0 (0x0)
mmap(0x0,4096,PROT_READ,MAP_PRIVATE|MAP_PREFAULT_READ,3,0x0) = 34378182656 (0x801197000)
mmap(0x0,16384,PROT_NONE,MAP_GUARD,-1,0x0)	 = 34410053632 (0x802ffc000)
mmap(0x802ffc000,4096,PROT_READ,MAP_PRIVATE|MAP_FIXED|MAP_NOCORE|MAP_PREFAULT_READ,3,0x0) = 34410053632 (0x802ffc000)
mmap(0x802ffd000,4096,PROT_READ|PROT_EXEC,MAP_PRIVATE|MAP_FIXED|MAP_NOCORE|MAP_PREFAULT_READ,3,0x0) = 34410057728 (0x802ffd000)
mmap(0x802ffe000,4096,PROT_READ|PROT_WRITE,MAP_PRIVATE|MAP_FIXED|MAP_PREFAULT_READ,3,0x0) = 34410061824 (0x802ffe000)
mmap(0x802fff000,4096,PROT_READ|PROT_WRITE,MAP_PRIVATE|MAP_FIXED|MAP_PREFAULT_READ,3,0x0) = 34410065920 (0x802fff000)
munmap(0x801197000,4096)			 = 0 (0x0)
close(3)					 = 0 (0x0)
open("/usr/local/lib/qt5/libxcb-icccm.so.4",O_RDONLY|O_CLOEXEC|O_VERIFY,066000) ERR#2 'No such file or directory'
open("/lib/libxcb-icccm.so.4",O_RDONLY|O_CLOEXEC|O_VERIFY,066000) ERR#2 'No such file or directory'
open("/usr/lib/libxcb-icccm.so.4",O_RDONLY|O_CLOEXEC|O_VERIFY,066000) ERR#2 'No such file or directory'
open("/usr/lib/compat/libxcb-icccm.so.4",O_RDONLY|O_CLOEXEC|O_VERIFY,066000) ERR#2 'No such file or directory'
open("/usr/local/lib/libxcb-icccm.so.4",O_RDONLY|O_CLOEXEC|O_VERIFY,066000) = 3 (0x3)
fstat(3,{ mode=-rwxr-xr-x ,inode=218037,size=29336,blksize=29696 }) = 0 (0x0)
fstatfs(3,{ fstypename=zfs,mntonname=/,mntfromname=zroot/ROOT/default,fsid= }) = 0 (0x0)
mmap(0x0,4096,PROT_READ,MAP_PRIVATE|MAP_PREFAULT_READ,3,0x0) = 34378182656 (0x801197000)
mmap(0x0,32768,PROT_NONE,MAP_GUARD,-1,0x0)	 = 34499993600 (0x8085c2000)
mmap(0x8085c2000,12288,PROT_READ,MAP_PRIVATE|MAP_FIXED|MAP_NOCORE|MAP_PREFAULT_READ,3,0x0) = 34499993600 (0x8085c2000)
mmap(0x8085c5000,12288,PROT_READ|PROT_EXEC,MAP_PRIVATE|MAP_FIXED|MAP_NOCORE|MAP_PREFAULT_READ,3,0x2000) = 34500005888 (0x8085c5000)
mmap(0x8085c8000,4096,PROT_READ|PROT_WRITE,MAP_PRIVATE|MAP_FIXED|MAP_PREFAULT_READ,3,0x4000) = 34500018176 (0x8085c8000)
mmap(0x8085c9000,4096,PROT_READ|PROT_WRITE,MAP_PRIVATE|MAP_FIXED|MAP_PREFAULT_READ,3,0x4000) = 34500022272 (0x8085c9000)
munmap(0x801197000,4096)			 = 0 (0x0)
close(3)					 = 0 (0x0)
open("/usr/local/lib/qt5/libxcb-image.so.0",O_RDONLY|O_CLOEXEC|O_VERIFY,014232266000) ERR#2 'No such file or directory'
open("/lib/libxcb-image.so.0",O_RDONLY|O_CLOEXEC|O_VERIFY,014232266000) ERR#2 'No such file or directory'
open("/usr/lib/libxcb-image.so.0",O_RDONLY|O_CLOEXEC|O_VERIFY,014232266000) ERR#2 'No such file or directory'
open("/usr/lib/compat/libxcb-image.so.0",O_RDONLY|O_CLOEXEC|O_VERIFY,014232266000) ERR#2 'No such file or directory'
open("/usr/local/lib/libxcb-image.so.0",O_RDONLY|O_CLOEXEC|O_VERIFY,014232266000) = 3 (0x3)
fstat(3,{ mode=-rwxr-xr-x ,inode=200600,size=21600,blksize=22016 }) = 0 (0x0)
fstatfs(3,{ fstypename=zfs,mntonname=/,mntfromname=zroot/ROOT/default,fsid= }) = 0 (0x0)
mmap(0x0,4096,PROT_READ,MAP_PRIVATE|MAP_PREFAULT_READ,3,0x0) = 34378182656 (0x801197000)
mmap(0x0,28672,PROT_NONE,MAP_GUARD,-1,0x0)	 = 34535575552 (0x80a7b1000)
mmap(0x80a7b1000,8192,PROT_READ,MAP_PRIVATE|MAP_FIXED|MAP_NOCORE|MAP_PREFAULT_READ,3,0x0) = 34535575552 (0x80a7b1000)
mmap(0x80a7b3000,8192,PROT_READ|PROT_EXEC,MAP_PRIVATE|MAP_FIXED|MAP_NOCORE|MAP_PREFAULT_READ,3,0x1000) = 34535583744 (0x80a7b3000)
mmap(0x80a7b5000,8192,PROT_READ|PROT_WRITE,MAP_PRIVATE|MAP_FIXED|MAP_PREFAULT_READ,3,0x2000) = 34535591936 (0x80a7b5000)
mmap(0x80a7b7000,4096,PROT_READ|PROT_WRITE,MAP_PRIVATE|MAP_FIXED|MAP_PREFAULT_READ,3,0x3000) = 34535600128 (0x80a7b7000)
munmap(0x801197000,4096)			 = 0 (0x0)
close(3)					 = 0 (0x0)
open("/usr/local/lib/qt5/libxcb-shm.so.0",O_RDONLY|O_CLOEXEC|O_VERIFY,014232266000) ERR#2 'No such file or directory'
open("/lib/libxcb-shm.so.0",O_RDONLY|O_CLOEXEC|O_VERIFY,014232266000) ERR#2 'No such file or directory'
open("/usr/lib/libxcb-shm.so.0",O_RDONLY|O_CLOEXEC|O_VERIFY,014232266000) ERR#2 'No such file or directory'
open("/usr/lib/compat/libxcb-shm.so.0",O_RDONLY|O_CLOEXEC|O_VERIFY,014232266000) ERR#2 'No such file or directory'
open("/usr/local/lib/libxcb-shm.so.0",O_RDONLY|O_CLOEXEC|O_VERIFY,014232266000) = 3 (0x3)
fstat(3,{ mode=-rwxr-xr-x ,inode=197768,size=10440,blksize=10752 }) = 0 (0x0)
fstatfs(3,{ fstypename=zfs,mntonname=/,mntfromname=zroot/ROOT/default,fsid= }) = 0 (0x0)
mmap(0x0,4096,PROT_READ,MAP_PRIVATE|MAP_PREFAULT_READ,3,0x0) = 34378182656 (0x801197000)
mmap(0x0,24576,PROT_NONE,MAP_GUARD,-1,0x0)	 = 34535604224 (0x80a7b8000)
mmap(0x80a7b8000,8192,PROT_READ,MAP_PRIVATE|MAP_FIXED|MAP_NOCORE|MAP_PREFAULT_READ,3,0x0) = 34535604224 (0x80a7b8000)
mmap(0x80a7ba000,4096,PROT_READ|PROT_EXEC,MAP_PRIVATE|MAP_FIXED|MAP_NOCORE|MAP_PREFAULT_READ,3,0x1000) = 34535612416 (0x80a7ba000)
mmap(0x80a7bb000,4096,PROT_READ|PROT_WRITE,MAP_PRIVATE|MAP_FIXED|MAP_PREFAULT_READ,3,0x1000) = 34535616512 (0x80a7bb000)
mmap(0x80a7bc000,8192,PROT_READ|PROT_WRITE,MAP_PRIVATE|MAP_FIXED|MAP_PREFAULT_READ,3,0x1000) = 34535620608 (0x80a7bc000)
munmap(0x801197000,4096)			 = 0 (0x0)
close(3)					 = 0 (0x0)
open("/usr/local/lib/qt5/libxcb-keysyms.so.1",O_RDONLY|O_CLOEXEC|O_VERIFY,014232266000) ERR#2 'No such file or directory'
open("/lib/libxcb-keysyms.so.1",O_RDONLY|O_CLOEXEC|O_VERIFY,014232266000) ERR#2 'No such file or directory'
open("/usr/lib/libxcb-keysyms.so.1",O_RDONLY|O_CLOEXEC|O_VERIFY,014232266000) ERR#2 'No such file or directory'
open("/usr/lib/compat/libxcb-keysyms.so.1",O_RDONLY|O_CLOEXEC|O_VERIFY,014232266000) ERR#2 'No such file or directory'
open("/usr/local/lib/libxcb-keysyms.so.1",O_RDONLY|O_CLOEXEC|O_VERIFY,014232266000) = 3 (0x3)
fstat(3,{ mode=-rwxr-xr-x ,inode=205002,size=14464,blksize=14848 }) = 0 (0x0)
fstatfs(3,{ fstypename=zfs,mntonname=/,mntfromname=zroot/ROOT/default,fsid= }) = 0 (0x0)
mmap(0x0,4096,PROT_READ,MAP_PRIVATE|MAP_PREFAULT_READ,3,0x0) = 34378182656 (0x801197000)
mmap(0x0,20480,PROT_NONE,MAP_GUARD,-1,0x0)	 = 34535628800 (0x80a7be000)
mmap(0x80a7be000,4096,PROT_READ,MAP_PRIVATE|MAP_FIXED|MAP_NOCORE|MAP_PREFAULT_READ,3,0x0) = 34535628800 (0x80a7be000)
mmap(0x80a7bf000,8192,PROT_READ|PROT_EXEC,MAP_PRIVATE|MAP_FIXED|MAP_NOCORE|MAP_PREFAULT_READ,3,0x0) = 34535632896 (0x80a7bf000)
mmap(0x80a7c1000,4096,PROT_READ|PROT_WRITE,MAP_PRIVATE|MAP_FIXED|MAP_PREFAULT_READ,3,0x1000) = 34535641088 (0x80a7c1000)
mmap(0x80a7c2000,4096,PROT_READ|PROT_WRITE,MAP_PRIVATE|MAP_FIXED|MAP_PREFAULT_READ,3,0x1000) = 34535645184 (0x80a7c2000)
munmap(0x801197000,4096)			 = 0 (0x0)
close(3)					 = 0 (0x0)
open("/usr/local/lib/qt5/libxcb-randr.so.0",O_RDONLY|O_CLOEXEC|O_VERIFY,066000) ERR#2 'No such file or directory'
open("/lib/libxcb-randr.so.0",O_RDONLY|O_CLOEXEC|O_VERIFY,066000) ERR#2 'No such file or directory'
open("/usr/lib/libxcb-randr.so.0",O_RDONLY|O_CLOEXEC|O_VERIFY,066000) ERR#2 'No such file or directory'
open("/usr/lib/compat/libxcb-randr.so.0",O_RDONLY|O_CLOEXEC|O_VERIFY,066000) ERR#2 'No such file or directory'
open("/usr/local/lib/libxcb-randr.so.0",O_RDONLY|O_CLOEXEC|O_VERIFY,066000) = 3 (0x3)
fstat(3,{ mode=-rwxr-xr-x ,inode=196379,size=66448,blksize=66560 }) = 0 (0x0)
fstatfs(3,{ fstypename=zfs,mntonname=/,mntfromname=zroot/ROOT/default,fsid= }) = 0 (0x0)
mmap(0x0,4096,PROT_READ,MAP_PRIVATE|MAP_PREFAULT_READ,3,0x0) = 34378182656 (0x801197000)
mmap(0x0,73728,PROT_NONE,MAP_GUARD,-1,0x0)	 = 34535649280 (0x80a7c3000)
mmap(0x80a7c3000,45056,PROT_READ,MAP_PRIVATE|MAP_FIXED|MAP_NOCORE|MAP_PREFAULT_READ,3,0x0) = 34535649280 (0x80a7c3000)
mmap(0x80a7ce000,20480,PROT_READ|PROT_EXEC,MAP_PRIVATE|MAP_FIXED|MAP_NOCORE|MAP_PREFAULT_READ,3,0xa000) = 34535694336 (0x80a7ce000)
mmap(0x80a7d3000,4096,PROT_READ|PROT_WRITE,MAP_PRIVATE|MAP_FIXED|MAP_PREFAULT_READ,3,0xf000) = 34535714816 (0x80a7d3000)
mmap(0x80a7d4000,4096,PROT_READ|PROT_WRITE,MAP_PRIVATE|MAP_FIXED|MAP_PREFAULT_READ,3,0xf000) = 34535718912 (0x80a7d4000)
munmap(0x801197000,4096)			 = 0 (0x0)
close(3)					 = 0 (0x0)
open("/usr/local/lib/qt5/libxcb-render-util.so.0",O_RDONLY|O_CLOEXEC|O_VERIFY,066000) ERR#2 'No such file or directory'
open("/lib/libxcb-render-util.so.0",O_RDONLY|O_CLOEXEC|O_VERIFY,066000) ERR#2 'No such file or directory'
open("/usr/lib/libxcb-render-util.so.0",O_RDONLY|O_CLOEXEC|O_VERIFY,066000) ERR#2 'No such file or directory'
open("/usr/lib/compat/libxcb-render-util.so.0",O_RDONLY|O_CLOEXEC|O_VERIFY,066000) ERR#2 'No such file or directory'
open("/usr/local/lib/libxcb-render-util.so.0",O_RDONLY|O_CLOEXEC|O_VERIFY,066000) = 3 (0x3)
fstat(3,{ mode=-rwxr-xr-x ,inode=195819,size=13480,blksize=13824 }) = 0 (0x0)
fstatfs(3,{ fstypename=zfs,mntonname=/,mntfromname=zroot/ROOT/default,fsid= }) = 0 (0x0)
mmap(0x0,4096,PROT_READ,MAP_PRIVATE|MAP_PREFAULT_READ,3,0x0) = 34378182656 (0x801197000)
mmap(0x0,24576,PROT_NONE,MAP_GUARD,-1,0x0)	 = 34535723008 (0x80a7d5000)
mmap(0x80a7d5000,8192,PROT_READ,MAP_PRIVATE|MAP_FIXED|MAP_NOCORE|MAP_PREFAULT_READ,3,0x0) = 34535723008 (0x80a7d5000)
mmap(0x80a7d7000,8192,PROT_READ|PROT_EXEC,MAP_PRIVATE|MAP_FIXED|MAP_NOCORE|MAP_PREFAULT_READ,3,0x1000) = 34535731200 (0x80a7d7000)
mmap(0x80a7d9000,4096,PROT_READ|PROT_WRITE,MAP_PRIVATE|MAP_FIXED|MAP_PREFAULT_READ,3,0x2000) = 34535739392 (0x80a7d9000)
mmap(0x80a7da000,4096,PROT_READ|PROT_WRITE,MAP_PRIVATE|MAP_FIXED|MAP_PREFAULT_READ,3,0x2000) = 34535743488 (0x80a7da000)
munmap(0x801197000,4096)			 = 0 (0x0)
close(3)					 = 0 (0x0)
open("/usr/local/lib/qt5/libxcb-render.so.0",O_RDONLY|O_CLOEXEC|O_VERIFY,014232266000) ERR#2 'No such file or directory'
open("/lib/libxcb-render.so.0",O_RDONLY|O_CLOEXEC|O_VERIFY,014232266000) ERR#2 'No such file or directory'
open("/usr/lib/libxcb-render.so.0",O_RDONLY|O_CLOEXEC|O_VERIFY,014232266000) ERR#2 'No such file or directory'
open("/usr/lib/compat/libxcb-render.so.0",O_RDONLY|O_CLOEXEC|O_VERIFY,014232266000) ERR#2 'No such file or directory'
open("/usr/local/lib/libxcb-render.so.0",O_RDONLY|O_CLOEXEC|O_VERIFY,014232266000) = 3 (0x3)
fstat(3,{ mode=-rwxr-xr-x ,inode=195946,size=56424,blksize=56832 }) = 0 (0x0)
fstatfs(3,{ fstypename=zfs,mntonname=/,mntfromname=zroot/ROOT/default,fsid= }) = 0 (0x0)
mmap(0x0,4096,PROT_READ,MAP_PRIVATE|MAP_PREFAULT_READ,3,0x0) = 34378182656 (0x801197000)
mmap(0x0,69632,PROT_NONE,MAP_GUARD,-1,0x0)	 = 34535747584 (0x80a7db000)
mmap(0x80a7db000,32768,PROT_READ,MAP_PRIVATE|MAP_FIXED|MAP_NOCORE|MAP_PREFAULT_READ,3,0x0) = 34535747584 (0x80a7db000)
mmap(0x80a7e3000,24576,PROT_READ|PROT_EXEC,MAP_PRIVATE|MAP_FIXED|MAP_NOCORE|MAP_PREFAULT_READ,3,0x7000) = 34535780352 (0x80a7e3000)
mmap(0x80a7e9000,8192,PROT_READ|PROT_WRITE,MAP_PRIVATE|MAP_FIXED|MAP_PREFAULT_READ,3,0xc000) = 34535804928 (0x80a7e9000)
mmap(0x80a7eb000,4096,PROT_READ|PROT_WRITE,MAP_PRIVATE|MAP_FIXED|MAP_PREFAULT_READ,3,0xd000) = 34535813120 (0x80a7eb000)
munmap(0x801197000,4096)			 = 0 (0x0)
close(3)					 = 0 (0x0)
open("/usr/local/lib/qt5/libxcb-shape.so.0",O_RDONLY|O_CLOEXEC|O_VERIFY,014232266000) ERR#2 'No such file or directory'
open("/lib/libxcb-shape.so.0",O_RDONLY|O_CLOEXEC|O_VERIFY,014232266000) ERR#2 'No such file or directory'
open("/usr/lib/libxcb-shape.so.0",O_RDONLY|O_CLOEXEC|O_VERIFY,014232266000) ERR#2 'No such file or directory'
open("/usr/lib/compat/libxcb-shape.so.0",O_RDONLY|O_CLOEXEC|O_VERIFY,014232266000) ERR#2 'No such file or directory'
open("/usr/local/lib/libxcb-shape.so.0",O_RDONLY|O_CLOEXEC|O_VERIFY,014232266000) = 3 (0x3)
fstat(3,{ mode=-rwxr-xr-x ,inode=196531,size=12056,blksize=12288 }) = 0 (0x0)
fstatfs(3,{ fstypename=zfs,mntonname=/,mntfromname=zroot/ROOT/default,fsid= }) = 0 (0x0)
mmap(0x0,4096,PROT_READ,MAP_PRIVATE|MAP_PREFAULT_READ,3,0x0) = 34378182656 (0x801197000)
mmap(0x0,24576,PROT_NONE,MAP_GUARD,-1,0x0)	 = 34535817216 (0x80a7ec000)
mmap(0x80a7ec000,8192,PROT_READ,MAP_PRIVATE|MAP_FIXED|MAP_NOCORE|MAP_PREFAULT_READ,3,0x0) = 34535817216 (0x80a7ec000)
mmap(0x80a7ee000,8192,PROT_READ|PROT_EXEC,MAP_PRIVATE|MAP_FIXED|MAP_NOCORE|MAP_PREFAULT_READ,3,0x1000) = 34535825408 (0x80a7ee000)
mmap(0x80a7f0000,4096,PROT_READ|PROT_WRITE,MAP_PRIVATE|MAP_FIXED|MAP_PREFAULT_READ,3,0x2000) = 34535833600 (0x80a7f0000)
mmap(0x80a7f1000,4096,PROT_READ|PROT_WRITE,MAP_PRIVATE|MAP_FIXED|MAP_PREFAULT_READ,3,0x2000) = 34535837696 (0x80a7f1000)
munmap(0x801197000,4096)			 = 0 (0x0)
close(3)					 = 0 (0x0)
open("/usr/local/lib/qt5/libxcb-sync.so.1",O_RDONLY|O_CLOEXEC|O_VERIFY,014232266000) ERR#2 'No such file or directory'
open("/lib/libxcb-sync.so.1",O_RDONLY|O_CLOEXEC|O_VERIFY,014232266000) ERR#2 'No such file or directory'
open("/usr/lib/libxcb-sync.so.1",O_RDONLY|O_CLOEXEC|O_VERIFY,014232266000) ERR#2 'No such file or directory'
open("/usr/lib/compat/libxcb-sync.so.1",O_RDONLY|O_CLOEXEC|O_VERIFY,014232266000) ERR#2 'No such file or directory'
open("/usr/local/lib/libxcb-sync.so.1",O_RDONLY|O_CLOEXEC|O_VERIFY,014232266000) = 3 (0x3)
fstat(3,{ mode=-rwxr-xr-x ,inode=197350,size=26448,blksize=26624 }) = 0 (0x0)
fstatfs(3,{ fstypename=zfs,mntonname=/,mntfromname=zroot/ROOT/default,fsid= }) = 0 (0x0)
mmap(0x0,4096,PROT_READ,MAP_PRIVATE|MAP_PREFAULT_READ,3,0x0) = 34378182656 (0x801197000)
mmap(0x0,36864,PROT_NONE,MAP_GUARD,-1,0x0)	 = 34535841792 (0x80a7f2000)
mmap(0x80a7f2000,16384,PROT_READ,MAP_PRIVATE|MAP_FIXED|MAP_NOCORE|MAP_PREFAULT_READ,3,0x0) = 34535841792 (0x80a7f2000)
mmap(0x80a7f6000,12288,PROT_READ|PROT_EXEC,MAP_PRIVATE|MAP_FIXED|MAP_NOCORE|MAP_PREFAULT_READ,3,0x3000) = 34535858176 (0x80a7f6000)
mmap(0x80a7f9000,4096,PROT_READ|PROT_WRITE,MAP_PRIVATE|MAP_FIXED|MAP_PREFAULT_READ,3,0x5000) = 34535870464 (0x80a7f9000)
mmap(0x80a7fa000,4096,PROT_READ|PROT_WRITE,MAP_PRIVATE|MAP_FIXED|MAP_PREFAULT_READ,3,0x5000) = 34535874560 (0x80a7fa000)
munmap(0x801197000,4096)			 = 0 (0x0)
close(3)					 = 0 (0x0)
open("/usr/local/lib/qt5/libxcb-xfixes.so.0",O_RDONLY|O_CLOEXEC|O_VERIFY,00) ERR#2 'No such file or directory'
open("/lib/libxcb-xfixes.so.0",O_RDONLY|O_CLOEXEC|O_VERIFY,00) ERR#2 'No such file or directory'
open("/usr/lib/libxcb-xfixes.so.0",O_RDONLY|O_CLOEXEC|O_VERIFY,00) ERR#2 'No such file or directory'
open("/usr/lib/compat/libxcb-xfixes.so.0",O_RDONLY|O_CLOEXEC|O_VERIFY,00) ERR#2 'No such file or directory'
open("/usr/local/lib/libxcb-xfixes.so.0",O_RDONLY|O_CLOEXEC|O_VERIFY,00) = 3 (0x3)
fstat(3,{ mode=-rwxr-xr-x ,inode=196374,size=30184,blksize=30208 }) = 0 (0x0)
fstatfs(3,{ fstypename=zfs,mntonname=/,mntfromname=zroot/ROOT/default,fsid= }) = 0 (0x0)
mmap(0x0,4096,PROT_READ,MAP_PRIVATE|MAP_PREFAULT_READ,3,0x0) = 34378182656 (0x801197000)
mmap(0x0,40960,PROT_NONE,MAP_GUARD,-1,0x0)	 = 34575089664 (0x80cd60000)
mmap(0x80cd60000,20480,PROT_READ,MAP_PRIVATE|MAP_FIXED|MAP_NOCORE|MAP_PREFAULT_READ,3,0x0) = 34575089664 (0x80cd60000)
mmap(0x80cd65000,12288,PROT_READ|PROT_EXEC,MAP_PRIVATE|MAP_FIXED|MAP_NOCORE|MAP_PREFAULT_READ,3,0x4000) = 34575110144 (0x80cd65000)
mmap(0x80cd68000,4096,PROT_READ|PROT_WRITE,MAP_PRIVATE|MAP_FIXED|MAP_PREFAULT_READ,3,0x6000) = 34575122432 (0x80cd68000)
mmap(0x80cd69000,4096,PROT_READ|PROT_WRITE,MAP_PRIVATE|MAP_FIXED|MAP_PREFAULT_READ,3,0x6000) = 34575126528 (0x80cd69000)
munmap(0x801197000,4096)			 = 0 (0x0)
close(3)					 = 0 (0x0)
open("/usr/local/lib/qt5/libxcb-xinerama.so.0",O_RDONLY|O_CLOEXEC|O_VERIFY,014232266000) ERR#2 'No such file or directory'
open("/lib/libxcb-xinerama.so.0",O_RDONLY|O_CLOEXEC|O_VERIFY,014232266000) ERR#2 'No such file or directory'
open("/usr/lib/libxcb-xinerama.so.0",O_RDONLY|O_CLOEXEC|O_VERIFY,014232266000) ERR#2 'No such file or directory'
open("/usr/lib/compat/libxcb-xinerama.so.0",O_RDONLY|O_CLOEXEC|O_VERIFY,014232266000) ERR#2 'No such file or directory'
open("/usr/local/lib/libxcb-xinerama.so.0",O_RDONLY|O_CLOEXEC|O_VERIFY,014232266000) = 3 (0x3)
fstat(3,{ mode=-rwxr-xr-x ,inode=217754,size=9640,blksize=9728 }) = 0 (0x0)
fstatfs(3,{ fstypename=zfs,mntonname=/,mntfromname=zroot/ROOT/default,fsid= }) = 0 (0x0)
mmap(0x0,4096,PROT_READ,MAP_PRIVATE|MAP_PREFAULT_READ,3,0x0) = 34378182656 (0x801197000)
mmap(0x0,20480,PROT_NONE,MAP_GUARD,-1,0x0)	 = 34535878656 (0x80a7fb000)
mmap(0x80a7fb000,8192,PROT_READ,MAP_PRIVATE|MAP_FIXED|MAP_NOCORE|MAP_PREFAULT_READ,3,0x0) = 34535878656 (0x80a7fb000)
mmap(0x80a7fd000,4096,PROT_READ|PROT_EXEC,MAP_PRIVATE|MAP_FIXED|MAP_NOCORE|MAP_PREFAULT_READ,3,0x1000) = 34535886848 (0x80a7fd000)
mmap(0x80a7fe000,4096,PROT_READ|PROT_WRITE,MAP_PRIVATE|MAP_FIXED|MAP_PREFAULT_READ,3,0x1000) = 34535890944 (0x80a7fe000)
mmap(0x80a7ff000,4096,PROT_READ|PROT_WRITE,MAP_PRIVATE|MAP_FIXED|MAP_PREFAULT_READ,3,0x1000) = 34535895040 (0x80a7ff000)
munmap(0x801197000,4096)			 = 0 (0x0)
close(3)					 = 0 (0x0)
open("/usr/local/lib/qt5/libxcb-xkb.so.1",O_RDONLY|O_CLOEXEC|O_VERIFY,014232266000) ERR#2 'No such file or directory'
open("/lib/libxcb-xkb.so.1",O_RDONLY|O_CLOEXEC|O_VERIFY,014232266000) ERR#2 'No such file or directory'
open("/usr/lib/libxcb-xkb.so.1",O_RDONLY|O_CLOEXEC|O_VERIFY,014232266000) ERR#2 'No such file or directory'
open("/usr/lib/compat/libxcb-xkb.so.1",O_RDONLY|O_CLOEXEC|O_VERIFY,014232266000) ERR#2 'No such file or directory'
open("/usr/local/lib/libxcb-xkb.so.1",O_RDONLY|O_CLOEXEC|O_VERIFY,014232266000) = 3 (0x3)
fstat(3,{ mode=-rwxr-xr-x ,inode=196697,size=128072,blksize=128512 }) = 0 (0x0)
fstatfs(3,{ fstypename=zfs,mntonname=/,mntfromname=zroot/ROOT/default,fsid= }) = 0 (0x0)
mmap(0x0,4096,PROT_READ,MAP_PRIVATE|MAP_PREFAULT_READ,3,0x0) = 34378182656 (0x801197000)
mmap(0x0,139264,PROT_NONE,MAP_GUARD,-1,0x0)	 = 34575130624 (0x80cd6a000)
mmap(0x80cd6a000,65536,PROT_READ,MAP_PRIVATE|MAP_FIXED|MAP_NOCORE|MAP_PREFAULT_READ,3,0x0) = 34575130624 (0x80cd6a000)
mmap(0x80cd7a000,65536,PROT_READ|PROT_EXEC,MAP_PRIVATE|MAP_FIXED|MAP_NOCORE|MAP_PREFAULT_READ,3,0xf000) = 34575196160 (0x80cd7a000)
mmap(0x80cd8a000,4096,PROT_READ|PROT_WRITE,MAP_PRIVATE|MAP_FIXED|MAP_PREFAULT_READ,3,0x1e000) = 34575261696 (0x80cd8a000)
mmap(0x80cd8b000,4096,PROT_READ|PROT_WRITE,MAP_PRIVATE|MAP_FIXED|MAP_PREFAULT_READ,3,0x1e000) = 34575265792 (0x80cd8b000)
munmap(0x801197000,4096)			 = 0 (0x0)
close(3)					 = 0 (0x0)
open("/usr/local/lib/qt5/libxcb-xinput.so.0",O_RDONLY|O_CLOEXEC|O_VERIFY,00) ERR#2 'No such file or directory'
open("/lib/libxcb-xinput.so.0",O_RDONLY|O_CLOEXEC|O_VERIFY,00) ERR#2 'No such file or directory'
open("/usr/lib/libxcb-xinput.so.0",O_RDONLY|O_CLOEXEC|O_VERIFY,00) ERR#2 'No such file or directory'
open("/usr/lib/compat/libxcb-xinput.so.0",O_RDONLY|O_CLOEXEC|O_VERIFY,00) ERR#2 'No such file or directory'
open("/usr/local/lib/libxcb-xinput.so.0",O_RDONLY|O_CLOEXEC|O_VERIFY,00) = 3 (0x3)
fstat(3,{ mode=-rwxr-xr-x ,inode=217473,size=155552,blksize=131072 }) = 0 (0x0)
fstatfs(3,{ fstypename=zfs,mntonname=/,mntfromname=zroot/ROOT/default,fsid= }) = 0 (0x0)
mmap(0x0,4096,PROT_READ,MAP_PRIVATE|MAP_PREFAULT_READ,3,0x0) = 34378182656 (0x801197000)
mmap(0x0,167936,PROT_NONE,MAP_GUARD,-1,0x0)	 = 34575269888 (0x80cd8c000)
mmap(0x80cd8c000,94208,PROT_READ,MAP_PRIVATE|MAP_FIXED|MAP_NOCORE|MAP_PREFAULT_READ,3,0x0) = 34575269888 (0x80cd8c000)
mmap(0x80cda3000,61440,PROT_READ|PROT_EXEC,MAP_PRIVATE|MAP_FIXED|MAP_NOCORE|MAP_PREFAULT_READ,3,0x16000) = 34575364096 (0x80cda3000)
mmap(0x80cdb2000,8192,PROT_READ|PROT_WRITE,MAP_PRIVATE|MAP_FIXED|MAP_PREFAULT_READ,3,0x24000) = 34575425536 (0x80cdb2000)
mmap(0x80cdb4000,4096,PROT_READ|PROT_WRITE,MAP_PRIVATE|MAP_FIXED|MAP_PREFAULT_READ,3,0x25000) = 34575433728 (0x80cdb4000)
munmap(0x801197000,4096)			 = 0 (0x0)
close(3)					 = 0 (0x0)
open("/usr/local/lib/qt5/libSM.so.6",O_RDONLY|O_CLOEXEC|O_VERIFY,014232266000) ERR#2 'No such file or directory'
open("/lib/libSM.so.6",O_RDONLY|O_CLOEXEC|O_VERIFY,014232266000) ERR#2 'No such file or directory'
open("/usr/lib/libSM.so.6",O_RDONLY|O_CLOEXEC|O_VERIFY,014232266000) ERR#2 'No such file or directory'
open("/usr/lib/compat/libSM.so.6",O_RDONLY|O_CLOEXEC|O_VERIFY,014232266000) ERR#2 'No such file or directory'
open("/usr/local/lib/libSM.so.6",O_RDONLY|O_CLOEXEC|O_VERIFY,014232266000) = 3 (0x3)
fstat(3,{ mode=-rwxr-xr-x ,inode=216469,size=39888,blksize=39936 }) = 0 (0x0)
fstatfs(3,{ fstypename=zfs,mntonname=/,mntfromname=zroot/ROOT/default,fsid= }) = 0 (0x0)
mmap(0x0,4096,PROT_READ,MAP_PRIVATE|MAP_PREFAULT_READ,3,0x0) = 34378182656 (0x801197000)
mmap(0x0,45056,PROT_NONE,MAP_GUARD,-1,0x0)	 = 34575437824 (0x80cdb5000)
mmap(0x80cdb5000,12288,PROT_READ,MAP_PRIVATE|MAP_FIXED|MAP_NOCORE|MAP_PREFAULT_READ,3,0x0) = 34575437824 (0x80cdb5000)
mmap(0x80cdb8000,20480,PROT_READ|PROT_EXEC,MAP_PRIVATE|MAP_FIXED|MAP_NOCORE|MAP_PREFAULT_READ,3,0x2000) = 34575450112 (0x80cdb8000)
mmap(0x80cdbd000,4096,PROT_READ|PROT_WRITE,MAP_PRIVATE|MAP_FIXED|MAP_PREFAULT_READ,3,0x6000) = 34575470592 (0x80cdbd000)
mmap(0x80cdbe000,8192,PROT_READ|PROT_WRITE,MAP_PRIVATE|MAP_FIXED|MAP_PREFAULT_READ,3,0x6000) = 34575474688 (0x80cdbe000)
munmap(0x801197000,4096)			 = 0 (0x0)
close(3)					 = 0 (0x0)
open("/usr/local/lib/qt5/libICE.so.6",O_RDONLY|O_CLOEXEC|O_VERIFY,066000) ERR#2 'No such file or directory'
open("/lib/libICE.so.6",O_RDONLY|O_CLOEXEC|O_VERIFY,066000) ERR#2 'No such file or directory'
open("/usr/lib/libICE.so.6",O_RDONLY|O_CLOEXEC|O_VERIFY,066000) ERR#2 'No such file or directory'
open("/usr/lib/compat/libICE.so.6",O_RDONLY|O_CLOEXEC|O_VERIFY,066000) ERR#2 'No such file or directory'
open("/usr/local/lib/libICE.so.6",O_RDONLY|O_CLOEXEC|O_VERIFY,066000) = 3 (0x3)
fstat(3,{ mode=-rwxr-xr-x ,inode=217760,size=92480,blksize=92672 }) = 0 (0x0)
fstatfs(3,{ fstypename=zfs,mntonname=/,mntfromname=zroot/ROOT/default,fsid= }) = 0 (0x0)
mmap(0x0,4096,PROT_READ,MAP_PRIVATE|MAP_PREFAULT_READ,3,0x0) = 34378182656 (0x801197000)
mmap(0x0,118784,PROT_NONE,MAP_GUARD,-1,0x0)	 = 34575482880 (0x80cdc0000)
mmap(0x80cdc0000,36864,PROT_READ,MAP_PRIVATE|MAP_FIXED|MAP_NOCORE|MAP_PREFAULT_READ,3,0x0) = 34575482880 (0x80cdc0000)
mmap(0x80cdc9000,57344,PROT_READ|PROT_EXEC,MAP_PRIVATE|MAP_FIXED|MAP_NOCORE|MAP_PREFAULT_READ,3,0x8000) = 34575519744 (0x80cdc9000)
mmap(0x80cdd7000,4096,PROT_READ|PROT_WRITE,MAP_PRIVATE|MAP_FIXED|MAP_PREFAULT_READ,3,0x15000) = 34575577088 (0x80cdd7000)
mmap(0x80cdd8000,8192,PROT_READ|PROT_WRITE,MAP_PRIVATE|MAP_FIXED|MAP_PREFAULT_READ,3,0x15000) = 34575581184 (0x80cdd8000)
mmap(0x80cdda000,12288,PROT_READ|PROT_WRITE,MAP_PRIVATE|MAP_FIXED|MAP_ANON,-1,0x0) = 34575589376 (0x80cdda000)
munmap(0x801197000,4096)			 = 0 (0x0)
close(3)					 = 0 (0x0)
open("/usr/local/lib/qt5/libxkbcommon-x11.so.0",O_RDONLY|O_CLOEXEC|O_VERIFY,00) ERR#2 'No such file or directory'
open("/lib/libxkbcommon-x11.so.0",O_RDONLY|O_CLOEXEC|O_VERIFY,00) ERR#2 'No such file or directory'
open("/usr/lib/libxkbcommon-x11.so.0",O_RDONLY|O_CLOEXEC|O_VERIFY,00) ERR#2 'No such file or directory'
open("/usr/lib/compat/libxkbcommon-x11.so.0",O_RDONLY|O_CLOEXEC|O_VERIFY,00) ERR#2 'No such file or directory'
open("/usr/local/lib/libxkbcommon-x11.so.0",O_RDONLY|O_CLOEXEC|O_VERIFY,00) = 3 (0x3)
fstat(3,{ mode=-rwxr-xr-x ,inode=205148,size=32072,blksize=32256 }) = 0 (0x0)
fstatfs(3,{ fstypename=zfs,mntonname=/,mntfromname=zroot/ROOT/default,fsid= }) = 0 (0x0)
mmap(0x0,4096,PROT_READ,MAP_PRIVATE|MAP_PREFAULT_READ,3,0x0) = 34378182656 (0x801197000)
mmap(0x0,45056,PROT_NONE,MAP_GUARD,-1,0x0)	 = 34575601664 (0x80cddd000)
mmap(0x80cddd000,16384,PROT_READ,MAP_PRIVATE|MAP_FIXED|MAP_NOCORE|MAP_PREFAULT_READ,3,0x0) = 34575601664 (0x80cddd000)
mmap(0x80cde1000,16384,PROT_READ|PROT_EXEC,MAP_PRIVATE|MAP_FIXED|MAP_NOCORE|MAP_PREFAULT_READ,3,0x3000) = 34575618048 (0x80cde1000)
mmap(0x80cde5000,8192,PROT_READ|PROT_WRITE,MAP_PRIVATE|MAP_FIXED|MAP_PREFAULT_READ,3,0x6000) = 34575634432 (0x80cde5000)
mmap(0x80cde7000,4096,PROT_READ|PROT_WRITE,MAP_PRIVATE|MAP_FIXED|MAP_PREFAULT_READ,3,0x7000) = 34575642624 (0x80cde7000)
munmap(0x801197000,4096)			 = 0 (0x0)
close(3)					 = 0 (0x0)
open("/usr/local/lib/qt5/libxkbcommon.so.0",O_RDONLY|O_CLOEXEC|O_VERIFY,014232266000) ERR#2 'No such file or directory'
open("/lib/libxkbcommon.so.0",O_RDONLY|O_CLOEXEC|O_VERIFY,014232266000) ERR#2 'No such file or directory'
open("/usr/lib/libxkbcommon.so.0",O_RDONLY|O_CLOEXEC|O_VERIFY,014232266000) ERR#2 'No such file or directory'
open("/usr/lib/compat/libxkbcommon.so.0",O_RDONLY|O_CLOEXEC|O_VERIFY,014232266000) ERR#2 'No such file or directory'
open("/usr/local/lib/libxkbcommon.so.0",O_RDONLY|O_CLOEXEC|O_VERIFY,014232266000) = 3 (0x3)
fstat(3,{ mode=-rwxr-xr-x ,inode=197522,size=275456,blksize=131072 }) = 0 (0x0)
fstatfs(3,{ fstypename=zfs,mntonname=/,mntfromname=zroot/ROOT/default,fsid= }) = 0 (0x0)
mmap(0x0,4096,PROT_READ,MAP_PRIVATE|MAP_PREFAULT_READ,3,0x0) = 34378182656 (0x801197000)
mmap(0x0,286720,PROT_NONE,MAP_GUARD,-1,0x0)	 = 34575646720 (0x80cde8000)
mmap(0x80cde8000,151552,PROT_READ,MAP_PRIVATE|MAP_FIXED|MAP_NOCORE|MAP_PREFAULT_READ,3,0x0) = 34575646720 (0x80cde8000)
mmap(0x80ce0d000,122880,PROT_READ|PROT_EXEC,MAP_PRIVATE|MAP_FIXED|MAP_NOCORE|MAP_PREFAULT_READ,3,0x24000) = 34575798272 (0x80ce0d000)
mmap(0x80ce2b000,8192,PROT_READ|PROT_WRITE,MAP_PRIVATE|MAP_FIXED|MAP_PREFAULT_READ,3,0x41000) = 34575921152 (0x80ce2b000)
mmap(0x80ce2d000,4096,PROT_READ|PROT_WRITE,MAP_PRIVATE|MAP_FIXED|MAP_PREFAULT_READ,3,0x42000) = 34575929344 (0x80ce2d000)
munmap(0x801197000,4096)			 = 0 (0x0)
close(3)					 = 0 (0x0)
open("/lib/libexpat.so.1",O_RDONLY|O_CLOEXEC|O_VERIFY,032266000) ERR#2 'No such file or directory'
open("/usr/lib/libexpat.so.1",O_RDONLY|O_CLOEXEC|O_VERIFY,032266000) ERR#2 'No such file or directory'
open("/usr/lib/compat/libexpat.so.1",O_RDONLY|O_CLOEXEC|O_VERIFY,032266000) ERR#2 'No such file or directory'
open("/usr/local/lib/libexpat.so.1",O_RDONLY|O_CLOEXEC|O_VERIFY,032266000) = 3 (0x3)
fstat(3,{ mode=-rwxr-xr-x ,inode=296653,size=189648,blksize=131072 }) = 0 (0x0)
fstatfs(3,{ fstypename=zfs,mntonname=/,mntfromname=zroot/ROOT/default,fsid= }) = 0 (0x0)
mmap(0x0,4096,PROT_READ,MAP_PRIVATE|MAP_PREFAULT_READ,3,0x0) = 34378182656 (0x801197000)
mmap(0x0,200704,PROT_NONE,MAP_GUARD,-1,0x0)	 = 34575933440 (0x80ce2e000)
mmap(0x80ce2e000,65536,PROT_READ,MAP_PRIVATE|MAP_FIXED|MAP_NOCORE|MAP_PREFAULT_READ,3,0x0) = 34575933440 (0x80ce2e000)
mmap(0x80ce3e000,118784,PROT_READ|PROT_EXEC,MAP_PRIVATE|MAP_FIXED|MAP_NOCORE|MAP_PREFAULT_READ,3,0xf000) = 34575998976 (0x80ce3e000)
mmap(0x80ce5b000,12288,PROT_READ|PROT_WRITE,MAP_PRIVATE|MAP_FIXED|MAP_PREFAULT_READ,3,0x2b000) = 34576117760 (0x80ce5b000)
mmap(0x80ce5e000,4096,PROT_READ|PROT_WRITE,MAP_PRIVATE|MAP_FIXED|MAP_PREFAULT_READ,3,0x2d000) = 34576130048 (0x80ce5e000)
munmap(0x801197000,4096)			 = 0 (0x0)
close(3)					 = 0 (0x0)
open("/lib/libxcb-util.so.1",O_RDONLY|O_CLOEXEC|O_VERIFY,014232266000) ERR#2 'No such file or directory'
open("/usr/lib/libxcb-util.so.1",O_RDONLY|O_CLOEXEC|O_VERIFY,014232266000) ERR#2 'No such file or directory'
open("/usr/lib/compat/libxcb-util.so.1",O_RDONLY|O_CLOEXEC|O_VERIFY,014232266000) ERR#2 'No such file or directory'
open("/usr/local/lib/libxcb-util.so.1",O_RDONLY|O_CLOEXEC|O_VERIFY,014232266000) = 3 (0x3)
fstat(3,{ mode=-rwxr-xr-x ,inode=217319,size=21312,blksize=21504 }) = 0 (0x0)
fstatfs(3,{ fstypename=zfs,mntonname=/,mntfromname=zroot/ROOT/default,fsid= }) = 0 (0x0)
mmap(0x0,4096,PROT_READ,MAP_PRIVATE|MAP_PREFAULT_READ,3,0x0) = 34378182656 (0x801197000)
mmap(0x0,32768,PROT_NONE,MAP_GUARD,-1,0x0)	 = 34576134144 (0x80ce5f000)
mmap(0x80ce5f000,16384,PROT_READ,MAP_PRIVATE|MAP_FIXED|MAP_NOCORE|MAP_PREFAULT_READ,3,0x0) = 34576134144 (0x80ce5f000)
mmap(0x80ce63000,8192,PROT_READ|PROT_EXEC,MAP_PRIVATE|MAP_FIXED|MAP_NOCORE|MAP_PREFAULT_READ,3,0x3000) = 34576150528 (0x80ce63000)
mmap(0x80ce65000,4096,PROT_READ|PROT_WRITE,MAP_PRIVATE|MAP_FIXED|MAP_PREFAULT_READ,3,0x4000) = 34576158720 (0x80ce65000)
mmap(0x80ce66000,4096,PROT_READ|PROT_WRITE,MAP_PRIVATE|MAP_FIXED|MAP_PREFAULT_READ,3,0x4000) = 34576162816 (0x80ce66000)
munmap(0x801197000,4096)			 = 0 (0x0)
close(3)					 = 0 (0x0)
mprotect(0x80cd4e000,20480,PROT_READ)		 = 0 (0x0)
mprotect(0x80a7ae000,4096,PROT_READ)		 = 0 (0x0)
mprotect(0x8085c8000,4096,PROT_READ)		 = 0 (0x0)
mprotect(0x80a7b5000,8192,PROT_READ)		 = 0 (0x0)
mprotect(0x80a7c1000,4096,PROT_READ)		 = 0 (0x0)
mprotect(0x80a7e9000,4096,PROT_READ)		 = 0 (0x0)
mprotect(0x80cdb2000,4096,PROT_READ)		 = 0 (0x0)
mprotect(0x80cdbd000,4096,PROT_READ)		 = 0 (0x0)
mprotect(0x80cde5000,4096,PROT_READ)		 = 0 (0x0)
mprotect(0x80ce2b000,4096,PROT_READ)		 = 0 (0x0)
mprotect(0x80ce5b000,8192,PROT_READ)		 = 0 (0x0)
socket(PF_LOCAL,SOCK_STREAM|SOCK_CLOEXEC,0)	 = 3 (0x3)
getsockopt(3,SOL_SOCKET,SO_SNDBUF,0x7fffffffd768,0x7fffffffd76c) = 0 (0x0)
setsockopt(3,SOL_SOCKET,SO_SNDBUF,0x7fffffffd768,4) = 0 (0x0)
connect(3,{ AF_UNIX "/tmp/.X11-unix/X0" },106)	 = 0 (0x0)
getpeername(3,{ AF_UNIX "/tmp/.X11-unix/X0" },0x7fffffffd5f0) = 0 (0x0)
__sysctl("kern.hostname",2,0x7fffffffd5f0,0x7fffffffd558,0x0,0) = 0 (0x0)
access("/home/shuryanc/.Xauthority",R_OK)	 = 0 (0x0)
open("/home/shuryanc/.Xauthority",O_RDONLY,0666) = 4 (0x4)
fstat(4,{ mode=-rw------- ,inode=130,size=65,blksize=4096 }) = 0 (0x0)
read(4,"\^A\0\0\^Tshuryanc-ghostbsd-pc\0"...,4096) = 65 (0x41)
read(4,0x80aacb000,4096)			 = 0 (0x0)
close(4)					 = 0 (0x0)
getsockname(3,{ AF_UNIX "" },0x7fffffffd5f0)	 = 0 (0x0)
fcntl(3,F_GETFL,)				 = 2 (0x2)
fcntl(3,F_SETFL,O_RDWR|O_NONBLOCK)		 = 0 (0x0)
fcntl(3,F_SETFD,FD_CLOEXEC)			 = 0 (0x0)
poll({ 3/POLLIN|POLLOUT },1,-1)			 = 1 (0x1)
writev(3,[{"l\0\v\0\0\0\^R\0\^P\0\0\0",12},{0x801bdc4a8,0},{"MIT-MAGIC-COOKIE-1",18},{"\0\0",2},{"8\M^U\^R"\M-*\M-j\0\M^[M\M^Q&"...,16},{0x801bdc4a8,0}],6) = 48 (0x30)
recvfrom(3,"\^A\0\v\0\0\0K\^C",8,0,NULL,0x0)	 = 8 (0x8)
recvfrom(3,"\M-HM\M-7\0\0\0\M^@\^C\M^?\M^?"...,3372,0,NULL,0x0) = 3372 (0xd2c)
poll({ 3/POLLIN|POLLOUT },1,-1)			 = 1 (0x1)
writev(3,[{"b\0\^E\0\f\0\0\0BIG-REQUESTS",20}],1) = 20 (0x14)
poll({ 3/POLLIN },1,-1)				 = 1 (0x1)
recvmsg(3,{NULL,0,[{"\^A\0\^A\0\0\0\0\0\^A\M^E\0\0\0"...,4096}],1,{},0,0},0) = 32 (0x20)
poll({ 3/POLLIN|POLLOUT },1,-1)			 = 1 (0x1)
writev(3,[{"\M^E\0\^A\0",4}],1)			 = 4 (0x4)
poll({ 3/POLLIN },1,-1)				 = 1 (0x1)
recvmsg(3,{NULL,0,[{"\^A\0\^B\0\0\0\0\0\M^?\M^??\0\0"...,4096}],1,{},0,0},0) = 32 (0x20)
recvmsg(3,0x7fffffffd620,0)			 ERR#35 'Resource temporarily unavailable'
poll({ 3/POLLIN|POLLOUT },1,-1)			 = 1 (0x1)
writev(3,[{"7\0\^E\0\0\0\M^@\^C\M-W\^A\0\0\b"...,44},{0x0,0},{0x80769903a,0}],3) = 44 (0x2c)
poll({ 3/POLLIN },1,-1)				 = 1 (0x1)
recvmsg(3,{NULL,0,[{"\^A\b\^D\0004\^F\0\0\^_\0\0\0\0"...,4096}],1,{},0,0},0) = 4096 (0x1000)
recvfrom(3,"mMessageBox.foreground:\t#000000"...,2288,0,NULL,0x0) = 2288 (0x8f0)
poll({ 3/POLLIN|POLLOUT },1,-1)			 = 1 (0x1)
writev(3,[{"b\0\^E\0\t\0\M^@\^C",8},{"XKEYBOARD",9},{"\0\0\0",3}],3) = 20 (0x14)
poll({ 3/POLLIN },1,-1)				 = 1 (0x1)
recvmsg(3,{NULL,0,[{"\^A\0\^E\0\0\0\0\0\^A\M^GU\M^I\0"...,4096}],1,{},0,0},0) = 32 (0x20)
poll({ 3/POLLIN|POLLOUT },1,-1)			 = 1 (0x1)
writev(3,[{"\M^G\0\^B\0\^A\0\0\0",8},{0x0,0},{0x80769903a,0}],3) = 8 (0x8)
poll({ 3/POLLIN },1,-1)				 = 1 (0x1)
recvmsg(3,{NULL,0,[{"\^A\^A\^F\0\0\0\0\0\^A\0\0\0\0\0"...,4096}],1,{},0,0},0) = 32 (0x20)
poll({ 3/POLLIN|POLLOUT },1,-1)			 = 1 (0x1)
writev(3,[{"\^P\0\^E\0\f\0\0\0WM_PROTOCOLS"...,3796}],1) = 3796 (0xed4)
poll({ 3/POLLIN },1,-1)				 = 1 (0x1)
recvmsg(3,{NULL,0,[{"\^A\0\a\0\0\0\0\0>\^A\0\0\0\0\0"...,4096}],1,{},0,0},0) = 3232 (0xca0)
poll({ 3/POLLIN },1,-1)				 = 1 (0x1)
recvmsg(3,{NULL,0,[{"\^A\0l\0\0\0\0\0\M-u\^A\0\0\0\0"...,4096}],1,{},0,0},0) = 1472 (0x5c0)
poll({ 3/POLLIN|POLLOUT },1,-1)			 = 1 (0x1)
writev(3,[{"b\0\^D\0\a\0\0\0MIT-SHM\0b\0\^D"...,136}],1) = 136 (0x88)
poll({ 3/POLLIN },1,-1)				 = 1 (0x1)
recvmsg(3,{NULL,0,[{"\^A\0\M^Z\0\0\0\0\0\^A\M^BA\M^@"...,4096}],1,{},0,0},0) = 256 (0x100)
poll({ 3/POLLIN|POLLOUT },1,-1)			 = 1 (0x1)
writev(3,[{"\M^B\0\^A\0",4}],1)			 = 4 (0x4)
poll({ 3/POLLIN },1,-1)				 = 1 (0x1)
recvmsg(3,{NULL,0,[{"\^A\0\M-"\0\0\0\0\0\^A\0\^B\0\0"...,4096}],1,{},0,0},0) = 32 (0x20)
shmget(0x0,0x1,0x380)				 = 1114113 (0x110001)
shmat(0x110001,0x0,0x0)				 = 34378182656 (0x801197000)
shmctl(0x110001,0x0,0x0)			 = 0 (0x0)
poll({ 3/POLLIN|POLLOUT },1,-1)			 = 1 (0x1)
writev(3,[{"\M^B\^A\^D\0\^B\0\M^@\^C\^A\0\^Q"...,20}],1) = 20 (0x14)
poll({ 3/POLLIN },1,-1)				 = 1 (0x1)
recvmsg(3,{NULL,0,[{"\^A\^B\M-$\0\0\0\0\0\a\0\M^@\^B"...,4096}],1,{},0,0},0) = 32 (0x20)
shmdt(0x801197000)				 = 0 (0x0)
poll({ 3/POLLIN|POLLOUT },1,-1)			 = 1 (0x1)
writev(3,[{"\M^B\^B\^B\0\^B\0\M^@\^C\M^L\0"...,20}],1) = 20 (0x14)
poll({ 3/POLLIN },1,-1)				 = 1 (0x1)
recvmsg(3,{NULL,0,[{"\^A\0\M-&\0\0\0\0\0\^A\0\0\0\^F"...,4096}],1,{},0,0},0) = 32 (0x20)
poll({ 3/POLLIN|POLLOUT },1,-1)			 = 1 (0x1)
writev(3,[{"\M^J\0\^C\0\^E\0\0\0\0\0\0\0",12}],1) = 12 (0xc)
poll({ 3/POLLIN },1,-1)				 = 1 (0x1)
recvmsg(3,{NULL,0,[{"\^A\0\M-'\0\0\0\0\0\^E\0\0\0\0\0"...,4096}],1,{},0,0},0) = 32 (0x20)
poll({ 3/POLLIN|POLLOUT },1,-1)			 = 1 (0x1)
writev(3,[{"\M^K\0\^C\0\0\0\0\0\v\0\0\0",12}],1) = 12 (0xc)
poll({ 3/POLLIN },1,-1)				 = 1 (0x1)
recvmsg(3,{NULL,0,[{"\^A\0\M-(\0\0\0\0\0\0\0\0\0\v\0"...,4096}],1,{},0,0},0) = 32 (0x20)
poll({ 3/POLLIN|POLLOUT },1,-1)			 = 1 (0x1)
writev(3,[{"\M^C/\^B\0\^B\0\^B\0",8}],1)	 = 8 (0x8)
poll({ 3/POLLIN },1,-1)				 = 1 (0x1)
recvmsg(3,{NULL,0,[{"\^A/\M-)\0\0\0\0\0\^B\0\^B\0\0\0"...,4096}],1,{},0,0},0) = 32 (0x20)
poll({ 3/POLLIN|POLLOUT },1,-1)			 = 1 (0x1)
writev(3,[{"\M^A\0\^A\0",4}],1)			 = 4 (0x4)
poll({ 3/POLLIN },1,-1)				 = 1 (0x1)
recvmsg(3,{NULL,0,[{"\^A\0\M-*\0\0\0\0\0\^A\0\^A\0\0"...,4096}],1,{},0,0},0) = 32 (0x20)
poll({ 3/POLLIN|POLLOUT },1,-1)			 = 1 (0x1)
writev(3,[{"\M^G\0\^B\0\^A\0\0\0",8}],1)	 = 8 (0x8)
poll({ 3/POLLIN },1,-1)				 = 1 (0x1)
recvmsg(3,{NULL,0,[{"\^A\^A\M-+\0\0\0\0\0\^A\0\0\0\0"...,4096}],1,{},0,0},0) = 32 (0x20)
mmap(0x0,4096,PROT_READ|PROT_WRITE,MAP_PRIVATE|MAP_ANON,-1,0x0) = 34378182656 (0x801197000)
mmap(0x7fffdfdfd000,2101248,PROT_READ|PROT_WRITE,MAP_STACK,-1,0x0) = 140736949374976 (0x7fffdfdfd000)
mprotect(0x7fffdfdfd000,4096,PROT_NONE)		 = 0 (0x0)
thr_new(0x7fffffffd8c0,0x68)			 = 0 (0x0)
<new thread 323518>
sigfastblock(0x1,0x80aa12738)			 = 0 (0x0)
poll({ 3/POLLIN|POLLOUT },1,-1)			 = 1 (0x1)
writev(3,[{"\M^L\^D\^C\0\M-W\^A\0\0\^O\0\0\0"...,36}],1) = 36 (0x24)
poll({ 3/POLLIN },1,-1)				 = 1 (0x1)
recvmsg(3,{NULL,0,[{"\^A\0\M--\0\0\0\0\0E\^A\0\0\0\0"...,4096}],1,{},0,0},0) = 32 (0x20)
poll({ 3/POLLIN|POLLOUT },1,-1)			 = 1 (0x1)
writev(3,[{"\^W\0\^B\0E\^A\0\0",8}],1)		 = 8 (0x8)
poll({ 3/POLLIN },1,-1)				 = 1 (0x1)
recvmsg(3,{NULL,0,[{"\^A\0\M-.\0\0\0\0\0\^E\0@\^A\0\0"...,4096}],1,{},0,0},0) = 32 (0x20)
poll({ 3/POLLIN|POLLOUT },1,-1)			 = 1 (0x1)
writev(3,[{"\^T\0\^F\0\M-W\^A\0\0\M-:\^A\0\0"...,24}],1) = 24 (0x18)
poll({ 3/POLLIN },1,-1)				 = 1 (0x1)
recvmsg(3,{NULL,0,[{"\^A \M-/\0\^P\0\0\0\^F\0\0\0\0\0"...,4096}],1,{},0,0},0) = 96 (0x60)
poll({ 3/POLLIN|POLLOUT },1,-1)			 = 1 (0x1)
mmap(0x0,2097152,PROT_READ|PROT_WRITE,MAP_PRIVATE|MAP_ANON|MAP_ALIGNED(21),-1,0x0) = 34577842176 (0x80d000000)
writev(3,[{"\^T\0\^F\0\M-W\^A\0\0\^W\0\0\0"...,24}],1) = 24 (0x18)
poll({ 3/POLLIN },1,-1)				 = 1 (0x1)
recvmsg(3,{NULL,0,[{"\^A\b\M-0\0004\^F\0\0\^_\0\0\0\0"...,4096}],1,{},0,0},0) = 4096 (0x1000)
recvfrom(3,"mMessageBox.foreground:\t#000000"...,2288,0,NULL,0x0) = 2288 (0x8f0)
mmap(0x0,2097152,PROT_READ|PROT_WRITE,MAP_PRIVATE|MAP_ANON|MAP_ALIGNED(12),-1,0x0) = 34579939328 (0x80d200000)
poll({ 3/POLLIN|POLLOUT },1,-1)			 = 1 (0x1)
writev(3,[{"\^C\0\^B\0\M-W\^A\0\0",8}],1)	 = 8 (0x8)
poll({ 3/POLLIN },1,-1)				 = 1 (0x1)
recvmsg(3,{NULL,0,[{"\^A\0\M-1\0\^C\0\0\0!\0\0\0\^A\0"...,4096}],1,{},0,0},0) = 44 (0x2c)
poll({ 3/POLLIN|POLLOUT },1,-1)			 = 1 (0x1)
writev(3,[{"\^B\0\^D\0\M-W\^A\0\0\0\b\0\0000"...,40}],1) = 40 (0x28)
poll({ 3/POLLIN },1,-1)				 = 1 (0x1)
recvmsg(3,{NULL,0,[{"\^A \M-3\0\^A\0\0\0!\0\0\0\0\0\0"...,4096}],1,{},0,0},0) = 36 (0x24)
poll({ 3/POLLIN|POLLOUT },1,-1)			 = 1 (0x1)
writev(3,[{"\^T\0\^F\0\^B\0@\^AI\^A\0\0:\^A"...,24}],1) = 24 (0x18)
poll({ 3/POLLIN },1,-1)				 = 1 (0x1)
recvmsg(3,{NULL,0,[{"\^A\b\M-4\0\^D\0\0\0:\^A\0\0\0\0"...,4096}],1,{},0,0},0) = 48 (0x30)
__specialfd(0x1,0x7fffdfffde38,0x8)		 = 4 (0x4)
poll({ 3/POLLIN|POLLOUT },1,-1)			 = 1 (0x1)
writev(3,[{"\^P\^A\^F\0\r\0\0\0_XSETTINGS_S0"...,24}],1) = 24 (0x18)
poll({ 3/POLLIN },1,-1)				 = 1 (0x1)
recvmsg(3,{NULL,0,[{"\^A\0\M-5\0\0\0\0\0j\^A\0\0\0\0"...,4096}],1,{},0,0},0) = 32 (0x20)
poll({ 3/POLLIN|POLLOUT },1,-1)			 = 1 (0x1)
writev(3,[{"\^W\0\^B\0j\^A\0\0",8}],1)		 = 8 (0x8)
poll({ 3/POLLIN },1,-1)				 = 1 (0x1)
recvmsg(3,{NULL,0,[{"\^A\0\M-6\0\0\0\0\0\^B\0 \^A\0\0"...,4096}],1,{},0,0},0) = 32 (0x20)
write(4,"\^A\0\0\0\0\0\0\0",8)			 = 8 (0x8)
poll({ 3/POLLIN|POLLOUT },1,-1)			 = 1 (0x1)
writev(3,[{"\^B\0\^D\0\^B\0 \^A\0\b\0\0\0\0B"...,44}],1) = 44 (0x2c)
__specialfd(0x1,0x7fffdfffde18,0x8)		 = 5 (0x5)
poll({ 3/POLLIN },1,-1)				 = 1 (0x1)
write(5,"\^A\0\0\0\0\0\0\0",8)			 = 8 (0x8)
recvmsg(3,{NULL,0,[{"\^A\b\M-9\0h\^A\0\0\M^U\^A\0\0\0"...,4096}],1,{},0,0},0) = 1472 (0x5c0)
poll({ 3/POLLIN|POLLOUT },1,-1)			 = 1 (0x1)
writev(3,[{"%\0\^A\0\M^L\^Y\^B\0\M-W\^A\0\0",12}],1) = 12 (0xc)
poll({ 3/POLLIN },1,-1)				 = 1 (0x1)
_umtx_op(0x80a72fc88,UMTX_OP_MUTEX_WAKE2,0x0,0x0,0x0) = 0 (0x0)
_umtx_op(0x80a72fc88,UMTX_OP_MUTEX_WAIT,0x0,0x0,0x0) = 0 (0x0)
recvmsg(3,{NULL,0,[{"\^A\0\M-;\0\M-a\0\0\0,&\0\0,&\0"...,4096}],1,{},0,0},0) = 932 (0x3a4)
_umtx_op(0x80aa129c0,UMTX_OP_NWAKE_PRIVATE,0x1,0x0,0x0) = 0 (0x0)
_umtx_op(0x801afd7e8,UMTX_OP_WAIT_UINT_PRIVATE,0x0,0x0,0x0) = 0 (0x0)
poll({ 3/POLLIN|POLLOUT },1,-1)			 = 1 (0x1)
writev(3,[{"\M^L\^_\^B\0\M-W\^A\0\0",8}],1)	 = 8 (0x8)
poll({ 3/POLLIN },1,-1)				 = 1 (0x1)
recvmsg(3,{NULL,0,[{"\^A\0\M-<\0\0\0\0\0\M-;\^A\0\0\0"...,4096}],1,{},0,0},0) = 32 (0x20)
_umtx_op(0x80aa129c0,UMTX_OP_NWAKE_PRIVATE,0x1,0x0,0x0) = 0 (0x0)
_umtx_op(0x801afd7e8,UMTX_OP_WAIT_UINT_PRIVATE,0x0,0x0,0x0) = 0 (0x0)
poll({ 3/POLLIN|POLLOUT },1,-1)			 = 1 (0x1)
writev(3,[{"\M^L\t\^C\0\M-;\^A\0\0,&\0\0",12}],1) = 12 (0xc)
poll({ 3/POLLIN },1,-1)				 = 1 (0x1)
recvmsg(3,{NULL,0,[{"\^A\0\M-=\0\^E\0\0\0,&\0\0\0\0\0"...,4096}],1,{},0,0},0) = 52 (0x34)
_umtx_op(0x80aa129c0,UMTX_OP_NWAKE_PRIVATE,0x1,0x0,0x0) = 0 (0x0)
_umtx_op(0x801afd7e8,UMTX_OP_WAIT_UINT_PRIVATE,0x0,0x0,0x0) = 0 (0x0)
poll({ 3/POLLIN|POLLOUT },1,-1)			 = 1 (0x1)
writev(3,[{"\M^L\t\^C\0\M-<\^A\0\0,&\0\0",12}],1) = 12 (0xc)
poll({ 3/POLLIN },1,-1)				 = 1 (0x1)
_umtx_op(0x80a72fc88,UMTX_OP_MUTEX_WAIT,0x0,0x0,0x0) = 0 (0x0)
recvmsg(3,{NULL,0,[{"\^A\0\M->\0\^[\0\0\0,&\0\0\M-9"...,4096}],1,{},0,0},0) = 140 (0x8c)
_umtx_op(0x80aa129c0,UMTX_OP_NWAKE_PRIVATE,0x1,0x0,0x0) = 0 (0x0)
_umtx_op(0x801afd7e8,UMTX_OP_WAIT_UINT_PRIVATE,0x0,0x0,0x0) = 0 (0x0)
access("/usr/share/hwdata/pnp.ids",F_OK)	 ERR#2 'No such file or directory'
poll({ 3/POLLIN|POLLOUT },1,-1)			 = 1 (0x1)
writev(3,[{"\M^L\^D\^C\0\M-W\^A\0\0\^A\0\0\0"...,24}],1) = 24 (0x18)
poll({ 3/POLLIN },1,-1)				 = 1 (0x1)
_umtx_op(0x80a72fc88,UMTX_OP_MUTEX_WAIT,0x0,0x0,0x0) = 0 (0x0)
recvmsg(3,{NULL,0,[{"\^A\0\M-@\0\^C\0\0\0,&\0\0\0\0\0"...,4096}],1,{},0,0},0) = 44 (0x2c)
_umtx_op(0x80aa129c0,UMTX_OP_NWAKE_PRIVATE,0x1,0x0,0x0) = 0 (0x0)
_umtx_op(0x801afd7e8,UMTX_OP_WAIT_UINT_PRIVATE,0x0,0x0,0x0) = 0 (0x0)
poll({ 3/POLLIN|POLLOUT },1,-1)			 = 1 (0x1)
writev(3,[{"\M^L\^Y\^B\0\M-W\^A\0\0",8}],1)	 = 8 (0x8)
poll({ 3/POLLIN },1,-1)				 = 1 (0x1)
_umtx_op(0x80a72fc88,UMTX_OP_MUTEX_WAIT,0x0,0x0,0x0) = 0 (0x0)
recvmsg(3,{NULL,0,[{"\^A\0\M-A\0\M-a\0\0\0,&\0\0,&\0"...,4096}],1,{},0,0},0) = 932 (0x3a4)
_umtx_op(0x80aa129c0,UMTX_OP_NWAKE_PRIVATE,0x1,0x0,0x0) = 0 (0x0)
_umtx_op(0x801afd7e8,UMTX_OP_WAIT_UINT_PRIVATE,0x0,0x0,0x0) = 0 (0x0)
open("/usr/local/lib/qt5/libXcursor.so.1",O_RDONLY|O_CLOEXEC|O_VERIFY,00) ERR#2 'No such file or directory'
open("/lib/libXcursor.so.1",O_RDONLY|O_CLOEXEC|O_VERIFY,00) ERR#2 'No such file or directory'
open("/usr/lib/libXcursor.so.1",O_RDONLY|O_CLOEXEC|O_VERIFY,00) ERR#2 'No such file or directory'
open("/usr/lib/compat/libXcursor.so.1",O_RDONLY|O_CLOEXEC|O_VERIFY,00) ERR#2 'No such file or directory'
open("/usr/local/lib/libXcursor.so.1",O_RDONLY|O_CLOEXEC|O_VERIFY,00) = 6 (0x6)
fstat(6,{ mode=-rwxr-xr-x ,inode=199997,size=44992,blksize=45056 }) = 0 (0x0)
fstatfs(6,{ fstypename=zfs,mntonname=/,mntfromname=zroot/ROOT/default,fsid= }) = 0 (0x0)
mmap(0x0,4096,PROT_READ,MAP_PRIVATE|MAP_PREFAULT_READ,6,0x0) = 34399571968 (0x8025fd000)
mmap(0x0,57344,PROT_NONE,MAP_GUARD,-1,0x0)	 = 34576166912 (0x80ce67000)
mmap(0x80ce67000,16384,PROT_READ,MAP_PRIVATE|MAP_FIXED|MAP_NOCORE|MAP_PREFAULT_READ,6,0x0) = 34576166912 (0x80ce67000)
mmap(0x80ce6b000,32768,PROT_READ|PROT_EXEC,MAP_PRIVATE|MAP_FIXED|MAP_NOCORE|MAP_PREFAULT_READ,6,0x3000) = 34576183296 (0x80ce6b000)
mmap(0x80ce73000,4096,PROT_READ|PROT_WRITE,MAP_PRIVATE|MAP_FIXED|MAP_PREFAULT_READ,6,0xa000) = 34576216064 (0x80ce73000)
mmap(0x80ce74000,4096,PROT_READ|PROT_WRITE,MAP_PRIVATE|MAP_FIXED|MAP_PREFAULT_READ,6,0xa000) = 34576220160 (0x80ce74000)
munmap(0x8025fd000,4096)			 = 0 (0x0)
close(6)					 = 0 (0x0)
open("/lib/libXrender.so.1",O_RDONLY|O_CLOEXEC|O_VERIFY,00) ERR#2 'No such file or directory'
open("/usr/lib/libXrender.so.1",O_RDONLY|O_CLOEXEC|O_VERIFY,00) ERR#2 'No such file or directory'
open("/usr/lib/compat/libXrender.so.1",O_RDONLY|O_CLOEXEC|O_VERIFY,00) ERR#2 'No such file or directory'
open("/usr/local/lib/libXrender.so.1",O_RDONLY|O_CLOEXEC|O_VERIFY,00) = 6 (0x6)
fstat(6,{ mode=-rwxr-xr-x ,inode=196166,size=47384,blksize=47616 }) = 0 (0x0)
fstatfs(6,{ fstypename=zfs,mntonname=/,mntfromname=zroot/ROOT/default,fsid= }) = 0 (0x0)
mmap(0x0,4096,PROT_READ,MAP_PRIVATE|MAP_PREFAULT_READ,6,0x0) = 34399571968 (0x8025fd000)
mmap(0x0,49152,PROT_NONE,MAP_GUARD,-1,0x0)	 = 34576224256 (0x80ce75000)
mmap(0x80ce75000,12288,PROT_READ,MAP_PRIVATE|MAP_FIXED|MAP_NOCORE|MAP_PREFAULT_READ,6,0x0) = 34576224256 (0x80ce75000)
mmap(0x80ce78000,28672,PROT_READ|PROT_EXEC,MAP_PRIVATE|MAP_FIXED|MAP_NOCORE|MAP_PREFAULT_READ,6,0x2000) = 34576236544 (0x80ce78000)
mmap(0x80ce7f000,4096,PROT_READ|PROT_WRITE,MAP_PRIVATE|MAP_FIXED|MAP_PREFAULT_READ,6,0x8000) = 34576265216 (0x80ce7f000)
mmap(0x80ce80000,4096,PROT_READ|PROT_WRITE,MAP_PRIVATE|MAP_FIXED|MAP_PREFAULT_READ,6,0x8000) = 34576269312 (0x80ce80000)
munmap(0x8025fd000,4096)			 = 0 (0x0)
close(6)					 = 0 (0x0)
open("/lib/libXfixes.so.3",O_RDONLY|O_CLOEXEC|O_VERIFY,066000) ERR#2 'No such file or directory'
open("/usr/lib/libXfixes.so.3",O_RDONLY|O_CLOEXEC|O_VERIFY,066000) ERR#2 'No such file or directory'
open("/usr/lib/compat/libXfixes.so.3",O_RDONLY|O_CLOEXEC|O_VERIFY,066000) ERR#2 'No such file or directory'
open("/usr/local/lib/libXfixes.so.3",O_RDONLY|O_CLOEXEC|O_VERIFY,066000) = 6 (0x6)
fstat(6,{ mode=-rwxr-xr-x ,inode=218065,size=20896,blksize=20992 }) = 0 (0x0)
fstatfs(6,{ fstypename=zfs,mntonname=/,mntfromname=zroot/ROOT/default,fsid= }) = 0 (0x0)
mmap(0x0,4096,PROT_READ,MAP_PRIVATE|MAP_PREFAULT_READ,6,0x0) = 34399571968 (0x8025fd000)
mmap(0x0,32768,PROT_NONE,MAP_GUARD,-1,0x0)	 = 34576273408 (0x80ce81000)
mmap(0x80ce81000,8192,PROT_READ,MAP_PRIVATE|MAP_FIXED|MAP_NOCORE|MAP_PREFAULT_READ,6,0x0) = 34576273408 (0x80ce81000)
mmap(0x80ce83000,16384,PROT_READ|PROT_EXEC,MAP_PRIVATE|MAP_FIXED|MAP_NOCORE|MAP_PREFAULT_READ,6,0x1000) = 34576281600 (0x80ce83000)
mmap(0x80ce87000,4096,PROT_READ|PROT_WRITE,MAP_PRIVATE|MAP_FIXED|MAP_PREFAULT_READ,6,0x4000) = 34576297984 (0x80ce87000)
mmap(0x80ce88000,4096,PROT_READ|PROT_WRITE,MAP_PRIVATE|MAP_FIXED|MAP_PREFAULT_READ,6,0x4000) = 34576302080 (0x80ce88000)
munmap(0x8025fd000,4096)			 = 0 (0x0)
close(6)					 = 0 (0x0)
mprotect(0x80ce7f000,4096,PROT_READ)		 = 0 (0x0)
poll({ 3/POLLIN|POLLOUT },1,-1)			 = 1 (0x1)
writev(3,[{"-\0\^E\0\^C\0\M^@\^C\^F\0\0\0cur"...,48}],1) = 48 (0x30)
poll({ 3/POLLIN },1,-1)				 = 1 (0x1)
recvmsg(3,{NULL,0,[{"\^A\b\M-C\0@\0\0\0\^S\0\0\0\0\0"...,4096}],1,{},0,0},0) = 288 (0x120)
_umtx_op(0x80aa129c0,UMTX_OP_NWAKE_PRIVATE,0x1,0x0,0x0) = 0 (0x0)
_umtx_op(0x801afd7e8,UMTX_OP_WAIT_UINT_PRIVATE,0x0,0x0,0x0) = 0 (0x0)
open("/usr/local/lib/X11/locale/locale.alias",O_RDONLY,0666) = 6 (0x6)
fstat(6,{ mode=-rw-r--r-- ,inode=199613,size=79082,blksize=79360 }) = 0 (0x0)
read(6,"#\n#\tThis file contains alias n"...,79360) = 79082 (0x134ea)
read(6,0x80ab8c300,79360)			 = 0 (0x0)
close(6)					 = 0 (0x0)
open("/usr/local/lib/X11/locale/locale.alias",O_RDONLY,0666) = 6 (0x6)
fstat(6,{ mode=-rw-r--r-- ,inode=199613,size=79082,blksize=79360 }) = 0 (0x0)
read(6,"#\n#\tThis file contains alias n"...,79360) = 79082 (0x134ea)
close(6)					 = 0 (0x0)
open("/usr/local/lib/X11/locale/locale.dir",O_RDONLY,0666) = 6 (0x6)
fstat(6,{ mode=-rw-r--r-- ,inode=199739,size=37007,blksize=37376 }) = 0 (0x0)
read(6,"#\n#\tThis file contains locale "...,37376) = 37007 (0x908f)
close(6)					 = 0 (0x0)
access("/usr/local/lib/X11/locale/en_US.UTF-8/XLC_LOCALE",R_OK) = 0 (0x0)
open("/usr/local/lib/X11/locale/en_US.UTF-8/XLC_LOCALE",O_RDONLY,0666) = 6 (0x6)
fstat(6,{ mode=-rw-r--r-- ,inode=199645,size=4196,blksize=4608 }) = 0 (0x0)
read(6,"#  XLocale Database Sample for e"...,4608) = 4196 (0x1064)
read(6,0x80aa8cc00,4608)			 = 0 (0x0)
close(6)					 = 0 (0x0)
poll({ 3/POLLIN|POLLOUT },1,-1)			 = 1 (0x1)
writev(3,[{"\^A\0\b\0\^D\0\M^@\^C\M-W\^A\0\0"...,88}],1) = 88 (0x58)
poll({ 3/POLLIN|POLLOUT },1,-1)			 = 1 (0x1)
writev(3,[{"\^R\0\^N\0\^D\0\M^@\^C'\0\0\0\^_"...,56},{0x0,0},{0x80769903a,0}],3) = 56 (0x38)
poll({ 3/POLLIN|POLLOUT },1,-1)			 = 1 (0x1)
writev(3,[{"\M^J\^B\^D\0\^D\0\M^@\^CE\^A\0\0"...,24}],1) = 24 (0x18)
poll({ 3/POLLIN },1,-1)				 = 1 (0x1)
recvmsg(3,{NULL,0,[{"\^A0\M-H\0#\a\0\0\n\0\0\0\0\0\0"...,4096}],1,{},0,0},0) = 4096 (0x1000)
recvfrom(3,"$\0\0\0%\0\0\0&\0\0\0'\0\0\0(\0"...,3244,0,NULL,0x0) = 3244 (0xcac)
_umtx_op(0x80aa129c0,UMTX_OP_NWAKE_PRIVATE,0x1,0x0,0x0) = 0 (0x0)
_umtx_op(0x801afd7e8,UMTX_OP_WAIT_UINT_PRIVATE,0x0,0x0,0x0) = 0 (0x0)
poll({ 3/POLLIN|POLLOUT },1,-1)			 = 1 (0x1)
writev(3,[{"\M^C.\^E\0\M-W\^A\0\0\^A\0\0\0\0"...,44}],1) = 44 (0x2c)
poll({ 3/POLLIN },1,-1)				 = 1 (0x1)
recvmsg(3,{NULL,0,[{"\^A \M-J\0D\0\0\0\^D\0\0\0\0\0\0"...,4096}],1,{},0,0},0) = 304 (0x130)
_umtx_op(0x80aa129c0,UMTX_OP_NWAKE_PRIVATE,0x1,0x0,0x0) = 0 (0x0)
_umtx_op(0x801afd7e8,UMTX_OP_WAIT_UINT_PRIVATE,0x0,0x0,0x0) = 0 (0x0)
poll({ 3/POLLIN|POLLOUT },1,-1)			 = 1 (0x1)
writev(3,[{"\M^G\^A\^D\0\0\^A\a\0\0\0\a\0"...,20}],1) = 20 (0x14)
poll({ 3/POLLIN },1,-1)				 = 1 (0x1)
_umtx_op(0x80a72fc88,UMTX_OP_MUTEX_WAIT,0x0,0x0,0x0) = 0 (0x0)
recvmsg(3,{NULL,0,[{"\^A\^B\M-L\0\0\0\0\0\a\0\M^@\^B"...,4096}],1,{},0,0},0) = 32 (0x20)
_umtx_op(0x80aa129c0,UMTX_OP_NWAKE_PRIVATE,0x1,0x0,0x0) = 0 (0x0)
_umtx_op(0x801afd7e8,UMTX_OP_WAIT_UINT_PRIVATE,0x0,0x0,0x0) = 0 (0x0)
poll({ 3/POLLIN|POLLOUT },1,-1)			 = 1 (0x1)
writev(3,[{"\M^G\^X\^D\0\0\^A\0\0\0\0\0\0\0"...,16}],1) = 16 (0x10)
poll({ 3/POLLIN },1,-1)				 = 1 (0x1)
_umtx_op(0x80a72fc88,UMTX_OP_MUTEX_WAKE2,0x0,0x0,0x0) = 0 (0x0)
_umtx_op(0x80a72fc88,UMTX_OP_MUTEX_WAIT,0x0,0x0,0x0) = 0 (0x0)
recvmsg(3,{NULL,0,[{"\^A\^C\M-M\0\^F\0\0\0\0\0\^^\0\0"...,4096}],1,{},0,0},0) = 56 (0x38)
_umtx_op(0x80aa129c0,UMTX_OP_NWAKE_PRIVATE,0x1,0x0,0x0) = 0 (0x0)
_umtx_op(0x801afd7e8,UMTX_OP_WAIT_UINT_PRIVATE,0x0,0x0,0x0) = 0 (0x0)
poll({ 3/POLLIN|POLLOUT },1,-1)			 = 1 (0x1)
writev(3,[{"\M^G\^Q\^C\0\0\^A\0\0\0\b\0\0",12}],1) = 12 (0xc)
poll({ 3/POLLIN },1,-1)				 = 1 (0x1)
_umtx_op(0x80a72fc88,UMTX_OP_MUTEX_WAIT,0x0,0x0,0x0) = 0 (0x0)
recvmsg(3,{NULL,0,[{"\^A\^C\M-N\0\r\0\0\0\0\b\0\0\b"...,4096}],1,{},0,0},0) = 84 (0x54)
_umtx_op(0x80aa129c0,UMTX_OP_NWAKE_PRIVATE,0x1,0x0,0x0) = 0 (0x0)
_umtx_op(0x801afd7e8,UMTX_OP_WAIT_UINT_PRIVATE,0x0,0x0,0x0) = 0 (0x0)
poll({ 3/POLLIN|POLLOUT },1,-1)			 = 1 (0x1)
writev(3,[{"\^Q\0\^B\0\M-&\0\0\0",8}],1)	 = 8 (0x8)
poll({ 3/POLLIN },1,-1)				 = 1 (0x1)
_umtx_op(0x80a72fc88,UMTX_OP_MUTEX_WAIT,0x0,0x0,0x0) = 0 (0x0)
recvmsg(3,{NULL,0,[{"\^A\0\M-O\0\^B\0\0\0\a\0\0\0\0\0"...,4096}],1,{},0,0},0) = 40 (0x28)
_umtx_op(0x80aa129c0,UMTX_OP_NWAKE_PRIVATE,0x1,0x0,0x0) = 0 (0x0)
_umtx_op(0x801afd7e8,UMTX_OP_WAIT_UINT_PRIVATE,0x0,0x0,0x0) = 0 (0x0)
poll({ 3/POLLIN|POLLOUT },1,-1)			 = 1 (0x1)
writev(3,[{"\^Q\0\^B\0\M-'\0\0\0",8}],1)	 = 8 (0x8)
poll({ 3/POLLIN },1,-1)				 = 1 (0x1)
_umtx_op(0x80a72fc88,UMTX_OP_MUTEX_WAKE2,0x0,0x0,0x0) = 0 (0x0)
_umtx_op(0x80a72fc88,UMTX_OP_MUTEX_WAIT,0x0,0x0,0x0) = 0 (0x0)
recvmsg(3,{NULL,0,[{"\^A\0\M-P\0\^A\0\0\0\^C\0\0\0\0"...,4096}],1,{},0,0},0) = 36 (0x24)
_umtx_op(0x80aa129c0,UMTX_OP_NWAKE_PRIVATE,0x1,0x0,0x0) = 0 (0x0)
_umtx_op(0x801afd7e8,UMTX_OP_WAIT_UINT_PRIVATE,0x0,0x0,0x0) = 0 (0x0)
poll({ 3/POLLIN|POLLOUT },1,-1)			 = 1 (0x1)
writev(3,[{"\^Q\0\^B\0\M-(\0\0\0",8}],1)	 = 8 (0x8)
poll({ 3/POLLIN },1,-1)				 = 1 (0x1)
_umtx_op(0x80a72fc88,UMTX_OP_MUTEX_WAIT,0x0,0x0,0x0) = 0 (0x0)
recvmsg(3,{NULL,0,[{"\^A\0\M-Q\0\^C\0\0\0\n\0\0\0\0\0"...,4096}],1,{},0,0},0) = 44 (0x2c)
_umtx_op(0x80aa129c0,UMTX_OP_NWAKE_PRIVATE,0x1,0x0,0x0) = 0 (0x0)
_umtx_op(0x801afd7e8,UMTX_OP_WAIT_UINT_PRIVATE,0x0,0x0,0x0) = 0 (0x0)
poll({ 3/POLLIN|POLLOUT },1,-1)			 = 1 (0x1)
writev(3,[{"\^Q\0\^B\0\M-)\0\0\0",8}],1)	 = 8 (0x8)
poll({ 3/POLLIN },1,-1)				 = 1 (0x1)
recvmsg(3,{NULL,0,[{"\^A\0\M-R\0\^A\0\0\0\^D\0\0\0\0"...,4096}],1,{},0,0},0) = 36 (0x24)
_umtx_op(0x80aa129c0,UMTX_OP_NWAKE_PRIVATE,0x1,0x0,0x0) = 0 (0x0)
_umtx_op(0x801afd7e8,UMTX_OP_WAIT_UINT_PRIVATE,0x0,0x0,0x0) = 0 (0x0)
poll({ 3/POLLIN|POLLOUT },1,-1)			 = 1 (0x1)
writev(3,[{"\^Q\0\^B\0\M-*\0\0\0",8}],1)	 = 8 (0x8)
poll({ 3/POLLIN },1,-1)				 = 1 (0x1)
recvmsg(3,{NULL,0,[{"\^A\0\M-S\0\^A\0\0\0\^D\0\0\0\0"...,4096}],1,{},0,0},0) = 36 (0x24)
_umtx_op(0x80aa129c0,UMTX_OP_NWAKE_PRIVATE,0x1,0x0,0x0) = 0 (0x0)
_umtx_op(0x801afd7e8,UMTX_OP_WAIT_UINT_PRIVATE,0x0,0x0,0x0) = 0 (0x0)
poll({ 3/POLLIN|POLLOUT },1,-1)			 = 1 (0x1)
writev(3,[{"\^Q\0\^B\0\M-+\0\0\0",8}],1)	 = 8 (0x8)
poll({ 3/POLLIN },1,-1)				 = 1 (0x1)
recvmsg(3,{NULL,0,[{"\^A\0\M-T\0\^B\0\0\0\b\0\0\0\0\0"...,4096}],1,{},0,0},0) = 40 (0x28)
_umtx_op(0x80aa129c0,UMTX_OP_NWAKE_PRIVATE,0x1,0x0,0x0) = 0 (0x0)
_umtx_op(0x801afd7e8,UMTX_OP_WAIT_UINT_PRIVATE,0x0,0x0,0x0) = 0 (0x0)
poll({ 3/POLLIN|POLLOUT },1,-1)			 = 1 (0x1)
writev(3,[{"\^Q\0\^B\0\M-,\0\0\0",8}],1)	 = 8 (0x8)
poll({ 3/POLLIN },1,-1)				 = 1 (0x1)
recvmsg(3,{NULL,0,[{"\^A\0\M-U\0\^B\0\0\0\b\0\0\0\0\0"...,4096}],1,{},0,0},0) = 40 (0x28)
_umtx_op(0x80aa129c0,UMTX_OP_NWAKE_PRIVATE,0x1,0x0,0x0) = 0 (0x0)
_umtx_op(0x801afd7e8,UMTX_OP_WAIT_UINT_PRIVATE,0x0,0x0,0x0) = 0 (0x0)
poll({ 3/POLLIN|POLLOUT },1,-1)			 = 1 (0x1)
writev(3,[{"\^Q\0\^B\0\M--\0\0\0",8}],1)	 = 8 (0x8)
poll({ 3/POLLIN },1,-1)				 = 1 (0x1)
recvmsg(3,{NULL,0,[{"\^A\0\M-V\0\^C\0\0\0\n\0\0\0\0\0"...,4096}],1,{},0,0},0) = 44 (0x2c)
_umtx_op(0x80aa129c0,UMTX_OP_NWAKE_PRIVATE,0x1,0x0,0x0) = 0 (0x0)
_umtx_op(0x801afd7e8,UMTX_OP_WAIT_UINT_PRIVATE,0x0,0x0,0x0) = 0 (0x0)
poll({ 3/POLLIN|POLLOUT },1,-1)			 = 1 (0x1)
writev(3,[{"\^Q\0\^B\0\M-.\0\0\0",8}],1)	 = 8 (0x8)
poll({ 3/POLLIN },1,-1)				 = 1 (0x1)
recvmsg(3,{NULL,0,[{"\^A\0\M-W\0\^C\0\0\0\t\0\0\0\0\0"...,4096}],1,{},0,0},0) = 44 (0x2c)
_umtx_op(0x80aa129c0,UMTX_OP_NWAKE_PRIVATE,0x1,0x0,0x0) = 0 (0x0)
_umtx_op(0x801afd7e8,UMTX_OP_WAIT_UINT_PRIVATE,0x0,0x0,0x0) = 0 (0x0)
poll({ 3/POLLIN|POLLOUT },1,-1)			 = 1 (0x1)
writev(3,[{"\^Q\0\^B\0\M-/\0\0\0",8}],1)	 = 8 (0x8)
poll({ 3/POLLIN },1,-1)				 = 1 (0x1)
recvmsg(3,{NULL,0,[{"\^A\0\M-X\0\^B\0\0\0\^E\0\0\0\0"...,4096}],1,{},0,0},0) = 40 (0x28)
_umtx_op(0x80aa129c0,UMTX_OP_NWAKE_PRIVATE,0x1,0x0,0x0) = 0 (0x0)
_umtx_op(0x801afd7e8,UMTX_OP_WAIT_UINT_PRIVATE,0x0,0x0,0x0) = 0 (0x0)
poll({ 3/POLLIN|POLLOUT },1,-1)			 = 1 (0x1)
writev(3,[{"\^Q\0\^B\0\M-0\0\0\0",8}],1)	 = 8 (0x8)
poll({ 3/POLLIN },1,-1)				 = 1 (0x1)
_umtx_op(0x80a72fc88,UMTX_OP_MUTEX_WAIT,0x0,0x0,0x0) = 0 (0x0)
recvmsg(3,{NULL,0,[{"\^A\0\M-Y\0\^A\0\0\0\^D\0\0\0\0"...,4096}],1,{},0,0},0) = 36 (0x24)
_umtx_op(0x80aa129c0,UMTX_OP_NWAKE_PRIVATE,0x1,0x0,0x0) = 0 (0x0)
_umtx_op(0x801afd7e8,UMTX_OP_WAIT_UINT_PRIVATE,0x0,0x0,0x0) = 0 (0x0)
poll({ 3/POLLIN|POLLOUT },1,-1)			 = 1 (0x1)
writev(3,[{"\^Q\0\^B\0\M-1\0\0\0",8}],1)	 = 8 (0x8)
poll({ 3/POLLIN },1,-1)				 = 1 (0x1)
recvmsg(3,{NULL,0,[{"\^A\0\M-Z\0\^B\0\0\0\^E\0\0\0\0"...,4096}],1,{},0,0},0) = 40 (0x28)
_umtx_op(0x80aa129c0,UMTX_OP_NWAKE_PRIVATE,0x1,0x0,0x0) = 0 (0x0)
_umtx_op(0x801afd7e8,UMTX_OP_WAIT_UINT_PRIVATE,0x0,0x0,0x0) = 0 (0x0)
poll({ 3/POLLIN|POLLOUT },1,-1)			 = 1 (0x1)
writev(3,[{"\^Q\0\^B\0\M-2\0\0\0",8}],1)	 = 8 (0x8)
poll({ 3/POLLIN },1,-1)				 = 1 (0x1)
recvmsg(3,{NULL,0,[{"\^A\0\M-[\0\^B\0\0\0\^E\0\0\0\0"...,4096}],1,{},0,0},0) = 40 (0x28)
_umtx_op(0x80aa129c0,UMTX_OP_NWAKE_PRIVATE,0x1,0x0,0x0) = 0 (0x0)
_umtx_op(0x801afd7e8,UMTX_OP_WAIT_UINT_PRIVATE,0x0,0x0,0x0) = 0 (0x0)
poll({ 3/POLLIN|POLLOUT },1,-1)			 = 1 (0x1)
writev(3,[{"\M^G\b\a\0\0\^A@\0\0\0\0\0\0\0\0"...,28}],1) = 28 (0x1c)
poll({ 3/POLLIN },1,-1)				 = 1 (0x1)
recvmsg(3,{NULL,0,[{"\^A\^C\M-\\0\^F\0\0\0\0\0\b\M^?@"...,4096}],1,{},0,0},0) = 56 (0x38)
_umtx_op(0x80aa129c0,UMTX_OP_NWAKE_PRIVATE,0x1,0x0,0x0) = 0 (0x0)
_umtx_op(0x801afd7e8,UMTX_OP_WAIT_UINT_PRIVATE,0x0,0x0,0x0) = 0 (0x0)
poll({ 3/POLLIN|POLLOUT },1,-1)			 = 1 (0x1)
writev(3,[{"\M^G\b\a\0\^C\0\M-_\0\0\0\0\0\0"...,72}],1) = 72 (0x48)
poll({ 3/POLLIN },1,-1)				 = 1 (0x1)
recvmsg(3,{NULL,0,[{"\^A\^C\M-]\0\M-h\^F\0\0\0\0\b"...,4096}],1,{},0,0},0) = 4096 (0x1000)
recvfrom(3,"\^S\M^?\0\0k\M^?\0\0\0\0\0\0\^A"...,3008,0,NULL,0x0) = 3008 (0xbc0)
_umtx_op(0x80aa129c0,UMTX_OP_NWAKE_PRIVATE,0x1,0x0,0x0) = 0 (0x0)
_umtx_op(0x801afd7e8,UMTX_OP_WAIT_UINT_PRIVATE,0x0,0x0,0x0) = 0 (0x0)
poll({ 3/POLLIN },1,-1)				 = 1 (0x1)
recvmsg(3,{NULL,0,[{"\^A\^C\M-^\0`\0\0\0\M^?\M^?\M^?"...,4096}],1,{},0,0},0) = 4096 (0x1000)
recvfrom(3,"I240I241I242I243I244I245I246I247"...,640,0,NULL,0x0) = 640 (0x280)
poll({ 3/POLLIN },1,-1)				 = 1 (0x1)
recvmsg(3,{NULL,0,[{"\^A\^C\M-a\0\^O\0\0\0\^A\^B\^A\0"...,4096}],1,{},0,0},0) = 92 (0x5c)
poll({ 3/POLLIN|POLLOUT },1,-1)			 = 1 (0x1)
writev(3,[{"\^Q\0\^B\0-\^A\0\0\^Q\0\^B\0\M-l"...,680}],1) = 680 (0x2a8)
poll({ 3/POLLIN },1,-1)				 = 1 (0x1)
recvmsg(3,{NULL,0,[{"\^A\0\M-b\0\^F\0\0\0\^U\0\0\0\0"...,4096}],1,{},0,0},0) = 3044 (0xbe4)
recvfrom(3,"Kana",4,0,NULL,0x0)			 = 4 (0x4)
_umtx_op(0x80aa129c0,UMTX_OP_NWAKE_PRIVATE,0x1,0x0,0x0) = 0 (0x0)
_umtx_op(0x801afd7e8,UMTX_OP_WAIT_UINT_PRIVATE,0x0,0x0,0x0) = 0 (0x0)
poll({ 3/POLLIN },1,-1)				 = 1 (0x1)
recvmsg(3,{NULL,0,[{"\^A\0%\^A\^B\0\0\0\^E\0\0\0\0\0"...,4096}],1,{},0,0},0) = 756 (0x2f4)
_umtx_op(0x80a72fc88,UMTX_OP_MUTEX_WAKE2,0x0,0x0,0x0) = 0 (0x0)
_umtx_op(0x80a72fc88,UMTX_OP_MUTEX_WAIT,0x0,0x0,0x0) = 0 (0x0)
poll({ 3/POLLIN|POLLOUT },1,-1)			 = 1 (0x1)
writev(3,[{"\M^G\^D\^B\0\^C\0\0\0",8}],1)	 = 8 (0x8)
poll({ 3/POLLIN },1,-1)				 = 1 (0x1)
recvmsg(3,{NULL,0,[{"\^A\^C7\^A\0\0\0\0\^P\0\0\^P\0\0"...,4096}],1,{},0,0},0) = 32 (0x20)
_umtx_op(0x80aa129c0,UMTX_OP_NWAKE_PRIVATE,0x1,0x0,0x0) = 0 (0x0)
_umtx_op(0x801afd7e8,UMTX_OP_WAIT_UINT_PRIVATE,0x0,0x0,0x0) = 0 (0x0)
poll({ 3/POLLIN|POLLOUT },1,-1)			 = 1 (0x1)
writev(3,[{"\M^J\^B\^D\0\^D\0\M^@\^C\^A\0\0"...,40}],1) = 40 (0x28)
poll({ 3/POLLIN },1,-1)				 = 1 (0x1)
_umtx_op(0x80a72fc88,UMTX_OP_MUTEX_WAIT,0x0,0x0,0x0) = 0 (0x0)
recvmsg(3,{NULL,0,[{"\^A\^A:\^A\0\0\0\0\M-W\^A\0\0#\n"...,4096}],1,{},0,0},0) = 32 (0x20)
_umtx_op(0x80aa129c0,UMTX_OP_NWAKE_PRIVATE,0x1,0x0,0x0) = 0 (0x0)
_umtx_op(0x801afd7e8,UMTX_OP_WAIT_UINT_PRIVATE,0x0,0x0,0x0) = 0 (0x0)
poll({ 3/POLLIN|POLLOUT },1,-1)			 = 1 (0x1)
writev(3,[{"+\0\^A\0",4}],1)			 = 4 (0x4)
poll({ 3/POLLIN },1,-1)				 = 1 (0x1)
recvmsg(3,{NULL,0,[{"\^A\^B;\^A\0\0\0\0\a\0\M^@\^B\0"...,4096}],1,{},0,0},0) = 32 (0x20)
_umtx_op(0x80aa129c0,UMTX_OP_NWAKE_PRIVATE,0x1,0x0,0x0) = 0 (0x0)
_umtx_op(0x801afd7e8,UMTX_OP_WAIT_UINT_PRIVATE,0x0,0x0,0x0) = 0 (0x0)
access("/usr/local/lib/qt5/plugins/platformthemes/.",F_OK) ERR#2 'No such file or directory'
access("/usr/home/shuryanc/megasync3/MEGAsync/src/MEGASync/platformthemes/.",F_OK) ERR#2 'No such file or directory'
access("/usr/local/lib/qt5/plugins/platforminputcontexts/.",F_OK) = 0 (0x0)
open("/usr/local/lib/qt5/plugins/platforminputcontexts",O_RDONLY|O_NONBLOCK|O_DIRECTORY|O_CLOEXEC,0221) = 6 (0x6)
fcntl(6,F_ISUNIONSTACK,0x0)			 = 0 (0x0)
getdirentries(6,"\^^\r\^C\0\0\0\0\0\^A\0\0\0\0\0"...,4096,{ 0x0 }) = 248 (0xf8)
fstatat(AT_FDCWD,"/usr/local/lib/qt5/plugins/platforminputcontexts/libcomposeplatforminputcontextplugin.so",{ mode=-rwxr-xr-x ,inode=199968,size=20216,blksize=20480 },0x0) = 0 (0x0)
fstatat(AT_FDCWD,"/usr/local/lib/qt5/plugins/platforminputcontexts/libibusplatforminputcontextplugin.so",{ mode=-rwxr-xr-x ,inode=199967,size=129936,blksize=130048 },0x0) = 0 (0x0)
fstatat(AT_FDCWD,"/usr/local/lib/qt5/plugins/platforminputcontexts/libqtvirtualkeyboardplugin.so",{ mode=-rwxr-xr-x ,inode=246845,size=32640,blksize=32768 },0x0) = 0 (0x0)
getdirentries(6,0x80aacd000,4096,{ 0x1c2a7915 }) = 0 (0x0)
close(6)					 = 0 (0x0)
fstatat(AT_FDCWD,"/usr",{ mode=drwxr-xr-x ,inode=128,size=15,blksize=4096 },AT_SYMLINK_NOFOLLOW) = 0 (0x0)
fstatat(AT_FDCWD,"/usr/local",{ mode=drwxr-xr-x ,inode=2498,size=18,blksize=4096 },AT_SYMLINK_NOFOLLOW) = 0 (0x0)
fstatat(AT_FDCWD,"/usr/local/lib",{ mode=drwxr-xr-x ,inode=196131,size=2696,blksize=16384 },AT_SYMLINK_NOFOLLOW) = 0 (0x0)
fstatat(AT_FDCWD,"/usr/local/lib/qt5",{ mode=drwxr-xr-x ,inode=199960,size=439,blksize=16384 },AT_SYMLINK_NOFOLLOW) = 0 (0x0)
fstatat(AT_FDCWD,"/usr/local/lib/qt5/plugins",{ mode=drwxr-xr-x ,inode=199965,size=30,blksize=4096 },AT_SYMLINK_NOFOLLOW) = 0 (0x0)
fstatat(AT_FDCWD,"/usr/local/lib/qt5/plugins/platforminputcontexts",{ mode=drwxr-xr-x ,inode=199966,size=5,blksize=16384 },AT_SYMLINK_NOFOLLOW) = 0 (0x0)
fstatat(AT_FDCWD,"/usr/local/lib/qt5/plugins/platforminputcontexts/libcomposeplatforminputcontextplugin.so",{ mode=-rwxr-xr-x ,inode=199968,size=20216,blksize=20480 },AT_SYMLINK_NOFOLLOW) = 0 (0x0)
openat(AT_FDCWD,"/usr/local/lib/qt5/plugins/platforminputcontexts/libcomposeplatforminputcontextplugin.so",O_RDONLY|O_CLOEXEC,00) = 6 (0x6)
fstat(6,{ mode=-rwxr-xr-x ,inode=199968,size=20216,blksize=20480 }) = 0 (0x0)
fstat(6,{ mode=-rwxr-xr-x ,inode=199968,size=20216,blksize=20480 }) = 0 (0x0)
mmap(0x0,20216,PROT_READ,MAP_SHARED,6,0x0)	 = 34576306176 (0x80ce89000)
close(6)					 = 0 (0x0)
munmap(0x80ce89000,20216)			 = 0 (0x0)
fstatat(AT_FDCWD,"/usr",{ mode=drwxr-xr-x ,inode=128,size=15,blksize=4096 },AT_SYMLINK_NOFOLLOW) = 0 (0x0)
fstatat(AT_FDCWD,"/usr/local",{ mode=drwxr-xr-x ,inode=2498,size=18,blksize=4096 },AT_SYMLINK_NOFOLLOW) = 0 (0x0)
fstatat(AT_FDCWD,"/usr/local/lib",{ mode=drwxr-xr-x ,inode=196131,size=2696,blksize=16384 },AT_SYMLINK_NOFOLLOW) = 0 (0x0)
fstatat(AT_FDCWD,"/usr/local/lib/qt5",{ mode=drwxr-xr-x ,inode=199960,size=439,blksize=16384 },AT_SYMLINK_NOFOLLOW) = 0 (0x0)
fstatat(AT_FDCWD,"/usr/local/lib/qt5/plugins",{ mode=drwxr-xr-x ,inode=199965,size=30,blksize=4096 },AT_SYMLINK_NOFOLLOW) = 0 (0x0)
fstatat(AT_FDCWD,"/usr/local/lib/qt5/plugins/platforminputcontexts",{ mode=drwxr-xr-x ,inode=199966,size=5,blksize=16384 },AT_SYMLINK_NOFOLLOW) = 0 (0x0)
fstatat(AT_FDCWD,"/usr/local/lib/qt5/plugins/platforminputcontexts/libibusplatforminputcontextplugin.so",{ mode=-rwxr-xr-x ,inode=199967,size=129936,blksize=130048 },AT_SYMLINK_NOFOLLOW) = 0 (0x0)
openat(AT_FDCWD,"/usr/local/lib/qt5/plugins/platforminputcontexts/libibusplatforminputcontextplugin.so",O_RDONLY|O_CLOEXEC,00) = 6 (0x6)
fstat(6,{ mode=-rwxr-xr-x ,inode=199967,size=129936,blksize=130048 }) = 0 (0x0)
fstat(6,{ mode=-rwxr-xr-x ,inode=199967,size=129936,blksize=130048 }) = 0 (0x0)
mmap(0x0,129936,PROT_READ,MAP_SHARED,6,0x0)	 = 34576306176 (0x80ce89000)
close(6)					 = 0 (0x0)
munmap(0x80ce89000,129936)			 = 0 (0x0)
fstatat(AT_FDCWD,"/usr",{ mode=drwxr-xr-x ,inode=128,size=15,blksize=4096 },AT_SYMLINK_NOFOLLOW) = 0 (0x0)
fstatat(AT_FDCWD,"/usr/local",{ mode=drwxr-xr-x ,inode=2498,size=18,blksize=4096 },AT_SYMLINK_NOFOLLOW) = 0 (0x0)
fstatat(AT_FDCWD,"/usr/local/lib",{ mode=drwxr-xr-x ,inode=196131,size=2696,blksize=16384 },AT_SYMLINK_NOFOLLOW) = 0 (0x0)
fstatat(AT_FDCWD,"/usr/local/lib/qt5",{ mode=drwxr-xr-x ,inode=199960,size=439,blksize=16384 },AT_SYMLINK_NOFOLLOW) = 0 (0x0)
fstatat(AT_FDCWD,"/usr/local/lib/qt5/plugins",{ mode=drwxr-xr-x ,inode=199965,size=30,blksize=4096 },AT_SYMLINK_NOFOLLOW) = 0 (0x0)
fstatat(AT_FDCWD,"/usr/local/lib/qt5/plugins/platforminputcontexts",{ mode=drwxr-xr-x ,inode=199966,size=5,blksize=16384 },AT_SYMLINK_NOFOLLOW) = 0 (0x0)
fstatat(AT_FDCWD,"/usr/local/lib/qt5/plugins/platforminputcontexts/libqtvirtualkeyboardplugin.so",{ mode=-rwxr-xr-x ,inode=246845,size=32640,blksize=32768 },AT_SYMLINK_NOFOLLOW) = 0 (0x0)
openat(AT_FDCWD,"/usr/local/lib/qt5/plugins/platforminputcontexts/libqtvirtualkeyboardplugin.so",O_RDONLY|O_CLOEXEC,00) = 6 (0x6)
fstat(6,{ mode=-rwxr-xr-x ,inode=246845,size=32640,blksize=32768 }) = 0 (0x0)
fstat(6,{ mode=-rwxr-xr-x ,inode=246845,size=32640,blksize=32768 }) = 0 (0x0)
mmap(0x0,32640,PROT_READ,MAP_SHARED,6,0x0)	 = 34576306176 (0x80ce89000)
close(6)					 = 0 (0x0)
munmap(0x80ce89000,32640)			 = 0 (0x0)
access("/usr/home/shuryanc/megasync3/MEGAsync/src/MEGASync/platforminputcontexts/.",F_OK) ERR#2 'No such file or directory'
open("/usr/local/lib/qt5/plugins/platforminputcontexts/libcomposeplatforminputcontextplugin.so",O_RDONLY|O_CLOEXEC|O_VERIFY,00) = 6 (0x6)
fstat(6,{ mode=-rwxr-xr-x ,inode=199968,size=20216,blksize=20480 }) = 0 (0x0)
fstatfs(6,{ fstypename=zfs,mntonname=/,mntfromname=zroot/ROOT/default,fsid= }) = 0 (0x0)
mmap(0x0,4096,PROT_READ,MAP_PRIVATE|MAP_PREFAULT_READ,6,0x0) = 34399571968 (0x8025fd000)
mmap(0x0,32768,PROT_NONE,MAP_GUARD,-1,0x0)	 = 34576306176 (0x80ce89000)
mmap(0x80ce89000,12288,PROT_READ,MAP_PRIVATE|MAP_FIXED|MAP_NOCORE|MAP_PREFAULT_READ,6,0x0) = 34576306176 (0x80ce89000)
mmap(0x80ce8c000,8192,PROT_READ|PROT_EXEC,MAP_PRIVATE|MAP_FIXED|MAP_NOCORE|MAP_PREFAULT_READ,6,0x2000) = 34576318464 (0x80ce8c000)
mmap(0x80ce8e000,8192,PROT_READ|PROT_WRITE,MAP_PRIVATE|MAP_FIXED|MAP_PREFAULT_READ,6,0x3000) = 34576326656 (0x80ce8e000)
mmap(0x80ce90000,4096,PROT_READ|PROT_WRITE,MAP_PRIVATE|MAP_FIXED|MAP_PREFAULT_READ,6,0x4000) = 34576334848 (0x80ce90000)
munmap(0x8025fd000,4096)			 = 0 (0x0)
close(6)					 = 0 (0x0)
mprotect(0x80ce8e000,4096,PROT_READ)		 = 0 (0x0)
socket(PF_LOCAL,SOCK_STREAM,0)			 = 6 (0x6)
getsockopt(6,SOL_SOCKET,SO_SNDBUF,0x7fffffffd6e8,0x7fffffffd6ec) = 0 (0x0)
setsockopt(6,SOL_SOCKET,SO_SNDBUF,0x7fffffffd6e8,4) = 0 (0x0)
__sysctl("kern.hostname",2,0x7fffffffd630,0x7fffffffd5e8,0x0,0) = 0 (0x0)
connect(6,{ AF_UNIX "/tmp/.ICE-unix/2103" },21)	 = 0 (0x0)
fcntl(6,F_SETFD,FD_CLOEXEC)			 = 0 (0x0)
write(6,"\0\^A\0\0\0\0\0\0",8)			 = 8 (0x8)
read(6,"\0\^A\0\0\0\0\0\0",8)			 = 8 (0x8)
access("/var/run/user/1002/ICEauthority",R_OK)	 = 0 (0x0)
open("/var/run/user/1002/ICEauthority",O_RDONLY,0666) = 7 (0x7)
fstat(7,{ mode=-rw------- ,inode=426039,size=187,blksize=4096 }) = 0 (0x0)
read(7,"\0\^DXSMP\0\0\0.local/shuryanc-g"...,4096) = 187 (0xbb)
read(7,0x80aacd000,4096)			 = 0 (0x0)
close(7)					 = 0 (0x0)
write(6,"\0\^B\^A\^A\^F\0\0\0\0\0\0\0\0\0"...,56) = 56 (0x38)
read(6,"\0\^C\0\0\^A\0\0\0",8)			 = 8 (0x8)
read(6,"\0\0\0\0\0\0\0\0",8)			 = 8 (0x8)
access("/var/run/user/1002/ICEauthority",R_OK)	 = 0 (0x0)
open("/var/run/user/1002/ICEauthority",O_RDONLY,0666) = 7 (0x7)
fstat(7,{ mode=-rw------- ,inode=426039,size=187,blksize=4096 }) = 0 (0x0)
read(7,"\0\^DXSMP\0\0\0.local/shuryanc-g"...,4096) = 187 (0xbb)
close(7)					 = 0 (0x0)
write(6,"\0\^D\^A\^A\^C\0\0\0\^P\0\0\0\0"...,32) = 32 (0x20)
read(6,"\0\^F\0\0\^B\0\0\0",8)			 = 8 (0x8)
read(6,"\^C\0MIT\0\0\0\^C\0001.0\M-R\M-d"...,16) = 16 (0x10)
access("/var/run/user/1002/ICEauthority",R_OK)	 = 0 (0x0)
open("/var/run/user/1002/ICEauthority",O_RDONLY,0666) = 7 (0x7)
fstat(7,{ mode=-rw------- ,inode=426039,size=187,blksize=4096 }) = 0 (0x0)
read(7,"\0\^DXSMP\0\0\0.local/shuryanc-g"...,4096) = 187 (0xbb)
read(7,0x80aacd000,4096)			 = 0 (0x0)
close(7)					 = 0 (0x0)
write(6,"\0\a\^A\0\a\0\0\0\^A\^A\0\0\0\0"...,64) = 64 (0x40)
read(6,"\0\^C\0\0\^A\0\0\0",8)			 = 8 (0x8)
read(6,"\0\0MIT\0\0\0",8)			 = 8 (0x8)
access("/var/run/user/1002/ICEauthority",R_OK)	 = 0 (0x0)
open("/var/run/user/1002/ICEauthority",O_RDONLY,0666) = 7 (0x7)
fstat(7,{ mode=-rw------- ,inode=426039,size=187,blksize=4096 }) = 0 (0x0)
read(7,"\0\^DXSMP\0\0\0.local/shuryanc-g"...,4096) = 187 (0xbb)
close(7)					 = 0 (0x0)
write(6,"\0\^D\^A\0\^C\0\0\0\^P\0\0\0\0\0"...,32) = 32 (0x20)
read(6,"\0\b\0\^A\^D\0\0\0",8)			 = 8 (0x8)
read(6,"\^T\0mate-session-manager\M-z\^B"...,32) = 32 (0x20)
write(6,"\^A\^A\^A\0\^A\0\0\0\0\0\0\0\0\0"...,16) = 16 (0x10)
read(6,"\^A\^B\0\^A\a\0\0\0",8)			 = 8 (0x8)
read(6,"0\0\0\00010695b82ca22680b6616421"...,56) = 56 (0x38)
write(5,"\^A\0\0\0\0\0\0\0",8)			 = 8 (0x8)
write(6,"\^A\v\^A\0\^A\0\0\0\0\0\0\0\0\0"...,16) = 16 (0x10)
close(6)					 = 0 (0x0)
write(5,"\^A\0\0\0\0\0\0\0",8)			 = 8 (0x8)
poll({ 3/POLLIN|POLLOUT },1,-1)			 = 1 (0x1)
writev(3,[{"\^A\0\b\0\^E\0\M^@\^C\M-W\^A\0\0"...,84}],1) = 84 (0x54)
poll({ 3/POLLIN },1,-1)				 = 1 (0x1)
recvmsg(3,{NULL,0,[{"\M-! =\^A\^E\0\M^@\^C\^U\^B\0\0"...,4096}],1,{},0,0},0) = 32 (0x20)
close(4)					 = 0 (0x0)
_umtx_op(0x80aa129c0,UMTX_OP_NWAKE_PRIVATE,0x1,0x0,0x0) = 0 (0x0)
_umtx_op(0x801afd7e8,UMTX_OP_WAIT_UINT_PRIVATE,0x0,0x0,0x0) = 0 (0x0)
_umtx_op(0x801afdcc0,UMTX_OP_RW_UNLOCK,0x0,0x0,0x0) = 0 (0x0)
_umtx_op(0x801afdcc0,UMTX_OP_RW_WRLOCK,0x0,0x0,0x0) = 0 (0x0)
_umtx_op(0x801afdcc0,UMTX_OP_RW_UNLOCK,0x0,0x0,0x0) = 0 (0x0)
_umtx_op(0x801afdcc0,UMTX_OP_RW_RDLOCK,0x0,0x0,0x0) = 0 (0x0)
_umtx_op(0x801afdcc0,UMTX_OP_RW_UNLOCK,0x0,0x0,0x0) = 0 (0x0)
_umtx_op(0x801afdcc0,UMTX_OP_RW_WRLOCK,0x0,0x0,0x0) = 0 (0x0)
_umtx_op(0x801afdcc0,UMTX_OP_RW_UNLOCK,0x0,0x0,0x0) = 0 (0x0)
_umtx_op(0x801afdcc0,UMTX_OP_RW_RDLOCK,0x0,0x0,0x0) = 0 (0x0)
_umtx_op(0x801afdcc0,UMTX_OP_RW_UNLOCK,0x0,0x0,0x0) = 0 (0x0)
_umtx_op(0x801afdcc0,UMTX_OP_RW_WRLOCK,0x0,0x0,0x0) = 0 (0x0)
_umtx_op(0x801afdcc0,UMTX_OP_RW_UNLOCK,0x0,0x0,0x0) = 0 (0x0)
_umtx_op(0x801afdcc0,UMTX_OP_RW_RDLOCK,0x0,0x0,0x0) = 0 (0x0)
_umtx_op(0x801afdcc0,UMTX_OP_RW_UNLOCK,0x0,0x0,0x0) = 0 (0x0)
_umtx_op(0x801afdcc0,UMTX_OP_RW_WRLOCK,0x0,0x0,0x0) = 0 (0x0)
open("/lib/libgcc_s.so.1",O_RDONLY|O_CLOEXEC|O_VERIFY,00) = 4 (0x4)
fstat(4,{ mode=-r--r--r-- ,inode=301009,size=79024,blksize=79360 }) = 0 (0x0)
close(4)					 = 0 (0x0)
_umtx_op(0x801afdcc0,UMTX_OP_RW_UNLOCK,0x0,0x0,0x0) = 0 (0x0)
_umtx_op(0x801afdcc0,UMTX_OP_RW_RDLOCK,0x0,0x0,0x0) = 0 (0x0)
_umtx_op(0x801afdcc0,UMTX_OP_RW_UNLOCK,0x0,0x0,0x0) = 0 (0x0)
_umtx_op(0x801afdcc0,UMTX_OP_RW_RDLOCK,0x0,0x0,0x0) = 0 (0x0)
_umtx_op(0x801afdcc0,UMTX_OP_RW_UNLOCK,0x0,0x0,0x0) = 0 (0x0)
_umtx_op(0x801afdcc0,UMTX_OP_RW_WRLOCK,0x0,0x0,0x0) = 0 (0x0)
_umtx_op(0x801afdcc0,UMTX_OP_RW_UNLOCK,0x0,0x0,0x0) = 0 (0x0)
_umtx_op(0x801afdcc0,UMTX_OP_RW_WRLOCK,0x0,0x0,0x0) = 0 (0x0)
_umtx_op(0x801afdcc0,UMTX_OP_RW_RDLOCK,0x0,0x0,0x0) = 0 (0x0)
_umtx_op(0x801afdcc0,UMTX_OP_RW_UNLOCK,0x0,0x0,0x0) = 0 (0x0)
_umtx_op(0x801afdcc0,UMTX_OP_RW_WRLOCK,0x0,0x0,0x0) = 0 (0x0)
_umtx_op(0x801afdcc0,UMTX_OP_RW_RDLOCK,0x0,0x0,0x0) = 0 (0x0)
_umtx_op(0x801afdcc0,UMTX_OP_RW_UNLOCK,0x0,0x0,0x0) = 0 (0x0)
_umtx_op(0x801afdcc0,UMTX_OP_RW_WRLOCK,0x0,0x0,0x0) = 0 (0x0)
_umtx_op(0x801afdcc0,UMTX_OP_RW_UNLOCK,0x0,0x0,0x0) = 0 (0x0)
_umtx_op(0x801afdcc0,UMTX_OP_RW_WRLOCK,0x0,0x0,0x0) = 0 (0x0)
_umtx_op(0x801afdcc0,UMTX_OP_RW_UNLOCK,0x0,0x0,0x0) = 0 (0x0)
_umtx_op(0x801afdcc0,UMTX_OP_RW_WRLOCK,0x0,0x0,0x0) = 0 (0x0)
poll({ 3/POLLIN|POLLOUT },1,-1)			 = 1 (0x1)
writev(3,[{".\0\^B\0\^C\0\M^@\^C",8}],1)	 = 8 (0x8)
poll({ 3/POLLIN|POLLOUT },1,-1)			 = 1 (0x1)
madvise(0x80d25e000,20480,MADV_FREE)		 = 0 (0x0)
writev(3,[{"<\0\^B\0\0\0\M^@\^C+\0\^A\0",12},{0x0,0},{0x80769903a,0}],3) = 12 (0xc)
poll({ 3/POLLIN },1,-1)				 = 1 (0x1)
madvise(0x80d215000,32768,MADV_FREE)		 = 0 (0x0)
recvmsg(3,{NULL,0,[{"\^A\^BA\^A\0\0\0\0\a\0\M^@\^B\0"...,4096}],1,{},0,0},0) = 32 (0x20)
madvise(0x80d212000,8192,MADV_FREE)		 = 0 (0x0)
madvise(0x80d209000,16384,MADV_FREE)		 = 0 (0x0)
madvise(0x80d244000,57344,MADV_FREE)		 = 0 (0x0)
madvise(0x80d228000,73728,MADV_FREE)		 = 0 (0x0)
shutdown(3,SHUT_RDWR)				 = 0 (0x0)
<thread 323518 exited>
close(3)					 = 0 (0x0)
openat(AT_FDCWD,"/etc/os-release",O_RDONLY|O_CLOEXEC,00) = 3 (0x3)
fstat(3,{ mode=-r--r--r-- ,inode=426115,size=292,blksize=4096 }) = 0 (0x0)
read(3,"NAME="GhostBSD"\nVERSION="21.11."...,292) = 292 (0x124)
close(3)					 = 0 (0x0)
Not setting scale factors. Using predefined QT_SCALE_FACTOR= 1
write(2,"Not setting scale factors. Using"...,63) = 63 (0x3f)
geteuid()					 = 1002 (0x3ea)
getuid()					 = 1002 (0x3ea)
__getcwd("/usr/home/shuryanc/megasync3/MEGAsync/src/MEGASync",1024) = 0 (0x0)
fstatat(AT_FDCWD,"/sbin/megasync",0x7fffffffd890,0x0) ERR#2 'No such file or directory'
fstatat(AT_FDCWD,"/bin/megasync",0x7fffffffd890,0x0) ERR#2 'No such file or directory'
fstatat(AT_FDCWD,"/usr/sbin/megasync",0x7fffffffd890,0x0) ERR#2 'No such file or directory'
fstatat(AT_FDCWD,"/usr/bin/megasync",{ mode=-rwxr-xr-x ,inode=363376,size=175231312,blksize=131072 },0x0) = 0 (0x0)
access("/usr/bin/megasync",X_OK)		 = 0 (0x0)
access("/usr/bin/megasync",F_OK)		 = 0 (0x0)
fstatat(AT_FDCWD,"/usr",{ mode=drwxr-xr-x ,inode=128,size=15,blksize=4096 },AT_SYMLINK_NOFOLLOW) = 0 (0x0)
fstatat(AT_FDCWD,"/usr/bin",{ mode=drwxr-xr-x ,inode=228662,size=489,blksize=60928 },AT_SYMLINK_NOFOLLOW) = 0 (0x0)
fstatat(AT_FDCWD,"/usr/bin/megasync",{ mode=-rwxr-xr-x ,inode=363376,size=175231312,blksize=131072 },AT_SYMLINK_NOFOLLOW) = 0 (0x0)
access("/usr/bin/qt.conf",F_OK)			 ERR#2 'No such file or directory'
socket(PF_LOCAL,SOCK_STREAM|SOCK_CLOEXEC,0)	 = 3 (0x3)
getsockopt(3,SOL_SOCKET,SO_SNDBUF,0x7fffffffd858,0x7fffffffd85c) = 0 (0x0)
setsockopt(3,SOL_SOCKET,SO_SNDBUF,0x7fffffffd858,4) = 0 (0x0)
connect(3,{ AF_UNIX "/tmp/.X11-unix/X0" },106)	 = 0 (0x0)
getpeername(3,{ AF_UNIX "/tmp/.X11-unix/X0" },0x7fffffffd6e0) = 0 (0x0)
__sysctl("kern.hostname",2,0x7fffffffd6e0,0x7fffffffd648,0x0,0) = 0 (0x0)
access("/home/shuryanc/.Xauthority",R_OK)	 = 0 (0x0)
open("/home/shuryanc/.Xauthority",O_RDONLY,0666) = 4 (0x4)
fstat(4,{ mode=-rw------- ,inode=130,size=65,blksize=4096 }) = 0 (0x0)
read(4,"\^A\0\0\^Tshuryanc-ghostbsd-pc\0"...,4096) = 65 (0x41)
read(4,0x80aacc000,4096)			 = 0 (0x0)
close(4)					 = 0 (0x0)
getsockname(3,{ AF_UNIX "" },0x7fffffffd6e0)	 = 0 (0x0)
fcntl(3,F_GETFL,)				 = 2 (0x2)
fcntl(3,F_SETFL,O_RDWR|O_NONBLOCK)		 = 0 (0x0)
fcntl(3,F_SETFD,FD_CLOEXEC)			 = 0 (0x0)
poll({ 3/POLLIN|POLLOUT },1,-1)			 = 1 (0x1)
writev(3,[{"l\0\v\0\0\0\^R\0\^P\0\0\0",12},{0x801bdc4a8,0},{"MIT-MAGIC-COOKIE-1",18},{"\0\0",2},{"8\M^U\^R"\M-*\M-j\0\M^[M\M^Q&"...,16},{0x801bdc4a8,0}],6) = 48 (0x30)
recvfrom(3,"\^A\0\v\0\0\0K\^C",8,0,NULL,0x0)	 = 8 (0x8)
recvfrom(3,"\M-HM\M-7\0\0\0\M^@\^C\M^?\M^?"...,3372,0,NULL,0x0) = 3372 (0xd2c)
poll({ 3/POLLIN|POLLOUT },1,-1)			 = 1 (0x1)
writev(3,[{"b\0\^E\0\f\0\0\0BIG-REQUESTS",20}],1) = 20 (0x14)
poll({ 3/POLLIN },1,-1)				 = 1 (0x1)
recvmsg(3,{NULL,0,[{"\^A\0\^A\0\0\0\0\0\^A\M^E\0\0\0"...,4096}],1,{},0,0},0) = 32 (0x20)
poll({ 3/POLLIN|POLLOUT },1,-1)			 = 1 (0x1)
writev(3,[{"\M^E\0\^A\0",4}],1)			 = 4 (0x4)
poll({ 3/POLLIN },1,-1)				 = 1 (0x1)
recvmsg(3,{NULL,0,[{"\^A\0\^B\0\0\0\0\0\M^?\M^??\0\0"...,4096}],1,{},0,0},0) = 32 (0x20)
recvmsg(3,0x7fffffffd710,0)			 ERR#35 'Resource temporarily unavailable'
poll({ 3/POLLIN|POLLOUT },1,-1)			 = 1 (0x1)
writev(3,[{"7\0\^E\0\0\0\M^@\^C\M-W\^A\0\0\b"...,44},{0x0,0},{0x80769903a,0}],3) = 44 (0x2c)
poll({ 3/POLLIN },1,-1)				 = 1 (0x1)
recvmsg(3,{NULL,0,[{"\^A\b\^D\0004\^F\0\0\^_\0\0\0\0"...,4096}],1,{},0,0},0) = 4096 (0x1000)
recvfrom(3,"mMessageBox.foreground:\t#000000"...,2288,0,NULL,0x0) = 2288 (0x8f0)
poll({ 3/POLLIN|POLLOUT },1,-1)			 = 1 (0x1)
writev(3,[{"b\0\^E\0\t\0\M^@\^C",8},{"XKEYBOARD",9},{"\0\0\0",3}],3) = 20 (0x14)
poll({ 3/POLLIN },1,-1)				 = 1 (0x1)
recvmsg(3,{NULL,0,[{"\^A\0\^E\0\0\0\0\0\^A\M^GU\M^I\0"...,4096}],1,{},0,0},0) = 32 (0x20)
poll({ 3/POLLIN|POLLOUT },1,-1)			 = 1 (0x1)
writev(3,[{"\M^G\0\^B\0\^A\0\0\0",8},{0x0,0},{0x80769903a,0}],3) = 8 (0x8)
poll({ 3/POLLIN },1,-1)				 = 1 (0x1)
recvmsg(3,{NULL,0,[{"\^A\^A\^F\0\0\0\0\0\^A\0\0\0\0\0"...,4096}],1,{},0,0},0) = 32 (0x20)
poll({ 3/POLLIN|POLLOUT },1,-1)			 = 1 (0x1)
writev(3,[{"\^P\0\^E\0\f\0\0\0WM_PROTOCOLS"...,3796}],1) = 3796 (0xed4)
poll({ 3/POLLIN },1,-1)				 = 1 (0x1)
recvmsg(3,{NULL,0,[{"\^A\0\a\0\0\0\0\0>\^A\0\0\0\0\0"...,4096}],1,{},0,0},0) = 3232 (0xca0)
poll({ 3/POLLIN },1,-1)				 = 1 (0x1)
recvmsg(3,{NULL,0,[{"\^A\0l\0\0\0\0\0\M-u\^A\0\0\0\0"...,4096}],1,{},0,0},0) = 1472 (0x5c0)
poll({ 3/POLLIN|POLLOUT },1,-1)			 = 1 (0x1)
writev(3,[{"b\0\^D\0\a\0\0\0MIT-SHM\0b\0\^D"...,136}],1) = 136 (0x88)
poll({ 3/POLLIN },1,-1)				 = 1 (0x1)
recvmsg(3,{NULL,0,[{"\^A\0\M^Z\0\0\0\0\0\^A\M^BA\M^@"...,4096}],1,{},0,0},0) = 256 (0x100)
poll({ 3/POLLIN|POLLOUT },1,-1)			 = 1 (0x1)
writev(3,[{"\M^B\0\^A\0",4}],1)			 = 4 (0x4)
poll({ 3/POLLIN },1,-1)				 = 1 (0x1)
recvmsg(3,{NULL,0,[{"\^A\0\M-"\0\0\0\0\0\^A\0\^B\0\0"...,4096}],1,{},0,0},0) = 32 (0x20)
shmget(0x0,0x1,0x380)				 = 1179649 (0x120001)
shmat(0x120001,0x0,0x0)				 = 34399571968 (0x8025fd000)
shmctl(0x120001,0x0,0x0)			 = 0 (0x0)
poll({ 3/POLLIN|POLLOUT },1,-1)			 = 1 (0x1)
writev(3,[{"\M^B\^A\^D\0\^B\0\M^@\^C\^A\0\^R"...,20}],1) = 20 (0x14)
poll({ 3/POLLIN },1,-1)				 = 1 (0x1)
recvmsg(3,{NULL,0,[{"\^A\^B\M-$\0\0\0\0\0\a\0\M^@\^B"...,4096}],1,{},0,0},0) = 32 (0x20)
shmdt(0x8025fd000)				 = 0 (0x0)
poll({ 3/POLLIN|POLLOUT },1,-1)			 = 1 (0x1)
writev(3,[{"\M^B\^B\^B\0\^B\0\M^@\^C\M^L\0"...,20}],1) = 20 (0x14)
poll({ 3/POLLIN },1,-1)				 = 1 (0x1)
recvmsg(3,{NULL,0,[{"\^A\0\M-&\0\0\0\0\0\^A\0\0\0\^F"...,4096}],1,{},0,0},0) = 32 (0x20)
poll({ 3/POLLIN|POLLOUT },1,-1)			 = 1 (0x1)
writev(3,[{"\M^J\0\^C\0\^E\0\0\0\0\0\0\0",12}],1) = 12 (0xc)
poll({ 3/POLLIN },1,-1)				 = 1 (0x1)
recvmsg(3,{NULL,0,[{"\^A\0\M-'\0\0\0\0\0\^E\0\0\0\0\0"...,4096}],1,{},0,0},0) = 32 (0x20)
poll({ 3/POLLIN|POLLOUT },1,-1)			 = 1 (0x1)
writev(3,[{"\M^K\0\^C\0\0\0\0\0\v\0\0\0",12}],1) = 12 (0xc)
poll({ 3/POLLIN },1,-1)				 = 1 (0x1)
recvmsg(3,{NULL,0,[{"\^A\0\M-(\0\0\0\0\0\0\0\0\0\v\0"...,4096}],1,{},0,0},0) = 32 (0x20)
poll({ 3/POLLIN|POLLOUT },1,-1)			 = 1 (0x1)
writev(3,[{"\M^C/\^B\0\^B\0\^B\0",8}],1)	 = 8 (0x8)
poll({ 3/POLLIN },1,-1)				 = 1 (0x1)
recvmsg(3,{NULL,0,[{"\^A/\M-)\0\0\0\0\0\^B\0\^B\0\0\0"...,4096}],1,{},0,0},0) = 32 (0x20)
poll({ 3/POLLIN|POLLOUT },1,-1)			 = 1 (0x1)
writev(3,[{"\M^A\0\^A\0",4}],1)			 = 4 (0x4)
poll({ 3/POLLIN },1,-1)				 = 1 (0x1)
recvmsg(3,{NULL,0,[{"\^A\0\M-*\0\0\0\0\0\^A\0\^A\0\0"...,4096}],1,{},0,0},0) = 32 (0x20)
poll({ 3/POLLIN|POLLOUT },1,-1)			 = 1 (0x1)
writev(3,[{"\M^G\0\^B\0\^A\0\0\0",8}],1)	 = 8 (0x8)
poll({ 3/POLLIN },1,-1)				 = 1 (0x1)
recvmsg(3,{NULL,0,[{"\^A\^A\M-+\0\0\0\0\0\^A\0\0\0\0"...,4096}],1,{},0,0},0) = 32 (0x20)
mmap(0x7fffdfbfc000,2101248,PROT_READ|PROT_WRITE,MAP_STACK,-1,0x0) = 140736947273728 (0x7fffdfbfc000)
mprotect(0x7fffdfbfc000,4096,PROT_NONE)		 = 0 (0x0)
thr_new(0x7fffffffd9b0,0x68)			 = 0 (0x0)
<new thread 323523>
sigfastblock(0x1,0x80aa12e38)			 = 0 (0x0)
poll({ 3/POLLIN|POLLOUT },1,-1)			 = 1 (0x1)
writev(3,[{"\M^L\^D\^C\0\M-W\^A\0\0\^O\0\0\0"...,36}],1) = 36 (0x24)
poll({ 3/POLLIN },1,-1)				 = 1 (0x1)
recvmsg(3,{NULL,0,[{"\^A\0\M--\0\0\0\0\0E\^A\0\0\0\0"...,4096}],1,{},0,0},0) = 32 (0x20)
poll({ 3/POLLIN|POLLOUT },1,-1)			 = 1 (0x1)
writev(3,[{"\^W\0\^B\0E\^A\0\0",8}],1)		 = 8 (0x8)
poll({ 3/POLLIN },1,-1)				 = 1 (0x1)
recvmsg(3,{NULL,0,[{"\^A\0\M-.\0\0\0\0\0\^E\0@\^A\0\0"...,4096}],1,{},0,0},0) = 32 (0x20)
poll({ 3/POLLIN|POLLOUT },1,-1)			 = 1 (0x1)
writev(3,[{"\^T\0\^F\0\M-W\^A\0\0\M-:\^A\0\0"...,24}],1) = 24 (0x18)
poll({ 3/POLLIN },1,-1)				 = 1 (0x1)
recvmsg(3,{NULL,0,[{"\^A \M-/\0\^P\0\0\0\^F\0\0\0\0\0"...,4096}],1,{},0,0},0) = 96 (0x60)
poll({ 3/POLLIN|POLLOUT },1,-1)			 = 1 (0x1)
writev(3,[{"\^T\0\^F\0\M-W\^A\0\0\^W\0\0\0"...,24}],1) = 24 (0x18)
__specialfd(0x1,0x7fffdfdfce38,0x8)		 = 4 (0x4)
poll({ 3/POLLIN },1,-1)				 = 1 (0x1)
recvmsg(3,{NULL,0,[{"\^A\b\M-0\0004\^F\0\0\^_\0\0\0\0"...,4096}],1,{},0,0},0) = 4096 (0x1000)
write(4,"\^A\0\0\0\0\0\0\0",8)			 = 8 (0x8)
recvfrom(3,"mMessageBox.foreground:\t#000000"...,2288,0,NULL,0x0) = 2288 (0x8f0)
poll({ 3/POLLIN|POLLOUT },1,-1)			 = 1 (0x1)
writev(3,[{"\^C\0\^B\0\M-W\^A\0\0",8}],1)	 = 8 (0x8)
poll({ 3/POLLIN },1,-1)				 = 1 (0x1)
_umtx_op(0x80a72fd88,UMTX_OP_MUTEX_WAIT,0x0,0x0,0x0) = 0 (0x0)
recvmsg(3,{NULL,0,[{"\^A\0\M-1\0\^C\0\0\0!\0\0\0\^A\0"...,4096}],1,{},0,0},0) = 44 (0x2c)
_umtx_op(0x80aa130c0,UMTX_OP_NWAKE_PRIVATE,0x1,0x0,0x0) = 0 (0x0)
_umtx_op(0x801afd7e8,UMTX_OP_WAIT_UINT_PRIVATE,0x0,0x0,0x0) = 0 (0x0)
poll({ 3/POLLIN|POLLOUT },1,-1)			 = 1 (0x1)
writev(3,[{"\^B\0\^D\0\M-W\^A\0\0\0\b\0\0000"...,40}],1) = 40 (0x28)
poll({ 3/POLLIN },1,-1)				 = 1 (0x1)
recvmsg(3,{NULL,0,[{"\^A \M-3\0\^A\0\0\0!\0\0\0\0\0\0"...,4096}],1,{},0,0},0) = 36 (0x24)
_umtx_op(0x80aa130c0,UMTX_OP_NWAKE_PRIVATE,0x1,0x0,0x0) = 0 (0x0)
_umtx_op(0x801afd7e8,UMTX_OP_WAIT_UINT_PRIVATE,0x0,0x0,0x0) = 0 (0x0)
poll({ 3/POLLIN|POLLOUT },1,-1)			 = 1 (0x1)
writev(3,[{"\^T\0\^F\0\^B\0@\^AI\^A\0\0:\^A"...,24}],1) = 24 (0x18)
poll({ 3/POLLIN },1,-1)				 = 1 (0x1)
recvmsg(3,{NULL,0,[{"\^A\b\M-4\0\^D\0\0\0:\^A\0\0\0\0"...,4096}],1,{},0,0},0) = 48 (0x30)
_umtx_op(0x80aa130c0,UMTX_OP_NWAKE_PRIVATE,0x1,0x0,0x0) = 0 (0x0)
_umtx_op(0x801afd7e8,UMTX_OP_WAIT_UINT_PRIVATE,0x0,0x0,0x0) = 0 (0x0)
poll({ 3/POLLIN|POLLOUT },1,-1)			 = 1 (0x1)
writev(3,[{"\^P\^A\^F\0\r\0\0\0_XSETTINGS_S0"...,24}],1) = 24 (0x18)
poll({ 3/POLLIN },1,-1)				 = 1 (0x1)
recvmsg(3,{NULL,0,[{"\^A\0\M-5\0\0\0\0\0j\^A\0\0\0\0"...,4096}],1,{},0,0},0) = 32 (0x20)
_umtx_op(0x80aa130c0,UMTX_OP_NWAKE_PRIVATE,0x1,0x0,0x0) = 0 (0x0)
_umtx_op(0x801afd7e8,UMTX_OP_WAIT_UINT_PRIVATE,0x0,0x0,0x0) = 0 (0x0)
poll({ 3/POLLIN|POLLOUT },1,-1)			 = 1 (0x1)
writev(3,[{"\^W\0\^B\0j\^A\0\0",8}],1)		 = 8 (0x8)
poll({ 3/POLLIN },1,-1)				 = 1 (0x1)
recvmsg(3,{NULL,0,[{"\^A\0\M-6\0\0\0\0\0\^B\0 \^A\0\0"...,4096}],1,{},0,0},0) = 32 (0x20)
_umtx_op(0x80aa130c0,UMTX_OP_NWAKE_PRIVATE,0x1,0x0,0x0) = 0 (0x0)
_umtx_op(0x801afd7e8,UMTX_OP_WAIT_UINT_PRIVATE,0x0,0x0,0x0) = 0 (0x0)
poll({ 3/POLLIN|POLLOUT },1,-1)			 = 1 (0x1)
writev(3,[{"\^B\0\^D\0\^B\0 \^A\0\b\0\0\0\0B"...,44}],1) = 44 (0x2c)
poll({ 3/POLLIN },1,-1)				 = 1 (0x1)
recvmsg(3,{NULL,0,[{"\^A\b\M-9\0h\^A\0\0\M^U\^A\0\0\0"...,4096}],1,{},0,0},0) = 1472 (0x5c0)
_umtx_op(0x80aa130c0,UMTX_OP_NWAKE_PRIVATE,0x1,0x0,0x0) = 0 (0x0)
_umtx_op(0x801afd7e8,UMTX_OP_WAIT_UINT_PRIVATE,0x0,0x0,0x0) = 0 (0x0)
poll({ 3/POLLIN|POLLOUT },1,-1)			 = 1 (0x1)
writev(3,[{"%\0\^A\0\M^L\^Y\^B\0\M-W\^A\0\0",12}],1) = 12 (0xc)
poll({ 3/POLLIN },1,-1)				 = 1 (0x1)
recvmsg(3,{NULL,0,[{"\^A\0\M-;\0\M-a\0\0\0,&\0\0,&\0"...,4096}],1,{},0,0},0) = 932 (0x3a4)
_umtx_op(0x80aa130c0,UMTX_OP_NWAKE_PRIVATE,0x1,0x0,0x0) = 0 (0x0)
_umtx_op(0x801afd7e8,UMTX_OP_WAIT_UINT_PRIVATE,0x0,0x0,0x0) = 0 (0x0)
poll({ 3/POLLIN|POLLOUT },1,-1)			 = 1 (0x1)
writev(3,[{"\M^L\^_\^B\0\M-W\^A\0\0",8}],1)	 = 8 (0x8)
poll({ 3/POLLIN },1,-1)				 = 1 (0x1)
recvmsg(3,{NULL,0,[{"\^A\0\M-<\0\0\0\0\0\M-;\^A\0\0\0"...,4096}],1,{},0,0},0) = 32 (0x20)
_umtx_op(0x80aa130c0,UMTX_OP_NWAKE_PRIVATE,0x1,0x0,0x0) = 0 (0x0)
_umtx_op(0x801afd7e8,UMTX_OP_WAIT_UINT_PRIVATE,0x0,0x0,0x0) = 0 (0x0)
poll({ 3/POLLIN|POLLOUT },1,-1)			 = 1 (0x1)
writev(3,[{"\M^L\t\^C\0\M-;\^A\0\0,&\0\0",12}],1) = 12 (0xc)
poll({ 3/POLLIN },1,-1)				 = 1 (0x1)
recvmsg(3,{NULL,0,[{"\^A\0\M-=\0\^E\0\0\0,&\0\0\0\0\0"...,4096}],1,{},0,0},0) = 52 (0x34)
_umtx_op(0x80aa130c0,UMTX_OP_NWAKE_PRIVATE,0x1,0x0,0x0) = 0 (0x0)
_umtx_op(0x801afd7e8,UMTX_OP_WAIT_UINT_PRIVATE,0x0,0x0,0x0) = 0 (0x0)
poll({ 3/POLLIN|POLLOUT },1,-1)			 = 1 (0x1)
writev(3,[{"\M^L\t\^C\0\M-<\^A\0\0,&\0\0",12}],1) = 12 (0xc)
poll({ 3/POLLIN },1,-1)				 = 1 (0x1)
recvmsg(3,{NULL,0,[{"\^A\0\M->\0\^[\0\0\0,&\0\0\M-9"...,4096}],1,{},0,0},0) = 140 (0x8c)
_umtx_op(0x80aa130c0,UMTX_OP_NWAKE_PRIVATE,0x1,0x0,0x0) = 0 (0x0)
_umtx_op(0x801afd7e8,UMTX_OP_WAIT_UINT_PRIVATE,0x0,0x0,0x0) = 0 (0x0)
access("/usr/share/hwdata/pnp.ids",F_OK)	 ERR#2 'No such file or directory'
poll({ 3/POLLIN|POLLOUT },1,-1)			 = 1 (0x1)
writev(3,[{"\M^L\^D\^C\0\M-W\^A\0\0\^A\0\0\0"...,24}],1) = 24 (0x18)
poll({ 3/POLLIN },1,-1)				 = 1 (0x1)
_umtx_op(0x80a72fd88,UMTX_OP_MUTEX_WAIT,0x0,0x0,0x0) = 0 (0x0)
recvmsg(3,{NULL,0,[{"\^A\0\M-@\0\^C\0\0\0,&\0\0\0\0\0"...,4096}],1,{},0,0},0) = 44 (0x2c)
_umtx_op(0x80aa130c0,UMTX_OP_NWAKE_PRIVATE,0x1,0x0,0x0) = 0 (0x0)
_umtx_op(0x801afd7e8,UMTX_OP_WAIT_UINT_PRIVATE,0x0,0x0,0x0) = 0 (0x0)
poll({ 3/POLLIN|POLLOUT },1,-1)			 = 1 (0x1)
writev(3,[{"\M^L\^Y\^B\0\M-W\^A\0\0",8}],1)	 = 8 (0x8)
poll({ 3/POLLIN },1,-1)				 = 1 (0x1)
recvmsg(3,{NULL,0,[{"\^A\0\M-A\0\M-a\0\0\0,&\0\0,&\0"...,4096}],1,{},0,0},0) = 932 (0x3a4)
_umtx_op(0x80aa130c0,UMTX_OP_NWAKE_PRIVATE,0x1,0x0,0x0) = 0 (0x0)
_umtx_op(0x801afd7e8,UMTX_OP_WAIT_UINT_PRIVATE,0x0,0x0,0x0) = 0 (0x0)
poll({ 3/POLLIN|POLLOUT },1,-1)			 = 1 (0x1)
writev(3,[{"-\0\^E\0\^C\0\M^@\^C\^F\0\0\0cur"...,48}],1) = 48 (0x30)
poll({ 3/POLLIN },1,-1)				 = 1 (0x1)
recvmsg(3,{NULL,0,[{"\^A\b\M-C\0@\0\0\0\^S\0\0\0\0\0"...,4096}],1,{},0,0},0) = 288 (0x120)
_umtx_op(0x80aa130c0,UMTX_OP_NWAKE_PRIVATE,0x1,0x0,0x0) = 0 (0x0)
_umtx_op(0x801afd7e8,UMTX_OP_WAIT_UINT_PRIVATE,0x0,0x0,0x0) = 0 (0x0)
poll({ 3/POLLIN|POLLOUT },1,-1)			 = 1 (0x1)
writev(3,[{"\^A\0\b\0\^D\0\M^@\^C\M-W\^A\0\0"...,88}],1) = 88 (0x58)
poll({ 3/POLLIN|POLLOUT },1,-1)			 = 1 (0x1)
writev(3,[{"\^R\0\^N\0\^D\0\M^@\^C'\0\0\0\^_"...,56},{0x0,0},{0x80769903a,0}],3) = 56 (0x38)
poll({ 3/POLLIN|POLLOUT },1,-1)			 = 1 (0x1)
writev(3,[{"\M^J\^B\^D\0\^D\0\M^@\^CE\^A\0\0"...,24}],1) = 24 (0x18)
poll({ 3/POLLIN },1,-1)				 = 1 (0x1)
_umtx_op(0x80a72fd88,UMTX_OP_MUTEX_WAIT,0x0,0x0,0x0) = 0 (0x0)
recvmsg(3,{NULL,0,[{"\^A0\M-H\0#\a\0\0\n\0\0\0\0\0\0"...,4096}],1,{},0,0},0) = 4096 (0x1000)
recvfrom(3,"$\0\0\0%\0\0\0&\0\0\0'\0\0\0(\0"...,3244,0,NULL,0x0) = 3244 (0xcac)
_umtx_op(0x80aa130c0,UMTX_OP_NWAKE_PRIVATE,0x1,0x0,0x0) = 0 (0x0)
_umtx_op(0x801afd7e8,UMTX_OP_WAIT_UINT_PRIVATE,0x0,0x0,0x0) = 0 (0x0)
poll({ 3/POLLIN|POLLOUT },1,-1)			 = 1 (0x1)
writev(3,[{"\M^C.\^E\0\M-W\^A\0\0\^A\0\0\0\0"...,44}],1) = 44 (0x2c)
poll({ 3/POLLIN },1,-1)				 = 1 (0x1)
recvmsg(3,{NULL,0,[{"\^A \M-J\0D\0\0\0\^D\0\0\0\0\0\0"...,4096}],1,{},0,0},0) = 304 (0x130)
_umtx_op(0x80aa130c0,UMTX_OP_NWAKE_PRIVATE,0x1,0x0,0x0) = 0 (0x0)
_umtx_op(0x801afd7e8,UMTX_OP_WAIT_UINT_PRIVATE,0x0,0x0,0x0) = 0 (0x0)
poll({ 3/POLLIN|POLLOUT },1,-1)			 = 1 (0x1)
writev(3,[{"\M^G\^A\^D\0\0\^A\a\0\0\0\a\0"...,20}],1) = 20 (0x14)
poll({ 3/POLLIN },1,-1)				 = 1 (0x1)
recvmsg(3,{NULL,0,[{"\^A\^B\M-L\0\0\0\0\0\a\0\M^@\^B"...,4096}],1,{},0,0},0) = 32 (0x20)
_umtx_op(0x80aa130c0,UMTX_OP_NWAKE_PRIVATE,0x1,0x0,0x0) = 0 (0x0)
_umtx_op(0x801afd7e8,UMTX_OP_WAIT_UINT_PRIVATE,0x0,0x0,0x0) = 0 (0x0)
poll({ 3/POLLIN|POLLOUT },1,-1)			 = 1 (0x1)
writev(3,[{"\M^G\^X\^D\0\0\^A\0\0\0\0\0\0\0"...,16}],1) = 16 (0x10)
poll({ 3/POLLIN },1,-1)				 = 1 (0x1)
recvmsg(3,{NULL,0,[{"\^A\^C\M-M\0\^F\0\0\0\0\0\^^\0\0"...,4096}],1,{},0,0},0) = 56 (0x38)
_umtx_op(0x80aa130c0,UMTX_OP_NWAKE_PRIVATE,0x1,0x0,0x0) = 0 (0x0)
_umtx_op(0x801afd7e8,UMTX_OP_WAIT_UINT_PRIVATE,0x0,0x0,0x0) = 0 (0x0)
poll({ 3/POLLIN|POLLOUT },1,-1)			 = 1 (0x1)
writev(3,[{"\M^G\^Q\^C\0\0\^A\0\0\0\b\0\0",12}],1) = 12 (0xc)
poll({ 3/POLLIN },1,-1)				 = 1 (0x1)
_umtx_op(0x80a72fd88,UMTX_OP_MUTEX_WAIT,0x0,0x0,0x0) = 0 (0x0)
recvmsg(3,{NULL,0,[{"\^A\^C\M-N\0\r\0\0\0\0\b\0\0\b"...,4096}],1,{},0,0},0) = 84 (0x54)
_umtx_op(0x80aa130c0,UMTX_OP_NWAKE_PRIVATE,0x1,0x0,0x0) = 0 (0x0)
_umtx_op(0x801afd7e8,UMTX_OP_WAIT_UINT_PRIVATE,0x0,0x0,0x0) = 0 (0x0)
poll({ 3/POLLIN|POLLOUT },1,-1)			 = 1 (0x1)
writev(3,[{"\^Q\0\^B\0\M-&\0\0\0",8}],1)	 = 8 (0x8)
poll({ 3/POLLIN },1,-1)				 = 1 (0x1)
_umtx_op(0x80a72fd88,UMTX_OP_MUTEX_WAIT,0x0,0x0,0x0) = 0 (0x0)
recvmsg(3,{NULL,0,[{"\^A\0\M-O\0\^B\0\0\0\a\0\0\0\0\0"...,4096}],1,{},0,0},0) = 40 (0x28)
_umtx_op(0x80aa130c0,UMTX_OP_NWAKE_PRIVATE,0x1,0x0,0x0) = 0 (0x0)
_umtx_op(0x801afd7e8,UMTX_OP_WAIT_UINT_PRIVATE,0x0,0x0,0x0) = 0 (0x0)
poll({ 3/POLLIN|POLLOUT },1,-1)			 = 1 (0x1)
writev(3,[{"\^Q\0\^B\0\M-'\0\0\0",8}],1)	 = 8 (0x8)
poll({ 3/POLLIN },1,-1)				 = 1 (0x1)
_umtx_op(0x80a72fd88,UMTX_OP_MUTEX_WAIT,0x0,0x0,0x0) = 0 (0x0)
recvmsg(3,{NULL,0,[{"\^A\0\M-P\0\^A\0\0\0\^C\0\0\0\0"...,4096}],1,{},0,0},0) = 36 (0x24)
_umtx_op(0x80aa130c0,UMTX_OP_NWAKE_PRIVATE,0x1,0x0,0x0) = 0 (0x0)
_umtx_op(0x801afd7e8,UMTX_OP_WAIT_UINT_PRIVATE,0x0,0x0,0x0) = 0 (0x0)
poll({ 3/POLLIN|POLLOUT },1,-1)			 = 1 (0x1)
writev(3,[{"\^Q\0\^B\0\M-(\0\0\0",8}],1)	 = 8 (0x8)
poll({ 3/POLLIN },1,-1)				 = 1 (0x1)
_umtx_op(0x80a72fd88,UMTX_OP_MUTEX_WAIT,0x0,0x0,0x0) = 0 (0x0)
recvmsg(3,{NULL,0,[{"\^A\0\M-Q\0\^C\0\0\0\n\0\0\0\0\0"...,4096}],1,{},0,0},0) = 44 (0x2c)
_umtx_op(0x80aa130c0,UMTX_OP_NWAKE_PRIVATE,0x1,0x0,0x0) = 0 (0x0)
_umtx_op(0x801afd7e8,UMTX_OP_WAIT_UINT_PRIVATE,0x0,0x0,0x0) = 0 (0x0)
poll({ 3/POLLIN|POLLOUT },1,-1)			 = 1 (0x1)
writev(3,[{"\^Q\0\^B\0\M-)\0\0\0",8}],1)	 = 8 (0x8)
poll({ 3/POLLIN },1,-1)				 = 1 (0x1)
recvmsg(3,{NULL,0,[{"\^A\0\M-R\0\^A\0\0\0\^D\0\0\0\0"...,4096}],1,{},0,0},0) = 36 (0x24)
_umtx_op(0x80aa130c0,UMTX_OP_NWAKE_PRIVATE,0x1,0x0,0x0) = 0 (0x0)
_umtx_op(0x801afd7e8,UMTX_OP_WAIT_UINT_PRIVATE,0x0,0x0,0x0) = 0 (0x0)
poll({ 3/POLLIN|POLLOUT },1,-1)			 = 1 (0x1)
writev(3,[{"\^Q\0\^B\0\M-*\0\0\0",8}],1)	 = 8 (0x8)
poll({ 3/POLLIN },1,-1)				 = 1 (0x1)
recvmsg(3,{NULL,0,[{"\^A\0\M-S\0\^A\0\0\0\^D\0\0\0\0"...,4096}],1,{},0,0},0) = 36 (0x24)
_umtx_op(0x80aa130c0,UMTX_OP_NWAKE_PRIVATE,0x1,0x0,0x0) = 0 (0x0)
_umtx_op(0x801afd7e8,UMTX_OP_WAIT_UINT_PRIVATE,0x0,0x0,0x0) = 0 (0x0)
poll({ 3/POLLIN|POLLOUT },1,-1)			 = 1 (0x1)
writev(3,[{"\^Q\0\^B\0\M-+\0\0\0",8}],1)	 = 8 (0x8)
poll({ 3/POLLIN },1,-1)				 = 1 (0x1)
recvmsg(3,{NULL,0,[{"\^A\0\M-T\0\^B\0\0\0\b\0\0\0\0\0"...,4096}],1,{},0,0},0) = 40 (0x28)
_umtx_op(0x80aa130c0,UMTX_OP_NWAKE_PRIVATE,0x1,0x0,0x0) = 0 (0x0)
_umtx_op(0x801afd7e8,UMTX_OP_WAIT_UINT_PRIVATE,0x0,0x0,0x0) = 0 (0x0)
poll({ 3/POLLIN|POLLOUT },1,-1)			 = 1 (0x1)
writev(3,[{"\^Q\0\^B\0\M-,\0\0\0",8}],1)	 = 8 (0x8)
poll({ 3/POLLIN },1,-1)				 = 1 (0x1)
recvmsg(3,{NULL,0,[{"\^A\0\M-U\0\^B\0\0\0\b\0\0\0\0\0"...,4096}],1,{},0,0},0) = 40 (0x28)
_umtx_op(0x80aa130c0,UMTX_OP_NWAKE_PRIVATE,0x1,0x0,0x0) = 0 (0x0)
_umtx_op(0x801afd7e8,UMTX_OP_WAIT_UINT_PRIVATE,0x0,0x0,0x0) = 0 (0x0)
poll({ 3/POLLIN|POLLOUT },1,-1)			 = 1 (0x1)
writev(3,[{"\^Q\0\^B\0\M--\0\0\0",8}],1)	 = 8 (0x8)
poll({ 3/POLLIN },1,-1)				 = 1 (0x1)
recvmsg(3,{NULL,0,[{"\^A\0\M-V\0\^C\0\0\0\n\0\0\0\0\0"...,4096}],1,{},0,0},0) = 44 (0x2c)
_umtx_op(0x80aa130c0,UMTX_OP_NWAKE_PRIVATE,0x1,0x0,0x0) = 0 (0x0)
_umtx_op(0x801afd7e8,UMTX_OP_WAIT_UINT_PRIVATE,0x0,0x0,0x0) = 0 (0x0)
poll({ 3/POLLIN|POLLOUT },1,-1)			 = 1 (0x1)
writev(3,[{"\^Q\0\^B\0\M-.\0\0\0",8}],1)	 = 8 (0x8)
poll({ 3/POLLIN },1,-1)				 = 1 (0x1)
recvmsg(3,{NULL,0,[{"\^A\0\M-W\0\^C\0\0\0\t\0\0\0\0\0"...,4096}],1,{},0,0},0) = 44 (0x2c)
_umtx_op(0x80aa130c0,UMTX_OP_NWAKE_PRIVATE,0x1,0x0,0x0) = 0 (0x0)
_umtx_op(0x801afd7e8,UMTX_OP_WAIT_UINT_PRIVATE,0x0,0x0,0x0) = 0 (0x0)
poll({ 3/POLLIN|POLLOUT },1,-1)			 = 1 (0x1)
writev(3,[{"\^Q\0\^B\0\M-/\0\0\0",8}],1)	 = 8 (0x8)
poll({ 3/POLLIN },1,-1)				 = 1 (0x1)
recvmsg(3,{NULL,0,[{"\^A\0\M-X\0\^B\0\0\0\^E\0\0\0\0"...,4096}],1,{},0,0},0) = 40 (0x28)
_umtx_op(0x80aa130c0,UMTX_OP_NWAKE_PRIVATE,0x1,0x0,0x0) = 0 (0x0)
_umtx_op(0x801afd7e8,UMTX_OP_WAIT_UINT_PRIVATE,0x0,0x0,0x0) = 0 (0x0)
poll({ 3/POLLIN|POLLOUT },1,-1)			 = 1 (0x1)
writev(3,[{"\^Q\0\^B\0\M-0\0\0\0",8}],1)	 = 8 (0x8)
poll({ 3/POLLIN },1,-1)				 = 1 (0x1)
recvmsg(3,{NULL,0,[{"\^A\0\M-Y\0\^A\0\0\0\^D\0\0\0\0"...,4096}],1,{},0,0},0) = 36 (0x24)
_umtx_op(0x80aa130c0,UMTX_OP_NWAKE_PRIVATE,0x1,0x0,0x0) = 0 (0x0)
_umtx_op(0x801afd7e8,UMTX_OP_WAIT_UINT_PRIVATE,0x0,0x0,0x0) = 0 (0x0)
poll({ 3/POLLIN|POLLOUT },1,-1)			 = 1 (0x1)
writev(3,[{"\^Q\0\^B\0\M-1\0\0\0",8}],1)	 = 8 (0x8)
poll({ 3/POLLIN },1,-1)				 = 1 (0x1)
recvmsg(3,{NULL,0,[{"\^A\0\M-Z\0\^B\0\0\0\^E\0\0\0\0"...,4096}],1,{},0,0},0) = 40 (0x28)
_umtx_op(0x80aa130c0,UMTX_OP_NWAKE_PRIVATE,0x1,0x0,0x0) = 0 (0x0)
_umtx_op(0x801afd7e8,UMTX_OP_WAIT_UINT_PRIVATE,0x0,0x0,0x0) = 0 (0x0)
poll({ 3/POLLIN|POLLOUT },1,-1)			 = 1 (0x1)
writev(3,[{"\^Q\0\^B\0\M-2\0\0\0",8}],1)	 = 8 (0x8)
poll({ 3/POLLIN },1,-1)				 = 1 (0x1)
_umtx_op(0x80a72fd88,UMTX_OP_MUTEX_WAIT,0x0,0x0,0x0) = 0 (0x0)
recvmsg(3,{NULL,0,[{"\^A\0\M-[\0\^B\0\0\0\^E\0\0\0\0"...,4096}],1,{},0,0},0) = 40 (0x28)
_umtx_op(0x80aa130c0,UMTX_OP_NWAKE_PRIVATE,0x1,0x0,0x0) = 0 (0x0)
_umtx_op(0x801afd7e8,UMTX_OP_WAIT_UINT_PRIVATE,0x0,0x0,0x0) = 0 (0x0)
poll({ 3/POLLIN|POLLOUT },1,-1)			 = 1 (0x1)
writev(3,[{"\M^G\b\a\0\0\^A@\0\0\0\0\0\0\0\0"...,28}],1) = 28 (0x1c)
poll({ 3/POLLIN },1,-1)				 = 1 (0x1)
recvmsg(3,{NULL,0,[{"\^A\^C\M-\\0\^F\0\0\0\0\0\b\M^?@"...,4096}],1,{},0,0},0) = 56 (0x38)
_umtx_op(0x80aa130c0,UMTX_OP_NWAKE_PRIVATE,0x1,0x0,0x0) = 0 (0x0)
_umtx_op(0x801afd7e8,UMTX_OP_WAIT_UINT_PRIVATE,0x0,0x0,0x0) = 0 (0x0)
poll({ 3/POLLIN|POLLOUT },1,-1)			 = 1 (0x1)
writev(3,[{"\M^G\b\a\0\^C\0\M-_\0\0\0\0\0\0"...,72}],1) = 72 (0x48)
poll({ 3/POLLIN },1,-1)				 = 1 (0x1)
recvmsg(3,{NULL,0,[{"\^A\^C\M-]\0\M-h\^F\0\0\0\0\b"...,4096}],1,{},0,0},0) = 4096 (0x1000)
recvfrom(3,"\^S\M^?\0\0k\M^?\0\0\0\0\0\0\^A"...,3008,0,NULL,0x0) = 3008 (0xbc0)
_umtx_op(0x80aa130c0,UMTX_OP_NWAKE_PRIVATE,0x1,0x0,0x0) = 0 (0x0)
_umtx_op(0x801afd7e8,UMTX_OP_WAIT_UINT_PRIVATE,0x0,0x0,0x0) = 0 (0x0)
poll({ 3/POLLIN },1,-1)				 = 1 (0x1)
recvmsg(3,{NULL,0,[{"\^A\^C\M-^\0`\0\0\0\M^?\M^?\M^?"...,4096}],1,{},0,0},0) = 4096 (0x1000)
recvfrom(3,"I240I241I242I243I244I245I246I247"...,640,0,NULL,0x0) = 640 (0x280)
poll({ 3/POLLIN },1,-1)				 = 1 (0x1)
recvmsg(3,{NULL,0,[{"\^A\^C\M-a\0\^O\0\0\0\^A\^B\^A\0"...,4096}],1,{},0,0},0) = 92 (0x5c)
poll({ 3/POLLIN|POLLOUT },1,-1)			 = 1 (0x1)
writev(3,[{"\^Q\0\^B\0-\^A\0\0\^Q\0\^B\0\M-l"...,680}],1) = 680 (0x2a8)
poll({ 3/POLLIN },1,-1)				 = 1 (0x1)
recvmsg(3,{NULL,0,[{"\^A\0\M-b\0\^F\0\0\0\^U\0\0\0\0"...,4096}],1,{},0,0},0) = 3164 (0xc5c)
_umtx_op(0x80aa130c0,UMTX_OP_NWAKE_PRIVATE,0x1,0x0,0x0) = 0 (0x0)
_umtx_op(0x801afd7e8,UMTX_OP_WAIT_UINT_PRIVATE,0x0,0x0,0x0) = 0 (0x0)
poll({ 3/POLLIN },1,-1)				 = 1 (0x1)
recvmsg(3,{NULL,0,[{"\^A\0(\^A\^A\0\0\0\^D\0\0\0\0\0"...,4096}],1,{},0,0},0) = 640 (0x280)
_umtx_op(0x80a72fd88,UMTX_OP_MUTEX_WAKE2,0x0,0x0,0x0) = 0 (0x0)
_umtx_op(0x80a72fd88,UMTX_OP_MUTEX_WAIT,0x0,0x0,0x0) = 0 (0x0)
poll({ 3/POLLIN|POLLOUT },1,-1)			 = 1 (0x1)
writev(3,[{"\M^G\^D\^B\0\^C\0\0\0",8}],1)	 = 8 (0x8)
poll({ 3/POLLIN },1,-1)				 = 1 (0x1)
recvmsg(3,{NULL,0,[{"\^A\^C7\^A\0\0\0\0\^P\0\0\^P\0\0"...,4096}],1,{},0,0},0) = 32 (0x20)
_umtx_op(0x80aa130c0,UMTX_OP_NWAKE_PRIVATE,0x1,0x0,0x0) = 0 (0x0)
_umtx_op(0x801afd7e8,UMTX_OP_WAIT_UINT_PRIVATE,0x0,0x0,0x0) = 0 (0x0)
poll({ 3/POLLIN|POLLOUT },1,-1)			 = 1 (0x1)
writev(3,[{"\M^J\^B\^D\0\^D\0\M^@\^C\^A\0\0"...,40}],1) = 40 (0x28)
poll({ 3/POLLIN },1,-1)				 = 1 (0x1)
_umtx_op(0x80a72fd88,UMTX_OP_MUTEX_WAIT,0x0,0x0,0x0) = 0 (0x0)
recvmsg(3,{NULL,0,[{"\^A\^A:\^A\0\0\0\0\M-W\^A\0\0#\n"...,4096}],1,{},0,0},0) = 32 (0x20)
_umtx_op(0x80aa130c0,UMTX_OP_NWAKE_PRIVATE,0x1,0x0,0x0) = 0 (0x0)
_umtx_op(0x801afd7e8,UMTX_OP_WAIT_UINT_PRIVATE,0x0,0x0,0x0) = 0 (0x0)
poll({ 3/POLLIN|POLLOUT },1,-1)			 = 1 (0x1)
writev(3,[{"+\0\^A\0",4}],1)			 = 4 (0x4)
poll({ 3/POLLIN },1,-1)				 = 1 (0x1)
recvmsg(3,{NULL,0,[{"\^A\^B;\^A\0\0\0\0\a\0\M^@\^B\0"...,4096}],1,{},0,0},0) = 32 (0x20)
_umtx_op(0x80aa130c0,UMTX_OP_NWAKE_PRIVATE,0x1,0x0,0x0) = 0 (0x0)
_umtx_op(0x801afd7e8,UMTX_OP_WAIT_UINT_PRIVATE,0x0,0x0,0x0) = 0 (0x0)
socket(PF_LOCAL,SOCK_STREAM,0)			 = 6 (0x6)
getsockopt(6,SOL_SOCKET,SO_SNDBUF,0x7fffffffd7d8,0x7fffffffd7dc) = 0 (0x0)
setsockopt(6,SOL_SOCKET,SO_SNDBUF,0x7fffffffd7d8,4) = 0 (0x0)
__sysctl("kern.hostname",2,0x7fffffffd720,0x7fffffffd6d8,0x0,0) = 0 (0x0)
connect(6,{ AF_UNIX "/tmp/.ICE-unix/2103" },21)	 = 0 (0x0)
fcntl(6,F_SETFD,FD_CLOEXEC)			 = 0 (0x0)
write(6,"\0\^A\0\0\0\0\0\0",8)			 = 8 (0x8)
read(6,"\0\^A\0\0\0\0\0\0",8)			 = 8 (0x8)
access("/var/run/user/1002/ICEauthority",R_OK)	 = 0 (0x0)
open("/var/run/user/1002/ICEauthority",O_RDONLY,0666) = 7 (0x7)
fstat(7,{ mode=-rw------- ,inode=426039,size=187,blksize=4096 }) = 0 (0x0)
read(7,"\0\^DXSMP\0\0\0.local/shuryanc-g"...,4096) = 187 (0xbb)
read(7,0x80aacd000,4096)			 = 0 (0x0)
close(7)					 = 0 (0x0)
write(6,"\0\^B\^A\^A\^F\0\0\0\0\0\0\0\0\0"...,56) = 56 (0x38)
read(6,"\0\^C\0\0\^A\0\0\0",8)			 = 8 (0x8)
read(6,"\0\0\0\0\0\0\0\0",8)			 = 8 (0x8)
access("/var/run/user/1002/ICEauthority",R_OK)	 = 0 (0x0)
open("/var/run/user/1002/ICEauthority",O_RDONLY,0666) = 7 (0x7)
fstat(7,{ mode=-rw------- ,inode=426039,size=187,blksize=4096 }) = 0 (0x0)
read(7,"\0\^DXSMP\0\0\0.local/shuryanc-g"...,4096) = 187 (0xbb)
close(7)					 = 0 (0x0)
write(6,"\0\^D\^A\^A\^C\0\0\0\^P\0\0\0\0"...,32) = 32 (0x20)
read(6,"\0\^F\0\0\^B\0\0\0",8)			 = 8 (0x8)
read(6,"\^C\0MIT\0\0\0\^C\0001.0\M-R\M-d"...,16) = 16 (0x10)
access("/var/run/user/1002/ICEauthority",R_OK)	 = 0 (0x0)
open("/var/run/user/1002/ICEauthority",O_RDONLY,0666) = 7 (0x7)
fstat(7,{ mode=-rw------- ,inode=426039,size=187,blksize=4096 }) = 0 (0x0)
read(7,"\0\^DXSMP\0\0\0.local/shuryanc-g"...,4096) = 187 (0xbb)
read(7,0x80aacd000,4096)			 = 0 (0x0)
close(7)					 = 0 (0x0)
write(6,"\0\a\^A\0\a\0\0\0\^A\^A\0\0\0\0"...,64) = 64 (0x40)
read(6,"\0\^C\0\0\^A\0\0\0",8)			 = 8 (0x8)
read(6,"\0\0MIT\0\0\0",8)			 = 8 (0x8)
access("/var/run/user/1002/ICEauthority",R_OK)	 = 0 (0x0)
open("/var/run/user/1002/ICEauthority",O_RDONLY,0666) = 7 (0x7)
fstat(7,{ mode=-rw------- ,inode=426039,size=187,blksize=4096 }) = 0 (0x0)
read(7,"\0\^DXSMP\0\0\0.local/shuryanc-g"...,4096) = 187 (0xbb)
close(7)					 = 0 (0x0)
write(6,"\0\^D\^A\0\^C\0\0\0\^P\0\0\0\0\0"...,32) = 32 (0x20)
read(6,"\0\b\0\^A\^D\0\0\0",8)			 = 8 (0x8)
read(6,"\^T\0mate-session-manager\M-z\^B"...,32) = 32 (0x20)
write(6,"\^A\^A\^A\0\^A\0\0\0\0\0\0\0\0\0"...,16) = 16 (0x10)
read(6,"\^A\^B\0\^A\a\0\0\0",8)			 = 8 (0x8)
read(6,"0\0\0\00010695b82ca22680b6616421"...,56) = 56 (0x38)
write(5,"\^A\0\0\0\0\0\0\0",8)			 = 8 (0x8)
access("/usr/local/lib/qt5/plugins",F_OK)	 = 0 (0x0)
fstatat(AT_FDCWD,"/usr",{ mode=drwxr-xr-x ,inode=128,size=15,blksize=4096 },AT_SYMLINK_NOFOLLOW) = 0 (0x0)
fstatat(AT_FDCWD,"/usr/local",{ mode=drwxr-xr-x ,inode=2498,size=18,blksize=4096 },AT_SYMLINK_NOFOLLOW) = 0 (0x0)
fstatat(AT_FDCWD,"/usr/local/lib",{ mode=drwxr-xr-x ,inode=196131,size=2696,blksize=16384 },AT_SYMLINK_NOFOLLOW) = 0 (0x0)
fstatat(AT_FDCWD,"/usr/local/lib/qt5",{ mode=drwxr-xr-x ,inode=199960,size=439,blksize=16384 },AT_SYMLINK_NOFOLLOW) = 0 (0x0)
fstatat(AT_FDCWD,"/usr/local/lib/qt5/plugins",{ mode=drwxr-xr-x ,inode=199965,size=30,blksize=4096 },AT_SYMLINK_NOFOLLOW) = 0 (0x0)
fstatat(AT_FDCWD,"/usr",{ mode=drwxr-xr-x ,inode=128,size=15,blksize=4096 },AT_SYMLINK_NOFOLLOW) = 0 (0x0)
fstatat(AT_FDCWD,"/usr/bin",{ mode=drwxr-xr-x ,inode=228662,size=489,blksize=60928 },AT_SYMLINK_NOFOLLOW) = 0 (0x0)
access("/usr/bin",F_OK)				 = 0 (0x0)
access("/usr/local/lib/qt5/plugins/styles/.",F_OK) ERR#2 'No such file or directory'
access("/usr/bin/styles/.",F_OK)		 ERR#2 'No such file or directory'
write(5,"\^A\0\0\0\0\0\0\0",8)			 = 8 (0x8)
fstatat(AT_FDCWD,"/home/shuryanc/.local/share/data/Mega Limited/MEGAsync",{ mode=drwxr-xr-x ,inode=10529,size=11,blksize=4096 },0x0) = 0 (0x0)
chdir("/home/shuryanc/.local/share/data/Mega Limited/MEGAsync") = 0 (0x0)
openat(AT_FDCWD,"/home/shuryanc/.config/user-dirs.dirs",O_RDONLY|O_CLOEXEC,00) = 7 (0x7)
fstat(7,{ mode=-rw------- ,inode=28,size=633,blksize=4096 }) = 0 (0x0)
fstat(7,{ mode=-rw------- ,inode=28,size=633,blksize=4096 }) = 0 (0x0)
fstat(7,{ mode=-rw------- ,inode=28,size=633,blksize=4096 }) = 0 (0x0)
read(7,"# This file is written by xdg-us"...,16384) = 633 (0x279)
read(7,0x7fffffff9f39,15751)			 = 0 (0x0)
mmap(0x0,65536,PROT_MAX(PROT_READ|PROT_WRITE|PROT_EXEC)|PROT_READ|PROT_WRITE|PROT_EXEC,MAP_PRIVATE|MAP_ANON,-1,0x0) = 34576338944 (0x80ce91000)
mprotect(0x80ce91000,65536,PROT_READ|PROT_WRITE|PROT_EXEC) = 0 (0x0)
fstat(7,{ mode=-rw------- ,inode=28,size=633,blksize=4096 }) = 0 (0x0)
close(7)					 = 0 (0x0)
mkdir("/home/shuryanc/.local/share/data/Mega Limited/MEGAsync/logs",0777) ERR#17 'File exists'
mmap(0x0,147456,PROT_READ|PROT_WRITE,MAP_PRIVATE|MAP_ANON,-1,0x0) = 34576404480 (0x80cea1000)
mmap(0x7fffdf9fb000,2101248,PROT_READ|PROT_WRITE,MAP_STACK,-1,0x0) = 140736945172480 (0x7fffdf9fb000)
mprotect(0x7fffdf9fb000,4096,PROT_NONE)		 = 0 (0x0)
thr_new(0x7fffffffdd30,0x68)			 = 0 (0x0)
<new thread 323527>
sigfastblock(0x1,0x80aa13538)			 = 0 (0x0)
_umtx_op(0x801afdcc0,UMTX_OP_RW_WRLOCK,0x0,0x0,0x0) = 0 (0x0)
_umtx_op(0x801afdcc0,UMTX_OP_RW_RDLOCK,0x0,0x0,0x0) = 0 (0x0)
mmap(0x7fffdf7fa000,2101248,PROT_READ|PROT_WRITE,MAP_STACK,-1,0x0) = 140736943071232 (0x7fffdf7fa000)
mprotect(0x7fffdf7fa000,4096,PROT_NONE)		 = 0 (0x0)
thr_new(0x7fffffffdd60,0x68)			 = 0 (0x0)
<new thread 323528>
sigfastblock(0x1,0x80aa13c38)			 = 0 (0x0)
sched_yield()					 = 0 (0x0)
_umtx_op(0x801afd828,UMTX_OP_MUTEX_WAKE2,0x0,0x0,0x0) = 0 (0x0)
_umtx_op(0x801afd828,UMTX_OP_MUTEX_WAIT,0x0,0x0,0x0) = 0 (0x0)
mmap(0x0,2097152,PROT_READ|PROT_WRITE,MAP_PRIVATE|MAP_ANON|MAP_ALIGNED(21),-1,0x0) = 34582036480 (0x80d400000)
mmap(0x0,2097152,PROT_READ|PROT_WRITE,MAP_PRIVATE|MAP_ANON|MAP_ALIGNED(12),-1,0x0) = 34584133632 (0x80d600000)
mmap(0x0,2097152,PROT_READ|PROT_WRITE,MAP_PRIVATE|MAP_ANON|MAP_ALIGNED(21),-1,0x0) = 34586230784 (0x80d800000)
mmap(0x0,2097152,PROT_READ|PROT_WRITE,MAP_PRIVATE|MAP_ANON|MAP_ALIGNED(12),-1,0x0) = 34588327936 (0x80da00000)
issetugid()					 = 0 (0x0)
open("/usr/share/zoneinfo/UTC",O_RDONLY,00)	 = 7 (0x7)
fstat(7,{ mode=-r--r--r-- ,inode=312197,size=118,blksize=4096 }) = 0 (0x0)
read(7,"TZif2\0\0\0\0\0\0\0\0\0\0\0\0\0"...,41448) = 118 (0x76)
open("/home/shuryanc/.local/share/data/Mega Limited/MEGAsync/logs/MEGAsync.log",O_WRONLY|O_APPEND|O_CREAT,0666) = 8 (0x8)
close(7)					 = 0 (0x0)
lseek(8,0x0,SEEK_END)				 = 962 (0x3c2)
issetugid()					 = 0 (0x0)
open("/usr/share/zoneinfo/posixrules",O_RDONLY,014330460400) = 7 (0x7)
fstat(7,{ mode=-r--r--r-- ,inode=311904,size=3519,blksize=4096 }) = 0 (0x0)
read(7,"TZif2\0\0\0\0\0\0\0\0\0\0\0\0\0"...,41448) = 3519 (0xdbf)
fstat(8,{ mode=-rw-r--r-- ,inode=10468,size=962,blksize=4096 }) = 0 (0x0)
close(7)					 = 0 (0x0)
write(8,"----------------------------- pr"...,74) = 74 (0x4a)
lseek(8,0x0,SEEK_CUR)				 = 1036 (0x40c)
lseek(8,0x40c,SEEK_SET)				 = 1036 (0x40c)
fstatat(AT_FDCWD,"/home/shuryanc/.local/share/data/Mega Limited/MEGAsync/crashDumps",{ mode=drwxr-xr-x ,inode=10209,size=2,blksize=4096 },0x0) = 0 (0x0)
fstatat(AT_FDCWD,"/home/shuryanc/.local/share/data/Mega Limited/MEGAsync/avatars",{ mode=drwxr-xr-x ,inode=10210,size=2,blksize=4096 },0x0) = 0 (0x0)
openat(AT_FDCWD,"/home/shuryanc/.local/share/data/Mega Limited/MEGAsync/megasync.lock",O_RDWR|O_CREAT|O_CLOEXEC,0666) = 7 (0x7)
fcntl(7,F_SETLK,0x7fffffffdf80)			 = 0 (0x0)
openat(AT_FDCWD,"/home/shuryanc/.local/share/data/Mega Limited/MEGAsync/megasync.version",O_WRONLY|O_CREAT|O_TRUNC|O_CLOEXEC,0666) = 9 (0x9)
fstat(9,{ mode=-rw-r--r-- ,inode=10212,size=0,blksize=4096 }) = 0 (0x0)
write(9,"4601",4)				 = 4 (0x4)
close(9)					 = 0 (0x0)
access("/usr/local/etc/fonts/fonts.conf",R_OK)	 = 0 (0x0)
access("/usr/local/etc/fonts/fonts.conf",R_OK)	 = 0 (0x0)
readlink("/usr/local/etc/fonts/fonts.conf",0x7fffffffcfd0,1023) ERR#22 'Invalid argument'
fstatat(AT_FDCWD,"/usr/local/etc/fonts/fonts.conf",{ mode=-rw-r--r-- ,inode=33905,size=2699,blksize=4096 },0x0) = 0 (0x0)
openat(AT_FDCWD,"/usr/local/etc/fonts/fonts.conf",O_RDONLY|O_CLOEXEC,00) = 9 (0x9)
read(9,"<?xml version="1.0"?>\n<!DOCTYPE"...,1024) = 1024 (0x400)
read(9,"ir>\n\t<!-- the following elemen"...,1024) = 1024 (0x400)
read(9,"\t\t<test qual="any" name="famil"...,1024) = 651 (0x28b)
read(9,0x7fffffffd8e0,1024)			 = 0 (0x0)
close(9)					 = 0 (0x0)
mmap(0x0,1112,PROT_READ|PROT_WRITE,MAP_PRIVATE|MAP_ANON,-1,0x0) = 34399571968 (0x8025fd000)
minherit(0x8025fd000,1112,INHERIT_ZERO)		 = 0 (0x0)
getrandom("\M-!\M-c\M^P\M-r\M^R\M^F\M^A;)&"...,40,0) = 40 (0x28)
access("/usr/local/etc/fonts/conf.d",R_OK)	 = 0 (0x0)
access("/usr/local/etc/fonts/conf.d",R_OK)	 = 0 (0x0)
readlink("/usr/local/etc/fonts/conf.d",0x7fffffffb130,1023) ERR#22 'Invalid argument'
fstatat(AT_FDCWD,"/usr/local/etc/fonts/conf.d",{ mode=drwxr-xr-x ,inode=33699,size=44,blksize=4096 },0x0) = 0 (0x0)
open("/usr/local/etc/fonts/conf.d",O_RDONLY|O_NONBLOCK|O_DIRECTORY|O_CLOEXEC,032740752766) = 9 (0x9)
fcntl(9,F_ISUNIONSTACK,0x0)			 = 0 (0x0)
getdirentries(9,"\M-#\M^C\0\0\0\0\0\0\^A\0\0\0\0"...,4096,{ 0x0 }) = 2128 (0x850)
getdirentries(9,0x80aa8f000,4096,{ 0x1f8243d0 }) = 0 (0x0)
access("/usr/local/etc/fonts/conf.d/10-hinting-slight.conf",R_OK) = 0 (0x0)
access("/usr/local/etc/fonts/conf.d/10-hinting-slight.conf",R_OK) = 0 (0x0)
readlink("/usr/local/etc/fonts/conf.d/10-hinting-slight.conf","/usr/local/etc/fonts/conf.avail/10-hinting-slight.conf",1023) = 54 (0x36)
fstatat(AT_FDCWD,"/usr/local/etc/fonts/conf.avail/10-hinting-slight.conf",{ mode=-rw-r--r-- ,inode=33837,size=620,blksize=4096 },0x0) = 0 (0x0)
openat(AT_FDCWD,"/usr/local/etc/fonts/conf.avail/10-hinting-slight.conf",O_RDONLY|O_CLOEXEC,00) = 10 (0xa)
read(10,"<?xml version="1.0"?>\n<!DOCTYPE"...,1024) = 620 (0x26c)
read(10,0x7fffffffb090,1024)			 = 0 (0x0)
close(10)					 = 0 (0x0)
access("/usr/local/etc/fonts/conf.d/10-scale-bitmap-fonts.conf",R_OK) = 0 (0x0)
access("/usr/local/etc/fonts/conf.d/10-scale-bitmap-fonts.conf",R_OK) = 0 (0x0)
readlink("/usr/local/etc/fonts/conf.d/10-scale-bitmap-fonts.conf","/usr/local/etc/fonts/conf.avail/10-scale-bitmap-fonts.conf",1023) = 58 (0x3a)
fstatat(AT_FDCWD,"/usr/local/etc/fonts/conf.avail/10-scale-bitmap-fonts.conf",{ mode=-rw-r--r-- ,inode=33827,size=2068,blksize=4096 },0x0) = 0 (0x0)
openat(AT_FDCWD,"/usr/local/etc/fonts/conf.avail/10-scale-bitmap-fonts.conf",O_RDONLY|O_CLOEXEC,00) = 10 (0xa)
read(10,"<?xml version="1.0"?>\n<!DOCTYPE"...,1024) = 1024 (0x400)
read(10,"lsizefixupfactor</name>\n       "...,1024) = 1024 (0x400)
read(10,"tch>\n\n</fontconfig>\n",1024)		 = 20 (0x14)
read(10,0x7fffffffb090,1024)			 = 0 (0x0)
close(10)					 = 0 (0x0)
access("/usr/local/etc/fonts/conf.d/20-unhint-small-dejavu-sans-mono.conf",R_OK) = 0 (0x0)
access("/usr/local/etc/fonts/conf.d/20-unhint-small-dejavu-sans-mono.conf",R_OK) = 0 (0x0)
readlink("/usr/local/etc/fonts/conf.d/20-unhint-small-dejavu-sans-mono.conf","../conf.avail/20-unhint-small-dejavu-sans-mono.conf",1023) = 51 (0x33)
fstatat(AT_FDCWD,"/usr/local/etc/fonts/conf.avail/20-unhint-small-dejavu-sans-mono.conf",{ mode=-rw-r--r-- ,inode=33844,size=866,blksize=4096 },0x0) = 0 (0x0)
openat(AT_FDCWD,"/usr/local/etc/fonts/conf.avail/20-unhint-small-dejavu-sans-mono.conf",O_RDONLY|O_CLOEXEC,00) = 10 (0xa)
read(10,"<?xml version="1.0" encoding="UT"...,1024) = 866 (0x362)
read(10,0x7fffffffb090,1024)			 = 0 (0x0)
close(10)					 = 0 (0x0)
access("/usr/local/etc/fonts/conf.d/20-unhint-small-dejavu-sans.conf",R_OK) = 0 (0x0)
access("/usr/local/etc/fonts/conf.d/20-unhint-small-dejavu-sans.conf",R_OK) = 0 (0x0)
readlink("/usr/local/etc/fonts/conf.d/20-unhint-small-dejavu-sans.conf","../conf.avail/20-unhint-small-dejavu-sans.conf",1023) = 46 (0x2e)
fstatat(AT_FDCWD,"/usr/local/etc/fonts/conf.avail/20-unhint-small-dejavu-sans.conf",{ mode=-rw-r--r-- ,inode=33854,size=856,blksize=4096 },0x0) = 0 (0x0)
openat(AT_FDCWD,"/usr/local/etc/fonts/conf.avail/20-unhint-small-dejavu-sans.conf",O_RDONLY|O_CLOEXEC,00) = 10 (0xa)
read(10,"<?xml version="1.0" encoding="UT"...,1024) = 856 (0x358)
read(10,0x7fffffffb090,1024)			 = 0 (0x0)
close(10)					 = 0 (0x0)
access("/usr/local/etc/fonts/conf.d/20-unhint-small-dejavu-serif.conf",R_OK) = 0 (0x0)
access("/usr/local/etc/fonts/conf.d/20-unhint-small-dejavu-serif.conf",R_OK) = 0 (0x0)
readlink("/usr/local/etc/fonts/conf.d/20-unhint-small-dejavu-serif.conf","../conf.avail/20-unhint-small-dejavu-serif.conf",1023) = 47 (0x2f)
fstatat(AT_FDCWD,"/usr/local/etc/fonts/conf.avail/20-unhint-small-dejavu-serif.conf",{ mode=-rw-r--r-- ,inode=33860,size=858,blksize=4096 },0x0) = 0 (0x0)
openat(AT_FDCWD,"/usr/local/etc/fonts/conf.avail/20-unhint-small-dejavu-serif.conf",O_RDONLY|O_CLOEXEC,00) = 10 (0xa)
read(10,"<?xml version="1.0" encoding="UT"...,1024) = 858 (0x35a)
read(10,0x7fffffffb090,1024)			 = 0 (0x0)
close(10)					 = 0 (0x0)
access("/usr/local/etc/fonts/conf.d/20-unhint-small-vera.conf",R_OK) = 0 (0x0)
access("/usr/local/etc/fonts/conf.d/20-unhint-small-vera.conf",R_OK) = 0 (0x0)
readlink("/usr/local/etc/fonts/conf.d/20-unhint-small-vera.conf","/usr/local/etc/fonts/conf.avail/20-unhint-small-vera.conf",1023) = 57 (0x39)
fstatat(AT_FDCWD,"/usr/local/etc/fonts/conf.avail/20-unhint-small-vera.conf",{ mode=-rw-r--r-- ,inode=33515,size=1377,blksize=4096 },0x0) = 0 (0x0)
openat(AT_FDCWD,"/usr/local/etc/fonts/conf.avail/20-unhint-small-vera.conf",O_RDONLY|O_CLOEXEC,00) = 10 (0xa)
read(10,"<?xml version="1.0"?>\n<!DOCTYPE"...,1024) = 1024 (0x400)
read(10,"it name="hinting">\n\t\t\t<bool>"...,1024) = 353 (0x161)
read(10,0x7fffffffb090,1024)			 = 0 (0x0)
close(10)					 = 0 (0x0)
access("/usr/local/etc/fonts/conf.d/30-metric-aliases.conf",R_OK) = 0 (0x0)
access("/usr/local/etc/fonts/conf.d/30-metric-aliases.conf",R_OK) = 0 (0x0)
readlink("/usr/local/etc/fonts/conf.d/30-metric-aliases.conf","/usr/local/etc/fonts/conf.avail/30-metric-aliases.conf",1023) = 54 (0x36)
fstatat(AT_FDCWD,"/usr/local/etc/fonts/conf.avail/30-metric-aliases.conf",{ mode=-rw-r--r-- ,inode=33819,size=13234,blksize=13312 },0x0) = 0 (0x0)
openat(AT_FDCWD,"/usr/local/etc/fonts/conf.avail/30-metric-aliases.conf",O_RDONLY|O_CLOEXEC,00) = 10 (0xa)
read(10,"<?xml version="1.0"?>\n<!DOCTYPE"...,1024) = 1024 (0x400)
read(10,"ft fonts:  Liberation fonts:    "...,1024) = 1024 (0x400)
read(10," the other generic of its family"...,1024) = 1024 (0x400)
read(10," Gyre Heros Cn</family>\n\t  <de"...,1024) = 1024 (0x400)
read(10,"\t  <default>\n\t  <family>ITC A"...,1024) = 1024 (0x400)
read(10,"\t  <family>TeX Gyre Bonum</fami"...,1024) = 1024 (0x400)
read(10,"\n\n\t<alias binding="same">\n\t"...,1024) = 1024 (0x400)
read(10,"lbook</family>\n\t  </default>\n"...,1024) = 1024 (0x400)
read(10,"mily>Times New Roman</family>\n"...,1024) = 1024 (0x400)
read(10,"</family>\n\t  </default>\n\t</a"...,1024) = 1024 (0x400)
read(10,"\t  <family>Times New Roman</fam"...,1024) = 1024 (0x400)
read(10,"lias>\n\n\t<alias binding="same""...,1024) = 1024 (0x400)
read(10,"ias binding="same">\n\t  <family"...,1024) = 946 (0x3b2)
read(10,0x7fffffffb090,1024)			 = 0 (0x0)
close(10)					 = 0 (0x0)
access("/usr/local/etc/fonts/conf.d/40-nonlatin.conf",R_OK) = 0 (0x0)
access("/usr/local/etc/fonts/conf.d/40-nonlatin.conf",R_OK) = 0 (0x0)
readlink("/usr/local/etc/fonts/conf.d/40-nonlatin.conf","/usr/local/etc/fonts/conf.avail/40-nonlatin.conf",1023) = 48 (0x30)
fstatat(AT_FDCWD,"/usr/local/etc/fonts/conf.avail/40-nonlatin.conf",{ mode=-rw-r--r-- ,inode=33831,size=7775,blksize=8192 },0x0) = 0 (0x0)
openat(AT_FDCWD,"/usr/local/etc/fonts/conf.avail/40-nonlatin.conf",O_RDONLY|O_CLOEXEC,00) = 10 (0xa)
read(10,"<?xml version="1.0"?>\n<!DOCTYPE"...,1024) = 1024 (0x400)
read(10,"t><family>serif</family></defaul"...,1024) = 1024 (0x400)
read(10,"\t\t<family>FreeSerif</family>\n"...,1024) = 1024 (0x400)
read(10,"ly></default>\n\t</alias>\n\t<al"...,1024) = 1024 (0x400)
read(10,"</default>\n\t</alias>\n\t<alias"...,1024) = 1024 (0x400)
read(10,"family></default>\n\t</alias>\n"...,1024) = 1024 (0x400)
read(10,"Noto Sans Malayalam UI</family>"...,1024) = 1024 (0x400)
read(10,"ias>\n\t\t<family>Meiryo UI</fam"...,1024) = 607 (0x25f)
read(10,0x7fffffffb090,1024)			 = 0 (0x0)
close(10)					 = 0 (0x0)
access("/usr/local/etc/fonts/conf.d/42-luxi-mono.conf",R_OK) = 0 (0x0)
access("/usr/local/etc/fonts/conf.d/42-luxi-mono.conf",R_OK) = 0 (0x0)
readlink("/usr/local/etc/fonts/conf.d/42-luxi-mono.conf","../conf.avail/42-luxi-mono.conf",1023) = 31 (0x1f)
fstatat(AT_FDCWD,"/usr/local/etc/fonts/conf.avail/42-luxi-mono.conf",{ mode=-rw-r--r-- ,inode=33820,size=389,blksize=4096 },0x0) = 0 (0x0)
openat(AT_FDCWD,"/usr/local/etc/fonts/conf.avail/42-luxi-mono.conf",O_RDONLY|O_CLOEXEC,00) = 10 (0xa)
read(10,"<?xml version="1.0"?>\n<!DOCTYPE"...,1024) = 389 (0x185)
read(10,0x7fffffffb090,1024)			 = 0 (0x0)
close(10)					 = 0 (0x0)
access("/usr/local/etc/fonts/conf.d/45-generic.conf",R_OK) = 0 (0x0)
access("/usr/local/etc/fonts/conf.d/45-generic.conf",R_OK) = 0 (0x0)
readlink("/usr/local/etc/fonts/conf.d/45-generic.conf","/usr/local/etc/fonts/conf.avail/45-generic.conf",1023) = 47 (0x2f)
fstatat(AT_FDCWD,"/usr/local/etc/fonts/conf.avail/45-generic.conf",{ mode=-rw-r--r-- ,inode=33697,size=3490,blksize=4096 },0x0) = 0 (0x0)
openat(AT_FDCWD,"/usr/local/etc/fonts/conf.avail/45-generic.conf",O_RDONLY|O_CLOEXEC,00) = 10 (0xa)
read(10,"<?xml version="1.0"?>\n<!DOCTYPE"...,1024) = 1024 (0x400)
read(10,"\t</alias>\n\t<alias binding="sa"...,1024) = 1024 (0x400)
read(10,"/en.wikipedia.org/wiki/Category:"...,1024) = 1024 (0x400)
read(10,"string>math</string>\n\t\t</test"...,1024) = 418 (0x1a2)
read(10,0x7fffffffb090,1024)			 = 0 (0x0)
close(10)					 = 0 (0x0)
access("/usr/local/etc/fonts/conf.d/45-latin.conf",R_OK) = 0 (0x0)
access("/usr/local/etc/fonts/conf.d/45-latin.conf",R_OK) = 0 (0x0)
readlink("/usr/local/etc/fonts/conf.d/45-latin.conf","/usr/local/etc/fonts/conf.avail/45-latin.conf",1023) = 45 (0x2d)
fstatat(AT_FDCWD,"/usr/local/etc/fonts/conf.avail/45-latin.conf",{ mode=-rw-r--r-- ,inode=33821,size=7055,blksize=7168 },0x0) = 0 (0x0)
openat(AT_FDCWD,"/usr/local/etc/fonts/conf.avail/45-latin.conf",O_RDONLY|O_CLOEXEC,00) = 10 (0xa)
read(10,"<?xml version="1.0"?>\n<!DOCTYPE"...,1024) = 1024 (0x400)
read(10,"as>\n\t\t<family>Luxi Serif</fam"...,1024) = 1024 (0x400)
read(10,"amily>sans-serif</family></defau"...,1024) = 1024 (0x400)
read(10,"ias>\n\t<alias>\n\t\t<family>Hae"...,1024) = 1024 (0x400)
read(10,"es\n -->\n\t<alias>\n\t\t<family"...,1024) = 1024 (0x400)
read(10,"olata</family>\n\t\t<default><fa"...,1024) = 1024 (0x400)
read(10,"\t\t<default><family>fantasy</fa"...,1024) = 911 (0x38f)
read(10,0x7fffffffb090,1024)			 = 0 (0x0)
close(10)					 = 0 (0x0)
access("/usr/local/etc/fonts/conf.d/49-sansserif.conf",R_OK) = 0 (0x0)
access("/usr/local/etc/fonts/conf.d/49-sansserif.conf",R_OK) = 0 (0x0)
readlink("/usr/local/etc/fonts/conf.d/49-sansserif.conf","/usr/local/etc/fonts/conf.avail/49-sansserif.conf",1023) = 49 (0x31)
fstatat(AT_FDCWD,"/usr/local/etc/fonts/conf.avail/49-sansserif.conf",{ mode=-rw-r--r-- ,inode=33832,size=639,blksize=4096 },0x0) = 0 (0x0)
openat(AT_FDCWD,"/usr/local/etc/fonts/conf.avail/49-sansserif.conf",O_RDONLY|O_CLOEXEC,00) = 10 (0xa)
read(10,"<?xml version="1.0"?>\n<!DOCTYPE"...,1024) = 639 (0x27f)
read(10,0x7fffffffb090,1024)			 = 0 (0x0)
close(10)					 = 0 (0x0)
access("/usr/local/etc/fonts/conf.d/50-user.conf",R_OK) = 0 (0x0)
access("/usr/local/etc/fonts/conf.d/50-user.conf",R_OK) = 0 (0x0)
readlink("/usr/local/etc/fonts/conf.d/50-user.conf","/usr/local/etc/fonts/conf.avail/50-user.conf",1023) = 44 (0x2c)
fstatat(AT_FDCWD,"/usr/local/etc/fonts/conf.avail/50-user.conf",{ mode=-rw-r--r-- ,inode=33826,size=751,blksize=4096 },0x0) = 0 (0x0)
openat(AT_FDCWD,"/usr/local/etc/fonts/conf.avail/50-user.conf",O_RDONLY|O_CLOEXEC,00) = 10 (0xa)
read(10,"<?xml version="1.0"?>\n<!DOCTYPE"...,1024) = 751 (0x2ef)
read(10,0x7fffffffb090,1024)			 = 0 (0x0)
close(10)					 = 0 (0x0)
fstatat(AT_FDCWD,"/home/shuryanc/.config/fontconfig/conf.d",0x7fffffff9470,0x0) ERR#2 'No such file or directory'
fstatat(AT_FDCWD,"/home/shuryanc/.config/fontconfig/conf.d",0x7fffffff9470,0x0) ERR#2 'No such file or directory'
access("/home/shuryanc/.config/fontconfig/conf.d",R_OK) ERR#2 'No such file or directory'
access("/home/shuryanc/.config/fontconfig/conf.d",R_OK) ERR#2 'No such file or directory'
fstatat(AT_FDCWD,"/home/shuryanc/.config/fontconfig/fonts.conf",0x7fffffff9470,0x0) ERR#2 'No such file or directory'
fstatat(AT_FDCWD,"/home/shuryanc/.config/fontconfig/fonts.conf",0x7fffffff9470,0x0) ERR#2 'No such file or directory'
access("/home/shuryanc/.config/fontconfig/fonts.conf",R_OK) ERR#2 'No such file or directory'
access("/home/shuryanc/.config/fontconfig/fonts.conf",R_OK) ERR#2 'No such file or directory'
access("/home/shuryanc/.fonts.conf.d",R_OK)	 ERR#2 'No such file or directory'
access("/home/shuryanc/.fonts.conf.d",R_OK)	 ERR#2 'No such file or directory'
access("/home/shuryanc/.fonts.conf",R_OK)	 ERR#2 'No such file or directory'
access("/home/shuryanc/.fonts.conf",R_OK)	 ERR#2 'No such file or directory'
access("/usr/local/etc/fonts/conf.d/51-local.conf",R_OK) = 0 (0x0)
access("/usr/local/etc/fonts/conf.d/51-local.conf",R_OK) = 0 (0x0)
readlink("/usr/local/etc/fonts/conf.d/51-local.conf","/usr/local/etc/fonts/conf.avail/51-local.conf",1023) = 45 (0x2d)
fstatat(AT_FDCWD,"/usr/local/etc/fonts/conf.avail/51-local.conf",{ mode=-rw-r--r-- ,inode=33863,size=263,blksize=4096 },0x0) = 0 (0x0)
openat(AT_FDCWD,"/usr/local/etc/fonts/conf.avail/51-local.conf",O_RDONLY|O_CLOEXEC,00) = 10 (0xa)
read(10,"<?xml version="1.0"?>\n<!DOCTYPE"...,1024) = 263 (0x107)
read(10,0x7fffffffb090,1024)			 = 0 (0x0)
close(10)					 = 0 (0x0)
access("/usr/local/etc/fonts/local.conf",R_OK)	 ERR#2 'No such file or directory'
access("/usr/local/etc/fonts/local.conf",R_OK)	 ERR#2 'No such file or directory'
access("/usr/local/etc/fonts/conf.d/57-dejavu-sans-mono.conf",R_OK) = 0 (0x0)
access("/usr/local/etc/fonts/conf.d/57-dejavu-sans-mono.conf",R_OK) = 0 (0x0)
readlink("/usr/local/etc/fonts/conf.d/57-dejavu-sans-mono.conf","../conf.avail/57-dejavu-sans-mono.conf",1023) = 38 (0x26)
fstatat(AT_FDCWD,"/usr/local/etc/fonts/conf.avail/57-dejavu-sans-mono.conf",{ mode=-rw-r--r-- ,inode=33852,size=1509,blksize=4096 },0x0) = 0 (0x0)
openat(AT_FDCWD,"/usr/local/etc/fonts/conf.avail/57-dejavu-sans-mono.conf",O_RDONLY|O_CLOEXEC,00) = 10 (0xa)
read(10,"<?xml version="1.0" encoding="UT"...,1024) = 1024 (0x400)
read(10,"   </accept>\n  </alias>\n  <ali"...,1024) = 485 (0x1e5)
read(10,0x7fffffffb090,1024)			 = 0 (0x0)
close(10)					 = 0 (0x0)
access("/usr/local/etc/fonts/conf.d/57-dejavu-sans.conf",R_OK) = 0 (0x0)
access("/usr/local/etc/fonts/conf.d/57-dejavu-sans.conf",R_OK) = 0 (0x0)
readlink("/usr/local/etc/fonts/conf.d/57-dejavu-sans.conf","../conf.avail/57-dejavu-sans.conf",1023) = 33 (0x21)
fstatat(AT_FDCWD,"/usr/local/etc/fonts/conf.avail/57-dejavu-sans.conf",{ mode=-rw-r--r-- ,inode=33843,size=2011,blksize=4096 },0x0) = 0 (0x0)
openat(AT_FDCWD,"/usr/local/etc/fonts/conf.avail/57-dejavu-sans.conf",O_RDONLY|O_CLOEXEC,00) = 10 (0xa)
read(10,"<?xml version="1.0" encoding="UT"...,1024) = 1024 (0x400)
read(10,"Hunky Sans</family>\n    <accept"...,1024) = 987 (0x3db)
read(10,0x7fffffffb090,1024)			 = 0 (0x0)
close(10)					 = 0 (0x0)
access("/usr/local/etc/fonts/conf.d/57-dejavu-serif.conf",R_OK) = 0 (0x0)
access("/usr/local/etc/fonts/conf.d/57-dejavu-serif.conf",R_OK) = 0 (0x0)
readlink("/usr/local/etc/fonts/conf.d/57-dejavu-serif.conf","../conf.avail/57-dejavu-serif.conf",1023) = 34 (0x22)
fstatat(AT_FDCWD,"/usr/local/etc/fonts/conf.avail/57-dejavu-serif.conf",{ mode=-rw-r--r-- ,inode=33846,size=1649,blksize=4096 },0x0) = 0 (0x0)
openat(AT_FDCWD,"/usr/local/etc/fonts/conf.avail/57-dejavu-serif.conf",O_RDONLY|O_CLOEXEC,00) = 10 (0xa)
read(10,"<?xml version="1.0" encoding="UT"...,1024) = 1024 (0x400)
read(10,"same">\n    <family>SUSE Serif</"...,1024) = 625 (0x271)
read(10,0x7fffffffb090,1024)			 = 0 (0x0)
close(10)					 = 0 (0x0)
access("/usr/local/etc/fonts/conf.d/60-generic.conf",R_OK) = 0 (0x0)
access("/usr/local/etc/fonts/conf.d/60-generic.conf",R_OK) = 0 (0x0)
readlink("/usr/local/etc/fonts/conf.d/60-generic.conf","/usr/local/etc/fonts/conf.avail/60-generic.conf",1023) = 47 (0x2f)
fstatat(AT_FDCWD,"/usr/local/etc/fonts/conf.avail/60-generic.conf",{ mode=-rw-r--r-- ,inode=33829,size=1911,blksize=4096 },0x0) = 0 (0x0)
openat(AT_FDCWD,"/usr/local/etc/fonts/conf.avail/60-generic.conf",O_RDONLY|O_CLOEXEC,00) = 10 (0xa)
read(10,"<?xml version="1.0"?>\n<!DOCTYPE"...,1024) = 1024 (0x400)
read(10,"amily>Twitter Color Emoji</famil"...,1024) = 887 (0x377)
read(10,0x7fffffffb090,1024)			 = 0 (0x0)
close(10)					 = 0 (0x0)
access("/usr/local/etc/fonts/conf.d/60-latin.conf",R_OK) = 0 (0x0)
access("/usr/local/etc/fonts/conf.d/60-latin.conf",R_OK) = 0 (0x0)
readlink("/usr/local/etc/fonts/conf.d/60-latin.conf","/usr/local/etc/fonts/conf.avail/60-latin.conf",1023) = 45 (0x2d)
fstatat(AT_FDCWD,"/usr/local/etc/fonts/conf.avail/60-latin.conf",{ mode=-rw-r--r-- ,inode=33835,size=2180,blksize=4096 },0x0) = 0 (0x0)
openat(AT_FDCWD,"/usr/local/etc/fonts/conf.avail/60-latin.conf",O_RDONLY|O_CLOEXEC,00) = 10 (0xa)
read(10,"<?xml version="1.0"?>\n<!DOCTYPE"...,1024) = 1024 (0x400)
read(10,"<family>monospace</family>\n\t\t"...,1024) = 1024 (0x400)
read(10,"ly>Segoe UI</family>\n\t\t\t<fam"...,1024) = 132 (0x84)
read(10,0x7fffffffb090,1024)			 = 0 (0x0)
close(10)					 = 0 (0x0)
access("/usr/local/etc/fonts/conf.d/64-01-tlwg-kinnari.conf",R_OK) ERR#2 'No such file or directory'
access("/usr/local/etc/fonts/conf.d/64-02-tlwg-norasi.conf",R_OK) ERR#2 'No such file or directory'
access("/usr/local/etc/fonts/conf.d/64-11-tlwg-waree.conf",R_OK) ERR#2 'No such file or directory'
access("/usr/local/etc/fonts/conf.d/64-12-tlwg-loma.conf",R_OK) ERR#2 'No such file or directory'
access("/usr/local/etc/fonts/conf.d/64-13-tlwg-garuda.conf",R_OK) ERR#2 'No such file or directory'
access("/usr/local/etc/fonts/conf.d/64-14-tlwg-umpush.conf",R_OK) ERR#2 'No such file or directory'
access("/usr/local/etc/fonts/conf.d/64-15-laksaman.conf",R_OK) ERR#2 'No such file or directory'
access("/usr/local/etc/fonts/conf.d/64-21-tlwg-typo.conf",R_OK) ERR#2 'No such file or directory'
access("/usr/local/etc/fonts/conf.d/64-22-tlwg-typist.conf",R_OK) ERR#2 'No such file or directory'
access("/usr/local/etc/fonts/conf.d/64-23-tlwg-mono.conf",R_OK) ERR#2 'No such file or directory'
access("/usr/local/etc/fonts/conf.d/65-fonts-persian.conf",R_OK) = 0 (0x0)
access("/usr/local/etc/fonts/conf.d/65-fonts-persian.conf",R_OK) = 0 (0x0)
readlink("/usr/local/etc/fonts/conf.d/65-fonts-persian.conf","/usr/local/etc/fonts/conf.avail/65-fonts-persian.conf",1023) = 53 (0x35)
fstatat(AT_FDCWD,"/usr/local/etc/fonts/conf.avail/65-fonts-persian.conf",{ mode=-rw-r--r-- ,inode=33828,size=10132,blksize=10240 },0x0) = 0 (0x0)
openat(AT_FDCWD,"/usr/local/etc/fonts/conf.avail/65-fonts-persian.conf",O_RDONLY|O_CLOEXEC,00) = 10 (0xa)
read(10,"<?xml version="1.0"?>\n<!DOCTYPE"...,1024) = 1024 (0x400)
read(10,"SS, IN NO\n  EVENT SHALL THE AUT"...,1024) = 1024 (0x400)
read(10,"s binding="same">\n\t  <family>N"...,1024) = 1024 (0x400)
read(10,"rsian_fantasy class -->\n\t<alia"...,1024) = 1024 (0x400)
read(10,"ly>Persian_square</family>\n\t  "...,1024) = 1024 (0x400)
read(10,"e actually do have -->\n\n\t<mat"...,1024) = 1024 (0x400)
read(10,"e="eq" ignore-blanks="true">\n\t"...,1024) = 1024 (0x400)
read(10,"ble><double>1</double>\n\t\t\t\t"...,1024) = 1024 (0x400)
read(10,"a</family>\n\t\t\t<family>Koodak"...,1024) = 1024 (0x400)
read(10,"f. -->\n\t<match>\n\t\t<test nam"...,1024) = 916 (0x394)
read(10,0x7fffffffb090,1024)			 = 0 (0x0)
close(10)					 = 0 (0x0)
access("/usr/local/etc/fonts/conf.d/65-nonlatin.conf",R_OK) = 0 (0x0)
access("/usr/local/etc/fonts/conf.d/65-nonlatin.conf",R_OK) = 0 (0x0)
readlink("/usr/local/etc/fonts/conf.d/65-nonlatin.conf","/usr/local/etc/fonts/conf.avail/65-nonlatin.conf",1023) = 48 (0x30)
fstatat(AT_FDCWD,"/usr/local/etc/fonts/conf.avail/65-nonlatin.conf",{ mode=-rw-r--r-- ,inode=33816,size=9291,blksize=9728 },0x0) = 0 (0x0)
openat(AT_FDCWD,"/usr/local/etc/fonts/conf.avail/65-nonlatin.conf",O_RDONLY|O_CLOEXEC,00) = 10 (0xa)
read(10,"<?xml version="1.0"?>\n<!DOCTYPE"...,1024) = 1024 (0x400)
read(10,"ada -->\n\t\t\t<family>padmaa</f"...,1024) = 1024 (0x400)
read(10,"> <!-- hangul (ko) -->\n\t\t\t<f"...,1024) = 1024 (0x400)
read(10,"ca</family> <!-- armenian -->\n"...,1024) = 1024 (0x400)
read(10,"ic</family> <!-- han (ja) -->\n"...,1024) = 1024 (0x400)
read(10,"NanumGothic</family> <!-- hangul"...,1024) = 1024 (0x400)
read(10,"Sazanami Gothic</family>\n\t\t\t"...,1024) = 1024 (0x400)
read(10,"hai -->\n\t\t\t<family>TlwgMono<"...,1024) = 1024 (0x400)
read(10,"amily>Noto Sans Gujarati UI</fam"...,1024) = 1024 (0x400)
read(10,"ngHei UI</family><!-- han (zh-tw"...,1024) = 75 (0x4b)
read(10,0x7fffffffb090,1024)			 = 0 (0x0)
close(10)					 = 0 (0x0)
access("/usr/local/etc/fonts/conf.d/69-unifont.conf",R_OK) = 0 (0x0)
access("/usr/local/etc/fonts/conf.d/69-unifont.conf",R_OK) = 0 (0x0)
readlink("/usr/local/etc/fonts/conf.d/69-unifont.conf","/usr/local/etc/fonts/conf.avail/69-unifont.conf",1023) = 47 (0x2f)
fstatat(AT_FDCWD,"/usr/local/etc/fonts/conf.avail/69-unifont.conf",{ mode=-rw-r--r-- ,inode=33864,size=687,blksize=4096 },0x0) = 0 (0x0)
openat(AT_FDCWD,"/usr/local/etc/fonts/conf.avail/69-unifont.conf",O_RDONLY|O_CLOEXEC,00) = 10 (0xa)
read(10,"<?xml version="1.0"?>\n<!DOCTYPE"...,1024) = 687 (0x2af)
read(10,0x7fffffffb090,1024)			 = 0 (0x0)
close(10)					 = 0 (0x0)
access("/usr/local/etc/fonts/conf.d/70-yes-bitmaps.conf",R_OK) = 0 (0x0)
access("/usr/local/etc/fonts/conf.d/70-yes-bitmaps.conf",R_OK) = 0 (0x0)
readlink("/usr/local/etc/fonts/conf.d/70-yes-bitmaps.conf","../conf.avail/70-yes-bitmaps.conf",1023) = 33 (0x21)
fstatat(AT_FDCWD,"/usr/local/etc/fonts/conf.avail/70-yes-bitmaps.conf",{ mode=-rw-r--r-- ,inode=33839,size=327,blksize=4096 },0x0) = 0 (0x0)
openat(AT_FDCWD,"/usr/local/etc/fonts/conf.avail/70-yes-bitmaps.conf",O_RDONLY|O_CLOEXEC,00) = 10 (0xa)
read(10,"<?xml version="1.0"?>\n<!DOCTYPE"...,1024) = 327 (0x147)
read(10,0x7fffffffb090,1024)			 = 0 (0x0)
close(10)					 = 0 (0x0)
access("/usr/local/etc/fonts/conf.d/80-delicious.conf",R_OK) = 0 (0x0)
access("/usr/local/etc/fonts/conf.d/80-delicious.conf",R_OK) = 0 (0x0)
readlink("/usr/local/etc/fonts/conf.d/80-delicious.conf","/usr/local/etc/fonts/conf.avail/80-delicious.conf",1023) = 49 (0x31)
fstatat(AT_FDCWD,"/usr/local/etc/fonts/conf.avail/80-delicious.conf",{ mode=-rw-r--r-- ,inode=33836,size=437,blksize=4096 },0x0) = 0 (0x0)
openat(AT_FDCWD,"/usr/local/etc/fonts/conf.avail/80-delicious.conf",O_RDONLY|O_CLOEXEC,00) = 10 (0xa)
read(10,"<?xml version="1.0"?>\n<!DOCTYPE"...,1024) = 437 (0x1b5)
read(10,0x7fffffffb090,1024)			 = 0 (0x0)
close(10)					 = 0 (0x0)
access("/usr/local/etc/fonts/conf.d/89-tlwg-garuda-synthetic.conf",R_OK) ERR#2 'No such file or directory'
access("/usr/local/etc/fonts/conf.d/89-tlwg-kinnari-synthetic.conf",R_OK) ERR#2 'No such file or directory'
access("/usr/local/etc/fonts/conf.d/89-tlwg-laksaman-synthetic.conf",R_OK) ERR#2 'No such file or directory'
access("/usr/local/etc/fonts/conf.d/89-tlwg-loma-synthetic.conf",R_OK) ERR#2 'No such file or directory'
access("/usr/local/etc/fonts/conf.d/89-tlwg-umpush-synthetic.conf",R_OK) ERR#2 'No such file or directory'
access("/usr/local/etc/fonts/conf.d/89-tlwg-waree-synthetic.conf",R_OK) ERR#2 'No such file or directory'
access("/usr/local/etc/fonts/conf.d/90-synthetic.conf",R_OK) = 0 (0x0)
access("/usr/local/etc/fonts/conf.d/90-synthetic.conf",R_OK) = 0 (0x0)
readlink("/usr/local/etc/fonts/conf.d/90-synthetic.conf","/usr/local/etc/fonts/conf.avail/90-synthetic.conf",1023) = 49 (0x31)
fstatat(AT_FDCWD,"/usr/local/etc/fonts/conf.avail/90-synthetic.conf",{ mode=-rw-r--r-- ,inode=33865,size=1757,blksize=4096 },0x0) = 0 (0x0)
openat(AT_FDCWD,"/usr/local/etc/fonts/conf.avail/90-synthetic.conf",O_RDONLY|O_CLOEXEC,00) = 10 (0xa)
read(10,"<?xml version="1.0"?>\n<!DOCTYPE"...,1024) = 1024 (0x400)
read(10," available\n -->\n\n\t<match tar"...,1024) = 733 (0x2dd)
read(10,0x7fffffffb090,1024)			 = 0 (0x0)
close(10)					 = 0 (0x0)
close(9)					 = 0 (0x0)
access("/usr/local/etc/fonts/conf.d",R_OK)	 = 0 (0x0)
access("/usr/local/etc/fonts/conf.avail",R_OK)	 = 0 (0x0)
access("/usr/local/etc/fonts/conf.avail",R_OK)	 = 0 (0x0)
readlink("/usr/local/etc/fonts/conf.avail",0x7fffffffcfd0,1023) ERR#22 'Invalid argument'
fstatat(AT_FDCWD,"/usr/local/etc/fonts/conf.avail",{ mode=drwxr-xr-x ,inode=33644,size=62,blksize=4096 },0x0) = 0 (0x0)
open("/usr/local/etc/fonts/conf.avail",O_RDONLY|O_NONBLOCK|O_DIRECTORY|O_CLOEXEC,032740752766) = 9 (0x9)
fcntl(9,F_ISUNIONSTACK,0x0)			 = 0 (0x0)
getdirentries(9,"l\M^C\0\0\0\0\0\0\^A\0\0\0\0\0\0"...,4096,{ 0x0 }) = 3032 (0xbd8)
getdirentries(9,0x80aa8f000,4096,{ 0x1f53d18f }) = 0 (0x0)
access("/usr/local/etc/fonts/conf.avail/05-reset-dirs-sample.conf",R_OK) = 0 (0x0)
access("/usr/local/etc/fonts/conf.avail/05-reset-dirs-sample.conf",R_OK) = 0 (0x0)
readlink("/usr/local/etc/fonts/conf.avail/05-reset-dirs-sample.conf",0x7fffffffc620,1023) ERR#22 'Invalid argument'
fstatat(AT_FDCWD,"/usr/local/etc/fonts/conf.avail/05-reset-dirs-sample.conf",{ mode=-rw-r--r-- ,inode=33853,size=213,blksize=4096 },0x0) = 0 (0x0)
openat(AT_FDCWD,"/usr/local/etc/fonts/conf.avail/05-reset-dirs-sample.conf",O_RDONLY|O_CLOEXEC,00) = 10 (0xa)
read(10,"<?xml version="1.0"?>\n<!DOCTYPE"...,1024) = 213 (0xd5)
read(10,0x7fffffffcf30,1024)			 = 0 (0x0)
close(10)					 = 0 (0x0)
access("/usr/local/etc/fonts/conf.avail/09-autohint-if-no-hinting.conf",R_OK) = 0 (0x0)
access("/usr/local/etc/fonts/conf.avail/09-autohint-if-no-hinting.conf",R_OK) = 0 (0x0)
readlink("/usr/local/etc/fonts/conf.avail/09-autohint-if-no-hinting.conf",0x7fffffffc620,1023) ERR#22 'Invalid argument'
fstatat(AT_FDCWD,"/usr/local/etc/fonts/conf.avail/09-autohint-if-no-hinting.conf",{ mode=-rw-r--r-- ,inode=33834,size=717,blksize=4096 },0x0) = 0 (0x0)
openat(AT_FDCWD,"/usr/local/etc/fonts/conf.avail/09-autohint-if-no-hinting.conf",O_RDONLY|O_CLOEXEC,00) = 10 (0xa)
read(10,"<?xml version="1.0"?>\n<!DOCTYPE"...,1024) = 717 (0x2cd)
read(10,0x7fffffffcf30,1024)			 = 0 (0x0)
close(10)					 = 0 (0x0)
access("/usr/local/etc/fonts/conf.avail/10-autohint.conf",R_OK) = 0 (0x0)
access("/usr/local/etc/fonts/conf.avail/10-autohint.conf",R_OK) = 0 (0x0)
readlink("/usr/local/etc/fonts/conf.avail/10-autohint.conf",0x7fffffffc620,1023) ERR#22 'Invalid argument'
fstatat(AT_FDCWD,"/usr/local/etc/fonts/conf.avail/10-autohint.conf",{ mode=-rw-r--r-- ,inode=33840,size=630,blksize=4096 },0x0) = 0 (0x0)
openat(AT_FDCWD,"/usr/local/etc/fonts/conf.avail/10-autohint.conf",O_RDONLY|O_CLOEXEC,00) = 10 (0xa)
read(10,"<?xml version="1.0"?>\n<!DOCTYPE"...,1024) = 630 (0x276)
read(10,0x7fffffffcf30,1024)			 = 0 (0x0)
close(10)					 = 0 (0x0)
access("/usr/local/etc/fonts/conf.avail/10-hinting-full.conf",R_OK) = 0 (0x0)
access("/usr/local/etc/fonts/conf.avail/10-hinting-full.conf",R_OK) = 0 (0x0)
readlink("/usr/local/etc/fonts/conf.avail/10-hinting-full.conf",0x7fffffffc620,1023) ERR#22 'Invalid argument'
fstatat(AT_FDCWD,"/usr/local/etc/fonts/conf.avail/10-hinting-full.conf",{ mode=-rw-r--r-- ,inode=33830,size=616,blksize=4096 },0x0) = 0 (0x0)
openat(AT_FDCWD,"/usr/local/etc/fonts/conf.avail/10-hinting-full.conf",O_RDONLY|O_CLOEXEC,00) = 10 (0xa)
read(10,"<?xml version="1.0"?>\n<!DOCTYPE"...,1024) = 616 (0x268)
read(10,0x7fffffffcf30,1024)			 = 0 (0x0)
close(10)					 = 0 (0x0)
access("/usr/local/etc/fonts/conf.avail/10-hinting-medium.conf",R_OK) = 0 (0x0)
access("/usr/local/etc/fonts/conf.avail/10-hinting-medium.conf",R_OK) = 0 (0x0)
readlink("/usr/local/etc/fonts/conf.avail/10-hinting-medium.conf",0x7fffffffc620,1023) ERR#22 'Invalid argument'
fstatat(AT_FDCWD,"/usr/local/etc/fonts/conf.avail/10-hinting-medium.conf",{ mode=-rw-r--r-- ,inode=33814,size=620,blksize=4096 },0x0) = 0 (0x0)
openat(AT_FDCWD,"/usr/local/etc/fonts/conf.avail/10-hinting-medium.conf",O_RDONLY|O_CLOEXEC,00) = 10 (0xa)
read(10,"<?xml version="1.0"?>\n<!DOCTYPE"...,1024) = 620 (0x26c)
read(10,0x7fffffffcf30,1024)			 = 0 (0x0)
close(10)					 = 0 (0x0)
access("/usr/local/etc/fonts/conf.avail/10-hinting-none.conf",R_OK) = 0 (0x0)
access("/usr/local/etc/fonts/conf.avail/10-hinting-none.conf",R_OK) = 0 (0x0)
readlink("/usr/local/etc/fonts/conf.avail/10-hinting-none.conf",0x7fffffffc620,1023) ERR#22 'Invalid argument'
fstatat(AT_FDCWD,"/usr/local/etc/fonts/conf.avail/10-hinting-none.conf",{ mode=-rw-r--r-- ,inode=33823,size=616,blksize=4096 },0x0) = 0 (0x0)
openat(AT_FDCWD,"/usr/local/etc/fonts/conf.avail/10-hinting-none.conf",O_RDONLY|O_CLOEXEC,00) = 10 (0xa)
read(10,"<?xml version="1.0"?>\n<!DOCTYPE"...,1024) = 616 (0x268)
read(10,0x7fffffffcf30,1024)			 = 0 (0x0)
close(10)					 = 0 (0x0)
access("/usr/local/etc/fonts/conf.avail/10-hinting-slight.conf",R_OK) = 0 (0x0)
access("/usr/local/etc/fonts/conf.avail/10-hinting-slight.conf",R_OK) = 0 (0x0)
readlink("/usr/local/etc/fonts/conf.avail/10-hinting-slight.conf",0x7fffffffc620,1023) ERR#22 'Invalid argument'
access("/usr/local/etc/fonts/conf.avail/10-no-sub-pixel.conf",R_OK) = 0 (0x0)
access("/usr/local/etc/fonts/conf.avail/10-no-sub-pixel.conf",R_OK) = 0 (0x0)
readlink("/usr/local/etc/fonts/conf.avail/10-no-sub-pixel.conf",0x7fffffffc620,1023) ERR#22 'Invalid argument'
fstatat(AT_FDCWD,"/usr/local/etc/fonts/conf.avail/10-no-sub-pixel.conf",{ mode=-rw-r--r-- ,inode=33815,size=647,blksize=4096 },0x0) = 0 (0x0)
openat(AT_FDCWD,"/usr/local/etc/fonts/conf.avail/10-no-sub-pixel.conf",O_RDONLY|O_CLOEXEC,00) = 10 (0xa)
read(10,"<?xml version="1.0"?>\n<!DOCTYPE"...,1024) = 647 (0x287)
read(10,0x7fffffffcf30,1024)			 = 0 (0x0)
close(10)					 = 0 (0x0)
access("/usr/local/etc/fonts/conf.avail/10-scale-bitmap-fonts.conf",R_OK) = 0 (0x0)
access("/usr/local/etc/fonts/conf.avail/10-scale-bitmap-fonts.conf",R_OK) = 0 (0x0)
readlink("/usr/local/etc/fonts/conf.avail/10-scale-bitmap-fonts.conf",0x7fffffffc620,1023) ERR#22 'Invalid argument'
access("/usr/local/etc/fonts/conf.avail/10-sub-pixel-bgr.conf",R_OK) = 0 (0x0)
access("/usr/local/etc/fonts/conf.avail/10-sub-pixel-bgr.conf",R_OK) = 0 (0x0)
readlink("/usr/local/etc/fonts/conf.avail/10-sub-pixel-bgr.conf",0x7fffffffc620,1023) ERR#22 'Invalid argument'
fstatat(AT_FDCWD,"/usr/local/etc/fonts/conf.avail/10-sub-pixel-bgr.conf",{ mode=-rw-r--r-- ,inode=33862,size=672,blksize=4096 },0x0) = 0 (0x0)
openat(AT_FDCWD,"/usr/local/etc/fonts/conf.avail/10-sub-pixel-bgr.conf",O_RDONLY|O_CLOEXEC,00) = 10 (0xa)
read(10,"<?xml version="1.0"?>\n<!DOCTYPE"...,1024) = 672 (0x2a0)
read(10,0x7fffffffcf30,1024)			 = 0 (0x0)
close(10)					 = 0 (0x0)
access("/usr/local/etc/fonts/conf.avail/10-sub-pixel-rgb.conf",R_OK) = 0 (0x0)
access("/usr/local/etc/fonts/conf.avail/10-sub-pixel-rgb.conf",R_OK) = 0 (0x0)
readlink("/usr/local/etc/fonts/conf.avail/10-sub-pixel-rgb.conf",0x7fffffffc620,1023) ERR#22 'Invalid argument'
fstatat(AT_FDCWD,"/usr/local/etc/fonts/conf.avail/10-sub-pixel-rgb.conf",{ mode=-rw-r--r-- ,inode=33813,size=672,blksize=4096 },0x0) = 0 (0x0)
openat(AT_FDCWD,"/usr/local/etc/fonts/conf.avail/10-sub-pixel-rgb.conf",O_RDONLY|O_CLOEXEC,00) = 10 (0xa)
read(10,"<?xml version="1.0"?>\n<!DOCTYPE"...,1024) = 672 (0x2a0)
read(10,0x7fffffffcf30,1024)			 = 0 (0x0)
close(10)					 = 0 (0x0)
access("/usr/local/etc/fonts/conf.avail/10-sub-pixel-vbgr.conf",R_OK) = 0 (0x0)
access("/usr/local/etc/fonts/conf.avail/10-sub-pixel-vbgr.conf",R_OK) = 0 (0x0)
readlink("/usr/local/etc/fonts/conf.avail/10-sub-pixel-vbgr.conf",0x7fffffffc620,1023) ERR#22 'Invalid argument'
fstatat(AT_FDCWD,"/usr/local/etc/fonts/conf.avail/10-sub-pixel-vbgr.conf",{ mode=-rw-r--r-- ,inode=33825,size=682,blksize=4096 },0x0) = 0 (0x0)
openat(AT_FDCWD,"/usr/local/etc/fonts/conf.avail/10-sub-pixel-vbgr.conf",O_RDONLY|O_CLOEXEC,00) = 10 (0xa)
read(10,"<?xml version="1.0"?>\n<!DOCTYPE"...,1024) = 682 (0x2aa)
read(10,0x7fffffffcf30,1024)			 = 0 (0x0)
close(10)					 = 0 (0x0)
access("/usr/local/etc/fonts/conf.avail/10-sub-pixel-vrgb.conf",R_OK) = 0 (0x0)
access("/usr/local/etc/fonts/conf.avail/10-sub-pixel-vrgb.conf",R_OK) = 0 (0x0)
readlink("/usr/local/etc/fonts/conf.avail/10-sub-pixel-vrgb.conf",0x7fffffffc620,1023) ERR#22 'Invalid argument'
fstatat(AT_FDCWD,"/usr/local/etc/fonts/conf.avail/10-sub-pixel-vrgb.conf",{ mode=-rw-r--r-- ,inode=33850,size=682,blksize=4096 },0x0) = 0 (0x0)
openat(AT_FDCWD,"/usr/local/etc/fonts/conf.avail/10-sub-pixel-vrgb.conf",O_RDONLY|O_CLOEXEC,00) = 10 (0xa)
read(10,"<?xml version="1.0"?>\n<!DOCTYPE"...,1024) = 682 (0x2aa)
read(10,0x7fffffffcf30,1024)			 = 0 (0x0)
close(10)					 = 0 (0x0)
access("/usr/local/etc/fonts/conf.avail/10-unhinted.conf",R_OK) = 0 (0x0)
access("/usr/local/etc/fonts/conf.avail/10-unhinted.conf",R_OK) = 0 (0x0)
readlink("/usr/local/etc/fonts/conf.avail/10-unhinted.conf",0x7fffffffc620,1023) ERR#22 'Invalid argument'
fstatat(AT_FDCWD,"/usr/local/etc/fonts/conf.avail/10-unhinted.conf",{ mode=-rw-r--r-- ,inode=33845,size=625,blksize=4096 },0x0) = 0 (0x0)
openat(AT_FDCWD,"/usr/local/etc/fonts/conf.avail/10-unhinted.conf",O_RDONLY|O_CLOEXEC,00) = 10 (0xa)
read(10,"<?xml version="1.0"?>\n<!DOCTYPE"...,1024) = 625 (0x271)
read(10,0x7fffffffcf30,1024)			 = 0 (0x0)
close(10)					 = 0 (0x0)
access("/usr/local/etc/fonts/conf.avail/11-lcdfilter-default.conf",R_OK) = 0 (0x0)
access("/usr/local/etc/fonts/conf.avail/11-lcdfilter-default.conf",R_OK) = 0 (0x0)
readlink("/usr/local/etc/fonts/conf.avail/11-lcdfilter-default.conf",0x7fffffffc620,1023) ERR#22 'Invalid argument'
fstatat(AT_FDCWD,"/usr/local/etc/fonts/conf.avail/11-lcdfilter-default.conf",{ mode=-rw-r--r-- ,inode=33838,size=695,blksize=4096 },0x0) = 0 (0x0)
openat(AT_FDCWD,"/usr/local/etc/fonts/conf.avail/11-lcdfilter-default.conf",O_RDONLY|O_CLOEXEC,00) = 10 (0xa)
read(10,"<?xml version="1.0"?>\n<!DOCTYPE"...,1024) = 695 (0x2b7)
read(10,0x7fffffffcf30,1024)			 = 0 (0x0)
close(10)					 = 0 (0x0)
access("/usr/local/etc/fonts/conf.avail/11-lcdfilter-legacy.conf",R_OK) = 0 (0x0)
access("/usr/local/etc/fonts/conf.avail/11-lcdfilter-legacy.conf",R_OK) = 0 (0x0)
readlink("/usr/local/etc/fonts/conf.avail/11-lcdfilter-legacy.conf",0x7fffffffc620,1023) ERR#22 'Invalid argument'
fstatat(AT_FDCWD,"/usr/local/etc/fonts/conf.avail/11-lcdfilter-legacy.conf",{ mode=-rw-r--r-- ,inode=33858,size=692,blksize=4096 },0x0) = 0 (0x0)
openat(AT_FDCWD,"/usr/local/etc/fonts/conf.avail/11-lcdfilter-legacy.conf",O_RDONLY|O_CLOEXEC,00) = 10 (0xa)
read(10,"<?xml version="1.0"?>\n<!DOCTYPE"...,1024) = 692 (0x2b4)
read(10,0x7fffffffcf30,1024)			 = 0 (0x0)
close(10)					 = 0 (0x0)
access("/usr/local/etc/fonts/conf.avail/11-lcdfilter-light.conf",R_OK) = 0 (0x0)
access("/usr/local/etc/fonts/conf.avail/11-lcdfilter-light.conf",R_OK) = 0 (0x0)
readlink("/usr/local/etc/fonts/conf.avail/11-lcdfilter-light.conf",0x7fffffffc620,1023) ERR#22 'Invalid argument'
fstatat(AT_FDCWD,"/usr/local/etc/fonts/conf.avail/11-lcdfilter-light.conf",{ mode=-rw-r--r-- ,inode=33817,size=689,blksize=4096 },0x0) = 0 (0x0)
openat(AT_FDCWD,"/usr/local/etc/fonts/conf.avail/11-lcdfilter-light.conf",O_RDONLY|O_CLOEXEC,00) = 10 (0xa)
read(10,"<?xml version="1.0"?>\n<!DOCTYPE"...,1024) = 689 (0x2b1)
read(10,0x7fffffffcf30,1024)			 = 0 (0x0)
close(10)					 = 0 (0x0)
access("/usr/local/etc/fonts/conf.avail/20-unhint-small-dejavu-sans-mono.conf",R_OK) = 0 (0x0)
access("/usr/local/etc/fonts/conf.avail/20-unhint-small-dejavu-sans-mono.conf",R_OK) = 0 (0x0)
readlink("/usr/local/etc/fonts/conf.avail/20-unhint-small-dejavu-sans-mono.conf",0x7fffffffc620,1023) ERR#22 'Invalid argument'
access("/usr/local/etc/fonts/conf.avail/20-unhint-small-dejavu-sans.conf",R_OK) = 0 (0x0)
access("/usr/local/etc/fonts/conf.avail/20-unhint-small-dejavu-sans.conf",R_OK) = 0 (0x0)
readlink("/usr/local/etc/fonts/conf.avail/20-unhint-small-dejavu-sans.conf",0x7fffffffc620,1023) ERR#22 'Invalid argument'
access("/usr/local/etc/fonts/conf.avail/20-unhint-small-dejavu-serif.conf",R_OK) = 0 (0x0)
access("/usr/local/etc/fonts/conf.avail/20-unhint-small-dejavu-serif.conf",R_OK) = 0 (0x0)
readlink("/usr/local/etc/fonts/conf.avail/20-unhint-small-dejavu-serif.conf",0x7fffffffc620,1023) ERR#22 'Invalid argument'
access("/usr/local/etc/fonts/conf.avail/20-unhint-small-vera.conf",R_OK) = 0 (0x0)
access("/usr/local/etc/fonts/conf.avail/20-unhint-small-vera.conf",R_OK) = 0 (0x0)
readlink("/usr/local/etc/fonts/conf.avail/20-unhint-small-vera.conf",0x7fffffffc620,1023) ERR#22 'Invalid argument'
access("/usr/local/etc/fonts/conf.avail/25-unhint-nonlatin.conf",R_OK) = 0 (0x0)
access("/usr/local/etc/fonts/conf.avail/25-unhint-nonlatin.conf",R_OK) = 0 (0x0)
readlink("/usr/local/etc/fonts/conf.avail/25-unhint-nonlatin.conf",0x7fffffffc620,1023) ERR#22 'Invalid argument'
fstatat(AT_FDCWD,"/usr/local/etc/fonts/conf.avail/25-unhint-nonlatin.conf",{ mode=-rw-r--r-- ,inode=33513,size=3329,blksize=4096 },0x0) = 0 (0x0)
openat(AT_FDCWD,"/usr/local/etc/fonts/conf.avail/25-unhint-nonlatin.conf",O_RDONLY|O_CLOEXEC,00) = 10 (0xa)
read(10,"<?xml version="1.0"?>\n<!DOCTYPE"...,1024) = 1024 (0x400)
read(10,"\t</edit>\n\t</match>\n\t<match "...,1024) = 1024 (0x400)
read(10,"ool>\n\t\t</edit>\n\t</match>\n"...,1024) = 1024 (0x400)
read(10,"\t<bool>false</bool>\n\t\t</edit"...,1024) = 257 (0x101)
read(10,0x7fffffffcf30,1024)			 = 0 (0x0)
close(10)					 = 0 (0x0)
access("/usr/local/etc/fonts/conf.avail/30-metric-aliases.conf",R_OK) = 0 (0x0)
access("/usr/local/etc/fonts/conf.avail/30-metric-aliases.conf",R_OK) = 0 (0x0)
readlink("/usr/local/etc/fonts/conf.avail/30-metric-aliases.conf",0x7fffffffc620,1023) ERR#22 'Invalid argument'
access("/usr/local/etc/fonts/conf.avail/35-lang-normalize.conf",R_OK) = 0 (0x0)
access("/usr/local/etc/fonts/conf.avail/35-lang-normalize.conf",R_OK) = 0 (0x0)
readlink("/usr/local/etc/fonts/conf.avail/35-lang-normalize.conf",0x7fffffffc620,1023) ERR#22 'Invalid argument'
fstatat(AT_FDCWD,"/usr/local/etc/fonts/conf.avail/35-lang-normalize.conf",{ mode=-rw-r--r-- ,inode=33847,size=42037,blksize=42496 },0x0) = 0 (0x0)
openat(AT_FDCWD,"/usr/local/etc/fonts/conf.avail/35-lang-normalize.conf",O_RDONLY|O_CLOEXEC,00) = 10 (0xa)
read(10,"<?xml version="1.0"?>\n<!DOCTYPE"...,1024) = 1024 (0x400)
read(10,"match>\n  <!-- an* -> an -->\n  "...,1024) = 1024 (0x400)
read(10,"string>ay</string></test>\n    <"...,1024) = 1024 (0x400)
read(10,"ing>bho</string></edit>\n  </mat"...,1024) = 1024 (0x400)
read(10,"="lang" compare="contains"><stri"...,1024) = 1024 (0x400)
read(10,"ng" mode="assign" binding="same""...,1024) = 1024 (0x400)
read(10,"- crh* -> crh -->\n  <match>\n  "...,1024) = 1024 (0x400)
read(10,"y</string></test>\n    <edit nam"...,1024) = 1024 (0x400)
read(10,"/string></edit>\n  </match>\n  <"...,1024) = 1024 (0x400)
read(10,"are="contains"><string>et</strin"...,1024) = 1024 (0x400)
read(10,"nding="same"><string>fi</string>"...,1024) = 1024 (0x400)
read(10,"atch>\n    <test name="lang" com"...,1024) = 1024 (0x400)
read(10,"dit name="lang" mode="assign" bi"...,1024) = 1024 (0x400)
read(10,"h>\n  <!-- hi* -> hi -->\n  <mat"...,1024) = 1024 (0x400)
read(10,"string>ht</string></test>\n    <"...,1024) = 1024 (0x400)
read(10,">id</string></edit>\n  </match>"...,1024) = 1024 (0x400)
read(10,"compare="contains"><string>is</s"...,1024) = 1024 (0x400)
read(10,"nding="same"><string>ka</string>"...,1024) = 1024 (0x400)
read(10,"atch>\n    <test name="lang" com"...,1024) = 1024 (0x400)
read(10,"dit name="lang" mode="assign" bi"...,1024) = 1024 (0x400)
read(10,"match>\n  <!-- ky* -> ky -->\n  "...,1024) = 1024 (0x400)
read(10,"s"><string>lg</string></test>\n "...,1024) = 1024 (0x400)
read(10,"ring>lv</string></edit>\n  </mat"...,1024) = 1024 (0x400)
read(10,"="lang" compare="contains"><stri"...,1024) = 1024 (0x400)
read(10,"="assign" binding="same"><string"...,1024) = 1024 (0x400)
read(10,"-->\n  <match>\n    <test name=""...,1024) = 1024 (0x400)
read(10,">\n    <edit name="lang" mode="a"...,1024) = 1024 (0x400)
read(10,"  </match>\n  <!-- or* -> or -->"...,1024) = 1024 (0x400)
read(10,"s"><string>pt</string></test>\n "...,1024) = 1024 (0x400)
read(10,"><string>ro</string></edit>\n  <"...,1024) = 1024 (0x400)
read(10,"est name="lang" compare="contain"...,1024) = 1024 (0x400)
read(10,"="lang" mode="assign" binding="s"...,1024) = 1024 (0x400)
read(10," <!-- sl* -> sl -->\n  <match>\n"...,1024) = 1024 (0x400)
read(10,"><string>sms</string></test>\n  "...,1024) = 1024 (0x400)
read(10,"ring>ss</string></edit>\n  </mat"...,1024) = 1024 (0x400)
read(10,"="lang" compare="contains"><stri"...,1024) = 1024 (0x400)
read(10,"="assign" binding="same"><string"...,1024) = 1024 (0x400)
read(10,"  <match>\n    <test name="lang""...,1024) = 1024 (0x400)
read(10,"  <edit name="lang" mode="assign"...,1024) = 1024 (0x400)
read(10,"h>\n  <!-- vot* -> vot -->\n  <m"...,1024) = 1024 (0x400)
read(10,"s"><string>xh</string></test>\n "...,1024) = 1024 (0x400)
read(10,"><string>zu</string></edit>\n  <"...,1024) = 53 (0x35)
read(10,0x7fffffffcf30,1024)			 = 0 (0x0)
close(10)					 = 0 (0x0)
access("/usr/local/etc/fonts/conf.avail/40-nonlatin.conf",R_OK) = 0 (0x0)
access("/usr/local/etc/fonts/conf.avail/40-nonlatin.conf",R_OK) = 0 (0x0)
readlink("/usr/local/etc/fonts/conf.avail/40-nonlatin.conf",0x7fffffffc620,1023) ERR#22 'Invalid argument'
access("/usr/local/etc/fonts/conf.avail/42-luxi-mono.conf",R_OK) = 0 (0x0)
access("/usr/local/etc/fonts/conf.avail/42-luxi-mono.conf",R_OK) = 0 (0x0)
readlink("/usr/local/etc/fonts/conf.avail/42-luxi-mono.conf",0x7fffffffc620,1023) ERR#22 'Invalid argument'
access("/usr/local/etc/fonts/conf.avail/45-generic.conf",R_OK) = 0 (0x0)
access("/usr/local/etc/fonts/conf.avail/45-generic.conf",R_OK) = 0 (0x0)
readlink("/usr/local/etc/fonts/conf.avail/45-generic.conf",0x7fffffffc620,1023) ERR#22 'Invalid argument'
access("/usr/local/etc/fonts/conf.avail/45-latin.conf",R_OK) = 0 (0x0)
access("/usr/local/etc/fonts/conf.avail/45-latin.conf",R_OK) = 0 (0x0)
readlink("/usr/local/etc/fonts/conf.avail/45-latin.conf",0x7fffffffc620,1023) ERR#22 'Invalid argument'
access("/usr/local/etc/fonts/conf.avail/49-sansserif.conf",R_OK) = 0 (0x0)
access("/usr/local/etc/fonts/conf.avail/49-sansserif.conf",R_OK) = 0 (0x0)
readlink("/usr/local/etc/fonts/conf.avail/49-sansserif.conf",0x7fffffffc620,1023) ERR#22 'Invalid argument'
access("/usr/local/etc/fonts/conf.avail/50-user.conf",R_OK) = 0 (0x0)
access("/usr/local/etc/fonts/conf.avail/50-user.conf",R_OK) = 0 (0x0)
readlink("/usr/local/etc/fonts/conf.avail/50-user.conf",0x7fffffffc620,1023) ERR#22 'Invalid argument'
access("/usr/local/etc/fonts/conf.avail/51-local.conf",R_OK) = 0 (0x0)
access("/usr/local/etc/fonts/conf.avail/51-local.conf",R_OK) = 0 (0x0)
readlink("/usr/local/etc/fonts/conf.avail/51-local.conf",0x7fffffffc620,1023) ERR#22 'Invalid argument'
access("/usr/local/etc/fonts/conf.avail/57-dejavu-sans-mono.conf",R_OK) = 0 (0x0)
access("/usr/local/etc/fonts/conf.avail/57-dejavu-sans-mono.conf",R_OK) = 0 (0x0)
readlink("/usr/local/etc/fonts/conf.avail/57-dejavu-sans-mono.conf",0x7fffffffc620,1023) ERR#22 'Invalid argument'
access("/usr/local/etc/fonts/conf.avail/57-dejavu-sans.conf",R_OK) = 0 (0x0)
access("/usr/local/etc/fonts/conf.avail/57-dejavu-sans.conf",R_OK) = 0 (0x0)
readlink("/usr/local/etc/fonts/conf.avail/57-dejavu-sans.conf",0x7fffffffc620,1023) ERR#22 'Invalid argument'
access("/usr/local/etc/fonts/conf.avail/57-dejavu-serif.conf",R_OK) = 0 (0x0)
access("/usr/local/etc/fonts/conf.avail/57-dejavu-serif.conf",R_OK) = 0 (0x0)
readlink("/usr/local/etc/fonts/conf.avail/57-dejavu-serif.conf",0x7fffffffc620,1023) ERR#22 'Invalid argument'
access("/usr/local/etc/fonts/conf.avail/60-generic.conf",R_OK) = 0 (0x0)
access("/usr/local/etc/fonts/conf.avail/60-generic.conf",R_OK) = 0 (0x0)
readlink("/usr/local/etc/fonts/conf.avail/60-generic.conf",0x7fffffffc620,1023) ERR#22 'Invalid argument'
access("/usr/local/etc/fonts/conf.avail/60-latin.conf",R_OK) = 0 (0x0)
access("/usr/local/etc/fonts/conf.avail/60-latin.conf",R_OK) = 0 (0x0)
readlink("/usr/local/etc/fonts/conf.avail/60-latin.conf",0x7fffffffc620,1023) ERR#22 'Invalid argument'
access("/usr/local/etc/fonts/conf.avail/64-01-tlwg-kinnari.conf",R_OK) = 0 (0x0)
access("/usr/local/etc/fonts/conf.avail/64-01-tlwg-kinnari.conf",R_OK) = 0 (0x0)
readlink("/usr/local/etc/fonts/conf.avail/64-01-tlwg-kinnari.conf",0x7fffffffc620,1023) ERR#22 'Invalid argument'
fstatat(AT_FDCWD,"/usr/local/etc/fonts/conf.avail/64-01-tlwg-kinnari.conf",{ mode=-rw-r--r-- ,inode=33861,size=185,blksize=4096 },0x0) = 0 (0x0)
openat(AT_FDCWD,"/usr/local/etc/fonts/conf.avail/64-01-tlwg-kinnari.conf",O_RDONLY|O_CLOEXEC,00) = 10 (0xa)
read(10,"<?xml version="1.0"?>\n<!DOCTYPE"...,1024) = 185 (0xb9)
read(10,0x7fffffffcf30,1024)			 = 0 (0x0)
close(10)					 = 0 (0x0)
access("/usr/local/etc/fonts/conf.avail/64-02-tlwg-norasi.conf",R_OK) = 0 (0x0)
access("/usr/local/etc/fonts/conf.avail/64-02-tlwg-norasi.conf",R_OK) = 0 (0x0)
readlink("/usr/local/etc/fonts/conf.avail/64-02-tlwg-norasi.conf",0x7fffffffc620,1023) ERR#22 'Invalid argument'
fstatat(AT_FDCWD,"/usr/local/etc/fonts/conf.avail/64-02-tlwg-norasi.conf",{ mode=-rw-r--r-- ,inode=33516,size=184,blksize=4096 },0x0) = 0 (0x0)
openat(AT_FDCWD,"/usr/local/etc/fonts/conf.avail/64-02-tlwg-norasi.conf",O_RDONLY|O_CLOEXEC,00) = 10 (0xa)
read(10,"<?xml version="1.0"?>\n<!DOCTYPE"...,1024) = 184 (0xb8)
read(10,0x7fffffffcf30,1024)			 = 0 (0x0)
close(10)					 = 0 (0x0)
access("/usr/local/etc/fonts/conf.avail/64-11-tlwg-waree.conf",R_OK) = 0 (0x0)
access("/usr/local/etc/fonts/conf.avail/64-11-tlwg-waree.conf",R_OK) = 0 (0x0)
readlink("/usr/local/etc/fonts/conf.avail/64-11-tlwg-waree.conf",0x7fffffffc620,1023) ERR#22 'Invalid argument'
fstatat(AT_FDCWD,"/usr/local/etc/fonts/conf.avail/64-11-tlwg-waree.conf",{ mode=-rw-r--r-- ,inode=33818,size=188,blksize=4096 },0x0) = 0 (0x0)
openat(AT_FDCWD,"/usr/local/etc/fonts/conf.avail/64-11-tlwg-waree.conf",O_RDONLY|O_CLOEXEC,00) = 10 (0xa)
read(10,"<?xml version="1.0"?>\n<!DOCTYPE"...,1024) = 188 (0xbc)
read(10,0x7fffffffcf30,1024)			 = 0 (0x0)
close(10)					 = 0 (0x0)
access("/usr/local/etc/fonts/conf.avail/64-12-tlwg-loma.conf",R_OK) = 0 (0x0)
access("/usr/local/etc/fonts/conf.avail/64-12-tlwg-loma.conf",R_OK) = 0 (0x0)
readlink("/usr/local/etc/fonts/conf.avail/64-12-tlwg-loma.conf",0x7fffffffc620,1023) ERR#22 'Invalid argument'
fstatat(AT_FDCWD,"/usr/local/etc/fonts/conf.avail/64-12-tlwg-loma.conf",{ mode=-rw-r--r-- ,inode=33698,size=187,blksize=4096 },0x0) = 0 (0x0)
openat(AT_FDCWD,"/usr/local/etc/fonts/conf.avail/64-12-tlwg-loma.conf",O_RDONLY|O_CLOEXEC,00) = 10 (0xa)
read(10,"<?xml version="1.0"?>\n<!DOCTYPE"...,1024) = 187 (0xbb)
read(10,0x7fffffffcf30,1024)			 = 0 (0x0)
close(10)					 = 0 (0x0)
access("/usr/local/etc/fonts/conf.avail/64-13-tlwg-garuda.conf",R_OK) = 0 (0x0)
access("/usr/local/etc/fonts/conf.avail/64-13-tlwg-garuda.conf",R_OK) = 0 (0x0)
readlink("/usr/local/etc/fonts/conf.avail/64-13-tlwg-garuda.conf",0x7fffffffc620,1023) ERR#22 'Invalid argument'
fstatat(AT_FDCWD,"/usr/local/etc/fonts/conf.avail/64-13-tlwg-garuda.conf",{ mode=-rw-r--r-- ,inode=33514,size=189,blksize=4096 },0x0) = 0 (0x0)
openat(AT_FDCWD,"/usr/local/etc/fonts/conf.avail/64-13-tlwg-garuda.conf",O_RDONLY|O_CLOEXEC,00) = 10 (0xa)
read(10,"<?xml version="1.0"?>\n<!DOCTYPE"...,1024) = 189 (0xbd)
read(10,0x7fffffffcf30,1024)			 = 0 (0x0)
close(10)					 = 0 (0x0)
access("/usr/local/etc/fonts/conf.avail/64-14-tlwg-umpush.conf",R_OK) = 0 (0x0)
access("/usr/local/etc/fonts/conf.avail/64-14-tlwg-umpush.conf",R_OK) = 0 (0x0)
readlink("/usr/local/etc/fonts/conf.avail/64-14-tlwg-umpush.conf",0x7fffffffc620,1023) ERR#22 'Invalid argument'
fstatat(AT_FDCWD,"/usr/local/etc/fonts/conf.avail/64-14-tlwg-umpush.conf",{ mode=-rw-r--r-- ,inode=33866,size=189,blksize=4096 },0x0) = 0 (0x0)
openat(AT_FDCWD,"/usr/local/etc/fonts/conf.avail/64-14-tlwg-umpush.conf",O_RDONLY|O_CLOEXEC,00) = 10 (0xa)
read(10,"<?xml version="1.0"?>\n<!DOCTYPE"...,1024) = 189 (0xbd)
read(10,0x7fffffffcf30,1024)			 = 0 (0x0)
close(10)					 = 0 (0x0)
access("/usr/local/etc/fonts/conf.avail/64-15-laksaman.conf",R_OK) = 0 (0x0)
access("/usr/local/etc/fonts/conf.avail/64-15-laksaman.conf",R_OK) = 0 (0x0)
readlink("/usr/local/etc/fonts/conf.avail/64-15-laksaman.conf",0x7fffffffc620,1023) ERR#22 'Invalid argument'
fstatat(AT_FDCWD,"/usr/local/etc/fonts/conf.avail/64-15-laksaman.conf",{ mode=-rw-r--r-- ,inode=33842,size=191,blksize=4096 },0x0) = 0 (0x0)
openat(AT_FDCWD,"/usr/local/etc/fonts/conf.avail/64-15-laksaman.conf",O_RDONLY|O_CLOEXEC,00) = 10 (0xa)
read(10,"<?xml version="1.0"?>\n<!DOCTYPE"...,1024) = 191 (0xbf)
read(10,0x7fffffffcf30,1024)			 = 0 (0x0)
close(10)					 = 0 (0x0)
access("/usr/local/etc/fonts/conf.avail/64-21-tlwg-typo.conf",R_OK) = 0 (0x0)
access("/usr/local/etc/fonts/conf.avail/64-21-tlwg-typo.conf",R_OK) = 0 (0x0)
readlink("/usr/local/etc/fonts/conf.avail/64-21-tlwg-typo.conf",0x7fffffffc620,1023) ERR#22 'Invalid argument'
fstatat(AT_FDCWD,"/usr/local/etc/fonts/conf.avail/64-21-tlwg-typo.conf",{ mode=-rw-r--r-- ,inode=33848,size=190,blksize=4096 },0x0) = 0 (0x0)
openat(AT_FDCWD,"/usr/local/etc/fonts/conf.avail/64-21-tlwg-typo.conf",O_RDONLY|O_CLOEXEC,00) = 10 (0xa)
read(10,"<?xml version="1.0"?>\n<!DOCTYPE"...,1024) = 190 (0xbe)
read(10,0x7fffffffcf30,1024)			 = 0 (0x0)
close(10)					 = 0 (0x0)
access("/usr/local/etc/fonts/conf.avail/64-22-tlwg-typist.conf",R_OK) = 0 (0x0)
access("/usr/local/etc/fonts/conf.avail/64-22-tlwg-typist.conf",R_OK) = 0 (0x0)
readlink("/usr/local/etc/fonts/conf.avail/64-22-tlwg-typist.conf",0x7fffffffc620,1023) ERR#22 'Invalid argument'
fstatat(AT_FDCWD,"/usr/local/etc/fonts/conf.avail/64-22-tlwg-typist.conf",{ mode=-rw-r--r-- ,inode=33856,size=192,blksize=4096 },0x0) = 0 (0x0)
openat(AT_FDCWD,"/usr/local/etc/fonts/conf.avail/64-22-tlwg-typist.conf",O_RDONLY|O_CLOEXEC,00) = 10 (0xa)
read(10,"<?xml version="1.0"?>\n<!DOCTYPE"...,1024) = 192 (0xc0)
read(10,0x7fffffffcf30,1024)			 = 0 (0x0)
close(10)					 = 0 (0x0)
access("/usr/local/etc/fonts/conf.avail/64-23-tlwg-mono.conf",R_OK) = 0 (0x0)
access("/usr/local/etc/fonts/conf.avail/64-23-tlwg-mono.conf",R_OK) = 0 (0x0)
readlink("/usr/local/etc/fonts/conf.avail/64-23-tlwg-mono.conf",0x7fffffffc620,1023) ERR#22 'Invalid argument'
fstatat(AT_FDCWD,"/usr/local/etc/fonts/conf.avail/64-23-tlwg-mono.conf",{ mode=-rw-r--r-- ,inode=33841,size=190,blksize=4096 },0x0) = 0 (0x0)
openat(AT_FDCWD,"/usr/local/etc/fonts/conf.avail/64-23-tlwg-mono.conf",O_RDONLY|O_CLOEXEC,00) = 10 (0xa)
read(10,"<?xml version="1.0"?>\n<!DOCTYPE"...,1024) = 190 (0xbe)
read(10,0x7fffffffcf30,1024)			 = 0 (0x0)
close(10)					 = 0 (0x0)
access("/usr/local/etc/fonts/conf.avail/65-fonts-persian.conf",R_OK) = 0 (0x0)
access("/usr/local/etc/fonts/conf.avail/65-fonts-persian.conf",R_OK) = 0 (0x0)
readlink("/usr/local/etc/fonts/conf.avail/65-fonts-persian.conf",0x7fffffffc620,1023) ERR#22 'Invalid argument'
access("/usr/local/etc/fonts/conf.avail/65-khmer.conf",R_OK) = 0 (0x0)
access("/usr/local/etc/fonts/conf.avail/65-khmer.conf",R_OK) = 0 (0x0)
readlink("/usr/local/etc/fonts/conf.avail/65-khmer.conf",0x7fffffffc620,1023) ERR#22 'Invalid argument'
fstatat(AT_FDCWD,"/usr/local/etc/fonts/conf.avail/65-khmer.conf",{ mode=-rw-r--r-- ,inode=33859,size=304,blksize=4096 },0x0) = 0 (0x0)
openat(AT_FDCWD,"/usr/local/etc/fonts/conf.avail/65-khmer.conf",O_RDONLY|O_CLOEXEC,00) = 10 (0xa)
read(10,"<?xml version="1.0"?>\n<!DOCTYPE"...,1024) = 304 (0x130)
read(10,0x7fffffffcf30,1024)			 = 0 (0x0)
close(10)					 = 0 (0x0)
access("/usr/local/etc/fonts/conf.avail/65-nonlatin.conf",R_OK) = 0 (0x0)
access("/usr/local/etc/fonts/conf.avail/65-nonlatin.conf",R_OK) = 0 (0x0)
readlink("/usr/local/etc/fonts/conf.avail/65-nonlatin.conf",0x7fffffffc620,1023) ERR#22 'Invalid argument'
access("/usr/local/etc/fonts/conf.avail/69-unifont.conf",R_OK) = 0 (0x0)
access("/usr/local/etc/fonts/conf.avail/69-unifont.conf",R_OK) = 0 (0x0)
readlink("/usr/local/etc/fonts/conf.avail/69-unifont.conf",0x7fffffffc620,1023) ERR#22 'Invalid argument'
access("/usr/local/etc/fonts/conf.avail/70-no-bitmaps.conf",R_OK) = 0 (0x0)
access("/usr/local/etc/fonts/conf.avail/70-no-bitmaps.conf",R_OK) = 0 (0x0)
readlink("/usr/local/etc/fonts/conf.avail/70-no-bitmaps.conf",0x7fffffffc620,1023) ERR#22 'Invalid argument'
fstatat(AT_FDCWD,"/usr/local/etc/fonts/conf.avail/70-no-bitmaps.conf",{ mode=-rw-r--r-- ,inode=33849,size=327,blksize=4096 },0x0) = 0 (0x0)
openat(AT_FDCWD,"/usr/local/etc/fonts/conf.avail/70-no-bitmaps.conf",O_RDONLY|O_CLOEXEC,00) = 10 (0xa)
read(10,"<?xml version="1.0"?>\n<!DOCTYPE"...,1024) = 327 (0x147)
read(10,0x7fffffffcf30,1024)			 = 0 (0x0)
close(10)					 = 0 (0x0)
access("/usr/local/etc/fonts/conf.avail/70-yes-bitmaps.conf",R_OK) = 0 (0x0)
access("/usr/local/etc/fonts/conf.avail/70-yes-bitmaps.conf",R_OK) = 0 (0x0)
readlink("/usr/local/etc/fonts/conf.avail/70-yes-bitmaps.conf",0x7fffffffc620,1023) ERR#22 'Invalid argument'
access("/usr/local/etc/fonts/conf.avail/80-delicious.conf",R_OK) = 0 (0x0)
access("/usr/local/etc/fonts/conf.avail/80-delicious.conf",R_OK) = 0 (0x0)
readlink("/usr/local/etc/fonts/conf.avail/80-delicious.conf",0x7fffffffc620,1023) ERR#22 'Invalid argument'
access("/usr/local/etc/fonts/conf.avail/89-tlwg-garuda-synthetic.conf",R_OK) = 0 (0x0)
access("/usr/local/etc/fonts/conf.avail/89-tlwg-garuda-synthetic.conf",R_OK) = 0 (0x0)
readlink("/usr/local/etc/fonts/conf.avail/89-tlwg-garuda-synthetic.conf",0x7fffffffc620,1023) ERR#22 'Invalid argument'
fstatat(AT_FDCWD,"/usr/local/etc/fonts/conf.avail/89-tlwg-garuda-synthetic.conf",{ mode=-rw-r--r-- ,inode=33833,size=747,blksize=4096 },0x0) = 0 (0x0)
openat(AT_FDCWD,"/usr/local/etc/fonts/conf.avail/89-tlwg-garuda-synthetic.conf",O_RDONLY|O_CLOEXEC,00) = 10 (0xa)
read(10,"<?xml version="1.0"?>\n<!DOCTYPE"...,1024) = 747 (0x2eb)
read(10,0x7fffffffcf30,1024)			 = 0 (0x0)
close(10)					 = 0 (0x0)
access("/usr/local/etc/fonts/conf.avail/89-tlwg-kinnari-synthetic.conf",R_OK) = 0 (0x0)
access("/usr/local/etc/fonts/conf.avail/89-tlwg-kinnari-synthetic.conf",R_OK) = 0 (0x0)
readlink("/usr/local/etc/fonts/conf.avail/89-tlwg-kinnari-synthetic.conf",0x7fffffffc620,1023) ERR#22 'Invalid argument'
fstatat(AT_FDCWD,"/usr/local/etc/fonts/conf.avail/89-tlwg-kinnari-synthetic.conf",{ mode=-rw-r--r-- ,inode=33851,size=744,blksize=4096 },0x0) = 0 (0x0)
openat(AT_FDCWD,"/usr/local/etc/fonts/conf.avail/89-tlwg-kinnari-synthetic.conf",O_RDONLY|O_CLOEXEC,00) = 10 (0xa)
read(10,"<?xml version="1.0"?>\n<!DOCTYPE"...,1024) = 744 (0x2e8)
read(10,0x7fffffffcf30,1024)			 = 0 (0x0)
close(10)					 = 0 (0x0)
access("/usr/local/etc/fonts/conf.avail/89-tlwg-laksaman-synthetic.conf",R_OK) = 0 (0x0)
access("/usr/local/etc/fonts/conf.avail/89-tlwg-laksaman-synthetic.conf",R_OK) = 0 (0x0)
readlink("/usr/local/etc/fonts/conf.avail/89-tlwg-laksaman-synthetic.conf",0x7fffffffc620,1023) ERR#22 'Invalid argument'
fstatat(AT_FDCWD,"/usr/local/etc/fonts/conf.avail/89-tlwg-laksaman-synthetic.conf",{ mode=-rw-r--r-- ,inode=33855,size=748,blksize=4096 },0x0) = 0 (0x0)
openat(AT_FDCWD,"/usr/local/etc/fonts/conf.avail/89-tlwg-laksaman-synthetic.conf",O_RDONLY|O_CLOEXEC,00) = 10 (0xa)
read(10,"<?xml version="1.0"?>\n<!DOCTYPE"...,1024) = 748 (0x2ec)
read(10,0x7fffffffcf30,1024)			 = 0 (0x0)
close(10)					 = 0 (0x0)
access("/usr/local/etc/fonts/conf.avail/89-tlwg-loma-synthetic.conf",R_OK) = 0 (0x0)
access("/usr/local/etc/fonts/conf.avail/89-tlwg-loma-synthetic.conf",R_OK) = 0 (0x0)
readlink("/usr/local/etc/fonts/conf.avail/89-tlwg-loma-synthetic.conf",0x7fffffffc620,1023) ERR#22 'Invalid argument'
fstatat(AT_FDCWD,"/usr/local/etc/fonts/conf.avail/89-tlwg-loma-synthetic.conf",{ mode=-rw-r--r-- ,inode=33822,size=721,blksize=4096 },0x0) = 0 (0x0)
openat(AT_FDCWD,"/usr/local/etc/fonts/conf.avail/89-tlwg-loma-synthetic.conf",O_RDONLY|O_CLOEXEC,00) = 10 (0xa)
read(10,"<?xml version="1.0"?>\n<!DOCTYPE"...,1024) = 721 (0x2d1)
read(10,0x7fffffffcf30,1024)			 = 0 (0x0)
close(10)					 = 0 (0x0)
access("/usr/local/etc/fonts/conf.avail/89-tlwg-umpush-synthetic.conf",R_OK) = 0 (0x0)
access("/usr/local/etc/fonts/conf.avail/89-tlwg-umpush-synthetic.conf",R_OK) = 0 (0x0)
readlink("/usr/local/etc/fonts/conf.avail/89-tlwg-umpush-synthetic.conf",0x7fffffffc620,1023) ERR#22 'Invalid argument'
fstatat(AT_FDCWD,"/usr/local/etc/fonts/conf.avail/89-tlwg-umpush-synthetic.conf",{ mode=-rw-r--r-- ,inode=33824,size=738,blksize=4096 },0x0) = 0 (0x0)
openat(AT_FDCWD,"/usr/local/etc/fonts/conf.avail/89-tlwg-umpush-synthetic.conf",O_RDONLY|O_CLOEXEC,00) = 10 (0xa)
read(10,"<?xml version="1.0"?>\n<!DOCTYPE"...,1024) = 738 (0x2e2)
read(10,0x7fffffffcf30,1024)			 = 0 (0x0)
close(10)					 = 0 (0x0)
access("/usr/local/etc/fonts/conf.avail/89-tlwg-waree-synthetic.conf",R_OK) = 0 (0x0)
access("/usr/local/etc/fonts/conf.avail/89-tlwg-waree-synthetic.conf",R_OK) = 0 (0x0)
readlink("/usr/local/etc/fonts/conf.avail/89-tlwg-waree-synthetic.conf",0x7fffffffc620,1023) ERR#22 'Invalid argument'
fstatat(AT_FDCWD,"/usr/local/etc/fonts/conf.avail/89-tlwg-waree-synthetic.conf",{ mode=-rw-r--r-- ,inode=33857,size=415,blksize=4096 },0x0) = 0 (0x0)
openat(AT_FDCWD,"/usr/local/etc/fonts/conf.avail/89-tlwg-waree-synthetic.conf",O_RDONLY|O_CLOEXEC,00) = 10 (0xa)
read(10,"<?xml version="1.0"?>\n<!DOCTYPE"...,1024) = 415 (0x19f)
read(10,0x7fffffffcf30,1024)			 = 0 (0x0)
close(10)					 = 0 (0x0)
access("/usr/local/etc/fonts/conf.avail/90-synthetic.conf",R_OK) = 0 (0x0)
access("/usr/local/etc/fonts/conf.avail/90-synthetic.conf",R_OK) = 0 (0x0)
readlink("/usr/local/etc/fonts/conf.avail/90-synthetic.conf",0x7fffffffc620,1023) ERR#22 'Invalid argument'
close(9)					 = 0 (0x0)
fstatat(AT_FDCWD,"/usr/local/lib/X11/fonts",{ mode=drwxr-xr-x ,inode=199545,size=4,blksize=4096 },0x0) = 0 (0x0)
openat(AT_FDCWD,"/usr/local/lib/X11/fonts",O_RDONLY|O_CLOEXEC,00) = 9 (0x9)
close(9)					 = 0 (0x0)
openat(AT_FDCWD,"/var/db/fontconfig//deea84fa067eec67b69dab1b2344175b-le64.cache-7",O_RDONLY|O_CLOEXEC,00) = 9 (0x9)
fstat(9,{ mode=-rw-r--r-- ,inode=232194,size=152,blksize=4096 }) = 0 (0x0)
read(9,"\^D\M-|\^B\M-|\a\0\0\0\M^X\0\0\0"...,152) = 152 (0x98)
close(9)					 = 0 (0x0)
openat(AT_FDCWD,"/home/shuryanc/.cache/fontconfig//deea84fa067eec67b69dab1b2344175b-le64.cache-7",O_RDONLY|O_CLOEXEC,00) ERR#2 'No such file or directory'
openat(AT_FDCWD,"/usr/local/lib/X11/fonts/.uuid",O_RDONLY|O_CLOEXEC,00) = 9 (0x9)
read(9,"6ee8f5ba-2334-49ab-a94e-38300f3e"...,36) = 36 (0x24)
close(9)					 = 0 (0x0)
openat(AT_FDCWD,"/home/shuryanc/.cache/fontconfig//6ee8f5ba-2334-49ab-a94e-38300f3effe0-le64.cache-7",O_RDONLY|O_CLOEXEC,00) ERR#2 'No such file or directory'
openat(AT_FDCWD,"/home/shuryanc/.fontconfig//deea84fa067eec67b69dab1b2344175b-le64.cache-7",O_RDONLY|O_CLOEXEC,00) ERR#2 'No such file or directory'
openat(AT_FDCWD,"/usr/local/lib/X11/fonts/.uuid",O_RDONLY|O_CLOEXEC,00) = 9 (0x9)
read(9,"6ee8f5ba-2334-49ab-a94e-38300f3e"...,36) = 36 (0x24)
close(9)					 = 0 (0x0)
openat(AT_FDCWD,"/home/shuryanc/.fontconfig//6ee8f5ba-2334-49ab-a94e-38300f3effe0-le64.cache-7",O_RDONLY|O_CLOEXEC,00) ERR#2 'No such file or directory'
fstatat(AT_FDCWD,"/home/shuryanc/.local/share/fonts",0x7fffffffdae0,0x0) ERR#2 'No such file or directory'
fstatat(AT_FDCWD,"/home/shuryanc/.local/share/fonts",0x7fffffffdc40,0x0) ERR#2 'No such file or directory'
fstatat(AT_FDCWD,"/usr/local/share/fonts",{ mode=drwxr-xr-x ,inode=34526,size=12,blksize=4096 },0x0) = 0 (0x0)
openat(AT_FDCWD,"/usr/local/share/fonts",O_RDONLY|O_CLOEXEC,00) = 9 (0x9)
close(9)					 = 0 (0x0)
openat(AT_FDCWD,"/var/db/fontconfig//4c599c202bc5c08e2d34565a40eac3b2-le64.cache-7",O_RDONLY|O_CLOEXEC,00) = 9 (0x9)
fstat(9,{ mode=-rw-r--r-- ,inode=360816,size=496,blksize=4096 }) = 0 (0x0)
read(9,"\^D\M-|\^B\M-|\a\0\0\0\M-p\^A\0"...,496) = 496 (0x1f0)
close(9)					 = 0 (0x0)
openat(AT_FDCWD,"/home/shuryanc/.cache/fontconfig//4c599c202bc5c08e2d34565a40eac3b2-le64.cache-7",O_RDONLY|O_CLOEXEC,00) ERR#2 'No such file or directory'
openat(AT_FDCWD,"/usr/local/share/fonts/.uuid",O_RDONLY|O_CLOEXEC,00) = 9 (0x9)
read(9,"e21a8a40-fcf1-4034-8dfa-6108feec"...,36) = 36 (0x24)
close(9)					 = 0 (0x0)
openat(AT_FDCWD,"/home/shuryanc/.cache/fontconfig//e21a8a40-fcf1-4034-8dfa-6108feecb7df-le64.cache-7",O_RDONLY|O_CLOEXEC,00) ERR#2 'No such file or directory'
openat(AT_FDCWD,"/home/shuryanc/.fontconfig//4c599c202bc5c08e2d34565a40eac3b2-le64.cache-7",O_RDONLY|O_CLOEXEC,00) ERR#2 'No such file or directory'
openat(AT_FDCWD,"/usr/local/share/fonts/.uuid",O_RDONLY|O_CLOEXEC,00) = 9 (0x9)
read(9,"e21a8a40-fcf1-4034-8dfa-6108feec"...,36) = 36 (0x24)
close(9)					 = 0 (0x0)
openat(AT_FDCWD,"/home/shuryanc/.fontconfig//e21a8a40-fcf1-4034-8dfa-6108feecb7df-le64.cache-7",O_RDONLY|O_CLOEXEC,00) ERR#2 'No such file or directory'
fstatat(AT_FDCWD,"/usr/share/fonts",0x7fffffffdae0,0x0) ERR#2 'No such file or directory'
fstatat(AT_FDCWD,"/usr/share/fonts",0x7fffffffdc40,0x0) ERR#2 'No such file or directory'
fstatat(AT_FDCWD,"/home/shuryanc/.fonts",0x7fffffffdae0,0x0) ERR#2 'No such file or directory'
fstatat(AT_FDCWD,"/home/shuryanc/.fonts",0x7fffffffdc40,0x0) ERR#2 'No such file or directory'
fstatat(AT_FDCWD,"/usr/local/lib/X11/fonts/TTF",{ mode=drwxr-xr-x ,inode=199546,size=4,blksize=4096 },0x0) = 0 (0x0)
openat(AT_FDCWD,"/usr/local/lib/X11/fonts/TTF",O_RDONLY|O_CLOEXEC,00) = 9 (0x9)
close(9)					 = 0 (0x0)
openat(AT_FDCWD,"/var/db/fontconfig//d6a82a7420f683b92800b5c72e29748a-le64.cache-7",O_RDONLY|O_CLOEXEC,00) = 9 (0x9)
fstat(9,{ mode=-rw-r--r-- ,inode=231295,size=160,blksize=4096 }) = 0 (0x0)
read(9,"\^D\M-|\^B\M-|\a\0\0\0\240\0\0\0"...,160) = 160 (0xa0)
close(9)					 = 0 (0x0)
openat(AT_FDCWD,"/home/shuryanc/.cache/fontconfig//d6a82a7420f683b92800b5c72e29748a-le64.cache-7",O_RDONLY|O_CLOEXEC,00) ERR#2 'No such file or directory'
openat(AT_FDCWD,"/usr/local/lib/X11/fonts/TTF/.uuid",O_RDONLY|O_CLOEXEC,00) = 9 (0x9)
read(9,"e6f29f36-5c98-4634-910c-05ca1b26"...,36) = 36 (0x24)
close(9)					 = 0 (0x0)
openat(AT_FDCWD,"/home/shuryanc/.cache/fontconfig//e6f29f36-5c98-4634-910c-05ca1b268df2-le64.cache-7",O_RDONLY|O_CLOEXEC,00) ERR#2 'No such file or directory'
openat(AT_FDCWD,"/home/shuryanc/.fontconfig//d6a82a7420f683b92800b5c72e29748a-le64.cache-7",O_RDONLY|O_CLOEXEC,00) ERR#2 'No such file or directory'
openat(AT_FDCWD,"/usr/local/lib/X11/fonts/TTF/.uuid",O_RDONLY|O_CLOEXEC,00) = 9 (0x9)
read(9,"e6f29f36-5c98-4634-910c-05ca1b26"...,36) = 36 (0x24)
close(9)					 = 0 (0x0)
openat(AT_FDCWD,"/home/shuryanc/.fontconfig//e6f29f36-5c98-4634-910c-05ca1b268df2-le64.cache-7",O_RDONLY|O_CLOEXEC,00) ERR#2 'No such file or directory'
fstatat(AT_FDCWD,"/usr/local/share/fonts/Droid",{ mode=drwxr-xr-x ,inode=34838,size=28,blksize=4096 },0x0) = 0 (0x0)
openat(AT_FDCWD,"/usr/local/share/fonts/Droid",O_RDONLY|O_CLOEXEC,00) = 9 (0x9)
close(9)					 = 0 (0x0)
openat(AT_FDCWD,"/var/db/fontconfig//1fe06f2352c4cb897117a756a050a9d4-le64.cache-7",O_RDONLY|O_CLOEXEC,00) = 9 (0x9)
fstat(9,{ mode=-rw-r--r-- ,inode=232196,size=50392,blksize=50688 }) = 0 (0x0)
mmap(0x0,50392,PROT_READ,MAP_SHARED,9,0x0)	 = 34576551936 (0x80cec5000)
posix_fadvise(9,0x0,0xc4d8,POSIX_FADV_WILLNEED)	 = 0 (0x0)
close(9)					 = 0 (0x0)
openat(AT_FDCWD,"/home/shuryanc/.cache/fontconfig//1fe06f2352c4cb897117a756a050a9d4-le64.cache-7",O_RDONLY|O_CLOEXEC,00) ERR#2 'No such file or directory'
openat(AT_FDCWD,"/usr/local/share/fonts/Droid/.uuid",O_RDONLY|O_CLOEXEC,00) = 9 (0x9)
read(9,"13c90c9d-0c38-4144-95f6-a625ad5e"...,36) = 36 (0x24)
close(9)					 = 0 (0x0)
openat(AT_FDCWD,"/home/shuryanc/.cache/fontconfig//13c90c9d-0c38-4144-95f6-a625ad5e4962-le64.cache-7",O_RDONLY|O_CLOEXEC,00) ERR#2 'No such file or directory'
openat(AT_FDCWD,"/home/shuryanc/.fontconfig//1fe06f2352c4cb897117a756a050a9d4-le64.cache-7",O_RDONLY|O_CLOEXEC,00) ERR#2 'No such file or directory'
openat(AT_FDCWD,"/usr/local/share/fonts/Droid/.uuid",O_RDONLY|O_CLOEXEC,00) = 9 (0x9)
read(9,"13c90c9d-0c38-4144-95f6-a625ad5e"...,36) = 36 (0x24)
close(9)					 = 0 (0x0)
openat(AT_FDCWD,"/home/shuryanc/.fontconfig//13c90c9d-0c38-4144-95f6-a625ad5e4962-le64.cache-7",O_RDONLY|O_CLOEXEC,00) ERR#2 'No such file or directory'
fstatat(AT_FDCWD,"/usr/local/share/fonts/OTF",{ mode=drwxr-xr-x ,inode=34527,size=28,blksize=4096 },0x0) = 0 (0x0)
openat(AT_FDCWD,"/usr/local/share/fonts/OTF",O_RDONLY|O_CLOEXEC,00) = 9 (0x9)
close(9)					 = 0 (0x0)
openat(AT_FDCWD,"/var/db/fontconfig//830bb1cbfd3d582459af9eb69ef1dd53-le64.cache-7",O_RDONLY|O_CLOEXEC,00) = 9 (0x9)
fstat(9,{ mode=-rw-r--r-- ,inode=231293,size=36976,blksize=37376 }) = 0 (0x0)
mmap(0x0,36976,PROT_READ,MAP_SHARED,9,0x0)	 = 34576605184 (0x80ced2000)
posix_fadvise(9,0x0,0x9070,POSIX_FADV_WILLNEED)	 = 0 (0x0)
close(9)					 = 0 (0x0)
openat(AT_FDCWD,"/home/shuryanc/.cache/fontconfig//830bb1cbfd3d582459af9eb69ef1dd53-le64.cache-7",O_RDONLY|O_CLOEXEC,00) ERR#2 'No such file or directory'
openat(AT_FDCWD,"/usr/local/share/fonts/OTF/.uuid",O_RDONLY|O_CLOEXEC,00) = 9 (0x9)
read(9,"a0e0520b-bb7e-41ea-b076-cfd7a7e8"...,36) = 36 (0x24)
close(9)					 = 0 (0x0)
openat(AT_FDCWD,"/home/shuryanc/.cache/fontconfig//a0e0520b-bb7e-41ea-b076-cfd7a7e81ffd-le64.cache-7",O_RDONLY|O_CLOEXEC,00) ERR#2 'No such file or directory'
openat(AT_FDCWD,"/home/shuryanc/.fontconfig//830bb1cbfd3d582459af9eb69ef1dd53-le64.cache-7",O_RDONLY|O_CLOEXEC,00) ERR#2 'No such file or directory'
openat(AT_FDCWD,"/usr/local/share/fonts/OTF/.uuid",O_RDONLY|O_CLOEXEC,00) = 9 (0x9)
read(9,"a0e0520b-bb7e-41ea-b076-cfd7a7e8"...,36) = 36 (0x24)
close(9)					 = 0 (0x0)
openat(AT_FDCWD,"/home/shuryanc/.fontconfig//a0e0520b-bb7e-41ea-b076-cfd7a7e81ffd-le64.cache-7",O_RDONLY|O_CLOEXEC,00) ERR#2 'No such file or directory'
fstatat(AT_FDCWD,"/usr/local/share/fonts/TTF",{ mode=drwxr-xr-x ,inode=35092,size=19,blksize=4096 },0x0) = 0 (0x0)
openat(AT_FDCWD,"/usr/local/share/fonts/TTF",O_RDONLY|O_CLOEXEC,00) = 9 (0x9)
close(9)					 = 0 (0x0)
openat(AT_FDCWD,"/var/db/fontconfig//b505adbf72d7253408dd67084a8aa967-le64.cache-7",O_RDONLY|O_CLOEXEC,00) = 9 (0x9)
fstat(9,{ mode=-rw-r--r-- ,inode=231289,size=20008,blksize=20480 }) = 0 (0x0)
mmap(0x0,20008,PROT_READ,MAP_SHARED,9,0x0)	 = 34576646144 (0x80cedc000)
posix_fadvise(9,0x0,0x4e28,POSIX_FADV_WILLNEED)	 = 0 (0x0)
close(9)					 = 0 (0x0)
openat(AT_FDCWD,"/home/shuryanc/.cache/fontconfig//b505adbf72d7253408dd67084a8aa967-le64.cache-7",O_RDONLY|O_CLOEXEC,00) ERR#2 'No such file or directory'
openat(AT_FDCWD,"/usr/local/share/fonts/TTF/.uuid",O_RDONLY|O_CLOEXEC,00) = 9 (0x9)
read(9,"d1822bf6-0456-4750-a6a2-cf806383"...,36) = 36 (0x24)
close(9)					 = 0 (0x0)
openat(AT_FDCWD,"/home/shuryanc/.cache/fontconfig//d1822bf6-0456-4750-a6a2-cf806383f239-le64.cache-7",O_RDONLY|O_CLOEXEC,00) ERR#2 'No such file or directory'
openat(AT_FDCWD,"/home/shuryanc/.fontconfig//b505adbf72d7253408dd67084a8aa967-le64.cache-7",O_RDONLY|O_CLOEXEC,00) ERR#2 'No such file or directory'
openat(AT_FDCWD,"/usr/local/share/fonts/TTF/.uuid",O_RDONLY|O_CLOEXEC,00) = 9 (0x9)
read(9,"d1822bf6-0456-4750-a6a2-cf806383"...,36) = 36 (0x24)
close(9)					 = 0 (0x0)
openat(AT_FDCWD,"/home/shuryanc/.fontconfig//d1822bf6-0456-4750-a6a2-cf806383f239-le64.cache-7",O_RDONLY|O_CLOEXEC,00) ERR#2 'No such file or directory'
fstatat(AT_FDCWD,"/usr/local/share/fonts/cantarell",{ mode=drwxr-xr-x ,inode=34553,size=11,blksize=4096 },0x0) = 0 (0x0)
openat(AT_FDCWD,"/usr/local/share/fonts/cantarell",O_RDONLY|O_CLOEXEC,00) = 9 (0x9)
close(9)					 = 0 (0x0)
openat(AT_FDCWD,"/var/db/fontconfig//3a114eb8ff7128eaeed6b7525120b7d1-le64.cache-7",O_RDONLY|O_CLOEXEC,00) = 9 (0x9)
fstat(9,{ mode=-rw-r--r-- ,inode=231290,size=17792,blksize=17920 }) = 0 (0x0)
mmap(0x0,17792,PROT_READ,MAP_SHARED,9,0x0)	 = 34576666624 (0x80cee1000)
posix_fadvise(9,0x0,0x4580,POSIX_FADV_WILLNEED)	 = 0 (0x0)
close(9)					 = 0 (0x0)
openat(AT_FDCWD,"/home/shuryanc/.cache/fontconfig//3a114eb8ff7128eaeed6b7525120b7d1-le64.cache-7",O_RDONLY|O_CLOEXEC,00) ERR#2 'No such file or directory'
openat(AT_FDCWD,"/usr/local/share/fonts/cantarell/.uuid",O_RDONLY|O_CLOEXEC,00) = 9 (0x9)
read(9,"304c95f7-595b-48cb-ac15-0bd1aebf"...,36) = 36 (0x24)
close(9)					 = 0 (0x0)
openat(AT_FDCWD,"/home/shuryanc/.cache/fontconfig//304c95f7-595b-48cb-ac15-0bd1aebf2c49-le64.cache-7",O_RDONLY|O_CLOEXEC,00) ERR#2 'No such file or directory'
openat(AT_FDCWD,"/home/shuryanc/.fontconfig//3a114eb8ff7128eaeed6b7525120b7d1-le64.cache-7",O_RDONLY|O_CLOEXEC,00) ERR#2 'No such file or directory'
openat(AT_FDCWD,"/usr/local/share/fonts/cantarell/.uuid",O_RDONLY|O_CLOEXEC,00) = 9 (0x9)
read(9,"304c95f7-595b-48cb-ac15-0bd1aebf"...,36) = 36 (0x24)
close(9)					 = 0 (0x0)
openat(AT_FDCWD,"/home/shuryanc/.fontconfig//304c95f7-595b-48cb-ac15-0bd1aebf2c49-le64.cache-7",O_RDONLY|O_CLOEXEC,00) ERR#2 'No such file or directory'
fstatat(AT_FDCWD,"/usr/local/share/fonts/dejavu",{ mode=drwxr-xr-x ,inode=35074,size=27,blksize=4096 },0x0) = 0 (0x0)
openat(AT_FDCWD,"/usr/local/share/fonts/dejavu",O_RDONLY|O_CLOEXEC,00) = 9 (0x9)
close(9)					 = 0 (0x0)
openat(AT_FDCWD,"/var/db/fontconfig//ece4193fc5c4a4effb1dc60970b2e31e-le64.cache-7",O_RDONLY|O_CLOEXEC,00) = 9 (0x9)
fstat(9,{ mode=-rw-r--r-- ,inode=232197,size=49384,blksize=49664 }) = 0 (0x0)
mmap(0x0,49384,PROT_READ,MAP_SHARED,9,0x0)	 = 34576687104 (0x80cee6000)
posix_fadvise(9,0x0,0xc0e8,POSIX_FADV_WILLNEED)	 = 0 (0x0)
close(9)					 = 0 (0x0)
openat(AT_FDCWD,"/home/shuryanc/.cache/fontconfig//ece4193fc5c4a4effb1dc60970b2e31e-le64.cache-7",O_RDONLY|O_CLOEXEC,00) ERR#2 'No such file or directory'
openat(AT_FDCWD,"/usr/local/share/fonts/dejavu/.uuid",O_RDONLY|O_CLOEXEC,00) = 9 (0x9)
read(9,"f9e0c4ed-d33a-48d9-97a8-50ab9483"...,36) = 36 (0x24)
close(9)					 = 0 (0x0)
openat(AT_FDCWD,"/home/shuryanc/.cache/fontconfig//f9e0c4ed-d33a-48d9-97a8-50ab9483cc5e-le64.cache-7",O_RDONLY|O_CLOEXEC,00) ERR#2 'No such file or directory'
openat(AT_FDCWD,"/home/shuryanc/.fontconfig//ece4193fc5c4a4effb1dc60970b2e31e-le64.cache-7",O_RDONLY|O_CLOEXEC,00) ERR#2 'No such file or directory'
openat(AT_FDCWD,"/usr/local/share/fonts/dejavu/.uuid",O_RDONLY|O_CLOEXEC,00) = 9 (0x9)
read(9,"f9e0c4ed-d33a-48d9-97a8-50ab9483"...,36) = 36 (0x24)
close(9)					 = 0 (0x0)
openat(AT_FDCWD,"/home/shuryanc/.fontconfig//f9e0c4ed-d33a-48d9-97a8-50ab9483cc5e-le64.cache-7",O_RDONLY|O_CLOEXEC,00) ERR#2 'No such file or directory'
fstatat(AT_FDCWD,"/usr/local/share/fonts/encodings",{ mode=drwxr-xr-x ,inode=34750,size=38,blksize=4096 },0x0) = 0 (0x0)
openat(AT_FDCWD,"/usr/local/share/fonts/encodings",O_RDONLY|O_CLOEXEC,00) = 9 (0x9)
close(9)					 = 0 (0x0)
openat(AT_FDCWD,"/var/db/fontconfig//d3b21a501470a17bfd0b9b6aedc735bd-le64.cache-7",O_RDONLY|O_CLOEXEC,00) = 9 (0x9)
fstat(9,{ mode=-rw-r--r-- ,inode=231287,size=168,blksize=4096 }) = 0 (0x0)
read(9,"\^D\M-|\^B\M-|\a\0\0\0\M-(\0\0\0"...,168) = 168 (0xa8)
close(9)					 = 0 (0x0)
openat(AT_FDCWD,"/home/shuryanc/.cache/fontconfig//d3b21a501470a17bfd0b9b6aedc735bd-le64.cache-7",O_RDONLY|O_CLOEXEC,00) ERR#2 'No such file or directory'
openat(AT_FDCWD,"/usr/local/share/fonts/encodings/.uuid",O_RDONLY|O_CLOEXEC,00) = 9 (0x9)
read(9,"d37ebdf2-4378-4de3-8c4e-4629419f"...,36) = 36 (0x24)
close(9)					 = 0 (0x0)
openat(AT_FDCWD,"/home/shuryanc/.cache/fontconfig//d37ebdf2-4378-4de3-8c4e-4629419f448b-le64.cache-7",O_RDONLY|O_CLOEXEC,00) ERR#2 'No such file or directory'
openat(AT_FDCWD,"/home/shuryanc/.fontconfig//d3b21a501470a17bfd0b9b6aedc735bd-le64.cache-7",O_RDONLY|O_CLOEXEC,00) ERR#2 'No such file or directory'
openat(AT_FDCWD,"/usr/local/share/fonts/encodings/.uuid",O_RDONLY|O_CLOEXEC,00) = 9 (0x9)
read(9,"d37ebdf2-4378-4de3-8c4e-4629419f"...,36) = 36 (0x24)
close(9)					 = 0 (0x0)
openat(AT_FDCWD,"/home/shuryanc/.fontconfig//d37ebdf2-4378-4de3-8c4e-4629419f448b-le64.cache-7",O_RDONLY|O_CLOEXEC,00) ERR#2 'No such file or directory'
fstatat(AT_FDCWD,"/usr/local/share/fonts/font-awesome",{ mode=drwxr-xr-x ,inode=34983,size=8,blksize=4096 },0x0) = 0 (0x0)
openat(AT_FDCWD,"/usr/local/share/fonts/font-awesome",O_RDONLY|O_CLOEXEC,00) = 9 (0x9)
close(9)					 = 0 (0x0)
openat(AT_FDCWD,"/var/db/fontconfig//f5599063ae18e1251e73fd8e5201d1aa-le64.cache-7",O_RDONLY|O_CLOEXEC,00) = 9 (0x9)
fstat(9,{ mode=-rw-r--r-- ,inode=231291,size=6320,blksize=6656 }) = 0 (0x0)
mmap(0x0,6320,PROT_READ,MAP_SHARED,9,0x0)	 = 34399576064 (0x8025fe000)
posix_fadvise(9,0x0,0x18b0,POSIX_FADV_WILLNEED)	 = 0 (0x0)
close(9)					 = 0 (0x0)
openat(AT_FDCWD,"/home/shuryanc/.cache/fontconfig//f5599063ae18e1251e73fd8e5201d1aa-le64.cache-7",O_RDONLY|O_CLOEXEC,00) ERR#2 'No such file or directory'
openat(AT_FDCWD,"/usr/local/share/fonts/font-awesome/.uuid",O_RDONLY|O_CLOEXEC,00) = 9 (0x9)
read(9,"342d5f49-2fd1-40ca-87a0-8c9591ff"...,36) = 36 (0x24)
close(9)					 = 0 (0x0)
openat(AT_FDCWD,"/home/shuryanc/.cache/fontconfig//342d5f49-2fd1-40ca-87a0-8c9591ff52bc-le64.cache-7",O_RDONLY|O_CLOEXEC,00) ERR#2 'No such file or directory'
openat(AT_FDCWD,"/home/shuryanc/.fontconfig//f5599063ae18e1251e73fd8e5201d1aa-le64.cache-7",O_RDONLY|O_CLOEXEC,00) ERR#2 'No such file or directory'
openat(AT_FDCWD,"/usr/local/share/fonts/font-awesome/.uuid",O_RDONLY|O_CLOEXEC,00) = 9 (0x9)
read(9,"342d5f49-2fd1-40ca-87a0-8c9591ff"...,36) = 36 (0x24)
close(9)					 = 0 (0x0)
openat(AT_FDCWD,"/home/shuryanc/.fontconfig//342d5f49-2fd1-40ca-87a0-8c9591ff52bc-le64.cache-7",O_RDONLY|O_CLOEXEC,00) ERR#2 'No such file or directory'
fstatat(AT_FDCWD,"/usr/local/share/fonts/fonts-indic",{ mode=drwxr-xr-x ,inode=34738,size=14,blksize=4096 },0x0) = 0 (0x0)
openat(AT_FDCWD,"/usr/local/share/fonts/fonts-indic",O_RDONLY|O_CLOEXEC,00) = 9 (0x9)
close(9)					 = 0 (0x0)
openat(AT_FDCWD,"/var/db/fontconfig//4f7b23cd2ce9f114b927c4c37310d703-le64.cache-7",O_RDONLY|O_CLOEXEC,00) = 9 (0x9)
fstat(9,{ mode=-rw-r--r-- ,inode=232193,size=15128,blksize=15360 }) = 0 (0x0)
mmap(0x0,15128,PROT_READ,MAP_SHARED,9,0x0)	 = 34439413760 (0x804bfc000)
posix_fadvise(9,0x0,0x3b18,POSIX_FADV_WILLNEED)	 = 0 (0x0)
close(9)					 = 0 (0x0)
openat(AT_FDCWD,"/home/shuryanc/.cache/fontconfig//4f7b23cd2ce9f114b927c4c37310d703-le64.cache-7",O_RDONLY|O_CLOEXEC,00) ERR#2 'No such file or directory'
openat(AT_FDCWD,"/usr/local/share/fonts/fonts-indic/.uuid",O_RDONLY|O_CLOEXEC,00) = 9 (0x9)
read(9,"6040f81b-6755-4f43-b2e1-8bc8f765"...,36) = 36 (0x24)
close(9)					 = 0 (0x0)
openat(AT_FDCWD,"/home/shuryanc/.cache/fontconfig//6040f81b-6755-4f43-b2e1-8bc8f765b10f-le64.cache-7",O_RDONLY|O_CLOEXEC,00) ERR#2 'No such file or directory'
openat(AT_FDCWD,"/home/shuryanc/.fontconfig//4f7b23cd2ce9f114b927c4c37310d703-le64.cache-7",O_RDONLY|O_CLOEXEC,00) ERR#2 'No such file or directory'
openat(AT_FDCWD,"/usr/local/share/fonts/fonts-indic/.uuid",O_RDONLY|O_CLOEXEC,00) = 9 (0x9)
read(9,"6040f81b-6755-4f43-b2e1-8bc8f765"...,36) = 36 (0x24)
close(9)					 = 0 (0x0)
openat(AT_FDCWD,"/home/shuryanc/.fontconfig//6040f81b-6755-4f43-b2e1-8bc8f765b10f-le64.cache-7",O_RDONLY|O_CLOEXEC,00) ERR#2 'No such file or directory'
fstatat(AT_FDCWD,"/usr/local/share/fonts/noto",{ mode=drwxr-xr-x ,inode=362863,size=16,blksize=4096 },0x0) = 0 (0x0)
openat(AT_FDCWD,"/usr/local/share/fonts/noto",O_RDONLY|O_CLOEXEC,00) = 9 (0x9)
close(9)					 = 0 (0x0)
openat(AT_FDCWD,"/var/db/fontconfig//5590eef8711d78f75a1d19f78ae9af8f-le64.cache-7",O_RDONLY|O_CLOEXEC,00) = 9 (0x9)
fstat(9,{ mode=-rw-r--r-- ,inode=362875,size=19272,blksize=19456 }) = 0 (0x0)
mmap(0x0,19272,PROT_READ,MAP_SHARED,9,0x0)	 = 34576740352 (0x80cef3000)
posix_fadvise(9,0x0,0x4b48,POSIX_FADV_WILLNEED)	 = 0 (0x0)
close(9)					 = 0 (0x0)
openat(AT_FDCWD,"/home/shuryanc/.cache/fontconfig//5590eef8711d78f75a1d19f78ae9af8f-le64.cache-7",O_RDONLY|O_CLOEXEC,00) = 9 (0x9)
fstat(9,{ mode=-rw-r--r-- ,inode=42437,size=19272,blksize=19456 }) = 0 (0x0)
mmap(0x0,19272,PROT_READ,MAP_SHARED,9,0x0)	 = 34576760832 (0x80cef8000)
posix_fadvise(9,0x0,0x4b48,POSIX_FADV_WILLNEED)	 = 0 (0x0)
munmap(0x80cef8000,19272)			 = 0 (0x0)
close(9)					 = 0 (0x0)
openat(AT_FDCWD,"/home/shuryanc/.fontconfig//5590eef8711d78f75a1d19f78ae9af8f-le64.cache-7",O_RDONLY|O_CLOEXEC,00) ERR#2 'No such file or directory'
openat(AT_FDCWD,"/usr/local/share/fonts/noto/.uuid",O_RDONLY|O_CLOEXEC,00) = 9 (0x9)
read(9,"e54ee89a-b477-4d04-98d6-667480f1"...,36) = 36 (0x24)
close(9)					 = 0 (0x0)
openat(AT_FDCWD,"/home/shuryanc/.fontconfig//e54ee89a-b477-4d04-98d6-667480f1dbc8-le64.cache-7",O_RDONLY|O_CLOEXEC,00) ERR#2 'No such file or directory'
fstatat(AT_FDCWD,"/usr/local/lib/X11/fonts/TTF/thai",{ mode=drwxr-xr-x ,inode=199547,size=61,blksize=4096 },0x0) = 0 (0x0)
openat(AT_FDCWD,"/usr/local/lib/X11/fonts/TTF/thai",O_RDONLY|O_CLOEXEC,00) = 9 (0x9)
close(9)					 = 0 (0x0)
openat(AT_FDCWD,"/var/db/fontconfig//8d9e2dfebb33abace617c7c60af9e7f4-le64.cache-7",O_RDONLY|O_CLOEXEC,00) = 9 (0x9)
fstat(9,{ mode=-rw-r--r-- ,inode=232195,size=93776,blksize=94208 }) = 0 (0x0)
mmap(0x0,93776,PROT_READ,MAP_SHARED,9,0x0)	 = 34576760832 (0x80cef8000)
posix_fadvise(9,0x0,0x16e50,POSIX_FADV_WILLNEED) = 0 (0x0)
close(9)					 = 0 (0x0)
openat(AT_FDCWD,"/home/shuryanc/.cache/fontconfig//8d9e2dfebb33abace617c7c60af9e7f4-le64.cache-7",O_RDONLY|O_CLOEXEC,00) ERR#2 'No such file or directory'
openat(AT_FDCWD,"/usr/local/lib/X11/fonts/TTF/thai/.uuid",O_RDONLY|O_CLOEXEC,00) = 9 (0x9)
read(9,"af999b0d-f22e-45d8-ba39-ffb0c184"...,36) = 36 (0x24)
close(9)					 = 0 (0x0)
openat(AT_FDCWD,"/home/shuryanc/.cache/fontconfig//af999b0d-f22e-45d8-ba39-ffb0c184de7e-le64.cache-7",O_RDONLY|O_CLOEXEC,00) ERR#2 'No such file or directory'
openat(AT_FDCWD,"/home/shuryanc/.fontconfig//8d9e2dfebb33abace617c7c60af9e7f4-le64.cache-7",O_RDONLY|O_CLOEXEC,00) ERR#2 'No such file or directory'
openat(AT_FDCWD,"/usr/local/lib/X11/fonts/TTF/thai/.uuid",O_RDONLY|O_CLOEXEC,00) = 9 (0x9)
read(9,"af999b0d-f22e-45d8-ba39-ffb0c184"...,36) = 36 (0x24)
close(9)					 = 0 (0x0)
openat(AT_FDCWD,"/home/shuryanc/.fontconfig//af999b0d-f22e-45d8-ba39-ffb0c184de7e-le64.cache-7",O_RDONLY|O_CLOEXEC,00) ERR#2 'No such file or directory'
fstatat(AT_FDCWD,"/usr/local/share/fonts/TTF/thai",{ mode=drwxr-xr-x ,inode=34988,size=61,blksize=4096 },0x0) = 0 (0x0)
openat(AT_FDCWD,"/usr/local/share/fonts/TTF/thai",O_RDONLY|O_CLOEXEC,00) = 9 (0x9)
close(9)					 = 0 (0x0)
openat(AT_FDCWD,"/var/db/fontconfig//89674653e249709eea6c01d7f6fc0461-le64.cache-7",O_RDONLY|O_CLOEXEC,00) = 9 (0x9)
fstat(9,{ mode=-rw-r--r-- ,inode=231292,size=112,blksize=4096 }) = 0 (0x0)
read(9,"\^D\M-|\^B\M-|\a\0\0\0p\0\0\0\0"...,112) = 112 (0x70)
close(9)					 = 0 (0x0)
openat(AT_FDCWD,"/home/shuryanc/.cache/fontconfig//89674653e249709eea6c01d7f6fc0461-le64.cache-7",O_RDONLY|O_CLOEXEC,00) ERR#2 'No such file or directory'
openat(AT_FDCWD,"/usr/local/share/fonts/TTF/thai/.uuid",O_RDONLY|O_CLOEXEC,00) = 9 (0x9)
read(9,"7e8e9a1c-6cfd-44fb-8bd9-c1438fd5"...,36) = 36 (0x24)
close(9)					 = 0 (0x0)
openat(AT_FDCWD,"/home/shuryanc/.cache/fontconfig//7e8e9a1c-6cfd-44fb-8bd9-c1438fd57017-le64.cache-7",O_RDONLY|O_CLOEXEC,00) ERR#2 'No such file or directory'
openat(AT_FDCWD,"/home/shuryanc/.fontconfig//89674653e249709eea6c01d7f6fc0461-le64.cache-7",O_RDONLY|O_CLOEXEC,00) ERR#2 'No such file or directory'
openat(AT_FDCWD,"/usr/local/share/fonts/TTF/thai/.uuid",O_RDONLY|O_CLOEXEC,00) = 9 (0x9)
read(9,"7e8e9a1c-6cfd-44fb-8bd9-c1438fd5"...,36) = 36 (0x24)
close(9)					 = 0 (0x0)
openat(AT_FDCWD,"/home/shuryanc/.fontconfig//7e8e9a1c-6cfd-44fb-8bd9-c1438fd57017-le64.cache-7",O_RDONLY|O_CLOEXEC,00) ERR#2 'No such file or directory'
fstatat(AT_FDCWD,"/usr/local/share/fonts/encodings/large",{ mode=drwxr-xr-x ,inode=34965,size=20,blksize=4096 },0x0) = 0 (0x0)
openat(AT_FDCWD,"/usr/local/share/fonts/encodings/large",O_RDONLY|O_CLOEXEC,00) = 9 (0x9)
close(9)					 = 0 (0x0)
openat(AT_FDCWD,"/var/db/fontconfig//ba1d92d9e40780c65c2952558e6fa6f5-le64.cache-7",O_RDONLY|O_CLOEXEC,00) = 9 (0x9)
fstat(9,{ mode=-rw-r--r-- ,inode=232192,size=120,blksize=4096 }) = 0 (0x0)
read(9,"\^D\M-|\^B\M-|\a\0\0\0x\0\0\0\0"...,120) = 120 (0x78)
close(9)					 = 0 (0x0)
openat(AT_FDCWD,"/home/shuryanc/.cache/fontconfig//ba1d92d9e40780c65c2952558e6fa6f5-le64.cache-7",O_RDONLY|O_CLOEXEC,00) ERR#2 'No such file or directory'
openat(AT_FDCWD,"/usr/local/share/fonts/encodings/large/.uuid",O_RDONLY|O_CLOEXEC,00) = 9 (0x9)
read(9,"51f03130-745e-4cb4-a7f5-f13a984e"...,36) = 36 (0x24)
close(9)					 = 0 (0x0)
openat(AT_FDCWD,"/home/shuryanc/.cache/fontconfig//51f03130-745e-4cb4-a7f5-f13a984eff6f-le64.cache-7",O_RDONLY|O_CLOEXEC,00) ERR#2 'No such file or directory'
openat(AT_FDCWD,"/home/shuryanc/.fontconfig//ba1d92d9e40780c65c2952558e6fa6f5-le64.cache-7",O_RDONLY|O_CLOEXEC,00) ERR#2 'No such file or directory'
openat(AT_FDCWD,"/usr/local/share/fonts/encodings/large/.uuid",O_RDONLY|O_CLOEXEC,00) = 9 (0x9)
read(9,"51f03130-745e-4cb4-a7f5-f13a984e"...,36) = 36 (0x24)
close(9)					 = 0 (0x0)
openat(AT_FDCWD,"/home/shuryanc/.fontconfig//51f03130-745e-4cb4-a7f5-f13a984eff6f-le64.cache-7",O_RDONLY|O_CLOEXEC,00) ERR#2 'No such file or directory'
fstatat(AT_FDCWD,":/non-existent",0x7fffffffdcf0,0x0) ERR#2 'No such file or directory'
openat(AT_FDCWD,":/non-existent",O_RDONLY,00)	 ERR#2 'No such file or directory'
sigprocmask(SIG_BLOCK,0x0,{ SIGUSR2 })		 = 0 (0x0)
mmap(0x0,2621440,PROT_READ|PROT_WRITE,MAP_PRIVATE|MAP_ANON|MAP_ALIGNED(12),-1,0x0) = 34590425088 (0x80dc00000)
fstatat(AT_FDCWD,":/non-existent",0x7fffffffdcf0,0x0) ERR#2 'No such file or directory'
openat(AT_FDCWD,":/non-existent",O_RDONLY,00)	 ERR#2 'No such file or directory'
sigprocmask(SIG_BLOCK,0x0,{ SIGUSR2 })		 = 0 (0x0)
fstatat(AT_FDCWD,":/non-existent",0x7fffffffdcf0,0x0) ERR#2 'No such file or directory'
openat(AT_FDCWD,":/non-existent",O_RDONLY,00)	 ERR#2 'No such file or directory'
sigprocmask(SIG_BLOCK,0x0,{ SIGUSR2 })		 = 0 (0x0)
sigprocmask(SIG_BLOCK,0x0,{ SIGUSR2 })		 = 0 (0x0)
sigprocmask(SIG_BLOCK,0x0,{ SIGUSR2 })		 = 0 (0x0)
sigprocmask(SIG_BLOCK,0x0,{ SIGUSR2 })		 = 0 (0x0)
sigprocmask(SIG_BLOCK,0x0,{ SIGUSR2 })		 = 0 (0x0)
fstatat(AT_FDCWD,":/non-existent",0x7fffffffdcf0,0x0) ERR#2 'No such file or directory'
openat(AT_FDCWD,":/non-existent",O_RDONLY,00)	 ERR#2 'No such file or directory'
sigprocmask(SIG_BLOCK,0x0,{ SIGUSR2 })		 = 0 (0x0)
sigprocmask(SIG_BLOCK,0x0,{ SIGUSR2 })		 = 0 (0x0)
sigprocmask(SIG_BLOCK,0x0,{ SIGUSR2 })		 = 0 (0x0)
sigprocmask(SIG_BLOCK,0x0,{ SIGUSR2 })		 = 0 (0x0)
sigprocmask(SIG_BLOCK,0x0,{ SIGUSR2 })		 = 0 (0x0)
fstatat(AT_FDCWD,":/non-existent",0x7fffffffdcf0,0x0) ERR#2 'No such file or directory'
openat(AT_FDCWD,":/non-existent",O_RDONLY,00)	 ERR#2 'No such file or directory'
sigprocmask(SIG_BLOCK,0x0,{ SIGUSR2 })		 = 0 (0x0)
sigprocmask(SIG_BLOCK,0x0,{ SIGUSR2 })		 = 0 (0x0)
sigprocmask(SIG_BLOCK,0x0,{ SIGUSR2 })		 = 0 (0x0)
sigprocmask(SIG_BLOCK,0x0,{ SIGUSR2 })		 = 0 (0x0)
sigprocmask(SIG_BLOCK,0x0,{ SIGUSR2 })		 = 0 (0x0)
fstatat(AT_FDCWD,":/non-existent",0x7fffffffdcf0,0x0) ERR#2 'No such file or directory'
openat(AT_FDCWD,":/non-existent",O_RDONLY,00)	 ERR#2 'No such file or directory'
sigprocmask(SIG_BLOCK,0x0,{ SIGUSR2 })		 = 0 (0x0)
sigprocmask(SIG_BLOCK,0x0,{ SIGUSR2 })		 = 0 (0x0)
sigprocmask(SIG_BLOCK,0x0,{ SIGUSR2 })		 = 0 (0x0)
sigprocmask(SIG_BLOCK,0x0,{ SIGUSR2 })		 = 0 (0x0)
sigprocmask(SIG_BLOCK,0x0,{ SIGUSR2 })		 = 0 (0x0)
fstatat(AT_FDCWD,":/non-existent",0x7fffffffdcf0,0x0) ERR#2 'No such file or directory'
openat(AT_FDCWD,":/non-existent",O_RDONLY,00)	 ERR#2 'No such file or directory'
sigprocmask(SIG_BLOCK,0x0,{ SIGUSR2 })		 = 0 (0x0)
sigprocmask(SIG_BLOCK,0x0,{ SIGUSR2 })		 = 0 (0x0)
sigprocmask(SIG_BLOCK,0x0,{ SIGUSR2 })		 = 0 (0x0)
mmap(0x0,3145728,PROT_READ|PROT_WRITE,MAP_PRIVATE|MAP_ANON|MAP_ALIGNED(12),-1,0x0) = 34593046528 (0x80de80000)
fstatat(AT_FDCWD,":/non-existent",0x7fffffffdcf0,0x0) ERR#2 'No such file or directory'
openat(AT_FDCWD,":/non-existent",O_RDONLY,00)	 ERR#2 'No such file or directory'
sigprocmask(SIG_BLOCK,0x0,{ SIGUSR2 })		 = 0 (0x0)
sigprocmask(SIG_BLOCK,0x0,{ SIGUSR2 })		 = 0 (0x0)
sigprocmask(SIG_BLOCK,0x0,{ SIGUSR2 })		 = 0 (0x0)
fstatat(AT_FDCWD,":/non-existent",0x7fffffffdcf0,0x0) ERR#2 'No such file or directory'
openat(AT_FDCWD,":/non-existent",O_RDONLY,00)	 ERR#2 'No such file or directory'
sigprocmask(SIG_BLOCK,0x0,{ SIGUSR2 })		 = 0 (0x0)
sigprocmask(SIG_BLOCK,0x0,{ SIGUSR2 })		 = 0 (0x0)
sigprocmask(SIG_BLOCK,0x0,{ SIGUSR2 })		 = 0 (0x0)
fstatat(AT_FDCWD,":/non-existent",0x7fffffffdcf0,0x0) ERR#2 'No such file or directory'
openat(AT_FDCWD,":/non-existent",O_RDONLY,00)	 ERR#2 'No such file or directory'
sigprocmask(SIG_BLOCK,0x0,{ SIGUSR2 })		 = 0 (0x0)
sigprocmask(SIG_BLOCK,0x0,{ SIGUSR2 })		 = 0 (0x0)
sigprocmask(SIG_BLOCK,0x0,{ SIGUSR2 })		 = 0 (0x0)
unlink("/home/shuryanc/.local/share/data/Mega Limited/MEGAsync/MEGAsync.cfg.lock") ERR#2 'No such file or directory'
mkdir("/home/shuryanc/.local/share/data/Mega Limited/MEGAsync/.",0777) ERR#17 'File exists'
fstatat(AT_FDCWD,"/home/shuryanc/.local/share/data/Mega Limited/MEGAsync/.",{ mode=drwxr-xr-x ,inode=10529,size=11,blksize=4096 },0x0) = 0 (0x0)
access("/home/shuryanc/.local/share/data/Mega Limited/MEGAsync/MEGAsync.cfg",F_OK) = 0 (0x0)
openat(AT_FDCWD,"/home/shuryanc/.local/share/data/Mega Limited/MEGAsync/MEGAsync.cfg",O_RDONLY|O_CLOEXEC,00) = 9 (0x9)
fstat(9,{ mode=-rw-r--r-- ,inode=76171,size=58,blksize=4096 }) = 0 (0x0)
fstat(9,{ mode=-rw-r--r-- ,inode=76171,size=58,blksize=4096 }) = 0 (0x0)
fstat(9,{ mode=-rw-r--r-- ,inode=76171,size=58,blksize=4096 }) = 0 (0x0)
read(9,"[General]\ne1089e68337d836078eda"...,16384) = 58 (0x3a)
read(9,0x80ab6bfd2,16326)			 = 0 (0x0)
fstatat(AT_FDCWD,"/home/shuryanc/.local/share/data/Mega Limited/MEGAsync/MEGAsync.cfg",{ mode=-rw-r--r-- ,inode=76171,size=58,blksize=4096 },0x0) = 0 (0x0)
open("/etc/localtime",O_RDONLY,077)		 = 10 (0xa)
fstat(10,{ mode=-r--r--r-- ,inode=231987,size=1217,blksize=4096 }) = 0 (0x0)
read(10,"TZif2\0\0\0\0\0\0\0\0\0\0\0\0\0"...,41448) = 1217 (0x4c1)
close(10)					 = 0 (0x0)
issetugid()					 = 0 (0x0)
open("/usr/share/zoneinfo/posixrules",O_RDONLY,014330460400) = 10 (0xa)
fstat(10,{ mode=-r--r--r-- ,inode=311904,size=3519,blksize=4096 }) = 0 (0x0)
read(10,"TZif2\0\0\0\0\0\0\0\0\0\0\0\0\0"...,41448) = 3519 (0xdbf)
close(10)					 = 0 (0x0)
close(9)					 = 0 (0x0)
access("/home/shuryanc/.local/share/data/Mega Limited/MEGAsync/MEGAsync.cfg.bak",F_OK) = 0 (0x0)
access("/home/shuryanc/.local/share/data/Mega Limited/MEGAsync/MEGAsync.cfg",F_OK) = 0 (0x0)
unlink("/home/shuryanc/.local/share/data/Mega Limited/MEGAsync/MEGAsync.cfg") = 0 (0x0)
fstatat(AT_FDCWD,"/home/shuryanc/.local/share/data/Mega Limited/MEGAsync/MEGAsync.cfg.bak",{ mode=-rw-r--r-- ,inode=76178,size=58,blksize=4096 },AT_SYMLINK_NOFOLLOW) = 0 (0x0)
fstatat(AT_FDCWD,"/home/shuryanc/.local/share/data/Mega Limited/MEGAsync/MEGAsync.cfg",0x7fffffffcb78,0x0) ERR#2 'No such file or directory'
link("/home/shuryanc/.local/share/data/Mega Limited/MEGAsync/MEGAsync.cfg.bak","/home/shuryanc/.local/share/data/Mega Limited/MEGAsync/MEGAsync.cfg") = 0 (0x0)
unlink("/home/shuryanc/.local/share/data/Mega Limited/MEGAsync/MEGAsync.cfg.bak") = 0 (0x0)
fstatat(AT_FDCWD,"/home/shuryanc/.local/share/data/Mega Limited/MEGAsync/MEGAsync.cfg",{ mode=-rw-r--r-- ,inode=76178,size=58,blksize=4096 },0x0) = 0 (0x0)
access("/home/shuryanc/.local/share/data/Mega Limited/MEGAsync/MEGAsync.cfg",F_OK) = 0 (0x0)
openat(AT_FDCWD,"/home/shuryanc/.local/share/data/Mega Limited/MEGAsync/MEGAsync.cfg",O_RDONLY|O_CLOEXEC,00) = 9 (0x9)
fstat(9,{ mode=-rw-r--r-- ,inode=76178,size=58,blksize=4096 }) = 0 (0x0)
fstat(9,{ mode=-rw-r--r-- ,inode=76178,size=58,blksize=4096 }) = 0 (0x0)
fstat(9,{ mode=-rw-r--r-- ,inode=76178,size=58,blksize=4096 }) = 0 (0x0)
read(9,"[General]\ne1089e68337d836078eda"...,16384) = 58 (0x3a)
read(9,0x80ab6bfd2,16326)			 = 0 (0x0)
fstatat(AT_FDCWD,"/home/shuryanc/.local/share/data/Mega Limited/MEGAsync/MEGAsync.cfg",{ mode=-rw-r--r-- ,inode=76178,size=58,blksize=4096 },0x0) = 0 (0x0)
close(9)					 = 0 (0x0)
write(5,"\^A\0\0\0\0\0\0\0",8)			 = 8 (0x8)
access("/home/shuryanc/.local/share/data/Mega Limited/MEGAsync/MEGAsync.cfg",F_OK) = 0 (0x0)
openat(AT_FDCWD,"/home/shuryanc/.local/share/data/Mega Limited/MEGAsync/MEGAsync.cfg",O_RDWR|O_CREAT|O_CLOEXEC,0666) = 9 (0x9)
close(9)					 = 0 (0x0)
openat(AT_FDCWD,"/home/shuryanc/.local/share/data/Mega Limited/MEGAsync/MEGAsync.cfg.lock",O_RDWR|O_CREAT|O_EXCL|O_CLOEXEC,0666) = 9 (0x9)
flock(9,LOCK_EX|LOCK_NB)			 = 0 (0x0)
getpid()					 = 19015 (0x4a47)
__sysctl("kern.bootfile",2,0x8063c69b0,0x7fffffffd3c8,0x0,0) = 0 (0x0)
openat(AT_FDCWD,"/dev/null",O_RDONLY|O_CLOEXEC,00) = 10 (0xa)
fstat(10,{ mode=crw-rw-rw- ,inode=41,size=0,blksize=4096 }) = 0 (0x0)
openat(AT_FDCWD,"/dev/null",O_RDONLY|O_CLOEXEC,00) = 11 (0xb)
getpid()					 = 19015 (0x4a47)
__sysctl("kern.proc.pid.19015",4,0x0,0x7fffffffd418,0x0,0) = 0 (0x0)
__sysctl("kern.proc.pid.19015",4,0x80aa22600,0x7fffffffd418,0x0,0) = 0 (0x0)
__sysctl("kern.proc.args.19015",4,0x80e0c3280,0x7fffffffd4d8,0x0,0) = 0 (0x0)
close(10)					 = 0 (0x0)
close(11)					 = 0 (0x0)
munmap(0x0,0)					 ERR#22 'Invalid argument'
__sysctl("kern.hostname",2,0x7fffffffd7b0,0x7fffffffd778,0x0,0) = 0 (0x0)
__sysctl("kern.hostuuid",2,0x7fffffffd990,0x7fffffffd988,0x0,0) = 0 (0x0)
write(9,"19015\nmegasync\nshuryanc-ghostb"...,74) = 74 (0x4a)
fsync(9)					 = 0 (0x0)
access("/home/shuryanc/.local/share/data/Mega Limited/MEGAsync/MEGAsync.cfg",F_OK) = 0 (0x0)
fstatat(AT_FDCWD,"/home/shuryanc/.local/share/data/Mega Limited/MEGAsync/MEGAsync.cfg",{ mode=-rw-r--r-- ,inode=76178,size=58,blksize=4096 },0x0) = 0 (0x0)
access("/home/shuryanc/.local/share/data/Mega Limited/MEGAsync/MEGAsync.cfg",F_OK) = 0 (0x0)
access("/home/shuryanc/.local/share/data/Mega Limited/MEGAsync/MEGAsync.cfg",W_OK) = 0 (0x0)
fstatat(AT_FDCWD,"/home/shuryanc/.local/share/data/Mega Limited/MEGAsync/MEGAsync.cfg",{ mode=-rw-r--r-- ,inode=76178,size=58,blksize=4096 },0x0) = 0 (0x0)
fstatat(AT_FDCWD,"/home/shuryanc/.local/share/data/Mega Limited/MEGAsync/MEGAsync.cfg",{ mode=-rw-r--r-- ,inode=76178,size=58,blksize=4096 },AT_SYMLINK_NOFOLLOW) = 0 (0x0)
openat(AT_FDCWD,"/home/shuryanc/.local/share/data/Mega Limited/MEGAsync/MEGAsync.cfg.YsBpUV",O_RDWR|O_CREAT|O_EXCL|O_CLOEXEC,0600) = 10 (0xa)
fstatat(AT_FDCWD,"/home/shuryanc/.local/share/data/Mega Limited/MEGAsync/MEGAsync.cfg",{ mode=-rw-r--r-- ,inode=76178,size=58,blksize=4096 },0x0) = 0 (0x0)
access("/home/shuryanc/.local/share/data/Mega Limited/MEGAsync/MEGAsync.cfg",R_OK) = 0 (0x0)
access("/home/shuryanc/.local/share/data/Mega Limited/MEGAsync/MEGAsync.cfg",W_OK) = 0 (0x0)
access("/home/shuryanc/.local/share/data/Mega Limited/MEGAsync/MEGAsync.cfg",X_OK) ERR#13 'Permission denied'
fchmod(10,0644)					 = 0 (0x0)
fstat(10,{ mode=-rw-r--r-- ,inode=75748,size=0,blksize=131072 }) = 0 (0x0)
write(10,"[General]\ne1089e68337d836078eda"...,58) = 58 (0x3a)
lseek(10,0x0,SEEK_SET)				 = 0 (0x0)
fsync(10)					 = 0 (0x0)
close(10)					 = 0 (0x0)
rename("/home/shuryanc/.local/share/data/Mega Limited/MEGAsync/MEGAsync.cfg.YsBpUV","/home/shuryanc/.local/share/data/Mega Limited/MEGAsync/MEGAsync.cfg") = 0 (0x0)
fstatat(AT_FDCWD,"/home/shuryanc/.local/share/data/Mega Limited/MEGAsync/MEGAsync.cfg",{ mode=-rw-r--r-- ,inode=75748,size=58,blksize=4096 },0x0) = 0 (0x0)
close(9)					 = 0 (0x0)
unlink("/home/shuryanc/.local/share/data/Mega Limited/MEGAsync/MEGAsync.cfg.lock") = 0 (0x0)
unlink("/home/shuryanc/.local/share/data/Mega Limited/MEGAsync/MEGAsync.cfg.bak") ERR#2 'No such file or directory'
access("/home/shuryanc/.local/share/data/Mega Limited/MEGAsync/MEGAsync.cfg.bak",F_OK) ERR#2 'No such file or directory'
fstatat(AT_FDCWD,"/usr/share/nls/en_US.UTF-8/libc.cat",0x7fffffffc9d0,0x0) ERR#2 'No such file or directory'
fstatat(AT_FDCWD,"/usr/share/nls/libc/en_US.UTF-8",0x7fffffffc9d0,0x0) ERR#2 'No such file or directory'
fstatat(AT_FDCWD,"/usr/local/share/nls/en_US.UTF-8/libc.cat",0x7fffffffc9d0,0x0) ERR#2 'No such file or directory'
fstatat(AT_FDCWD,"/usr/local/share/nls/libc/en_US.UTF-8",0x7fffffffc9d0,0x0) ERR#2 'No such file or directory'
openat(AT_FDCWD,"/home/shuryanc/.local/share/data/Mega Limited/MEGAsync/MEGAsync.cfg",O_RDONLY|O_CLOEXEC,00) = 9 (0x9)
fstat(9,{ mode=-rw-r--r-- ,inode=75748,size=58,blksize=4096 }) = 0 (0x0)
openat(AT_FDCWD,"/home/shuryanc/.local/share/data/Mega Limited/MEGAsync/qt_temp.tmiobV",O_RDWR|O_CREAT|O_EXCL|O_CLOEXEC,0600) = 10 (0xa)
fstat(10,{ mode=-rw------- ,inode=75749,size=0,blksize=131072 }) = 0 (0x0)
fstatat(AT_FDCWD,"/home/shuryanc/.local/share/data/Mega Limited/MEGAsync/qt_temp.tmiobV",{ mode=-rw------- ,inode=75749,size=0,blksize=131072 },AT_SYMLINK_NOFOLLOW) = 0 (0x0)
fstat(9,{ mode=-rw-r--r-- ,inode=75748,size=58,blksize=4096 }) = 0 (0x0)
fstat(9,{ mode=-rw-r--r-- ,inode=75748,size=58,blksize=4096 }) = 0 (0x0)
read(9,"[General]\ne1089e68337d836078eda"...,16384) = 58 (0x3a)
read(9,0x80ab6bfd2,16326)			 = 0 (0x0)
fstat(9,{ mode=-rw-r--r-- ,inode=75748,size=58,blksize=4096 }) = 0 (0x0)
fstat(9,{ mode=-rw-r--r-- ,inode=75748,size=58,blksize=4096 }) = 0 (0x0)
write(10,"[General]\ne1089e68337d836078eda"...,58) = 58 (0x3a)
lseek(10,0x0,SEEK_SET)				 = 0 (0x0)
close(10)					 = 0 (0x0)
link("/home/shuryanc/.local/share/data/Mega Limited/MEGAsync/qt_temp.tmiobV","/home/shuryanc/.local/share/data/Mega Limited/MEGAsync/MEGAsync.cfg.bak") = 0 (0x0)
unlink("/home/shuryanc/.local/share/data/Mega Limited/MEGAsync/qt_temp.tmiobV") = 0 (0x0)
fstat(9,{ mode=-rw-r--r-- ,inode=75748,size=58,blksize=4096 }) = 0 (0x0)
fstatat(AT_FDCWD,"/home/shuryanc/.local/share/data/Mega Limited/MEGAsync/MEGAsync.cfg",{ mode=-rw-r--r-- ,inode=75748,size=58,blksize=4096 },AT_SYMLINK_NOFOLLOW) = 0 (0x0)
access("/home/shuryanc/.local/share/data/Mega Limited/MEGAsync/MEGAsync.cfg",R_OK) = 0 (0x0)
access("/home/shuryanc/.local/share/data/Mega Limited/MEGAsync/MEGAsync.cfg",W_OK) = 0 (0x0)
access("/home/shuryanc/.local/share/data/Mega Limited/MEGAsync/MEGAsync.cfg",X_OK) ERR#13 'Permission denied'
chmod("/home/shuryanc/.local/share/data/Mega Limited/MEGAsync/MEGAsync.cfg.bak",0644) = 0 (0x0)
close(9)					 = 0 (0x0)
write(5,"\^A\0\0\0\0\0\0\0",8)			 = 8 (0x8)
write(5,"\^A\0\0\0\0\0\0\0",8)			 = 8 (0x8)
write(5,"\^A\0\0\0\0\0\0\0",8)			 = 8 (0x8)
access("/usr/local/lib/qt5/plugins/iconengines/.",F_OK) = 0 (0x0)
open("/usr/local/lib/qt5/plugins/iconengines",O_RDONLY|O_NONBLOCK|O_DIRECTORY|O_CLOEXEC,0163) = 9 (0x9)
fcntl(9,F_ISUNIONSTACK,0x0)			 = 0 (0x0)
getdirentries(9,"!\r\^C\0\0\0\0\0\^A\0\0\0\0\0\0"...,4096,{ 0x0 }) = 104 (0x68)
fstatat(AT_FDCWD,"/usr/local/lib/qt5/plugins/iconengines/libqsvgicon.so",{ mode=-rwxr-xr-x ,inode=199970,size=33464,blksize=33792 },0x0) = 0 (0x0)
getdirentries(9,0x80aa8f000,4096,{ 0x1075a095 }) = 0 (0x0)
close(9)					 = 0 (0x0)
fstatat(AT_FDCWD,"/usr",{ mode=drwxr-xr-x ,inode=128,size=15,blksize=4096 },AT_SYMLINK_NOFOLLOW) = 0 (0x0)
fstatat(AT_FDCWD,"/usr/local",{ mode=drwxr-xr-x ,inode=2498,size=18,blksize=4096 },AT_SYMLINK_NOFOLLOW) = 0 (0x0)
fstatat(AT_FDCWD,"/usr/local/lib",{ mode=drwxr-xr-x ,inode=196131,size=2696,blksize=16384 },AT_SYMLINK_NOFOLLOW) = 0 (0x0)
fstatat(AT_FDCWD,"/usr/local/lib/qt5",{ mode=drwxr-xr-x ,inode=199960,size=439,blksize=16384 },AT_SYMLINK_NOFOLLOW) = 0 (0x0)
fstatat(AT_FDCWD,"/usr/local/lib/qt5/plugins",{ mode=drwxr-xr-x ,inode=199965,size=30,blksize=4096 },AT_SYMLINK_NOFOLLOW) = 0 (0x0)
fstatat(AT_FDCWD,"/usr/local/lib/qt5/plugins/iconengines",{ mode=drwxr-xr-x ,inode=199969,size=3,blksize=4096 },AT_SYMLINK_NOFOLLOW) = 0 (0x0)
fstatat(AT_FDCWD,"/usr/local/lib/qt5/plugins/iconengines/libqsvgicon.so",{ mode=-rwxr-xr-x ,inode=199970,size=33464,blksize=33792 },AT_SYMLINK_NOFOLLOW) = 0 (0x0)
openat(AT_FDCWD,"/usr/local/lib/qt5/plugins/iconengines/libqsvgicon.so",O_RDONLY|O_CLOEXEC,00) = 9 (0x9)
fstat(9,{ mode=-rwxr-xr-x ,inode=199970,size=33464,blksize=33792 }) = 0 (0x0)
fstat(9,{ mode=-rwxr-xr-x ,inode=199970,size=33464,blksize=33792 }) = 0 (0x0)
mmap(0x0,33464,PROT_READ,MAP_SHARED,9,0x0)	 = 34576855040 (0x80cf0f000)
close(9)					 = 0 (0x0)
munmap(0x80cf0f000,33464)			 = 0 (0x0)
access("/usr/bin/iconengines/.",F_OK)		 ERR#2 'No such file or directory'
access("/usr/local/lib/qt5/plugins/imageformats/.",F_OK) = 0 (0x0)
open("/usr/local/lib/qt5/plugins/imageformats",O_RDONLY|O_NONBLOCK|O_DIRECTORY|O_CLOEXEC,0166) = 9 (0x9)
fcntl(9,F_ISUNIONSTACK,0x0)			 = 0 (0x0)
getdirentries(9,"\M-I\f\^C\0\0\0\0\0\^A\0\0\0\0\0"...,4096,{ 0x0 }) = 544 (0x220)
fstatat(AT_FDCWD,"/usr/local/lib/qt5/plugins/imageformats/libqtga.so",{ mode=-rwxr-xr-x ,inode=277758,size=18848,blksize=18944 },0x0) = 0 (0x0)
fstatat(AT_FDCWD,"/usr/local/lib/qt5/plugins/imageformats/libqsvg.so",{ mode=-rwxr-xr-x ,inode=199883,size=20216,blksize=20480 },0x0) = 0 (0x0)
fstatat(AT_FDCWD,"/usr/local/lib/qt5/plugins/imageformats/libqwebp.so",{ mode=-rwxr-xr-x ,inode=276410,size=26368,blksize=26624 },0x0) = 0 (0x0)
fstatat(AT_FDCWD,"/usr/local/lib/qt5/plugins/imageformats/libqmng.so",{ mode=-rwxr-xr-x ,inode=277757,size=23464,blksize=23552 },0x0) = 0 (0x0)
fstatat(AT_FDCWD,"/usr/local/lib/qt5/plugins/imageformats/libqico.so",{ mode=-rwxr-xr-x ,inode=199882,size=27376,blksize=27648 },0x0) = 0 (0x0)
fstatat(AT_FDCWD,"/usr/local/lib/qt5/plugins/imageformats/libqtiff.so",{ mode=-rwxr-xr-x ,inode=277759,size=34088,blksize=34304 },0x0) = 0 (0x0)
fstatat(AT_FDCWD,"/usr/local/lib/qt5/plugins/imageformats/libqicns.so",{ mode=-rwxr-xr-x ,inode=277755,size=35552,blksize=35840 },0x0) = 0 (0x0)
fstatat(AT_FDCWD,"/usr/local/lib/qt5/plugins/imageformats/libqpdf.so",{ mode=-rwxr-xr-x ,inode=237584,size=21728,blksize=22016 },0x0) = 0 (0x0)
fstatat(AT_FDCWD,"/usr/local/lib/qt5/plugins/imageformats/libqjpeg.so",{ mode=-rwxr-xr-x ,inode=199884,size=40600,blksize=40960 },0x0) = 0 (0x0)
fstatat(AT_FDCWD,"/usr/local/lib/qt5/plugins/imageformats/libqgif.so",{ mode=-rwxr-xr-x ,inode=199885,size=29240,blksize=29696 },0x0) = 0 (0x0)
fstatat(AT_FDCWD,"/usr/local/lib/qt5/plugins/imageformats/libqwbmp.so",{ mode=-rwxr-xr-x ,inode=277760,size=18200,blksize=18432 },0x0) = 0 (0x0)
fstatat(AT_FDCWD,"/usr/local/lib/qt5/plugins/imageformats/libqjp2.so",{ mode=-rwxr-xr-x ,inode=277756,size=30200,blksize=30208 },0x0) = 0 (0x0)
getdirentries(9,0x80aa8f000,4096,{ 0x1dd25597 }) = 0 (0x0)
close(9)					 = 0 (0x0)
fstatat(AT_FDCWD,"/usr",{ mode=drwxr-xr-x ,inode=128,size=15,blksize=4096 },AT_SYMLINK_NOFOLLOW) = 0 (0x0)
fstatat(AT_FDCWD,"/usr/local",{ mode=drwxr-xr-x ,inode=2498,size=18,blksize=4096 },AT_SYMLINK_NOFOLLOW) = 0 (0x0)
fstatat(AT_FDCWD,"/usr/local/lib",{ mode=drwxr-xr-x ,inode=196131,size=2696,blksize=16384 },AT_SYMLINK_NOFOLLOW) = 0 (0x0)
fstatat(AT_FDCWD,"/usr/local/lib/qt5",{ mode=drwxr-xr-x ,inode=199960,size=439,blksize=16384 },AT_SYMLINK_NOFOLLOW) = 0 (0x0)
fstatat(AT_FDCWD,"/usr/local/lib/qt5/plugins",{ mode=drwxr-xr-x ,inode=199965,size=30,blksize=4096 },AT_SYMLINK_NOFOLLOW) = 0 (0x0)
fstatat(AT_FDCWD,"/usr/local/lib/qt5/plugins/imageformats",{ mode=drwxr-xr-x ,inode=199881,size=14,blksize=4096 },AT_SYMLINK_NOFOLLOW) = 0 (0x0)
fstatat(AT_FDCWD,"/usr/local/lib/qt5/plugins/imageformats/libqgif.so",{ mode=-rwxr-xr-x ,inode=199885,size=29240,blksize=29696 },AT_SYMLINK_NOFOLLOW) = 0 (0x0)
openat(AT_FDCWD,"/usr/local/lib/qt5/plugins/imageformats/libqgif.so",O_RDONLY|O_CLOEXEC,00) = 9 (0x9)
fstat(9,{ mode=-rwxr-xr-x ,inode=199885,size=29240,blksize=29696 }) = 0 (0x0)
fstat(9,{ mode=-rwxr-xr-x ,inode=199885,size=29240,blksize=29696 }) = 0 (0x0)
mmap(0x0,29240,PROT_READ,MAP_SHARED,9,0x0)	 = 34576855040 (0x80cf0f000)
close(9)					 = 0 (0x0)
munmap(0x80cf0f000,29240)			 = 0 (0x0)
fstatat(AT_FDCWD,"/usr",{ mode=drwxr-xr-x ,inode=128,size=15,blksize=4096 },AT_SYMLINK_NOFOLLOW) = 0 (0x0)
fstatat(AT_FDCWD,"/usr/local",{ mode=drwxr-xr-x ,inode=2498,size=18,blksize=4096 },AT_SYMLINK_NOFOLLOW) = 0 (0x0)
fstatat(AT_FDCWD,"/usr/local/lib",{ mode=drwxr-xr-x ,inode=196131,size=2696,blksize=16384 },AT_SYMLINK_NOFOLLOW) = 0 (0x0)
fstatat(AT_FDCWD,"/usr/local/lib/qt5",{ mode=drwxr-xr-x ,inode=199960,size=439,blksize=16384 },AT_SYMLINK_NOFOLLOW) = 0 (0x0)
fstatat(AT_FDCWD,"/usr/local/lib/qt5/plugins",{ mode=drwxr-xr-x ,inode=199965,size=30,blksize=4096 },AT_SYMLINK_NOFOLLOW) = 0 (0x0)
fstatat(AT_FDCWD,"/usr/local/lib/qt5/plugins/imageformats",{ mode=drwxr-xr-x ,inode=199881,size=14,blksize=4096 },AT_SYMLINK_NOFOLLOW) = 0 (0x0)
fstatat(AT_FDCWD,"/usr/local/lib/qt5/plugins/imageformats/libqicns.so",{ mode=-rwxr-xr-x ,inode=277755,size=35552,blksize=35840 },AT_SYMLINK_NOFOLLOW) = 0 (0x0)
openat(AT_FDCWD,"/usr/local/lib/qt5/plugins/imageformats/libqicns.so",O_RDONLY|O_CLOEXEC,00) = 9 (0x9)
fstat(9,{ mode=-rwxr-xr-x ,inode=277755,size=35552,blksize=35840 }) = 0 (0x0)
fstat(9,{ mode=-rwxr-xr-x ,inode=277755,size=35552,blksize=35840 }) = 0 (0x0)
mmap(0x0,35552,PROT_READ,MAP_SHARED,9,0x0)	 = 34576855040 (0x80cf0f000)
close(9)					 = 0 (0x0)
munmap(0x80cf0f000,35552)			 = 0 (0x0)
fstatat(AT_FDCWD,"/usr",{ mode=drwxr-xr-x ,inode=128,size=15,blksize=4096 },AT_SYMLINK_NOFOLLOW) = 0 (0x0)
fstatat(AT_FDCWD,"/usr/local",{ mode=drwxr-xr-x ,inode=2498,size=18,blksize=4096 },AT_SYMLINK_NOFOLLOW) = 0 (0x0)
fstatat(AT_FDCWD,"/usr/local/lib",{ mode=drwxr-xr-x ,inode=196131,size=2696,blksize=16384 },AT_SYMLINK_NOFOLLOW) = 0 (0x0)
fstatat(AT_FDCWD,"/usr/local/lib/qt5",{ mode=drwxr-xr-x ,inode=199960,size=439,blksize=16384 },AT_SYMLINK_NOFOLLOW) = 0 (0x0)
fstatat(AT_FDCWD,"/usr/local/lib/qt5/plugins",{ mode=drwxr-xr-x ,inode=199965,size=30,blksize=4096 },AT_SYMLINK_NOFOLLOW) = 0 (0x0)
fstatat(AT_FDCWD,"/usr/local/lib/qt5/plugins/imageformats",{ mode=drwxr-xr-x ,inode=199881,size=14,blksize=4096 },AT_SYMLINK_NOFOLLOW) = 0 (0x0)
fstatat(AT_FDCWD,"/usr/local/lib/qt5/plugins/imageformats/libqico.so",{ mode=-rwxr-xr-x ,inode=199882,size=27376,blksize=27648 },AT_SYMLINK_NOFOLLOW) = 0 (0x0)
openat(AT_FDCWD,"/usr/local/lib/qt5/plugins/imageformats/libqico.so",O_RDONLY|O_CLOEXEC,00) = 9 (0x9)
fstat(9,{ mode=-rwxr-xr-x ,inode=199882,size=27376,blksize=27648 }) = 0 (0x0)
fstat(9,{ mode=-rwxr-xr-x ,inode=199882,size=27376,blksize=27648 }) = 0 (0x0)
mmap(0x0,27376,PROT_READ,MAP_SHARED,9,0x0)	 = 34576855040 (0x80cf0f000)
close(9)					 = 0 (0x0)
munmap(0x80cf0f000,27376)			 = 0 (0x0)
fstatat(AT_FDCWD,"/usr",{ mode=drwxr-xr-x ,inode=128,size=15,blksize=4096 },AT_SYMLINK_NOFOLLOW) = 0 (0x0)
fstatat(AT_FDCWD,"/usr/local",{ mode=drwxr-xr-x ,inode=2498,size=18,blksize=4096 },AT_SYMLINK_NOFOLLOW) = 0 (0x0)
fstatat(AT_FDCWD,"/usr/local/lib",{ mode=drwxr-xr-x ,inode=196131,size=2696,blksize=16384 },AT_SYMLINK_NOFOLLOW) = 0 (0x0)
fstatat(AT_FDCWD,"/usr/local/lib/qt5",{ mode=drwxr-xr-x ,inode=199960,size=439,blksize=16384 },AT_SYMLINK_NOFOLLOW) = 0 (0x0)
fstatat(AT_FDCWD,"/usr/local/lib/qt5/plugins",{ mode=drwxr-xr-x ,inode=199965,size=30,blksize=4096 },AT_SYMLINK_NOFOLLOW) = 0 (0x0)
fstatat(AT_FDCWD,"/usr/local/lib/qt5/plugins/imageformats",{ mode=drwxr-xr-x ,inode=199881,size=14,blksize=4096 },AT_SYMLINK_NOFOLLOW) = 0 (0x0)
fstatat(AT_FDCWD,"/usr/local/lib/qt5/plugins/imageformats/libqjp2.so",{ mode=-rwxr-xr-x ,inode=277756,size=30200,blksize=30208 },AT_SYMLINK_NOFOLLOW) = 0 (0x0)
openat(AT_FDCWD,"/usr/local/lib/qt5/plugins/imageformats/libqjp2.so",O_RDONLY|O_CLOEXEC,00) = 9 (0x9)
fstat(9,{ mode=-rwxr-xr-x ,inode=277756,size=30200,blksize=30208 }) = 0 (0x0)
fstat(9,{ mode=-rwxr-xr-x ,inode=277756,size=30200,blksize=30208 }) = 0 (0x0)
mmap(0x0,30200,PROT_READ,MAP_SHARED,9,0x0)	 = 34576855040 (0x80cf0f000)
close(9)					 = 0 (0x0)
munmap(0x80cf0f000,30200)			 = 0 (0x0)
fstatat(AT_FDCWD,"/usr",{ mode=drwxr-xr-x ,inode=128,size=15,blksize=4096 },AT_SYMLINK_NOFOLLOW) = 0 (0x0)
fstatat(AT_FDCWD,"/usr/local",{ mode=drwxr-xr-x ,inode=2498,size=18,blksize=4096 },AT_SYMLINK_NOFOLLOW) = 0 (0x0)
fstatat(AT_FDCWD,"/usr/local/lib",{ mode=drwxr-xr-x ,inode=196131,size=2696,blksize=16384 },AT_SYMLINK_NOFOLLOW) = 0 (0x0)
fstatat(AT_FDCWD,"/usr/local/lib/qt5",{ mode=drwxr-xr-x ,inode=199960,size=439,blksize=16384 },AT_SYMLINK_NOFOLLOW) = 0 (0x0)
fstatat(AT_FDCWD,"/usr/local/lib/qt5/plugins",{ mode=drwxr-xr-x ,inode=199965,size=30,blksize=4096 },AT_SYMLINK_NOFOLLOW) = 0 (0x0)
fstatat(AT_FDCWD,"/usr/local/lib/qt5/plugins/imageformats",{ mode=drwxr-xr-x ,inode=199881,size=14,blksize=4096 },AT_SYMLINK_NOFOLLOW) = 0 (0x0)
fstatat(AT_FDCWD,"/usr/local/lib/qt5/plugins/imageformats/libqjpeg.so",{ mode=-rwxr-xr-x ,inode=199884,size=40600,blksize=40960 },AT_SYMLINK_NOFOLLOW) = 0 (0x0)
openat(AT_FDCWD,"/usr/local/lib/qt5/plugins/imageformats/libqjpeg.so",O_RDONLY|O_CLOEXEC,00) = 9 (0x9)
fstat(9,{ mode=-rwxr-xr-x ,inode=199884,size=40600,blksize=40960 }) = 0 (0x0)
fstat(9,{ mode=-rwxr-xr-x ,inode=199884,size=40600,blksize=40960 }) = 0 (0x0)
mmap(0x0,40600,PROT_READ,MAP_SHARED,9,0x0)	 = 34576855040 (0x80cf0f000)
close(9)					 = 0 (0x0)
munmap(0x80cf0f000,40600)			 = 0 (0x0)
fstatat(AT_FDCWD,"/usr",{ mode=drwxr-xr-x ,inode=128,size=15,blksize=4096 },AT_SYMLINK_NOFOLLOW) = 0 (0x0)
fstatat(AT_FDCWD,"/usr/local",{ mode=drwxr-xr-x ,inode=2498,size=18,blksize=4096 },AT_SYMLINK_NOFOLLOW) = 0 (0x0)
fstatat(AT_FDCWD,"/usr/local/lib",{ mode=drwxr-xr-x ,inode=196131,size=2696,blksize=16384 },AT_SYMLINK_NOFOLLOW) = 0 (0x0)
fstatat(AT_FDCWD,"/usr/local/lib/qt5",{ mode=drwxr-xr-x ,inode=199960,size=439,blksize=16384 },AT_SYMLINK_NOFOLLOW) = 0 (0x0)
fstatat(AT_FDCWD,"/usr/local/lib/qt5/plugins",{ mode=drwxr-xr-x ,inode=199965,size=30,blksize=4096 },AT_SYMLINK_NOFOLLOW) = 0 (0x0)
fstatat(AT_FDCWD,"/usr/local/lib/qt5/plugins/imageformats",{ mode=drwxr-xr-x ,inode=199881,size=14,blksize=4096 },AT_SYMLINK_NOFOLLOW) = 0 (0x0)
fstatat(AT_FDCWD,"/usr/local/lib/qt5/plugins/imageformats/libqmng.so",{ mode=-rwxr-xr-x ,inode=277757,size=23464,blksize=23552 },AT_SYMLINK_NOFOLLOW) = 0 (0x0)
openat(AT_FDCWD,"/usr/local/lib/qt5/plugins/imageformats/libqmng.so",O_RDONLY|O_CLOEXEC,00) = 9 (0x9)
fstat(9,{ mode=-rwxr-xr-x ,inode=277757,size=23464,blksize=23552 }) = 0 (0x0)
fstat(9,{ mode=-rwxr-xr-x ,inode=277757,size=23464,blksize=23552 }) = 0 (0x0)
mmap(0x0,23464,PROT_READ,MAP_SHARED,9,0x0)	 = 34576855040 (0x80cf0f000)
close(9)					 = 0 (0x0)
munmap(0x80cf0f000,23464)			 = 0 (0x0)
fstatat(AT_FDCWD,"/usr",{ mode=drwxr-xr-x ,inode=128,size=15,blksize=4096 },AT_SYMLINK_NOFOLLOW) = 0 (0x0)
fstatat(AT_FDCWD,"/usr/local",{ mode=drwxr-xr-x ,inode=2498,size=18,blksize=4096 },AT_SYMLINK_NOFOLLOW) = 0 (0x0)
fstatat(AT_FDCWD,"/usr/local/lib",{ mode=drwxr-xr-x ,inode=196131,size=2696,blksize=16384 },AT_SYMLINK_NOFOLLOW) = 0 (0x0)
fstatat(AT_FDCWD,"/usr/local/lib/qt5",{ mode=drwxr-xr-x ,inode=199960,size=439,blksize=16384 },AT_SYMLINK_NOFOLLOW) = 0 (0x0)
fstatat(AT_FDCWD,"/usr/local/lib/qt5/plugins",{ mode=drwxr-xr-x ,inode=199965,size=30,blksize=4096 },AT_SYMLINK_NOFOLLOW) = 0 (0x0)
fstatat(AT_FDCWD,"/usr/local/lib/qt5/plugins/imageformats",{ mode=drwxr-xr-x ,inode=199881,size=14,blksize=4096 },AT_SYMLINK_NOFOLLOW) = 0 (0x0)
fstatat(AT_FDCWD,"/usr/local/lib/qt5/plugins/imageformats/libqpdf.so",{ mode=-rwxr-xr-x ,inode=237584,size=21728,blksize=22016 },AT_SYMLINK_NOFOLLOW) = 0 (0x0)
openat(AT_FDCWD,"/usr/local/lib/qt5/plugins/imageformats/libqpdf.so",O_RDONLY|O_CLOEXEC,00) = 9 (0x9)
fstat(9,{ mode=-rwxr-xr-x ,inode=237584,size=21728,blksize=22016 }) = 0 (0x0)
fstat(9,{ mode=-rwxr-xr-x ,inode=237584,size=21728,blksize=22016 }) = 0 (0x0)
mmap(0x0,21728,PROT_READ,MAP_SHARED,9,0x0)	 = 34576855040 (0x80cf0f000)
close(9)					 = 0 (0x0)
munmap(0x80cf0f000,21728)			 = 0 (0x0)
fstatat(AT_FDCWD,"/usr",{ mode=drwxr-xr-x ,inode=128,size=15,blksize=4096 },AT_SYMLINK_NOFOLLOW) = 0 (0x0)
fstatat(AT_FDCWD,"/usr/local",{ mode=drwxr-xr-x ,inode=2498,size=18,blksize=4096 },AT_SYMLINK_NOFOLLOW) = 0 (0x0)
fstatat(AT_FDCWD,"/usr/local/lib",{ mode=drwxr-xr-x ,inode=196131,size=2696,blksize=16384 },AT_SYMLINK_NOFOLLOW) = 0 (0x0)
fstatat(AT_FDCWD,"/usr/local/lib/qt5",{ mode=drwxr-xr-x ,inode=199960,size=439,blksize=16384 },AT_SYMLINK_NOFOLLOW) = 0 (0x0)
fstatat(AT_FDCWD,"/usr/local/lib/qt5/plugins",{ mode=drwxr-xr-x ,inode=199965,size=30,blksize=4096 },AT_SYMLINK_NOFOLLOW) = 0 (0x0)
fstatat(AT_FDCWD,"/usr/local/lib/qt5/plugins/imageformats",{ mode=drwxr-xr-x ,inode=199881,size=14,blksize=4096 },AT_SYMLINK_NOFOLLOW) = 0 (0x0)
fstatat(AT_FDCWD,"/usr/local/lib/qt5/plugins/imageformats/libqsvg.so",{ mode=-rwxr-xr-x ,inode=199883,size=20216,blksize=20480 },AT_SYMLINK_NOFOLLOW) = 0 (0x0)
openat(AT_FDCWD,"/usr/local/lib/qt5/plugins/imageformats/libqsvg.so",O_RDONLY|O_CLOEXEC,00) = 9 (0x9)
fstat(9,{ mode=-rwxr-xr-x ,inode=199883,size=20216,blksize=20480 }) = 0 (0x0)
fstat(9,{ mode=-rwxr-xr-x ,inode=199883,size=20216,blksize=20480 }) = 0 (0x0)
mmap(0x0,20216,PROT_READ,MAP_SHARED,9,0x0)	 = 34576855040 (0x80cf0f000)
close(9)					 = 0 (0x0)
munmap(0x80cf0f000,20216)			 = 0 (0x0)
fstatat(AT_FDCWD,"/usr",{ mode=drwxr-xr-x ,inode=128,size=15,blksize=4096 },AT_SYMLINK_NOFOLLOW) = 0 (0x0)
fstatat(AT_FDCWD,"/usr/local",{ mode=drwxr-xr-x ,inode=2498,size=18,blksize=4096 },AT_SYMLINK_NOFOLLOW) = 0 (0x0)
fstatat(AT_FDCWD,"/usr/local/lib",{ mode=drwxr-xr-x ,inode=196131,size=2696,blksize=16384 },AT_SYMLINK_NOFOLLOW) = 0 (0x0)
fstatat(AT_FDCWD,"/usr/local/lib/qt5",{ mode=drwxr-xr-x ,inode=199960,size=439,blksize=16384 },AT_SYMLINK_NOFOLLOW) = 0 (0x0)
fstatat(AT_FDCWD,"/usr/local/lib/qt5/plugins",{ mode=drwxr-xr-x ,inode=199965,size=30,blksize=4096 },AT_SYMLINK_NOFOLLOW) = 0 (0x0)
fstatat(AT_FDCWD,"/usr/local/lib/qt5/plugins/imageformats",{ mode=drwxr-xr-x ,inode=199881,size=14,blksize=4096 },AT_SYMLINK_NOFOLLOW) = 0 (0x0)
fstatat(AT_FDCWD,"/usr/local/lib/qt5/plugins/imageformats/libqtga.so",{ mode=-rwxr-xr-x ,inode=277758,size=18848,blksize=18944 },AT_SYMLINK_NOFOLLOW) = 0 (0x0)
openat(AT_FDCWD,"/usr/local/lib/qt5/plugins/imageformats/libqtga.so",O_RDONLY|O_CLOEXEC,00) = 9 (0x9)
fstat(9,{ mode=-rwxr-xr-x ,inode=277758,size=18848,blksize=18944 }) = 0 (0x0)
fstat(9,{ mode=-rwxr-xr-x ,inode=277758,size=18848,blksize=18944 }) = 0 (0x0)
mmap(0x0,18848,PROT_READ,MAP_SHARED,9,0x0)	 = 34576855040 (0x80cf0f000)
close(9)					 = 0 (0x0)
munmap(0x80cf0f000,18848)			 = 0 (0x0)
fstatat(AT_FDCWD,"/usr",{ mode=drwxr-xr-x ,inode=128,size=15,blksize=4096 },AT_SYMLINK_NOFOLLOW) = 0 (0x0)
fstatat(AT_FDCWD,"/usr/local",{ mode=drwxr-xr-x ,inode=2498,size=18,blksize=4096 },AT_SYMLINK_NOFOLLOW) = 0 (0x0)
fstatat(AT_FDCWD,"/usr/local/lib",{ mode=drwxr-xr-x ,inode=196131,size=2696,blksize=16384 },AT_SYMLINK_NOFOLLOW) = 0 (0x0)
fstatat(AT_FDCWD,"/usr/local/lib/qt5",{ mode=drwxr-xr-x ,inode=199960,size=439,blksize=16384 },AT_SYMLINK_NOFOLLOW) = 0 (0x0)
fstatat(AT_FDCWD,"/usr/local/lib/qt5/plugins",{ mode=drwxr-xr-x ,inode=199965,size=30,blksize=4096 },AT_SYMLINK_NOFOLLOW) = 0 (0x0)
fstatat(AT_FDCWD,"/usr/local/lib/qt5/plugins/imageformats",{ mode=drwxr-xr-x ,inode=199881,size=14,blksize=4096 },AT_SYMLINK_NOFOLLOW) = 0 (0x0)
fstatat(AT_FDCWD,"/usr/local/lib/qt5/plugins/imageformats/libqtiff.so",{ mode=-rwxr-xr-x ,inode=277759,size=34088,blksize=34304 },AT_SYMLINK_NOFOLLOW) = 0 (0x0)
openat(AT_FDCWD,"/usr/local/lib/qt5/plugins/imageformats/libqtiff.so",O_RDONLY|O_CLOEXEC,00) = 9 (0x9)
fstat(9,{ mode=-rwxr-xr-x ,inode=277759,size=34088,blksize=34304 }) = 0 (0x0)
fstat(9,{ mode=-rwxr-xr-x ,inode=277759,size=34088,blksize=34304 }) = 0 (0x0)
mmap(0x0,34088,PROT_READ,MAP_SHARED,9,0x0)	 = 34576855040 (0x80cf0f000)
close(9)					 = 0 (0x0)
munmap(0x80cf0f000,34088)			 = 0 (0x0)
fstatat(AT_FDCWD,"/usr",{ mode=drwxr-xr-x ,inode=128,size=15,blksize=4096 },AT_SYMLINK_NOFOLLOW) = 0 (0x0)
fstatat(AT_FDCWD,"/usr/local",{ mode=drwxr-xr-x ,inode=2498,size=18,blksize=4096 },AT_SYMLINK_NOFOLLOW) = 0 (0x0)
fstatat(AT_FDCWD,"/usr/local/lib",{ mode=drwxr-xr-x ,inode=196131,size=2696,blksize=16384 },AT_SYMLINK_NOFOLLOW) = 0 (0x0)
fstatat(AT_FDCWD,"/usr/local/lib/qt5",{ mode=drwxr-xr-x ,inode=199960,size=439,blksize=16384 },AT_SYMLINK_NOFOLLOW) = 0 (0x0)
fstatat(AT_FDCWD,"/usr/local/lib/qt5/plugins",{ mode=drwxr-xr-x ,inode=199965,size=30,blksize=4096 },AT_SYMLINK_NOFOLLOW) = 0 (0x0)
fstatat(AT_FDCWD,"/usr/local/lib/qt5/plugins/imageformats",{ mode=drwxr-xr-x ,inode=199881,size=14,blksize=4096 },AT_SYMLINK_NOFOLLOW) = 0 (0x0)
fstatat(AT_FDCWD,"/usr/local/lib/qt5/plugins/imageformats/libqwbmp.so",{ mode=-rwxr-xr-x ,inode=277760,size=18200,blksize=18432 },AT_SYMLINK_NOFOLLOW) = 0 (0x0)
openat(AT_FDCWD,"/usr/local/lib/qt5/plugins/imageformats/libqwbmp.so",O_RDONLY|O_CLOEXEC,00) = 9 (0x9)
fstat(9,{ mode=-rwxr-xr-x ,inode=277760,size=18200,blksize=18432 }) = 0 (0x0)
fstat(9,{ mode=-rwxr-xr-x ,inode=277760,size=18200,blksize=18432 }) = 0 (0x0)
mmap(0x0,18200,PROT_READ,MAP_SHARED,9,0x0)	 = 34576855040 (0x80cf0f000)
close(9)					 = 0 (0x0)
munmap(0x80cf0f000,18200)			 = 0 (0x0)
fstatat(AT_FDCWD,"/usr",{ mode=drwxr-xr-x ,inode=128,size=15,blksize=4096 },AT_SYMLINK_NOFOLLOW) = 0 (0x0)
fstatat(AT_FDCWD,"/usr/local",{ mode=drwxr-xr-x ,inode=2498,size=18,blksize=4096 },AT_SYMLINK_NOFOLLOW) = 0 (0x0)
fstatat(AT_FDCWD,"/usr/local/lib",{ mode=drwxr-xr-x ,inode=196131,size=2696,blksize=16384 },AT_SYMLINK_NOFOLLOW) = 0 (0x0)
fstatat(AT_FDCWD,"/usr/local/lib/qt5",{ mode=drwxr-xr-x ,inode=199960,size=439,blksize=16384 },AT_SYMLINK_NOFOLLOW) = 0 (0x0)
fstatat(AT_FDCWD,"/usr/local/lib/qt5/plugins",{ mode=drwxr-xr-x ,inode=199965,size=30,blksize=4096 },AT_SYMLINK_NOFOLLOW) = 0 (0x0)
fstatat(AT_FDCWD,"/usr/local/lib/qt5/plugins/imageformats",{ mode=drwxr-xr-x ,inode=199881,size=14,blksize=4096 },AT_SYMLINK_NOFOLLOW) = 0 (0x0)
fstatat(AT_FDCWD,"/usr/local/lib/qt5/plugins/imageformats/libqwebp.so",{ mode=-rwxr-xr-x ,inode=276410,size=26368,blksize=26624 },AT_SYMLINK_NOFOLLOW) = 0 (0x0)
openat(AT_FDCWD,"/usr/local/lib/qt5/plugins/imageformats/libqwebp.so",O_RDONLY|O_CLOEXEC,00) = 9 (0x9)
fstat(9,{ mode=-rwxr-xr-x ,inode=276410,size=26368,blksize=26624 }) = 0 (0x0)
fstat(9,{ mode=-rwxr-xr-x ,inode=276410,size=26368,blksize=26624 }) = 0 (0x0)
mmap(0x0,26368,PROT_READ,MAP_SHARED,9,0x0)	 = 34576855040 (0x80cf0f000)
close(9)					 = 0 (0x0)
munmap(0x80cf0f000,26368)			 = 0 (0x0)
access("/usr/bin/imageformats/.",F_OK)		 ERR#2 'No such file or directory'
open("/usr/local/lib/qt5/plugins/imageformats/libqgif.so",O_RDONLY|O_CLOEXEC|O_VERIFY,00) = 9 (0x9)
fstat(9,{ mode=-rwxr-xr-x ,inode=199885,size=29240,blksize=29696 }) = 0 (0x0)
fstatfs(9,{ fstypename=zfs,mntonname=/,mntfromname=zroot/ROOT/default,fsid= }) = 0 (0x0)
mmap(0x0,4096,PROT_READ,MAP_PRIVATE|MAP_PREFAULT_READ,9,0x0) = 34500026368 (0x8085ca000)
mmap(0x0,40960,PROT_NONE,MAP_GUARD,-1,0x0)	 = 34576855040 (0x80cf0f000)
mmap(0x80cf0f000,12288,PROT_READ,MAP_PRIVATE|MAP_FIXED|MAP_NOCORE|MAP_PREFAULT_READ,9,0x0) = 34576855040 (0x80cf0f000)
mmap(0x80cf12000,20480,PROT_READ|PROT_EXEC,MAP_PRIVATE|MAP_FIXED|MAP_NOCORE|MAP_PREFAULT_READ,9,0x2000) = 34576867328 (0x80cf12000)
mmap(0x80cf17000,4096,PROT_READ|PROT_WRITE,MAP_PRIVATE|MAP_FIXED|MAP_PREFAULT_READ,9,0x6000) = 34576887808 (0x80cf17000)
mmap(0x80cf18000,4096,PROT_READ|PROT_WRITE,MAP_PRIVATE|MAP_FIXED|MAP_PREFAULT_READ,9,0x6000) = 34576891904 (0x80cf18000)
munmap(0x8085ca000,4096)			 = 0 (0x0)
close(9)					 = 0 (0x0)
open("/usr/local/lib/qt5/plugins/imageformats/libqicns.so",O_RDONLY|O_CLOEXEC|O_VERIFY,00) = 9 (0x9)
fstat(9,{ mode=-rwxr-xr-x ,inode=277755,size=35552,blksize=35840 }) = 0 (0x0)
fstatfs(9,{ fstypename=zfs,mntonname=/,mntfromname=zroot/ROOT/default,fsid= }) = 0 (0x0)
mmap(0x0,4096,PROT_READ,MAP_PRIVATE|MAP_PREFAULT_READ,9,0x0) = 34500026368 (0x8085ca000)
mmap(0x0,49152,PROT_NONE,MAP_GUARD,-1,0x0)	 = 34576896000 (0x80cf19000)
mmap(0x80cf19000,16384,PROT_READ,MAP_PRIVATE|MAP_FIXED|MAP_NOCORE|MAP_PREFAULT_READ,9,0x0) = 34576896000 (0x80cf19000)
mmap(0x80cf1d000,20480,PROT_READ|PROT_EXEC,MAP_PRIVATE|MAP_FIXED|MAP_NOCORE|MAP_PREFAULT_READ,9,0x3000) = 34576912384 (0x80cf1d000)
mmap(0x80cf22000,4096,PROT_READ|PROT_WRITE,MAP_PRIVATE|MAP_FIXED|MAP_PREFAULT_READ,9,0x7000) = 34576932864 (0x80cf22000)
mmap(0x80cf23000,8192,PROT_READ|PROT_WRITE,MAP_PRIVATE|MAP_FIXED|MAP_PREFAULT_READ,9,0x7000) = 34576936960 (0x80cf23000)
munmap(0x8085ca000,4096)			 = 0 (0x0)
close(9)					 = 0 (0x0)
open("/usr/local/lib/qt5/plugins/imageformats/libqico.so",O_RDONLY|O_CLOEXEC|O_VERIFY,00) = 9 (0x9)
fstat(9,{ mode=-rwxr-xr-x ,inode=199882,size=27376,blksize=27648 }) = 0 (0x0)
fstatfs(9,{ fstypename=zfs,mntonname=/,mntfromname=zroot/ROOT/default,fsid= }) = 0 (0x0)
mmap(0x0,4096,PROT_READ,MAP_PRIVATE|MAP_PREFAULT_READ,9,0x0) = 34500026368 (0x8085ca000)
mmap(0x0,40960,PROT_NONE,MAP_GUARD,-1,0x0)	 = 34576945152 (0x80cf25000)
mmap(0x80cf25000,12288,PROT_READ,MAP_PRIVATE|MAP_FIXED|MAP_NOCORE|MAP_PREFAULT_READ,9,0x0) = 34576945152 (0x80cf25000)
mmap(0x80cf28000,16384,PROT_READ|PROT_EXEC,MAP_PRIVATE|MAP_FIXED|MAP_NOCORE|MAP_PREFAULT_READ,9,0x2000) = 34576957440 (0x80cf28000)
mmap(0x80cf2c000,4096,PROT_READ|PROT_WRITE,MAP_PRIVATE|MAP_FIXED|MAP_PREFAULT_READ,9,0x5000) = 34576973824 (0x80cf2c000)
mmap(0x80cf2d000,8192,PROT_READ|PROT_WRITE,MAP_PRIVATE|MAP_FIXED|MAP_PREFAULT_READ,9,0x5000) = 34576977920 (0x80cf2d000)
munmap(0x8085ca000,4096)			 = 0 (0x0)
close(9)					 = 0 (0x0)
open("/usr/local/lib/qt5/plugins/imageformats/libqjp2.so",O_RDONLY|O_CLOEXEC|O_VERIFY,00) = 9 (0x9)
fstat(9,{ mode=-rwxr-xr-x ,inode=277756,size=30200,blksize=30208 }) = 0 (0x0)
fstatfs(9,{ fstypename=zfs,mntonname=/,mntfromname=zroot/ROOT/default,fsid= }) = 0 (0x0)
mmap(0x0,4096,PROT_READ,MAP_PRIVATE|MAP_PREFAULT_READ,9,0x0) = 34500026368 (0x8085ca000)
mmap(0x0,40960,PROT_NONE,MAP_GUARD,-1,0x0)	 = 34576986112 (0x80cf2f000)
mmap(0x80cf2f000,16384,PROT_READ,MAP_PRIVATE|MAP_FIXED|MAP_NOCORE|MAP_PREFAULT_READ,9,0x0) = 34576986112 (0x80cf2f000)
mmap(0x80cf33000,16384,PROT_READ|PROT_EXEC,MAP_PRIVATE|MAP_FIXED|MAP_NOCORE|MAP_PREFAULT_READ,9,0x3000) = 34577002496 (0x80cf33000)
mmap(0x80cf37000,4096,PROT_READ|PROT_WRITE,MAP_PRIVATE|MAP_FIXED|MAP_PREFAULT_READ,9,0x6000) = 34577018880 (0x80cf37000)
mmap(0x80cf38000,4096,PROT_READ|PROT_WRITE,MAP_PRIVATE|MAP_FIXED|MAP_PREFAULT_READ,9,0x6000) = 34577022976 (0x80cf38000)
munmap(0x8085ca000,4096)			 = 0 (0x0)
close(9)					 = 0 (0x0)
open("/usr/local/lib/qt5/libjasper.so.4",O_RDONLY|O_CLOEXEC|O_VERIFY,066000) ERR#2 'No such file or directory'
open("/lib/libjasper.so.4",O_RDONLY|O_CLOEXEC|O_VERIFY,066000) ERR#2 'No such file or directory'
open("/usr/lib/libjasper.so.4",O_RDONLY|O_CLOEXEC|O_VERIFY,066000) ERR#2 'No such file or directory'
open("/usr/lib/compat/libjasper.so.4",O_RDONLY|O_CLOEXEC|O_VERIFY,066000) ERR#2 'No such file or directory'
open("/usr/local/lib/libjasper.so.4",O_RDONLY|O_CLOEXEC|O_VERIFY,066000) = 9 (0x9)
fstat(9,{ mode=-rwxr-xr-x ,inode=237834,size=364640,blksize=131072 }) = 0 (0x0)
fstatfs(9,{ fstypename=zfs,mntonname=/,mntfromname=zroot/ROOT/default,fsid= }) = 0 (0x0)
mmap(0x0,4096,PROT_READ,MAP_PRIVATE|MAP_PREFAULT_READ,9,0x0) = 34500026368 (0x8085ca000)
mmap(0x0,385024,PROT_NONE,MAP_GUARD,-1,0x0)	 = 34577027072 (0x80cf39000)
mmap(0x80cf39000,94208,PROT_READ,MAP_PRIVATE|MAP_FIXED|MAP_NOCORE|MAP_PREFAULT_READ,9,0x0) = 34577027072 (0x80cf39000)
mmap(0x80cf50000,266240,PROT_READ|PROT_EXEC,MAP_PRIVATE|MAP_FIXED|MAP_NOCORE|MAP_PREFAULT_READ,9,0x16000) = 34577121280 (0x80cf50000)
mmap(0x80cf91000,8192,PROT_READ|PROT_WRITE,MAP_PRIVATE|MAP_FIXED|MAP_PREFAULT_READ,9,0x56000) = 34577387520 (0x80cf91000)
mmap(0x80cf93000,8192,PROT_READ|PROT_WRITE,MAP_PRIVATE|MAP_FIXED|MAP_PREFAULT_READ,9,0x57000) = 34577395712 (0x80cf93000)
mmap(0x80cf95000,8192,PROT_READ|PROT_WRITE,MAP_PRIVATE|MAP_FIXED|MAP_ANON,-1,0x0) = 34577403904 (0x80cf95000)
munmap(0x8085ca000,4096)			 = 0 (0x0)
close(9)					 = 0 (0x0)
mprotect(0x80cf91000,4096,PROT_READ)		 = 0 (0x0)
open("/usr/local/lib/qt5/plugins/imageformats/libqjpeg.so",O_RDONLY|O_CLOEXEC|O_VERIFY,00) = 9 (0x9)
fstat(9,{ mode=-rwxr-xr-x ,inode=199884,size=40600,blksize=40960 }) = 0 (0x0)
fstatfs(9,{ fstypename=zfs,mntonname=/,mntfromname=zroot/ROOT/default,fsid= }) = 0 (0x0)
mmap(0x0,4096,PROT_READ,MAP_PRIVATE|MAP_PREFAULT_READ,9,0x0) = 34500026368 (0x8085ca000)
mmap(0x0,53248,PROT_NONE,MAP_GUARD,-1,0x0)	 = 34577412096 (0x80cf97000)
mmap(0x80cf97000,20480,PROT_READ,MAP_PRIVATE|MAP_FIXED|MAP_NOCORE|MAP_PREFAULT_READ,9,0x0) = 34577412096 (0x80cf97000)
mmap(0x80cf9c000,20480,PROT_READ|PROT_EXEC,MAP_PRIVATE|MAP_FIXED|MAP_NOCORE|MAP_PREFAULT_READ,9,0x4000) = 34577432576 (0x80cf9c000)
mmap(0x80cfa1000,8192,PROT_READ|PROT_WRITE,MAP_PRIVATE|MAP_FIXED|MAP_PREFAULT_READ,9,0x8000) = 34577453056 (0x80cfa1000)
mmap(0x80cfa3000,4096,PROT_READ|PROT_WRITE,MAP_PRIVATE|MAP_FIXED|MAP_PREFAULT_READ,9,0x9000) = 34577461248 (0x80cfa3000)
munmap(0x8085ca000,4096)			 = 0 (0x0)
close(9)					 = 0 (0x0)
mprotect(0x80cfa1000,4096,PROT_READ)		 = 0 (0x0)
open("/usr/local/lib/qt5/plugins/imageformats/libqmng.so",O_RDONLY|O_CLOEXEC|O_VERIFY,00) = 9 (0x9)
fstat(9,{ mode=-rwxr-xr-x ,inode=277757,size=23464,blksize=23552 }) = 0 (0x0)
fstatfs(9,{ fstypename=zfs,mntonname=/,mntfromname=zroot/ROOT/default,fsid= }) = 0 (0x0)
mmap(0x0,4096,PROT_READ,MAP_PRIVATE|MAP_PREFAULT_READ,9,0x0) = 34500026368 (0x8085ca000)
mmap(0x0,36864,PROT_NONE,MAP_GUARD,-1,0x0)	 = 34577465344 (0x80cfa4000)
mmap(0x80cfa4000,16384,PROT_READ,MAP_PRIVATE|MAP_FIXED|MAP_NOCORE|MAP_PREFAULT_READ,9,0x0) = 34577465344 (0x80cfa4000)
mmap(0x80cfa8000,8192,PROT_READ|PROT_EXEC,MAP_PRIVATE|MAP_FIXED|MAP_NOCORE|MAP_PREFAULT_READ,9,0x3000) = 34577481728 (0x80cfa8000)
mmap(0x80cfaa000,4096,PROT_READ|PROT_WRITE,MAP_PRIVATE|MAP_FIXED|MAP_PREFAULT_READ,9,0x4000) = 34577489920 (0x80cfaa000)
mmap(0x80cfab000,8192,PROT_READ|PROT_WRITE,MAP_PRIVATE|MAP_FIXED|MAP_PREFAULT_READ,9,0x4000) = 34577494016 (0x80cfab000)
munmap(0x8085ca000,4096)			 = 0 (0x0)
close(9)					 = 0 (0x0)
open("/usr/local/lib/qt5/libmng.so.1",O_RDONLY|O_CLOEXEC|O_VERIFY,014232266000) ERR#2 'No such file or directory'
open("/lib/libmng.so.1",O_RDONLY|O_CLOEXEC|O_VERIFY,014232266000) ERR#2 'No such file or directory'
open("/usr/lib/libmng.so.1",O_RDONLY|O_CLOEXEC|O_VERIFY,014232266000) ERR#2 'No such file or directory'
open("/usr/lib/compat/libmng.so.1",O_RDONLY|O_CLOEXEC|O_VERIFY,014232266000) ERR#2 'No such file or directory'
open("/usr/local/lib/libmng.so.1",O_RDONLY|O_CLOEXEC|O_VERIFY,014232266000) = 9 (0x9)
fstat(9,{ mode=-r--r--r-- ,inode=237546,size=465984,blksize=131072 }) = 0 (0x0)
fstatfs(9,{ fstypename=zfs,mntonname=/,mntfromname=zroot/ROOT/default,fsid= }) = 0 (0x0)
mmap(0x0,4096,PROT_READ,MAP_PRIVATE|MAP_PREFAULT_READ,9,0x0) = 34500026368 (0x8085ca000)
mmap(0x0,479232,PROT_NONE,MAP_GUARD,-1,0x0)	 = 34596192256 (0x80e180000)
mmap(0x80e180000,167936,PROT_READ,MAP_PRIVATE|MAP_FIXED|MAP_NOCORE|MAP_PREFAULT_READ,9,0x0) = 34596192256 (0x80e180000)
mmap(0x80e1a9000,282624,PROT_READ|PROT_EXEC,MAP_PRIVATE|MAP_FIXED|MAP_NOCORE|MAP_PREFAULT_READ,9,0x28000) = 34596360192 (0x80e1a9000)
mmap(0x80e1ee000,20480,PROT_READ|PROT_WRITE,MAP_PRIVATE|MAP_FIXED|MAP_PREFAULT_READ,9,0x6c000) = 34596642816 (0x80e1ee000)
mmap(0x80e1f3000,8192,PROT_READ|PROT_WRITE,MAP_PRIVATE|MAP_FIXED|MAP_PREFAULT_READ,9,0x70000) = 34596663296 (0x80e1f3000)
munmap(0x8085ca000,4096)			 = 0 (0x0)
close(9)					 = 0 (0x0)
open("/lib/liblcms.so.1",O_RDONLY|O_CLOEXEC|O_VERIFY,014232266000) ERR#2 'No such file or directory'
open("/usr/lib/liblcms.so.1",O_RDONLY|O_CLOEXEC|O_VERIFY,014232266000) ERR#2 'No such file or directory'
open("/usr/lib/compat/liblcms.so.1",O_RDONLY|O_CLOEXEC|O_VERIFY,014232266000) ERR#2 'No such file or directory'
open("/usr/local/lib/liblcms.so.1",O_RDONLY|O_CLOEXEC|O_VERIFY,014232266000) = 9 (0x9)
fstat(9,{ mode=-rwxr-xr-x ,inode=234231,size=249120,blksize=131072 }) = 0 (0x0)
fstatfs(9,{ fstypename=zfs,mntonname=/,mntfromname=zroot/ROOT/default,fsid= }) = 0 (0x0)
mmap(0x0,4096,PROT_READ,MAP_PRIVATE|MAP_PREFAULT_READ,9,0x0) = 34500026368 (0x8085ca000)
mmap(0x0,270336,PROT_NONE,MAP_GUARD,-1,0x0)	 = 34577502208 (0x80cfad000)
mmap(0x80cfad000,73728,PROT_READ,MAP_PRIVATE|MAP_FIXED|MAP_NOCORE|MAP_PREFAULT_READ,9,0x0) = 34577502208 (0x80cfad000)
mmap(0x80cfbf000,176128,PROT_READ|PROT_EXEC,MAP_PRIVATE|MAP_FIXED|MAP_NOCORE|MAP_PREFAULT_READ,9,0x11000) = 34577575936 (0x80cfbf000)
mmap(0x80cfea000,4096,PROT_READ|PROT_WRITE,MAP_PRIVATE|MAP_FIXED|MAP_PREFAULT_READ,9,0x3b000) = 34577752064 (0x80cfea000)
mmap(0x80cfeb000,8192,PROT_READ|PROT_WRITE,MAP_PRIVATE|MAP_FIXED|MAP_PREFAULT_READ,9,0x3b000) = 34577756160 (0x80cfeb000)
mmap(0x80cfed000,8192,PROT_READ|PROT_WRITE,MAP_PRIVATE|MAP_FIXED|MAP_ANON,-1,0x0) = 34577764352 (0x80cfed000)
munmap(0x8085ca000,4096)			 = 0 (0x0)
close(9)					 = 0 (0x0)
mprotect(0x80e1ee000,16384,PROT_READ)		 = 0 (0x0)
open("/usr/local/lib/qt5/plugins/imageformats/libqpdf.so",O_RDONLY|O_CLOEXEC|O_VERIFY,00) = 9 (0x9)
fstat(9,{ mode=-rwxr-xr-x ,inode=237584,size=21728,blksize=22016 }) = 0 (0x0)
fstatfs(9,{ fstypename=zfs,mntonname=/,mntfromname=zroot/ROOT/default,fsid= }) = 0 (0x0)
mmap(0x0,4096,PROT_READ,MAP_PRIVATE|MAP_PREFAULT_READ,9,0x0) = 34500026368 (0x8085ca000)
mmap(0x0,4096,PROT_READ,MAP_PRIVATE,9,0x4000)	 = 34577772544 (0x80cfef000)
mmap(0x0,2117632,PROT_NONE,MAP_GUARD,-1,0x0)	 = 34596671488 (0x80e1f5000)
mmap(0x80e1f5000,20480,PROT_READ|PROT_EXEC,MAP_PRIVATE|MAP_FIXED|MAP_NOCORE|MAP_PREFAULT_READ,9,0x0) = 34596671488 (0x80e1f5000)
mmap(0x80e3f9000,4096,PROT_READ|PROT_WRITE,MAP_PRIVATE|MAP_FIXED|MAP_PREFAULT_READ,9,0x4000) = 34598785024 (0x80e3f9000)
munmap(0x80cfef000,4096)			 = 0 (0x0)
munmap(0x8085ca000,4096)			 = 0 (0x0)
close(9)					 = 0 (0x0)
open("/usr/local/lib/qt5/libQt5Pdf.so.5",O_RDONLY|O_CLOEXEC|O_VERIFY,014232266000) = 9 (0x9)
fstat(9,{ mode=-rwxr-xr-x ,inode=237208,size=3316056,blksize=131072 }) = 0 (0x0)
fstatfs(9,{ fstypename=zfs,mntonname=/,mntfromname=zroot/ROOT/default,fsid= }) = 0 (0x0)
mmap(0x0,4096,PROT_READ,MAP_PRIVATE|MAP_PREFAULT_READ,9,0x0) = 34500026368 (0x8085ca000)
mmap(0x0,5443584,PROT_NONE,MAP_GUARD|MAP_ALIGNED_SUPER,-1,0x0) = 34598813696 (0x80e400000)
mmap(0x80e400000,3248128,PROT_READ|PROT_EXEC,MAP_PRIVATE|MAP_FIXED|MAP_NOCORE|MAP_PREFAULT_READ,9,0x0) = 34598813696 (0x80e400000)
mmap(0x80e919000,69632,PROT_READ|PROT_WRITE,MAP_PRIVATE|MAP_FIXED|MAP_PREFAULT_READ,9,0x319000) = 34604158976 (0x80e919000)
mmap(0x80e92a000,28672,PROT_READ|PROT_WRITE,MAP_PRIVATE|MAP_FIXED|MAP_ANON,-1,0x0) = 34604228608 (0x80e92a000)
munmap(0x8085ca000,4096)			 = 0 (0x0)
close(9)					 = 0 (0x0)
mprotect(0x80e919000,49152,PROT_READ)		 = 0 (0x0)
open("/usr/local/lib/qt5/plugins/imageformats/libqsvg.so",O_RDONLY|O_CLOEXEC|O_VERIFY,00) = 9 (0x9)
fstat(9,{ mode=-rwxr-xr-x ,inode=199883,size=20216,blksize=20480 }) = 0 (0x0)
fstatfs(9,{ fstypename=zfs,mntonname=/,mntfromname=zroot/ROOT/default,fsid= }) = 0 (0x0)
mmap(0x0,4096,PROT_READ,MAP_PRIVATE|MAP_PREFAULT_READ,9,0x0) = 34500026368 (0x8085ca000)
mmap(0x0,32768,PROT_NONE,MAP_GUARD,-1,0x0)	 = 34577772544 (0x80cfef000)
mmap(0x80cfef000,12288,PROT_READ,MAP_PRIVATE|MAP_FIXED|MAP_NOCORE|MAP_PREFAULT_READ,9,0x0) = 34577772544 (0x80cfef000)
mmap(0x80cff2000,8192,PROT_READ|PROT_EXEC,MAP_PRIVATE|MAP_FIXED|MAP_NOCORE|MAP_PREFAULT_READ,9,0x2000) = 34577784832 (0x80cff2000)
mmap(0x80cff4000,8192,PROT_READ|PROT_WRITE,MAP_PRIVATE|MAP_FIXED|MAP_PREFAULT_READ,9,0x3000) = 34577793024 (0x80cff4000)
mmap(0x80cff6000,4096,PROT_READ|PROT_WRITE,MAP_PRIVATE|MAP_FIXED|MAP_PREFAULT_READ,9,0x4000) = 34577801216 (0x80cff6000)
munmap(0x8085ca000,4096)			 = 0 (0x0)
close(9)					 = 0 (0x0)
mprotect(0x80cff4000,4096,PROT_READ)		 = 0 (0x0)
open("/usr/local/lib/qt5/plugins/imageformats/libqtga.so",O_RDONLY|O_CLOEXEC|O_VERIFY,00) = 9 (0x9)
fstat(9,{ mode=-rwxr-xr-x ,inode=277758,size=18848,blksize=18944 }) = 0 (0x0)
fstatfs(9,{ fstypename=zfs,mntonname=/,mntfromname=zroot/ROOT/default,fsid= }) = 0 (0x0)
mmap(0x0,4096,PROT_READ,MAP_PRIVATE|MAP_PREFAULT_READ,9,0x0) = 34500026368 (0x8085ca000)
mmap(0x0,32768,PROT_NONE,MAP_GUARD,-1,0x0)	 = 34577805312 (0x80cff7000)
mmap(0x80cff7000,12288,PROT_READ,MAP_PRIVATE|MAP_FIXED|MAP_NOCORE|MAP_PREFAULT_READ,9,0x0) = 34577805312 (0x80cff7000)
mmap(0x80cffa000,8192,PROT_READ|PROT_EXEC,MAP_PRIVATE|MAP_FIXED|MAP_NOCORE|MAP_PREFAULT_READ,9,0x2000) = 34577817600 (0x80cffa000)
mmap(0x80cffc000,4096,PROT_READ|PROT_WRITE,MAP_PRIVATE|MAP_FIXED|MAP_PREFAULT_READ,9,0x3000) = 34577825792 (0x80cffc000)
mmap(0x80cffd000,8192,PROT_READ|PROT_WRITE,MAP_PRIVATE|MAP_FIXED|MAP_PREFAULT_READ,9,0x3000) = 34577829888 (0x80cffd000)
munmap(0x8085ca000,4096)			 = 0 (0x0)
close(9)					 = 0 (0x0)
open("/usr/local/lib/qt5/plugins/imageformats/libqtiff.so",O_RDONLY|O_CLOEXEC|O_VERIFY,00) = 9 (0x9)
fstat(9,{ mode=-rwxr-xr-x ,inode=277759,size=34088,blksize=34304 }) = 0 (0x0)
fstatfs(9,{ fstypename=zfs,mntonname=/,mntfromname=zroot/ROOT/default,fsid= }) = 0 (0x0)
mmap(0x0,4096,PROT_READ,MAP_PRIVATE|MAP_PREFAULT_READ,9,0x0) = 34500026368 (0x8085ca000)
mmap(0x0,45056,PROT_NONE,MAP_GUARD,-1,0x0)	 = 34604257280 (0x80e931000)
mmap(0x80e931000,16384,PROT_READ,MAP_PRIVATE|MAP_FIXED|MAP_NOCORE|MAP_PREFAULT_READ,9,0x0) = 34604257280 (0x80e931000)
mmap(0x80e935000,20480,PROT_READ|PROT_EXEC,MAP_PRIVATE|MAP_FIXED|MAP_NOCORE|MAP_PREFAULT_READ,9,0x3000) = 34604273664 (0x80e935000)
mmap(0x80e93a000,4096,PROT_READ|PROT_WRITE,MAP_PRIVATE|MAP_FIXED|MAP_PREFAULT_READ,9,0x7000) = 34604294144 (0x80e93a000)
mmap(0x80e93b000,4096,PROT_READ|PROT_WRITE,MAP_PRIVATE|MAP_FIXED|MAP_PREFAULT_READ,9,0x7000) = 34604298240 (0x80e93b000)
munmap(0x8085ca000,4096)			 = 0 (0x0)
close(9)					 = 0 (0x0)
open("/usr/local/lib/qt5/libtiff.so.5",O_RDONLY|O_CLOEXEC|O_VERIFY,014232266000) ERR#2 'No such file or directory'
open("/lib/libtiff.so.5",O_RDONLY|O_CLOEXEC|O_VERIFY,014232266000) ERR#2 'No such file or directory'
open("/usr/lib/libtiff.so.5",O_RDONLY|O_CLOEXEC|O_VERIFY,014232266000) ERR#2 'No such file or directory'
open("/usr/lib/compat/libtiff.so.5",O_RDONLY|O_CLOEXEC|O_VERIFY,014232266000) ERR#2 'No such file or directory'
open("/usr/local/lib/libtiff.so.5",O_RDONLY|O_CLOEXEC|O_VERIFY,014232266000) = 9 (0x9)
fstat(9,{ mode=-rwxr-xr-x ,inode=199922,size=541304,blksize=131072 }) = 0 (0x0)
fstatfs(9,{ fstypename=zfs,mntonname=/,mntfromname=zroot/ROOT/default,fsid= }) = 0 (0x0)
mmap(0x0,4096,PROT_READ,MAP_PRIVATE|MAP_PREFAULT_READ,9,0x0) = 34500026368 (0x8085ca000)
mmap(0x0,552960,PROT_NONE,MAP_GUARD,-1,0x0)	 = 34604302336 (0x80e93c000)
mmap(0x80e93c000,217088,PROT_READ,MAP_PRIVATE|MAP_FIXED|MAP_NOCORE|MAP_PREFAULT_READ,9,0x0) = 34604302336 (0x80e93c000)
mmap(0x80e971000,311296,PROT_READ|PROT_EXEC,MAP_PRIVATE|MAP_FIXED|MAP_NOCORE|MAP_PREFAULT_READ,9,0x34000) = 34604519424 (0x80e971000)
mmap(0x80e9bd000,20480,PROT_READ|PROT_WRITE,MAP_PRIVATE|MAP_FIXED|MAP_PREFAULT_READ,9,0x7f000) = 34604830720 (0x80e9bd000)
mmap(0x80e9c2000,4096,PROT_READ|PROT_WRITE,MAP_PRIVATE|MAP_FIXED|MAP_PREFAULT_READ,9,0x83000) = 34604851200 (0x80e9c2000)
munmap(0x8085ca000,4096)			 = 0 (0x0)
close(9)					 = 0 (0x0)
open("/lib/libjbig.so.2",O_RDONLY|O_CLOEXEC|O_VERIFY,014232266000) ERR#2 'No such file or directory'
open("/usr/lib/libjbig.so.2",O_RDONLY|O_CLOEXEC|O_VERIFY,014232266000) ERR#2 'No such file or directory'
open("/usr/lib/compat/libjbig.so.2",O_RDONLY|O_CLOEXEC|O_VERIFY,014232266000) ERR#2 'No such file or directory'
open("/usr/local/lib/libjbig.so.2",O_RDONLY|O_CLOEXEC|O_VERIFY,014232266000) = 9 (0x9)
fstat(9,{ mode=-rw-r--r-- ,inode=196536,size=53824,blksize=54272 }) = 0 (0x0)
fstatfs(9,{ fstypename=zfs,mntonname=/,mntfromname=zroot/ROOT/default,fsid= }) = 0 (0x0)
mmap(0x0,4096,PROT_READ,MAP_PRIVATE|MAP_PREFAULT_READ,9,0x0) = 34500026368 (0x8085ca000)
mmap(0x0,65536,PROT_NONE,MAP_GUARD,-1,0x0)	 = 34604855296 (0x80e9c3000)
mmap(0x80e9c3000,8192,PROT_READ,MAP_PRIVATE|MAP_FIXED|MAP_NOCORE|MAP_PREFAULT_READ,9,0x0) = 34604855296 (0x80e9c3000)
mmap(0x80e9c5000,36864,PROT_READ|PROT_EXEC,MAP_PRIVATE|MAP_FIXED|MAP_NOCORE|MAP_PREFAULT_READ,9,0x1000) = 34604863488 (0x80e9c5000)
mmap(0x80e9ce000,4096,PROT_READ|PROT_WRITE,MAP_PRIVATE|MAP_FIXED|MAP_PREFAULT_READ,9,0x9000) = 34604900352 (0x80e9ce000)
mmap(0x80e9cf000,16384,PROT_READ|PROT_WRITE,MAP_PRIVATE|MAP_FIXED|MAP_PREFAULT_READ,9,0x9000) = 34604904448 (0x80e9cf000)
munmap(0x8085ca000,4096)			 = 0 (0x0)
close(9)					 = 0 (0x0)
mprotect(0x80e9bd000,16384,PROT_READ)		 = 0 (0x0)
open("/usr/local/lib/qt5/plugins/imageformats/libqwbmp.so",O_RDONLY|O_CLOEXEC|O_VERIFY,00) = 9 (0x9)
fstat(9,{ mode=-rwxr-xr-x ,inode=277760,size=18200,blksize=18432 }) = 0 (0x0)
fstatfs(9,{ fstypename=zfs,mntonname=/,mntfromname=zroot/ROOT/default,fsid= }) = 0 (0x0)
mmap(0x0,4096,PROT_READ,MAP_PRIVATE|MAP_PREFAULT_READ,9,0x0) = 34500026368 (0x8085ca000)
mmap(0x0,28672,PROT_NONE,MAP_GUARD,-1,0x0)	 = 34604920832 (0x80e9d3000)
mmap(0x80e9d3000,12288,PROT_READ,MAP_PRIVATE|MAP_FIXED|MAP_NOCORE|MAP_PREFAULT_READ,9,0x0) = 34604920832 (0x80e9d3000)
mmap(0x80e9d6000,8192,PROT_READ|PROT_EXEC,MAP_PRIVATE|MAP_FIXED|MAP_NOCORE|MAP_PREFAULT_READ,9,0x2000) = 34604933120 (0x80e9d6000)
mmap(0x80e9d8000,4096,PROT_READ|PROT_WRITE,MAP_PRIVATE|MAP_FIXED|MAP_PREFAULT_READ,9,0x3000) = 34604941312 (0x80e9d8000)
mmap(0x80e9d9000,4096,PROT_READ|PROT_WRITE,MAP_PRIVATE|MAP_FIXED|MAP_PREFAULT_READ,9,0x3000) = 34604945408 (0x80e9d9000)
munmap(0x8085ca000,4096)			 = 0 (0x0)
close(9)					 = 0 (0x0)
open("/usr/local/lib/qt5/plugins/imageformats/libqwebp.so",O_RDONLY|O_CLOEXEC|O_VERIFY,00) = 9 (0x9)
fstat(9,{ mode=-rwxr-xr-x ,inode=276410,size=26368,blksize=26624 }) = 0 (0x0)
fstatfs(9,{ fstypename=zfs,mntonname=/,mntfromname=zroot/ROOT/default,fsid= }) = 0 (0x0)
mmap(0x0,4096,PROT_READ,MAP_PRIVATE|MAP_PREFAULT_READ,9,0x0) = 34500026368 (0x8085ca000)
mmap(0x0,36864,PROT_NONE,MAP_GUARD,-1,0x0)	 = 34604949504 (0x80e9da000)
mmap(0x80e9da000,16384,PROT_READ,MAP_PRIVATE|MAP_FIXED|MAP_NOCORE|MAP_PREFAULT_READ,9,0x0) = 34604949504 (0x80e9da000)
mmap(0x80e9de000,12288,PROT_READ|PROT_EXEC,MAP_PRIVATE|MAP_FIXED|MAP_NOCORE|MAP_PREFAULT_READ,9,0x3000) = 34604965888 (0x80e9de000)
mmap(0x80e9e1000,4096,PROT_READ|PROT_WRITE,MAP_PRIVATE|MAP_FIXED|MAP_PREFAULT_READ,9,0x5000) = 34604978176 (0x80e9e1000)
mmap(0x80e9e2000,4096,PROT_READ|PROT_WRITE,MAP_PRIVATE|MAP_FIXED|MAP_PREFAULT_READ,9,0x5000) = 34604982272 (0x80e9e2000)
munmap(0x8085ca000,4096)			 = 0 (0x0)
close(9)					 = 0 (0x0)
open("/usr/local/lib/qt5/libwebp.so.7",O_RDONLY|O_CLOEXEC|O_VERIFY,00) ERR#2 'No such file or directory'
open("/lib/libwebp.so.7",O_RDONLY|O_CLOEXEC|O_VERIFY,00) ERR#2 'No such file or directory'
open("/usr/lib/libwebp.so.7",O_RDONLY|O_CLOEXEC|O_VERIFY,00) ERR#2 'No such file or directory'
open("/usr/lib/compat/libwebp.so.7",O_RDONLY|O_CLOEXEC|O_VERIFY,00) ERR#2 'No such file or directory'
open("/usr/local/lib/libwebp.so.7",O_RDONLY|O_CLOEXEC|O_VERIFY,00) = 9 (0x9)
fstat(9,{ mode=-rwxr-xr-x ,inode=200467,size=532040,blksize=131072 }) = 0 (0x0)
fstatfs(9,{ fstypename=zfs,mntonname=/,mntfromname=zroot/ROOT/default,fsid= }) = 0 (0x0)
mmap(0x0,4096,PROT_READ,MAP_PRIVATE|MAP_PREFAULT_READ,9,0x0) = 34500026368 (0x8085ca000)
mmap(0x0,552960,PROT_NONE,MAP_GUARD,-1,0x0)	 = 34604986368 (0x80e9e3000)
mmap(0x80e9e3000,81920,PROT_READ,MAP_PRIVATE|MAP_FIXED|MAP_NOCORE|MAP_PREFAULT_READ,9,0x0) = 34604986368 (0x80e9e3000)
mmap(0x80e9f7000,454656,PROT_READ|PROT_EXEC,MAP_PRIVATE|MAP_FIXED|MAP_NOCORE|MAP_PREFAULT_READ,9,0x13000) = 34605068288 (0x80e9f7000)
mmap(0x80ea66000,4096,PROT_READ|PROT_WRITE,MAP_PRIVATE|MAP_FIXED|MAP_PREFAULT_READ,9,0x81000) = 34605522944 (0x80ea66000)
mmap(0x80ea67000,4096,PROT_READ|PROT_WRITE,MAP_PRIVATE|MAP_FIXED|MAP_PREFAULT_READ,9,0x81000) = 34605527040 (0x80ea67000)
mmap(0x80ea68000,8192,PROT_READ|PROT_WRITE,MAP_PRIVATE|MAP_FIXED|MAP_ANON,-1,0x0) = 34605531136 (0x80ea68000)
munmap(0x8085ca000,4096)			 = 0 (0x0)
close(9)					 = 0 (0x0)
open("/usr/local/lib/qt5/libwebpdemux.so.2",O_RDONLY|O_CLOEXEC|O_VERIFY,014232266000) ERR#2 'No such file or directory'
open("/lib/libwebpdemux.so.2",O_RDONLY|O_CLOEXEC|O_VERIFY,014232266000) ERR#2 'No such file or directory'
open("/usr/lib/libwebpdemux.so.2",O_RDONLY|O_CLOEXEC|O_VERIFY,014232266000) ERR#2 'No such file or directory'
open("/usr/lib/compat/libwebpdemux.so.2",O_RDONLY|O_CLOEXEC|O_VERIFY,014232266000) ERR#2 'No such file or directory'
open("/usr/local/lib/libwebpdemux.so.2",O_RDONLY|O_CLOEXEC|O_VERIFY,014232266000) = 9 (0x9)
fstat(9,{ mode=-rwxr-xr-x ,inode=217306,size=15592,blksize=15872 }) = 0 (0x0)
fstatfs(9,{ fstypename=zfs,mntonname=/,mntfromname=zroot/ROOT/default,fsid= }) = 0 (0x0)
mmap(0x0,4096,PROT_READ,MAP_PRIVATE|MAP_PREFAULT_READ,9,0x0) = 34500026368 (0x8085ca000)
mmap(0x0,28672,PROT_NONE,MAP_GUARD,-1,0x0)	 = 34605539328 (0x80ea6a000)
mmap(0x80ea6a000,8192,PROT_READ,MAP_PRIVATE|MAP_FIXED|MAP_NOCORE|MAP_PREFAULT_READ,9,0x0) = 34605539328 (0x80ea6a000)
mmap(0x80ea6c000,12288,PROT_READ|PROT_EXEC,MAP_PRIVATE|MAP_FIXED|MAP_NOCORE|MAP_PREFAULT_READ,9,0x1000) = 34605547520 (0x80ea6c000)
mmap(0x80ea6f000,4096,PROT_READ|PROT_WRITE,MAP_PRIVATE|MAP_FIXED|MAP_PREFAULT_READ,9,0x3000) = 34605559808 (0x80ea6f000)
mmap(0x80ea70000,4096,PROT_READ|PROT_WRITE,MAP_PRIVATE|MAP_FIXED|MAP_PREFAULT_READ,9,0x3000) = 34605563904 (0x80ea70000)
munmap(0x8085ca000,4096)			 = 0 (0x0)
close(9)					 = 0 (0x0)
open("/usr/local/lib/qt5/libwebpmux.so.3",O_RDONLY|O_CLOEXEC|O_VERIFY,014232266000) ERR#2 'No such file or directory'
open("/lib/libwebpmux.so.3",O_RDONLY|O_CLOEXEC|O_VERIFY,014232266000) ERR#2 'No such file or directory'
open("/usr/lib/libwebpmux.so.3",O_RDONLY|O_CLOEXEC|O_VERIFY,014232266000) ERR#2 'No such file or directory'
open("/usr/lib/compat/libwebpmux.so.3",O_RDONLY|O_CLOEXEC|O_VERIFY,014232266000) ERR#2 'No such file or directory'
open("/usr/local/lib/libwebpmux.so.3",O_RDONLY|O_CLOEXEC|O_VERIFY,014232266000) = 9 (0x9)
fstat(9,{ mode=-rwxr-xr-x ,inode=218081,size=44216,blksize=44544 }) = 0 (0x0)
fstatfs(9,{ fstypename=zfs,mntonname=/,mntfromname=zroot/ROOT/default,fsid= }) = 0 (0x0)
mmap(0x0,4096,PROT_READ,MAP_PRIVATE|MAP_PREFAULT_READ,9,0x0) = 34500026368 (0x8085ca000)
mmap(0x0,57344,PROT_NONE,MAP_GUARD,-1,0x0)	 = 34605568000 (0x80ea71000)
mmap(0x80ea71000,12288,PROT_READ,MAP_PRIVATE|MAP_FIXED|MAP_NOCORE|MAP_PREFAULT_READ,9,0x0) = 34605568000 (0x80ea71000)
mmap(0x80ea74000,36864,PROT_READ|PROT_EXEC,MAP_PRIVATE|MAP_FIXED|MAP_NOCORE|MAP_PREFAULT_READ,9,0x2000) = 34605580288 (0x80ea74000)
mmap(0x80ea7d000,4096,PROT_READ|PROT_WRITE,MAP_PRIVATE|MAP_FIXED|MAP_PREFAULT_READ,9,0xa000) = 34605617152 (0x80ea7d000)
mmap(0x80ea7e000,4096,PROT_READ|PROT_WRITE,MAP_PRIVATE|MAP_FIXED|MAP_PREFAULT_READ,9,0xa000) = 34605621248 (0x80ea7e000)
munmap(0x8085ca000,4096)			 = 0 (0x0)
close(9)					 = 0 (0x0)
sigprocmask(SIG_BLOCK,0x0,{ SIGUSR2 })		 = 0 (0x0)
sigprocmask(SIG_BLOCK,0x0,{ SIGUSR2 })		 = 0 (0x0)
sigprocmask(SIG_BLOCK,0x0,{ SIGUSR2 })		 = 0 (0x0)
__sysctl("hw.ncpu",2,0x7fffffffb714,0x7fffffffb708,0x0,0) = 0 (0x0)
write(5,"\^A\0\0\0\0\0\0\0",8)			 = 8 (0x8)
mmap(0x7fffdf5f9000,2101248,PROT_READ|PROT_WRITE,MAP_STACK,-1,0x0) = 140736940969984 (0x7fffdf5f9000)
mprotect(0x7fffdf5f9000,4096,PROT_NONE)		 = 0 (0x0)
thr_new(0x7fffffffd8c0,0x68)			 = 0 (0x0)
<new thread 323541>
sigfastblock(0x1,0x80aa14338)			 = 0 (0x0)
_umtx_op(0x801afd828,UMTX_OP_MUTEX_WAKE2,0x0,0x0,0x0) = 0 (0x0)
_umtx_op(0x801afd828,UMTX_OP_MUTEX_WAIT,0x0,0x0,0x0) = 0 (0x0)
mmap(0x0,2097152,PROT_READ|PROT_WRITE,MAP_PRIVATE|MAP_ANON|MAP_ALIGNED(21),-1,0x0) = 34607202304 (0x80ec00000)
mmap(0x0,2097152,PROT_READ|PROT_WRITE,MAP_PRIVATE|MAP_ANON|MAP_ALIGNED(12),-1,0x0) = 34609299456 (0x80ee00000)
__specialfd(0x1,0x7fffdf7f9e38,0x8)		 = 9 (0x9)
write(9,"\^A\0\0\0\0\0\0\0",8)			 = 8 (0x8)
poll({ 9/POLLIN },1,0)				 = 1 (0x1)
read(9,"\^A\0\0\0\0\0\0\0",16)			 = 8 (0x8)
clock_getres(0x4,0x7fffdf7f9890)		 = 0 (0x0)
issetugid()					 = 0 (0x0)
issetugid()					 = 0 (0x0)
issetugid()					 = 0 (0x0)
issetugid()					 = 0 (0x0)
socket(PF_LOCAL,SOCK_STREAM|SOCK_CLOEXEC,0)	 = 10 (0xa)
connect(10,{ AF_UNIX "/tmp/dbus-zuAM82x7pG" },22) = 0 (0x0)
fcntl(10,F_GETFL,)				 = 2 (0x2)
fcntl(10,F_SETFL,O_RDWR|O_NONBLOCK)		 = 0 (0x0)
geteuid()					 = 1002 (0x3ea)
getsockname(10,{ AF_UNIX "" },0x7fffdf7f963c)	 = 0 (0x0)
poll({ 10/POLLOUT },1,0)			 = 1 (0x1)
sendmsg(10,{NULL,0,[{"\0",1}],1,{{level=SOL_SOCKET,type=SCM_CREDS,data={0x00,0x00,0x00,0x00,0x00,0x00,0x00,0x00,0x00,0x00,0x00,0x00,0x00,0x00,0x00,0x00,0x00,0x00,0x00,0x00,0x00,0x00,0x00,0x00,0x00,0x00,0x00,0x00,0x00,0x00,0x00,0x00,0x00,0x00,0x00,0x00,0x00,0x00,0x00,0x00,0x00,0x00,0x00,0x00,0x00,0x00,0x00,0x00,0x00,0x00,0x00,0x00,0x00,0x00,0x00,0x00,0x00,0x00,0x00,0x00,0x00,0x00,0x00,0x00,0x00,0x00,0x00,0x00,0x00,0x00,0x00,0x00,0x00,0x00,0x00,0x00,0x00,0x00,0x00,0x00,0x00,0x00,0x00,0x00}}},104,0},MSG_NOSIGNAL) = 1 (0x1)
sendto(10,"AUTH EXTERNAL 31303032\r\n",24,MSG_NOSIGNAL,NULL,0) = 24 (0x18)
poll({ 10/POLLIN },1,-1)			 = 1 (0x1)
read(10,"OK 5ff0b6c3560377370acfc0bd61e0d"...,2048) = 37 (0x25)
poll({ 10/POLLOUT },1,-1)			 = 1 (0x1)
sendto(10,"NEGOTIATE_UNIX_FD\r\n",19,MSG_NOSIGNAL,NULL,0) = 19 (0x13)
poll({ 10/POLLIN },1,-1)			 = 1 (0x1)
read(10,"AGREE_UNIX_FD\r\n",2048)		 = 15 (0xf)
poll({ 10/POLLOUT },1,-1)			 = 1 (0x1)
sendto(10,"BEGIN\r\n",7,MSG_NOSIGNAL,NULL,0)	 = 7 (0x7)
poll({ 10/POLLIN|POLLOUT },1,-1)		 = 1 (0x1)
sendmsg(10,{NULL,0,[{"l\^A\0\^A\0\0\0\0\^A\0\0\0n\0\0"...,128},{0x80ee226c0,0}],2,{},0,0},MSG_NOSIGNAL) = 128 (0x80)
poll({ 10/POLLIN },1,25000)			 = 1 (0x1)
recvmsg(10,{NULL,0,[{"l\^B\^A\^A\n\0\0\0\^A\0\0\0=\0\0"...,2048}],1,{},0,0x40000},0x40000) = 260 (0x104)
recvmsg(10,0x7fffdf7f9620,0x40000)		 ERR#35 'Resource temporarily unavailable'
write(9,"\^A\0\0\0\0\0\0\0",8)			 = 8 (0x8)
write(9,"\^A\0\0\0\0\0\0\0",8)			 = 8 (0x8)
write(9,"\^A\0\0\0\0\0\0\0",8)			 = 8 (0x8)
write(9,"\^A\0\0\0\0\0\0\0",8)			 = 8 (0x8)
_umtx_op(0x80aa145c0,UMTX_OP_NWAKE_PRIVATE,0x1,0x0,0x0) = 0 (0x0)
_umtx_op(0x801afd7e8,UMTX_OP_WAIT_UINT_PRIVATE,0x0,0x0,0x0) = 0 (0x0)
write(9,"\^A\0\0\0\0\0\0\0",8)			 = 8 (0x8)
poll({ 9/POLLIN 10/POLLIN },2,0)		 = 1 (0x1)
write(5,"\^A\0\0\0\0\0\0\0",8)			 = 8 (0x8)
read(9,"\^E\0\0\0\0\0\0\0",16)			 = 8 (0x8)
_umtx_op(0x80a73b188,UMTX_OP_MUTEX_WAKE2,0x0,0x0,0x0) = 0 (0x0)
_umtx_op(0x80a73b188,UMTX_OP_MUTEX_WAIT,0x0,0x0,0x0) = 0 (0x0)
write(9,"\^A\0\0\0\0\0\0\0",8)			 = 8 (0x8)
write(9,"\^A\0\0\0\0\0\0\0",8)			 = 8 (0x8)
poll({ 9/POLLIN 10/POLLIN },2,0)		 = 1 (0x1)
read(9,"\^B\0\0\0\0\0\0\0",16)			 = 8 (0x8)
sendmsg(10,{NULL,0,[{"l\^A\^A\^A\M^G\0\0\0\^B\0\0\0\^?"...,144},{"\M^B\0\0\0type='signal',sender='"...,135}],2,{},0,0},MSG_NOSIGNAL) = 279 (0x117)
_umtx_op(0x80aa145c0,UMTX_OP_NWAKE_PRIVATE,0x1,0x0,0x0) = 0 (0x0)
_umtx_op(0x801afd7e8,UMTX_OP_WAIT_UINT_PRIVATE,0x0,0x0,0x0) = 0 (0x0)
write(9,"\^A\0\0\0\0\0\0\0",8)			 = 8 (0x8)
poll({ 9/POLLIN 10/POLLIN },2,-1)		 = 1 (0x1)
read(9,"\^A\0\0\0\0\0\0\0",16)			 = 8 (0x8)
sendmsg(10,{NULL,0,[{"l\^A\0\^A\^Q\0\0\0\^C\0\0\0\^?\0"...,144},{"\f\0\0\0org.a11y.Bus\0",17}],2,{},0,0},MSG_NOSIGNAL) = 161 (0xa1)
poll({ 9/POLLIN 10/POLLIN },2,25058)		 = 1 (0x1)
recvmsg(10,{NULL,0,[{"l\^B\^A\^A\^D\0\0\0\^C\0\0\0=\0"...,2048}],1,{},0,0x40000},0x40000) = 84 (0x54)
recvmsg(10,0x7fffdf7f9790,0x40000)		 ERR#35 'Resource temporarily unavailable'
write(9,"\^A\0\0\0\0\0\0\0",8)			 = 8 (0x8)
_umtx_op(0x80aa145c0,UMTX_OP_NWAKE_PRIVATE,0x1,0x0,0x0) = 0 (0x0)
_umtx_op(0x801afd7e8,UMTX_OP_WAIT_UINT_PRIVATE,0x0,0x0,0x0) = 0 (0x0)
poll({ 9/POLLIN 10/POLLIN },2,0)		 = 1 (0x1)
read(9,"\^A\0\0\0\0\0\0\0",16)			 = 8 (0x8)
write(9,"\^A\0\0\0\0\0\0\0",8)			 = 8 (0x8)
poll({ 9/POLLIN 10/POLLIN },2,-1)		 = 1 (0x1)
read(9,"\^A\0\0\0\0\0\0\0",16)			 = 8 (0x8)
sendmsg(10,{NULL,0,[{"l\^A\^A\^A\^?\0\0\0\^D\0\0\0\^?"...,144},{"z\0\0\0type='signal',sender='org"...,127}],2,{},0,0},MSG_NOSIGNAL) = 271 (0x10f)
_umtx_op(0x80aa145c0,UMTX_OP_NWAKE_PRIVATE,0x1,0x0,0x0) = 0 (0x0)
_umtx_op(0x801afd7e8,UMTX_OP_WAIT_UINT_PRIVATE,0x0,0x0,0x0) = 0 (0x0)
write(9,"\^A\0\0\0\0\0\0\0",8)			 = 8 (0x8)
poll({ 9/POLLIN 10/POLLIN },2,-1)		 = 1 (0x1)
read(9,"\^A\0\0\0\0\0\0\0",16)			 = 8 (0x8)
sendmsg(10,{NULL,0,[{"l\^A\0\^A\^Q\0\0\0\^E\0\0\0\^?\0"...,144},{"\f\0\0\0org.a11y.Bus\0",17}],2,{},0,0},MSG_NOSIGNAL) = 161 (0xa1)
poll({ 9/POLLIN 10/POLLIN },2,25056)		 = 1 (0x1)
recvmsg(10,{NULL,0,[{"l\^B\^A\^A\t\0\0\0\^D\0\0\0=\0\0"...,2048}],1,{},0,0x40000},0x40000) = 89 (0x59)
recvmsg(10,0x7fffdf7f9790,0x40000)		 ERR#35 'Resource temporarily unavailable'
write(9,"\^A\0\0\0\0\0\0\0",8)			 = 8 (0x8)
_umtx_op(0x80aa145c0,UMTX_OP_NWAKE_PRIVATE,0x1,0x0,0x0) = 0 (0x0)
_umtx_op(0x801afd7e8,UMTX_OP_WAIT_UINT_PRIVATE,0x0,0x0,0x0) = 0 (0x0)
poll({ 9/POLLIN 10/POLLIN },2,0)		 = 1 (0x1)
read(9,"\^A\0\0\0\0\0\0\0",16)			 = 8 (0x8)
write(9,"\^A\0\0\0\0\0\0\0",8)			 = 8 (0x8)
poll({ 9/POLLIN 10/POLLIN },2,-1)		 = 1 (0x1)
read(9,"\^A\0\0\0\0\0\0\0",16)			 = 8 (0x8)
sendmsg(10,{NULL,0,[{"l\^A\0\^A,\0\0\0\^F\0\0\0p\0\0\0"...,128},{"\^O\0\0\0org.a11y.Status\0\^S\0"...,44}],2,{},0,0},MSG_NOSIGNAL) = 172 (0xac)
poll({ 9/POLLIN 10/POLLIN },2,25055)		 = 1 (0x1)
recvmsg(10,{NULL,0,[{"l\^B\^A\^A\b\0\0\0\^Y\0\0\0-\0\0"...,2048}],1,{},0,0x40000},0x40000) = 72 (0x48)
recvmsg(10,0x7fffdf7f9790,0x40000)		 ERR#35 'Resource temporarily unavailable'
write(9,"\^A\0\0\0\0\0\0\0",8)			 = 8 (0x8)
_umtx_op(0x80aa145c0,UMTX_OP_NWAKE_PRIVATE,0x1,0x0,0x0) = 0 (0x0)
_umtx_op(0x801afd7e8,UMTX_OP_WAIT_UINT_PRIVATE,0x0,0x0,0x0) = 0 (0x0)
poll({ 9/POLLIN 10/POLLIN },2,0)		 = 1 (0x1)
read(9,"\^A\0\0\0\0\0\0\0",16)			 = 8 (0x8)
write(9,"\^A\0\0\0\0\0\0\0",8)			 = 8 (0x8)
poll({ 9/POLLIN 10/POLLIN },2,-1)		 = 1 (0x1)
read(9,"\^A\0\0\0\0\0\0\0",16)			 = 8 (0x8)
sendmsg(10,{NULL,0,[{"l\^A\0\^A"\0\0\0\a\0\0\0p\0\0\0"...,128},{"\^O\0\0\0org.a11y.Status\0\t\0\0"...,34}],2,{},0,0},MSG_NOSIGNAL) = 162 (0xa2)
poll({ 9/POLLIN 10/POLLIN },2,25054)		 = 1 (0x1)
recvmsg(10,{NULL,0,[{"l\^B\^A\^A\b\0\0\0\^Z\0\0\0-\0\0"...,2048}],1,{},0,0x40000},0x40000) = 72 (0x48)
recvmsg(10,0x7fffdf7f9790,0x40000)		 ERR#35 'Resource temporarily unavailable'
write(9,"\^A\0\0\0\0\0\0\0",8)			 = 8 (0x8)
_umtx_op(0x80aa145c0,UMTX_OP_NWAKE_PRIVATE,0x1,0x0,0x0) = 0 (0x0)
_umtx_op(0x801afd7e8,UMTX_OP_WAIT_UINT_PRIVATE,0x0,0x0,0x0) = 0 (0x0)
poll({ 9/POLLIN 10/POLLIN },2,0)		 = 1 (0x1)
read(9,"\^A\0\0\0\0\0\0\0",16)			 = 8 (0x8)
poll({ 3/POLLIN|POLLOUT },1,-1)			 = 1 (0x1)
writev(3,[{"\^T\0\^F\0\M-W\^A\0\0k\^A\0\0\^_"...,24}],1) = 24 (0x18)
poll({ 3/POLLIN },1,-1)				 = 1 (0x1)
recvmsg(3,{NULL,0,[{"\^A\b<\^A\^Q\0\0\0\^_\0\0\0\0\0"...,4096}],1,{},0,0},0) = 100 (0x64)
_umtx_op(0x80aa130c0,UMTX_OP_NWAKE_PRIVATE,0x1,0x0,0x0) = 0 (0x0)
_umtx_op(0x801afd7e8,UMTX_OP_WAIT_UINT_PRIVATE,0x0,0x0,0x0) = 0 (0x0)
write(9,"\^A\0\0\0\0\0\0\0",8)			 = 8 (0x8)
poll({ 9/POLLIN 10/POLLIN },2,-1)		 = 1 (0x1)
read(9,"\^A\0\0\0\0\0\0\0",16)			 = 8 (0x8)
socket(PF_LOCAL,SOCK_STREAM|SOCK_CLOEXEC,0)	 = 11 (0xb)
connect(11,{ AF_UNIX "/tmp/dbus-ElBe7n4LDz" },22) = 0 (0x0)
fcntl(11,F_GETFL,)				 = 2 (0x2)
fcntl(11,F_SETFL,O_RDWR|O_NONBLOCK)		 = 0 (0x0)
geteuid()					 = 1002 (0x3ea)
getsockname(11,{ AF_UNIX "" },0x7fffdf7f96bc)	 = 0 (0x0)
poll({ 11/POLLOUT },1,0)			 = 1 (0x1)
sendmsg(11,{NULL,0,[{"\0",1}],1,{{level=SOL_SOCKET,type=SCM_CREDS,data={0x00,0x00,0x00,0x00,0x00,0x00,0x00,0x00,0x00,0x00,0x00,0x00,0x00,0x00,0x00,0x00,0x00,0x00,0x00,0x00,0x00,0x00,0x00,0x00,0x00,0x00,0x00,0x00,0x00,0x00,0x00,0x00,0x00,0x00,0x00,0x00,0x00,0x00,0x00,0x00,0x00,0x00,0x00,0x00,0x00,0x00,0x00,0x00,0x00,0x00,0x00,0x00,0x00,0x00,0x00,0x00,0x00,0x00,0x00,0x00,0x00,0x00,0x00,0x00,0x00,0x00,0x00,0x00,0x00,0x00,0x00,0x00,0x00,0x00,0x00,0x00,0x00,0x00,0x00,0x00,0x00,0x00,0x00,0x00}}},104,0},MSG_NOSIGNAL) = 1 (0x1)
sendto(11,"AUTH EXTERNAL 31303032\r\n",24,MSG_NOSIGNAL,NULL,0) = 24 (0x18)
poll({ 11/POLLIN },1,-1)			 = 1 (0x1)
read(11,"OK 322b5f453086e95123fec66761e0d"...,2048) = 37 (0x25)
poll({ 11/POLLOUT },1,-1)			 = 1 (0x1)
sendto(11,"NEGOTIATE_UNIX_FD\r\n",19,MSG_NOSIGNAL,NULL,0) = 19 (0x13)
poll({ 11/POLLIN },1,-1)			 = 1 (0x1)
read(11,"AGREE_UNIX_FD\r\n",2048)		 = 15 (0xf)
poll({ 11/POLLOUT },1,-1)			 = 1 (0x1)
sendto(11,"BEGIN\r\n",7,MSG_NOSIGNAL,NULL,0)	 = 7 (0x7)
poll({ 11/POLLIN|POLLOUT },1,-1)		 = 1 (0x1)
sendmsg(11,{NULL,0,[{"l\^A\0\^A\0\0\0\0\^A\0\0\0n\0\0"...,128},{0x80ee490e0,0}],2,{},0,0},MSG_NOSIGNAL) = 128 (0x80)
poll({ 11/POLLIN },1,25000)			 = 1 (0x1)
recvmsg(11,{NULL,0,[{"l\^B\^A\^A\n\0\0\0\^A\0\0\0=\0\0"...,2048}],1,{},0,0x40000},0x40000) = 260 (0x104)
recvmsg(11,0x7fffdf7f96a0,0x40000)		 ERR#35 'Resource temporarily unavailable'
write(9,"\^A\0\0\0\0\0\0\0",8)			 = 8 (0x8)
write(9,"\^A\0\0\0\0\0\0\0",8)			 = 8 (0x8)
write(9,"\^A\0\0\0\0\0\0\0",8)			 = 8 (0x8)
write(9,"\^A\0\0\0\0\0\0\0",8)			 = 8 (0x8)
_umtx_op(0x80aa145c0,UMTX_OP_NWAKE_PRIVATE,0x1,0x0,0x0) = 0 (0x0)
_umtx_op(0x801afd7e8,UMTX_OP_WAIT_UINT_PRIVATE,0x0,0x0,0x0) = 0 (0x0)
write(9,"\^A\0\0\0\0\0\0\0",8)			 = 8 (0x8)
poll({ 9/POLLIN 10/POLLIN 11/POLLIN },3,0)	 = 1 (0x1)
read(9,"\^E\0\0\0\0\0\0\0",16)			 = 8 (0x8)
write(5,"\^A\0\0\0\0\0\0\0",8)			 = 8 (0x8)
write(5,"\^A\0\0\0\0\0\0\0",8)			 = 8 (0x8)
sigprocmask(SIG_BLOCK,0x0,{ SIGUSR2 })		 = 0 (0x0)
sigprocmask(SIG_BLOCK,0x0,{ SIGUSR2 })		 = 0 (0x0)
sigprocmask(SIG_BLOCK,0x0,{ SIGUSR2 })		 = 0 (0x0)
write(5,"\^A\0\0\0\0\0\0\0",8)			 = 8 (0x8)
write(5,"\^A\0\0\0\0\0\0\0",8)			 = 8 (0x8)
write(5,"\^A\0\0\0\0\0\0\0",8)			 = 8 (0x8)
sigprocmask(SIG_BLOCK,0x0,{ SIGUSR2 })		 = 0 (0x0)
sigprocmask(SIG_BLOCK,0x0,{ SIGUSR2 })		 = 0 (0x0)
sigprocmask(SIG_BLOCK,0x0,{ SIGUSR2 })		 = 0 (0x0)
write(5,"\^A\0\0\0\0\0\0\0",8)			 = 8 (0x8)
write(5,"\^A\0\0\0\0\0\0\0",8)			 = 8 (0x8)
write(5,"\^A\0\0\0\0\0\0\0",8)			 = 8 (0x8)
write(9,"\^A\0\0\0\0\0\0\0",8)			 = 8 (0x8)
poll({ 9/POLLIN 10/POLLIN 11/POLLIN },3,-1)	 = 1 (0x1)
read(9,"\^A\0\0\0\0\0\0\0",16)			 = 8 (0x8)
sendmsg(10,{NULL,0,[{"l\^A\^A\^A\M^X\0\0\0\b\0\0\0\^?"...,144},{"\M^S\0\0\0type='signal',sender='"...,152}],2,{},0,0},MSG_NOSIGNAL) = 296 (0x128)
_umtx_op(0x80aa145c0,UMTX_OP_NWAKE_PRIVATE,0x1,0x0,0x0) = 0 (0x0)
_umtx_op(0x801afd7e8,UMTX_OP_WAIT_UINT_PRIVATE,0x0,0x0,0x0) = 0 (0x0)
write(9,"\^A\0\0\0\0\0\0\0",8)			 = 8 (0x8)
poll({ 9/POLLIN 10/POLLIN 11/POLLIN },3,-1)	 = 1 (0x1)
read(9,"\^A\0\0\0\0\0\0\0",16)			 = 8 (0x8)
sendmsg(10,{NULL,0,[{"l\^A\0\^A\0\0\0\0\t\0\0\0\M^K\0"...,160},{0x80ee491c0,0}],2,{},0,0},MSG_NOSIGNAL) = 160 (0xa0)
poll({ 9/POLLIN 10/POLLIN 11/POLLIN },3,25048)	 = 1 (0x1)
recvmsg(10,{NULL,0,[{"l\^B\^A\^A{\b\0\0:\0\0\0.\0\0\0"...,2048}],1,{},0,0x40000},0x40000) = 2048 (0x800)
recvmsg(10,{NULL,0,[{"rItems" access="read"/>\n    <pr"...,2048}],1,{},0,0x40000},0x40000) = 187 (0xbb)
write(9,"\^A\0\0\0\0\0\0\0",8)			 = 8 (0x8)
_umtx_op(0x80aa145c0,UMTX_OP_NWAKE_PRIVATE,0x1,0x0,0x0) = 0 (0x0)
_umtx_op(0x801afd7e8,UMTX_OP_WAIT_UINT_PRIVATE,0x0,0x0,0x0) = 0 (0x0)
poll({ 9/POLLIN 10/POLLIN 11/POLLIN },3,0)	 = 1 (0x1)
read(9,"\^A\0\0\0\0\0\0\0",16)			 = 8 (0x8)
write(9,"\^A\0\0\0\0\0\0\0",8)			 = 8 (0x8)
poll({ 9/POLLIN 10/POLLIN 11/POLLIN },3,-1)	 = 1 (0x1)
read(9,"\^A\0\0\0\0\0\0\0",16)			 = 8 (0x8)
sendmsg(10,{NULL,0,[{"l\^A\^A\^A\M^P\0\0\0\n\0\0\0\^?"...,144},{"\M^K\0\0\0type='signal',sender='"...,144}],2,{},0,0},MSG_NOSIGNAL) = 288 (0x120)
_umtx_op(0x80aa145c0,UMTX_OP_NWAKE_PRIVATE,0x1,0x0,0x0) = 0 (0x0)
_umtx_op(0x801afd7e8,UMTX_OP_WAIT_UINT_PRIVATE,0x0,0x0,0x0) = 0 (0x0)
write(9,"\^A\0\0\0\0\0\0\0",8)			 = 8 (0x8)
poll({ 9/POLLIN 10/POLLIN 11/POLLIN },3,-1)	 = 1 (0x1)
read(9,"\^A\0\0\0\0\0\0\0",16)			 = 8 (0x8)
sendmsg(10,{NULL,0,[{"l\^A\0\^A"\0\0\0\v\0\0\0\^?\0\0"...,144},{"\^]\0\0\0org.kde.StatusNotifierW"...,34}],2,{},0,0},MSG_NOSIGNAL) = 178 (0xb2)
poll({ 9/POLLIN 10/POLLIN 11/POLLIN },3,25047)	 = 1 (0x1)
recvmsg(10,{NULL,0,[{"l\^B\^A\^A\n\0\0\0\^E\0\0\0=\0\0"...,2048}],1,{},0,0x40000},0x40000) = 90 (0x5a)
recvmsg(10,0x7fffdf7f9790,0x40000)		 ERR#35 'Resource temporarily unavailable'
write(9,"\^A\0\0\0\0\0\0\0",8)			 = 8 (0x8)
_umtx_op(0x80aa145c0,UMTX_OP_NWAKE_PRIVATE,0x1,0x0,0x0) = 0 (0x0)
_umtx_op(0x801afd7e8,UMTX_OP_WAIT_UINT_PRIVATE,0x0,0x0,0x0) = 0 (0x0)
poll({ 9/POLLIN 10/POLLIN 11/POLLIN },3,0)	 = 1 (0x1)
read(9,"\^A\0\0\0\0\0\0\0",16)			 = 8 (0x8)
write(9,"\^A\0\0\0\0\0\0\0",8)			 = 8 (0x8)
poll({ 9/POLLIN 10/POLLIN 11/POLLIN },3,-1)	 = 1 (0x1)
read(9,"\^A\0\0\0\0\0\0\0",16)			 = 8 (0x8)
sendmsg(10,{NULL,0,[{"l\^A\0\^AG\0\0\0\f\0\0\0\M^H\0\0"...,152},{"\^]\0\0\0org.kde.StatusNotifierW"...,71}],2,{},0,0},MSG_NOSIGNAL) = 223 (0xdf)
poll({ 9/POLLIN 10/POLLIN 11/POLLIN },3,25046)	 = 1 (0x1)
recvmsg(10,{NULL,0,[{"l\^B\^A\^A\b\0\0\0;\0\0\0.\0\0\0"...,2048}],1,{},0,0x40000},0x40000) = 72 (0x48)
recvmsg(10,0x7fffdf7f9790,0x40000)		 ERR#35 'Resource temporarily unavailable'
write(9,"\^A\0\0\0\0\0\0\0",8)			 = 8 (0x8)
_umtx_op(0x80aa145c0,UMTX_OP_NWAKE_PRIVATE,0x1,0x0,0x0) = 0 (0x0)
_umtx_op(0x801afd7e8,UMTX_OP_WAIT_UINT_PRIVATE,0x0,0x0,0x0) = 0 (0x0)
poll({ 9/POLLIN 10/POLLIN 11/POLLIN },3,0)	 = 1 (0x1)
read(9,"\^A\0\0\0\0\0\0\0",16)			 = 8 (0x8)
write(9,"\^A\0\0\0\0\0\0\0",8)			 = 8 (0x8)
poll({ 9/POLLIN 10/POLLIN 11/POLLIN },3,-1)	 = 1 (0x1)
read(9,"\^A\0\0\0\0\0\0\0",16)			 = 8 (0x8)
sendmsg(10,{NULL,0,[{"l\^A\^A\^A\M^P\0\0\0\r\0\0\0\^?"...,144},{"\M^K\0\0\0type='signal',sender='"...,144}],2,{},0,0},MSG_NOSIGNAL) = 288 (0x120)
sendmsg(10,{NULL,0,[{"l\^A\^A\^A\M^G\0\0\0\^N\0\0\0\^?"...,144},{"\M^B\0\0\0type='signal',sender='"...,135}],2,{},0,0},MSG_NOSIGNAL) = 279 (0x117)
_umtx_op(0x80aa145c0,UMTX_OP_NWAKE_PRIVATE,0x1,0x0,0x0) = 0 (0x0)
_umtx_op(0x801afd7e8,UMTX_OP_WAIT_UINT_PRIVATE,0x0,0x0,0x0) = 0 (0x0)
poll({ 9/POLLIN 10/POLLIN 11/POLLIN },3,-1)	 = 1 (0x1)
recvmsg(10,{NULL,0,[{"l\^C\^A\^A;\0\0\0\^F\0\0\0u\0\0"...,2048}],1,{},0,0x40000},0x40000) = 195 (0xc3)
write(9,"\^A\0\0\0\0\0\0\0",8)			 = 8 (0x8)
recvmsg(10,0x7fffdf7f9790,0x40000)		 ERR#35 'Resource temporarily unavailable'
write(9,"\^A\0\0\0\0\0\0\0",8)			 = 8 (0x8)
poll({ 9/POLLIN 10/POLLIN 11/POLLIN },3,0)	 = 1 (0x1)
read(9,"\^B\0\0\0\0\0\0\0",16)			 = 8 (0x8)
sendmsg(10,{NULL,0,[{"l\^A\^A\^A\M^X\0\0\0\^O\0\0\0\^?"...,144},{"\M^S\0\0\0type='signal',sender='"...,152}],2,{},0,0},MSG_NOSIGNAL) = 296 (0x128)
_umtx_op(0x80aa145c0,UMTX_OP_NWAKE_PRIVATE,0x1,0x0,0x0) = 0 (0x0)
_umtx_op(0x801afd7e8,UMTX_OP_WAIT_UINT_PRIVATE,0x0,0x0,0x0) = 0 (0x0)
write(5,"\^A\0\0\0\0\0\0\0",8)			 = 8 (0x8)
getpid()					 = 19015 (0x4a47)
write(5,"\^A\0\0\0\0\0\0\0",8)			 = 8 (0x8)
write(9,"\^A\0\0\0\0\0\0\0",8)			 = 8 (0x8)
poll({ 9/POLLIN 10/POLLIN 11/POLLIN },3,-1)	 = 1 (0x1)
read(9,"\^A\0\0\0\0\0\0\0",16)			 = 8 (0x8)
socket(PF_LOCAL,SOCK_STREAM|SOCK_CLOEXEC,0)	 = 12 (0xc)
connect(12,{ AF_UNIX "/tmp/dbus-zuAM82x7pG" },22) = 0 (0x0)
fcntl(12,F_GETFL,)				 = 2 (0x2)
fcntl(12,F_SETFL,O_RDWR|O_NONBLOCK)		 = 0 (0x0)
geteuid()					 = 1002 (0x3ea)
getsockname(12,{ AF_UNIX "" },0x7fffdf7f963c)	 = 0 (0x0)
poll({ 12/POLLOUT },1,0)			 = 1 (0x1)
sendmsg(12,{NULL,0,[{"\0",1}],1,{{level=SOL_SOCKET,type=SCM_CREDS,data={0x00,0x00,0x00,0x00,0x00,0x00,0x00,0x00,0x00,0x00,0x00,0x00,0x00,0x00,0x00,0x00,0x00,0x00,0x00,0x00,0x00,0x00,0x00,0x00,0x00,0x00,0x00,0x00,0x00,0x00,0x00,0x00,0x00,0x00,0x00,0x00,0x00,0x00,0x00,0x00,0x00,0x00,0x00,0x00,0x00,0x00,0x00,0x00,0x00,0x00,0x00,0x00,0x00,0x00,0x00,0x00,0x00,0x00,0x00,0x00,0x00,0x00,0x00,0x00,0x00,0x00,0x00,0x00,0x00,0x00,0x00,0x00,0x00,0x00,0x00,0x00,0x00,0x00,0x00,0x00,0x00,0x00,0x00,0x00}}},104,0},MSG_NOSIGNAL) = 1 (0x1)
sendto(12,"AUTH EXTERNAL 31303032\r\n",24,MSG_NOSIGNAL,NULL,0) = 24 (0x18)
poll({ 12/POLLIN },1,-1)			 = 1 (0x1)
read(12,"OK 5ff0b6c3560377370acfc0bd61e0d"...,2048) = 37 (0x25)
poll({ 12/POLLOUT },1,-1)			 = 1 (0x1)
sendto(12,"NEGOTIATE_UNIX_FD\r\n",19,MSG_NOSIGNAL,NULL,0) = 19 (0x13)
poll({ 12/POLLIN },1,-1)			 = 1 (0x1)
read(12,"AGREE_UNIX_FD\r\n",2048)		 = 15 (0xf)
poll({ 12/POLLOUT },1,-1)			 = 1 (0x1)
sendto(12,"BEGIN\r\n",7,MSG_NOSIGNAL,NULL,0)	 = 7 (0x7)
poll({ 12/POLLIN|POLLOUT },1,-1)		 = 1 (0x1)
sendmsg(12,{NULL,0,[{"l\^A\0\^A\0\0\0\0\^A\0\0\0n\0\0"...,128},{0x80ee22720,0}],2,{},0,0},MSG_NOSIGNAL) = 128 (0x80)
poll({ 12/POLLIN },1,25000)			 = 1 (0x1)
recvmsg(12,{NULL,0,[{"l\^B\^A\^A\n\0\0\0\^A\0\0\0=\0\0"...,2048}],1,{},0,0x40000},0x40000) = 260 (0x104)
recvmsg(12,0x7fffdf7f9620,0x40000)		 ERR#35 'Resource temporarily unavailable'
write(9,"\^A\0\0\0\0\0\0\0",8)			 = 8 (0x8)
write(9,"\^A\0\0\0\0\0\0\0",8)			 = 8 (0x8)
write(9,"\^A\0\0\0\0\0\0\0",8)			 = 8 (0x8)
write(9,"\^A\0\0\0\0\0\0\0",8)			 = 8 (0x8)
_umtx_op(0x80aa145c0,UMTX_OP_NWAKE_PRIVATE,0x1,0x0,0x0) = 0 (0x0)
_umtx_op(0x801afd7e8,UMTX_OP_WAIT_UINT_PRIVATE,0x0,0x0,0x0) = 0 (0x0)
write(9,"\^A\0\0\0\0\0\0\0",8)			 = 8 (0x8)
poll({ 9/POLLIN 10/POLLIN 11/POLLIN 12/POLLIN },4,0) = 1 (0x1)
read(9,"\^E\0\0\0\0\0\0\0",16)			 = 8 (0x8)
write(9,"\^A\0\0\0\0\0\0\0",8)			 = 8 (0x8)
write(9,"\^A\0\0\0\0\0\0\0",8)			 = 8 (0x8)
poll({ 9/POLLIN 10/POLLIN 11/POLLIN 12/POLLIN },4,0) = 1 (0x1)
read(9,"\^B\0\0\0\0\0\0\0",16)			 = 8 (0x8)
sendmsg(12,{NULL,0,[{"l\^A\^A\^A\M^X\0\0\0\^B\0\0\0\^?"...,144},{"\M^S\0\0\0type='signal',sender='"...,152}],2,{},0,0},MSG_NOSIGNAL) = 296 (0x128)
_umtx_op(0x80aa145c0,UMTX_OP_NWAKE_PRIVATE,0x1,0x0,0x0) = 0 (0x0)
_umtx_op(0x801afd7e8,UMTX_OP_WAIT_UINT_PRIVATE,0x0,0x0,0x0) = 0 (0x0)
write(9,"\^A\0\0\0\0\0\0\0",8)			 = 8 (0x8)
poll({ 9/POLLIN 10/POLLIN 11/POLLIN 12/POLLIN },4,-1) = 1 (0x1)
read(9,"\^A\0\0\0\0\0\0\0",16)			 = 8 (0x8)
sendmsg(12,{NULL,0,[{"l\^A\0\^A\0\0\0\0\^C\0\0\0\M^K\0"...,160},{0x80ee491c0,0}],2,{},0,0},MSG_NOSIGNAL) = 160 (0xa0)
poll({ 9/POLLIN 10/POLLIN 11/POLLIN 12/POLLIN },4,25040) = 1 (0x1)
recvmsg(12,{NULL,0,[{"l\^B\^A\^A{\b\0\0<\0\0\0.\0\0\0"...,2048}],1,{},0,0x40000},0x40000) = 2048 (0x800)
recvmsg(12,{NULL,0,[{"rItems" access="read"/>\n    <pr"...,2048}],1,{},0,0x40000},0x40000) = 187 (0xbb)
write(9,"\^A\0\0\0\0\0\0\0",8)			 = 8 (0x8)
_umtx_op(0x80aa145c0,UMTX_OP_NWAKE_PRIVATE,0x1,0x0,0x0) = 0 (0x0)
_umtx_op(0x801afd7e8,UMTX_OP_WAIT_UINT_PRIVATE,0x0,0x0,0x0) = 0 (0x0)
poll({ 9/POLLIN 10/POLLIN 11/POLLIN 12/POLLIN },4,0) = 1 (0x1)
read(9,"\^A\0\0\0\0\0\0\0",16)			 = 8 (0x8)
write(9,"\^A\0\0\0\0\0\0\0",8)			 = 8 (0x8)
poll({ 9/POLLIN 10/POLLIN 11/POLLIN 12/POLLIN },4,-1) = 1 (0x1)
read(9,"\^A\0\0\0\0\0\0\0",16)			 = 8 (0x8)
sendmsg(12,{NULL,0,[{"l\^A\^A\^A\M^P\0\0\0\^D\0\0\0\^?"...,144},{"\M^K\0\0\0type='signal',sender='"...,144}],2,{},0,0},MSG_NOSIGNAL) = 288 (0x120)
_umtx_op(0x80aa145c0,UMTX_OP_NWAKE_PRIVATE,0x1,0x0,0x0) = 0 (0x0)
_umtx_op(0x801afd7e8,UMTX_OP_WAIT_UINT_PRIVATE,0x0,0x0,0x0) = 0 (0x0)
write(9,"\^A\0\0\0\0\0\0\0",8)			 = 8 (0x8)
poll({ 9/POLLIN 10/POLLIN 11/POLLIN 12/POLLIN },4,-1) = 1 (0x1)
read(9,"\^A\0\0\0\0\0\0\0",16)			 = 8 (0x8)
sendmsg(12,{NULL,0,[{"l\^A\0\^A"\0\0\0\^E\0\0\0\^?\0\0"...,144},{"\^]\0\0\0org.kde.StatusNotifierW"...,34}],2,{},0,0},MSG_NOSIGNAL) = 178 (0xb2)
poll({ 9/POLLIN 10/POLLIN 11/POLLIN 12/POLLIN },4,25037) = 1 (0x1)
recvmsg(12,{NULL,0,[{"l\^B\^A\^A\n\0\0\0\^C\0\0\0=\0\0"...,2048}],1,{},0,0x40000},0x40000) = 90 (0x5a)
recvmsg(12,0x7fffdf7f9790,0x40000)		 ERR#35 'Resource temporarily unavailable'
write(9,"\^A\0\0\0\0\0\0\0",8)			 = 8 (0x8)
_umtx_op(0x80aa145c0,UMTX_OP_NWAKE_PRIVATE,0x1,0x0,0x0) = 0 (0x0)
_umtx_op(0x801afd7e8,UMTX_OP_WAIT_UINT_PRIVATE,0x0,0x0,0x0) = 0 (0x0)
poll({ 9/POLLIN 10/POLLIN 11/POLLIN 12/POLLIN },4,0) = 1 (0x1)
read(9,"\^A\0\0\0\0\0\0\0",16)			 = 8 (0x8)
write(9,"\^A\0\0\0\0\0\0\0",8)			 = 8 (0x8)
poll({ 9/POLLIN 10/POLLIN 11/POLLIN 12/POLLIN },4,-1) = 1 (0x1)
read(9,"\^A\0\0\0\0\0\0\0",16)			 = 8 (0x8)
sendmsg(12,{NULL,0,[{"l\^A\0\^AG\0\0\0\^F\0\0\0\M^H\0"...,152},{"\^]\0\0\0org.kde.StatusNotifierW"...,71}],2,{},0,0},MSG_NOSIGNAL) = 223 (0xdf)
poll({ 9/POLLIN 10/POLLIN 11/POLLIN 12/POLLIN },4,25036) = 1 (0x1)
recvmsg(12,{NULL,0,[{"l\^B\^A\^A\b\0\0\0=\0\0\0.\0\0\0"...,2048}],1,{},0,0x40000},0x40000) = 72 (0x48)
recvmsg(12,0x7fffdf7f9790,0x40000)		 ERR#35 'Resource temporarily unavailable'
write(9,"\^A\0\0\0\0\0\0\0",8)			 = 8 (0x8)
_umtx_op(0x80aa145c0,UMTX_OP_NWAKE_PRIVATE,0x1,0x0,0x0) = 0 (0x0)
_umtx_op(0x801afd7e8,UMTX_OP_WAIT_UINT_PRIVATE,0x0,0x0,0x0) = 0 (0x0)
poll({ 9/POLLIN 10/POLLIN 11/POLLIN 12/POLLIN },4,0) = 1 (0x1)
read(9,"\^A\0\0\0\0\0\0\0",16)			 = 8 (0x8)
write(9,"\^A\0\0\0\0\0\0\0",8)			 = 8 (0x8)
sendmsg(12,{NULL,0,[{"l\^A\^A\^A\M^P\0\0\0\a\0\0\0\^?"...,144},{"\M^K\0\0\0type='signal',sender='"...,144}],2,{},0,0},MSG_NOSIGNAL) = 288 (0x120)
sendmsg(12,{NULL,0,[{"l\^A\^A\^A\M^G\0\0\0\b\0\0\0\^?"...,144},{"\M^B\0\0\0type='signal',sender='"...,135}],2,{},0,0},MSG_NOSIGNAL) = 279 (0x117)
_umtx_op(0x80aa145c0,UMTX_OP_NWAKE_PRIVATE,0x1,0x0,0x0) = 0 (0x0)
_umtx_op(0x801afd7e8,UMTX_OP_WAIT_UINT_PRIVATE,0x0,0x0,0x0) = 0 (0x0)
poll({ 9/POLLIN 10/POLLIN 11/POLLIN 12/POLLIN },4,0) = 2 (0x2)
read(9,"\^A\0\0\0\0\0\0\0",16)			 = 8 (0x8)
recvmsg(12,{NULL,0,[{"l\^C\^A\^A;\0\0\0\^D\0\0\0u\0\0"...,2048}],1,{},0,0x40000},0x40000) = 195 (0xc3)
recvmsg(12,0x7fffdf7f9790,0x40000)		 ERR#35 'Resource temporarily unavailable'
_umtx_op(0x80a73b788,UMTX_OP_MUTEX_WAKE2,0x0,0x0,0x0) = 0 (0x0)
_umtx_op(0x80a73b788,UMTX_OP_MUTEX_WAIT,0x0,0x0,0x0) = 0 (0x0)
write(9,"\^A\0\0\0\0\0\0\0",8)			 = 8 (0x8)
write(9,"\^A\0\0\0\0\0\0\0",8)			 = 8 (0x8)
poll({ 9/POLLIN 10/POLLIN 11/POLLIN 12/POLLIN },4,0) = 1 (0x1)
read(9,"\^B\0\0\0\0\0\0\0",16)			 = 8 (0x8)
sendmsg(12,{NULL,0,[{"l\^A\^A\^A\M^P\0\0\0\t\0\0\0\^?"...,144},{"\M^K\0\0\0type='signal',sender='"...,144}],2,{},0,0},MSG_NOSIGNAL) = 288 (0x120)
_umtx_op(0x80aa145c0,UMTX_OP_NWAKE_PRIVATE,0x1,0x0,0x0) = 0 (0x0)
_umtx_op(0x801afd7e8,UMTX_OP_WAIT_UINT_PRIVATE,0x0,0x0,0x0) = 0 (0x0)
write(9,"\^A\0\0\0\0\0\0\0",8)			 = 8 (0x8)
poll({ 9/POLLIN 10/POLLIN 11/POLLIN 12/POLLIN },4,-1) = 1 (0x1)
read(9,"\^A\0\0\0\0\0\0\0",16)			 = 8 (0x8)
sendmsg(12,{NULL,0,[{"l\^A\0\^A"\0\0\0\n\0\0\0\^?\0\0"...,144},{"\^]\0\0\0org.freedesktop.Notific"...,34}],2,{},0,0},MSG_NOSIGNAL) = 178 (0xb2)
poll({ 9/POLLIN 10/POLLIN 11/POLLIN 12/POLLIN },4,25034) = 1 (0x1)
recvmsg(12,{NULL,0,[{"l\^B\^A\^A\n\0\0\0\^E\0\0\0=\0\0"...,2048}],1,{},0,0x40000},0x40000) = 90 (0x5a)
recvmsg(12,0x7fffdf7f9790,0x40000)		 ERR#35 'Resource temporarily unavailable'
write(9,"\^A\0\0\0\0\0\0\0",8)			 = 8 (0x8)
_umtx_op(0x80aa145c0,UMTX_OP_NWAKE_PRIVATE,0x1,0x0,0x0) = 0 (0x0)
_umtx_op(0x801afd7e8,UMTX_OP_WAIT_UINT_PRIVATE,0x0,0x0,0x0) = 0 (0x0)
poll({ 9/POLLIN 10/POLLIN 11/POLLIN 12/POLLIN },4,0) = 1 (0x1)
read(9,"\^A\0\0\0\0\0\0\0",16)			 = 8 (0x8)
write(9,"\^A\0\0\0\0\0\0\0",8)			 = 8 (0x8)
poll({ 9/POLLIN 10/POLLIN 11/POLLIN 12/POLLIN },4,-1) = 1 (0x1)
read(9,"\^A\0\0\0\0\0\0\0",16)			 = 8 (0x8)
sendmsg(12,{NULL,0,[{"l\^A\^A\^A\M-%\0\0\0\v\0\0\0\^?"...,144},{"\240\0\0\0type='signal',sender='"...,165}],2,{},0,0},MSG_NOSIGNAL) = 309 (0x135)
sendmsg(12,{NULL,0,[{"l\^A\^A\^A\M^P\0\0\0\f\0\0\0\^?"...,144},{"\M^K\0\0\0type='signal',sender='"...,144}],2,{},0,0},MSG_NOSIGNAL) = 288 (0x120)
sendmsg(12,{NULL,0,[{"l\^A\0\^A"\0\0\0\r\0\0\0\^?\0\0"...,144},{"\^]\0\0\0org.freedesktop.Notific"...,34}],2,{},0,0},MSG_NOSIGNAL) = 178 (0xb2)
poll({ 12/POLLIN },1,25000)			 = 1 (0x1)
recvmsg(12,{NULL,0,[{"l\^B\^A\^A\n\0\0\0\^F\0\0\0=\0\0"...,2048}],1,{},0,0x40000},0x40000) = 90 (0x5a)
recvmsg(12,0x7fffdf7f9640,0x40000)		 ERR#35 'Resource temporarily unavailable'
_umtx_op(0x80aa145c0,UMTX_OP_NWAKE_PRIVATE,0x1,0x0,0x0) = 0 (0x0)
_umtx_op(0x801afd7e8,UMTX_OP_WAIT_UINT_PRIVATE,0x0,0x0,0x0) = 0 (0x0)
write(9,"\^A\0\0\0\0\0\0\0",8)			 = 8 (0x8)
poll({ 9/POLLIN 10/POLLIN 11/POLLIN 12/POLLIN },4,-1) = 1 (0x1)
read(9,"\^A\0\0\0\0\0\0\0",16)			 = 8 (0x8)
sendmsg(12,{NULL,0,[{"l\^A\^A\^A\240\0\0\0\^N\0\0\0\^?"...,144},{"\M^[\0\0\0type='signal',sender='"...,160}],2,{},0,0},MSG_NOSIGNAL) = 304 (0x130)
_umtx_op(0x80aa145c0,UMTX_OP_NWAKE_PRIVATE,0x1,0x0,0x0) = 0 (0x0)
_umtx_op(0x801afd7e8,UMTX_OP_WAIT_UINT_PRIVATE,0x0,0x0,0x0) = 0 (0x0)
sigprocmask(SIG_BLOCK,0x0,{ SIGUSR2 })		 = 0 (0x0)
sigprocmask(SIG_BLOCK,0x0,{ SIGUSR2 })		 = 0 (0x0)
sigprocmask(SIG_BLOCK,0x0,{ SIGUSR2 })		 = 0 (0x0)
write(5,"\^A\0\0\0\0\0\0\0",8)			 = 8 (0x8)
getpid()					 = 19015 (0x4a47)
write(9,"\^A\0\0\0\0\0\0\0",8)			 = 8 (0x8)
poll({ 9/POLLIN 10/POLLIN 11/POLLIN 12/POLLIN },4,-1) = 1 (0x1)
read(9,"\^A\0\0\0\0\0\0\0",16)			 = 8 (0x8)
sendmsg(10,{NULL,0,[{"l\^A\0\^A\0\0\0\0\^P\0\0\0\M^S\0"...,168},{0x80ee492a0,0}],2,{},0,0},MSG_NOSIGNAL) = 168 (0xa8)
poll({ 9/POLLIN 10/POLLIN 11/POLLIN 12/POLLIN },4,25031) = 1 (0x1)
recvmsg(10,{NULL,0,[{"l\^B\^A\^A\M-&\n\0\0\^E\0\0\0.\0"...,2048}],1,{},0,0x40000},0x40000) = 2048 (0x800)
recvmsg(10,{NULL,0,[{"ification">\n      <arg type="u""...,2048}],1,{},0,0x40000},0x40000) = 742 (0x2e6)
write(9,"\^A\0\0\0\0\0\0\0",8)			 = 8 (0x8)
_umtx_op(0x80aa145c0,UMTX_OP_NWAKE_PRIVATE,0x1,0x0,0x0) = 0 (0x0)
_umtx_op(0x801afd7e8,UMTX_OP_WAIT_UINT_PRIVATE,0x0,0x0,0x0) = 0 (0x0)
poll({ 9/POLLIN 10/POLLIN 11/POLLIN 12/POLLIN },4,0) = 1 (0x1)
read(9,"\^A\0\0\0\0\0\0\0",16)			 = 8 (0x8)
write(9,"\^A\0\0\0\0\0\0\0",8)			 = 8 (0x8)
poll({ 9/POLLIN 10/POLLIN 11/POLLIN 12/POLLIN },4,-1) = 1 (0x1)
read(9,"\^A\0\0\0\0\0\0\0",16)			 = 8 (0x8)
sendmsg(10,{NULL,0,[{"l\^A\^A\^A\M^P\0\0\0\^Q\0\0\0\^?"...,144},{"\M^K\0\0\0type='signal',sender='"...,144}],2,{},0,0},MSG_NOSIGNAL) = 288 (0x120)
_umtx_op(0x80aa145c0,UMTX_OP_NWAKE_PRIVATE,0x1,0x0,0x0) = 0 (0x0)
_umtx_op(0x801afd7e8,UMTX_OP_WAIT_UINT_PRIVATE,0x0,0x0,0x0) = 0 (0x0)
write(9,"\^A\0\0\0\0\0\0\0",8)			 = 8 (0x8)
poll({ 9/POLLIN 10/POLLIN 11/POLLIN 12/POLLIN },4,-1) = 1 (0x1)
read(9,"\^A\0\0\0\0\0\0\0",16)			 = 8 (0x8)
sendmsg(10,{NULL,0,[{"l\^A\0\^A"\0\0\0\^R\0\0\0\^?\0\0"...,144},{"\^]\0\0\0org.freedesktop.Notific"...,34}],2,{},0,0},MSG_NOSIGNAL) = 178 (0xb2)
poll({ 9/POLLIN 10/POLLIN 11/POLLIN 12/POLLIN },4,25030) = 1 (0x1)
recvmsg(10,{NULL,0,[{"l\^B\^A\^A\n\0\0\0\a\0\0\0=\0\0"...,2048}],1,{},0,0x40000},0x40000) = 90 (0x5a)
recvmsg(10,0x7fffdf7f9790,0x40000)		 ERR#35 'Resource temporarily unavailable'
write(9,"\^A\0\0\0\0\0\0\0",8)			 = 8 (0x8)
_umtx_op(0x80aa145c0,UMTX_OP_NWAKE_PRIVATE,0x1,0x0,0x0) = 0 (0x0)
_umtx_op(0x801afd7e8,UMTX_OP_WAIT_UINT_PRIVATE,0x0,0x0,0x0) = 0 (0x0)
poll({ 9/POLLIN 10/POLLIN 11/POLLIN 12/POLLIN },4,0) = 1 (0x1)
read(9,"\^A\0\0\0\0\0\0\0",16)			 = 8 (0x8)
fstatat(AT_FDCWD,"/home/shuryanc/.local/share/data/Mega Limited/MEGAsync\MEGAsync.ico",0x7fffffffdb60,AT_SYMLINK_NOFOLLOW) ERR#2 'No such file or directory'
access("/home/shuryanc/.local/share/data/Mega Limited/MEGAsync\MEGAsync.ico",F_OK) ERR#2 'No such file or directory'
mkdir("/home/shuryanc/.local/share/data/Mega Limited/MEGAsync/icons",0777) ERR#17 'File exists'
access("/home/shuryanc/.local/share/data/Mega Limited/MEGAsync/icons//new_contact@3x.png",F_OK) = 0 (0x0)
access("/home/shuryanc/.local/share/data/Mega Limited/MEGAsync/icons//Storage_Quota_full@3x.png",F_OK) = 0 (0x0)
access("/home/shuryanc/.local/share/data/Mega Limited/MEGAsync/icons//Storage_Quota_almost_full@3x.png",F_OK) = 0 (0x0)
access("/home/shuryanc/.local/share/data/Mega Limited/MEGAsync/icons//Failed_to_download@3x.png",F_OK) = 0 (0x0)
access("/home/shuryanc/.local/share/data/Mega Limited/MEGAsync/icons//Folder@3x.png",F_OK) = 0 (0x0)
access("/home/shuryanc/.local/share/data/Mega Limited/MEGAsync/icons//File_download_succeed@3x.png",F_OK) = 0 (0x0)
poll({ 3/POLLIN|POLLOUT },1,-1)			 = 1 (0x1)
writev(3,[{"&\0\^B\0\M-W\^A\0\0",8}],1)		 = 8 (0x8)
poll({ 3/POLLIN },1,-1)				 = 1 (0x1)
recvmsg(3,{NULL,0,[{"\^A\^A=\^A\0\0\0\0\M-W\^A\0\0#\n"...,4096}],1,{},0,0},0) = 32 (0x20)
_umtx_op(0x80aa130c0,UMTX_OP_NWAKE_PRIVATE,0x1,0x0,0x0) = 0 (0x0)
_umtx_op(0x801afd7e8,UMTX_OP_WAIT_UINT_PRIVATE,0x0,0x0,0x0) = 0 (0x0)
socket(PF_INET6,SOCK_DGRAM,0)			 = 13 (0xd)
close(13)					 = 0 (0x0)
socketpair(0x1,0x1,0x0,0x80ab29a3c)		 = 0 (0x0)
fcntl(13,F_GETFL,)				 = 2 (0x2)
fcntl(13,F_SETFL,O_RDWR|O_NONBLOCK)		 = 0 (0x0)
fcntl(14,F_GETFL,)				 = 2 (0x2)
fcntl(14,F_SETFL,O_RDWR|O_NONBLOCK)		 = 0 (0x0)
socket(PF_INET6,SOCK_DGRAM,0)			 = 15 (0xf)
close(15)					 = 0 (0x0)
socketpair(0x1,0x1,0x0,0x80ab29bfc)		 = 0 (0x0)
fcntl(15,F_GETFL,)				 = 2 (0x2)
fcntl(15,F_SETFL,O_RDWR|O_NONBLOCK)		 = 0 (0x0)
fcntl(16,F_GETFL,)				 = 2 (0x2)
fcntl(16,F_SETFL,O_RDWR|O_NONBLOCK)		 = 0 (0x0)
socket(PF_INET6,SOCK_DGRAM,0)			 = 17 (0x11)
close(17)					 = 0 (0x0)
socketpair(0x1,0x1,0x0,0x80ab29dbc)		 = 0 (0x0)
fcntl(17,F_GETFL,)				 = 2 (0x2)
fcntl(17,F_SETFL,O_RDWR|O_NONBLOCK)		 = 0 (0x0)
fcntl(18,F_GETFL,)				 = 2 (0x2)
fcntl(18,F_SETFL,O_RDWR|O_NONBLOCK)		 = 0 (0x0)
open("/etc/resolv.conf",O_RDONLY,0666)		 = 19 (0x13)
fstat(19,{ mode=-rw-r--r-- ,inode=1691,size=82,blksize=4096 }) = 0 (0x0)
read(19,"# Generated by resolvconf\nsearc"...,4096) = 82 (0x52)
read(19,0x80ee33000,4096)			 = 0 (0x0)
close(19)					 = 0 (0x0)
open("/etc/nsswitch.conf",O_RDONLY,0666)	 = 19 (0x13)
fstat(19,{ mode=-rw-r--r-- ,inode=301479,size=277,blksize=4096 }) = 0 (0x0)
read(19,"#\n# nsswitch.conf(5) - name ser"...,4096) = 277 (0x115)
read(19,0x80ee33000,4096)			 = 0 (0x0)
close(19)					 = 0 (0x0)
open("/dev/urandom",O_RDONLY,0666)		 = 19 (0x13)
read(19,"\M-`\M^FT\M-h\^_O\M^A\t\M-/\M-b"...,31) = 31 (0x1f)
close(19)					 = 0 (0x0)
pipe2(0x80aa32410,0)				 = 0 (0x0)
fcntl(19,F_SETFL,O_RDONLY|O_NONBLOCK)		 = 0 (0x0)
pipe2(0x80aa80620,0)				 = 0 (0x0)
fcntl(21,F_SETFL,O_RDONLY|O_NONBLOCK)		 = 0 (0x0)
mmap(0x7fffdf3f8000,2101248,PROT_READ|PROT_WRITE,MAP_STACK,-1,0x0) = 140736938868736 (0x7fffdf3f8000)
mprotect(0x7fffdf3f8000,4096,PROT_NONE)		 = 0 (0x0)
thr_new(0x7fffffffdb80,0x68)			 = 0 (0x0)
<new thread 323546>
sigfastblock(0x1,0x80aa15138)			 = 0 (0x0)
openat(AT_FDCWD,"/dev/urandom",O_RDONLY,00)	 = 23 (0x17)
read(23,"@\M-gB\M-q\M-1\M-n\t\M-~5i\M^E="...,32) = 32 (0x20)
close(23)					 = 0 (0x0)
SIGNAL 11 (SIGSEGV) code=SEGV_MAPERR trapno=12 addr=0x10
poll({ 3/POLLIN },1,-1)				 ERR#4 'Interrupted system call'
<thread 323523 exited>
<thread 323527 exited>
<thread 323541 exited>
<thread 323528 exited>
<thread 323546 exited>
process killed, signal = 11 (core dumped)
